
         /\      Grafana   /‾‾/  
    /\  /  \     |\  __   /  /   
   /  \/    \    | |/ /  /   ‾‾\ 
  /          \   |   (  |  (‾)  |
 / __________ \  |_|\_\  \_____/ 


     execution: local
        script: /home/rohitj/edc/benchmarking-factoryx-edc/resources/local-fx-mvd/k6-scripts/scenarios/payload-sweep.js
        output: Prometheus remote write (http://localhost:9090/api/v1/write)

     scenarios: (100.00%) 1 scenario, 4 max VUs, 1m30s max duration (incl. graceful stop):
              * pull: 4 looping VUs for 1m0s (gracefulStop: 30s)


Run    [ 100% ] setup()
pull   [   0% ]

Run    [ 100% ] setup()
pull   [   0% ]

Run    [ 100% ] setup()
pull   [   0% ]

Run    [ 100% ] setup()
pull   [   0% ]

Run    [ 100% ] setup()
pull   [   0% ]

running (0m06.0s), 4/4 VUs, 158 complete and 0 interrupted iterations
pull   [   0% ] 4 VUs  0m00.3s/1m0s

running (0m07.0s), 4/4 VUs, 958 complete and 0 interrupted iterations
pull   [   2% ] 4 VUs  0m01.3s/1m0s

running (0m08.0s), 4/4 VUs, 1783 complete and 0 interrupted iterations
pull   [   4% ] 4 VUs  0m02.3s/1m0s

running (0m09.0s), 4/4 VUs, 2617 complete and 0 interrupted iterations
pull   [   5% ] 4 VUs  0m03.3s/1m0s

running (0m10.0s), 4/4 VUs, 3473 complete and 0 interrupted iterations
pull   [   7% ] 4 VUs  0m04.3s/1m0s

running (0m11.0s), 4/4 VUs, 4355 complete and 0 interrupted iterations
pull   [   9% ] 4 VUs  0m05.3s/1m0s

running (0m12.0s), 4/4 VUs, 5242 complete and 0 interrupted iterations
pull   [  10% ] 4 VUs  0m06.3s/1m0s

running (0m13.0s), 4/4 VUs, 6136 complete and 0 interrupted iterations
pull   [  12% ] 4 VUs  0m07.3s/1m0s

running (0m14.0s), 4/4 VUs, 7053 complete and 0 interrupted iterations
pull   [  14% ] 4 VUs  0m08.3s/1m0s

running (0m15.0s), 4/4 VUs, 7990 complete and 0 interrupted iterations
pull   [  15% ] 4 VUs  0m09.3s/1m0s

running (0m16.0s), 4/4 VUs, 8914 complete and 0 interrupted iterations
pull   [  17% ] 4 VUs  0m10.3s/1m0s

running (0m17.0s), 4/4 VUs, 9846 complete and 0 interrupted iterations
pull   [  19% ] 4 VUs  0m11.3s/1m0s

running (0m18.0s), 4/4 VUs, 10785 complete and 0 interrupted iterations
pull   [  20% ] 4 VUs  0m12.3s/1m0s

running (0m19.0s), 4/4 VUs, 11720 complete and 0 interrupted iterations
pull   [  22% ] 4 VUs  0m13.3s/1m0s

running (0m20.0s), 4/4 VUs, 12658 complete and 0 interrupted iterations
pull   [  24% ] 4 VUs  0m14.3s/1m0s

running (0m21.0s), 4/4 VUs, 13591 complete and 0 interrupted iterations
pull   [  25% ] 4 VUs  0m15.3s/1m0s

running (0m22.0s), 4/4 VUs, 14534 complete and 0 interrupted iterations
pull   [  27% ] 4 VUs  0m16.3s/1m0s

running (0m23.0s), 4/4 VUs, 15470 complete and 0 interrupted iterations
pull   [  29% ] 4 VUs  0m17.3s/1m0s

running (0m24.0s), 4/4 VUs, 16388 complete and 0 interrupted iterations
pull   [  30% ] 4 VUs  0m18.3s/1m0s

running (0m25.0s), 4/4 VUs, 17319 complete and 0 interrupted iterations
pull   [  32% ] 4 VUs  0m19.3s/1m0s

running (0m26.0s), 4/4 VUs, 18263 complete and 0 interrupted iterations
pull   [  34% ] 4 VUs  0m20.3s/1m0s

running (0m27.0s), 4/4 VUs, 19198 complete and 0 interrupted iterations
pull   [  35% ] 4 VUs  0m21.3s/1m0s

running (0m28.0s), 4/4 VUs, 20140 complete and 0 interrupted iterations
pull   [  37% ] 4 VUs  0m22.3s/1m0s

running (0m29.0s), 4/4 VUs, 21053 complete and 0 interrupted iterations
pull   [  39% ] 4 VUs  0m23.3s/1m0s

running (0m30.0s), 4/4 VUs, 21982 complete and 0 interrupted iterations
pull   [  40% ] 4 VUs  0m24.3s/1m0s

running (0m31.0s), 4/4 VUs, 22919 complete and 0 interrupted iterations
pull   [  42% ] 4 VUs  0m25.3s/1m0s

running (0m32.0s), 4/4 VUs, 23858 complete and 0 interrupted iterations
pull   [  44% ] 4 VUs  0m26.3s/1m0s

running (0m33.0s), 4/4 VUs, 24803 complete and 0 interrupted iterations
pull   [  45% ] 4 VUs  0m27.3s/1m0s

running (0m34.0s), 4/4 VUs, 25726 complete and 0 interrupted iterations
pull   [  47% ] 4 VUs  0m28.3s/1m0s

running (0m35.0s), 4/4 VUs, 26655 complete and 0 interrupted iterations
pull   [  49% ] 4 VUs  0m29.3s/1m0s

running (0m36.0s), 4/4 VUs, 27590 complete and 0 interrupted iterations
pull   [  50% ] 4 VUs  0m30.3s/1m0s

running (0m37.0s), 4/4 VUs, 28522 complete and 0 interrupted iterations
pull   [  52% ] 4 VUs  0m31.3s/1m0s

running (0m38.0s), 4/4 VUs, 29445 complete and 0 interrupted iterations
pull   [  54% ] 4 VUs  0m32.3s/1m0s

running (0m39.0s), 4/4 VUs, 30340 complete and 0 interrupted iterations
pull   [  55% ] 4 VUs  0m33.3s/1m0s

running (0m40.0s), 4/4 VUs, 31244 complete and 0 interrupted iterations
pull   [  57% ] 4 VUs  0m34.3s/1m0s

running (0m41.0s), 4/4 VUs, 32136 complete and 0 interrupted iterations
pull   [  59% ] 4 VUs  0m35.3s/1m0s

running (0m42.0s), 4/4 VUs, 33059 complete and 0 interrupted iterations
pull   [  60% ] 4 VUs  0m36.3s/1m0s

running (0m43.0s), 4/4 VUs, 33971 complete and 0 interrupted iterations
pull   [  62% ] 4 VUs  0m37.3s/1m0s

running (0m44.0s), 4/4 VUs, 34879 complete and 0 interrupted iterations
pull   [  64% ] 4 VUs  0m38.3s/1m0s

running (0m45.0s), 4/4 VUs, 35782 complete and 0 interrupted iterations
pull   [  65% ] 4 VUs  0m39.3s/1m0s

running (0m46.0s), 4/4 VUs, 36686 complete and 0 interrupted iterations
pull   [  67% ] 4 VUs  0m40.3s/1m0s

running (0m47.0s), 4/4 VUs, 37613 complete and 0 interrupted iterations
pull   [  69% ] 4 VUs  0m41.3s/1m0s

running (0m48.0s), 4/4 VUs, 38513 complete and 0 interrupted iterations
pull   [  70% ] 4 VUs  0m42.3s/1m0s

running (0m49.0s), 4/4 VUs, 39415 complete and 0 interrupted iterations
pull   [  72% ] 4 VUs  0m43.3s/1m0s

running (0m50.0s), 4/4 VUs, 40337 complete and 0 interrupted iterations
pull   [  74% ] 4 VUs  0m44.3s/1m0s

running (0m51.0s), 4/4 VUs, 41236 complete and 0 interrupted iterations
pull   [  75% ] 4 VUs  0m45.3s/1m0s

running (0m52.0s), 4/4 VUs, 42132 complete and 0 interrupted iterations
pull   [  77% ] 4 VUs  0m46.3s/1m0s

running (0m53.0s), 4/4 VUs, 43039 complete and 0 interrupted iterations
pull   [  79% ] 4 VUs  0m47.3s/1m0s

running (0m54.0s), 4/4 VUs, 43989 complete and 0 interrupted iterations
pull   [  80% ] 4 VUs  0m48.3s/1m0s

running (0m55.0s), 4/4 VUs, 44930 complete and 0 interrupted iterations
pull   [  82% ] 4 VUs  0m49.3s/1m0s

running (0m56.0s), 4/4 VUs, 45872 complete and 0 interrupted iterations
pull   [  84% ] 4 VUs  0m50.3s/1m0s

running (0m57.0s), 4/4 VUs, 46814 complete and 0 interrupted iterations
pull   [  85% ] 4 VUs  0m51.3s/1m0s

running (0m58.0s), 4/4 VUs, 47744 complete and 0 interrupted iterations
pull   [  87% ] 4 VUs  0m52.3s/1m0s

running (0m59.0s), 4/4 VUs, 48684 complete and 0 interrupted iterations
pull   [  89% ] 4 VUs  0m53.3s/1m0s

running (1m00.0s), 4/4 VUs, 49646 complete and 0 interrupted iterations
pull   [  90% ] 4 VUs  0m54.3s/1m0s

running (1m01.0s), 4/4 VUs, 50586 complete and 0 interrupted iterations
pull   [  92% ] 4 VUs  0m55.3s/1m0s

running (1m02.0s), 4/4 VUs, 51523 complete and 0 interrupted iterations
pull   [  94% ] 4 VUs  0m56.3s/1m0s

running (1m03.0s), 4/4 VUs, 52449 complete and 0 interrupted iterations
pull   [  95% ] 4 VUs  0m57.3s/1m0s

running (1m04.0s), 4/4 VUs, 53393 complete and 0 interrupted iterations
pull   [  97% ] 4 VUs  0m58.3s/1m0s

running (1m05.0s), 4/4 VUs, 54328 complete and 0 interrupted iterations
pull   [  99% ] 4 VUs  0m59.3s/1m0s

================ DSP benchmark summary ================
-- per-phase latency --
  catalog                    p50=11.2 ms  p95=11.2 ms  p99=11.2 ms  max=11.2 ms  n=1
  negotiation init (POST)    p50=8.0 ms  p95=8.0 ms  p99=8.0 ms  max=8.0 ms  n=1
  time-to-AGREED (async)     p50=4324.0 ms  p95=4324.0 ms  p99=4324.0 ms  max=4324.0 ms  n=1
  transfer init (POST)       p50=11.0 ms  p95=11.0 ms  p99=11.0 ms  max=11.0 ms  n=1
  time-to-EDR (async)        p50=1273.0 ms  p95=1273.0 ms  p99=1273.0 ms  max=1273.0 ms  n=1
  data pull                  p50=3.9 ms  p95=4.9 ms  p99=19.5 ms  max=41.6 ms  n=54991
-- end-to-end + throughput --
  e2e transaction            (no data)
  data throughput (MB/s)     p50=0.3  p95=0.3  p99=0.3  max=0.4  n=54991
-- outcomes --
  transactions succeeded     (no data)
  transactions failed        (no data)
  failed rate                rate=0.00%  (pass=0 fail=0)
    of which TERMINATED      (no data)
    of which TIMED OUT       (no data)
    of which HTTP-FAILED     (no data)
  failure accounting       (no failures)
-- observer effect (poll load) --
  negotiation polls          count=18  rate=0.274/s
  edr polls                  count=6  rate=0.091/s
  polls per transaction     (no data)
=======================================================
(full summary -> /home/rohitj/edc/benchmarking-factoryx-edc/resources/local-fx-mvd/k6-scripts/results/factoryx/off/payload-sweep/2026-08-02T17-35-00Z/k6-summary.json; POLL_INTERVAL_MS=250; IDENTITY_MODE=off)

running (1m05.7s), 0/4 VUs, 54991 complete and 0 interrupted iterations
pull ✓ [ 100% ] 4 VUs  1m0s
