
         /\      Grafana   /‾‾/  
    /\  /  \     |\  __   /  /   
   /  \/    \    | |/ /  /   ‾‾\ 
  /          \   |   (  |  (‾)  |
 / __________ \  |_|\_\  \_____/ 


     execution: local
        script: /home/rohitj/edc/benchmarking-factoryx-edc/resources/local-fx-mvd/k6-scripts/scenarios/saturation-open.js
        output: Prometheus remote write (http://localhost:9090/api/v1/write)

     scenarios: (100.00%) 1 scenario, 800 max VUs, 11m0s max duration (incl. graceful stop):
              * saturation: Up to 6.00 iterations/s for 10m30s over 7 stages (maxVUs: 600-800, gracefulStop: 30s)


running (00m00.9s), 000/600 VUs, 0 complete and 0 interrupted iterations
saturation   [   0% ] 000/600 VUs  00m00.8s/10m30s  1.00 iters/s

running (00m01.9s), 001/600 VUs, 0 complete and 0 interrupted iterations
saturation   [   0% ] 001/600 VUs  00m01.8s/10m30s  1.00 iters/s

running (00m02.9s), 002/600 VUs, 0 complete and 0 interrupted iterations
saturation   [   0% ] 002/600 VUs  00m02.8s/10m30s  1.00 iters/s

running (00m03.9s), 003/600 VUs, 0 complete and 0 interrupted iterations
saturation   [   1% ] 003/600 VUs  00m03.8s/10m30s  1.00 iters/s

running (00m04.9s), 004/600 VUs, 0 complete and 0 interrupted iterations
saturation   [   1% ] 004/600 VUs  00m04.8s/10m30s  1.00 iters/s

running (00m05.9s), 004/600 VUs, 1 complete and 0 interrupted iterations
saturation   [   1% ] 004/600 VUs  00m05.8s/10m30s  1.00 iters/s

running (00m06.9s), 004/600 VUs, 2 complete and 0 interrupted iterations
saturation   [   1% ] 004/600 VUs  00m06.8s/10m30s  1.00 iters/s

running (00m07.9s), 004/600 VUs, 3 complete and 0 interrupted iterations
saturation   [   1% ] 004/600 VUs  00m07.8s/10m30s  1.00 iters/s

running (00m08.9s), 005/600 VUs, 3 complete and 0 interrupted iterations
saturation   [   1% ] 005/600 VUs  00m08.8s/10m30s  1.00 iters/s

running (00m09.9s), 005/600 VUs, 4 complete and 0 interrupted iterations
saturation   [   2% ] 005/600 VUs  00m09.8s/10m30s  1.00 iters/s

running (00m10.9s), 005/600 VUs, 5 complete and 0 interrupted iterations
saturation   [   2% ] 005/600 VUs  00m10.8s/10m30s  1.00 iters/s

running (00m11.9s), 005/600 VUs, 6 complete and 0 interrupted iterations
saturation   [   2% ] 005/600 VUs  00m11.8s/10m30s  1.00 iters/s

running (00m12.9s), 005/600 VUs, 7 complete and 0 interrupted iterations
saturation   [   2% ] 005/600 VUs  00m12.8s/10m30s  1.00 iters/s

running (00m13.9s), 005/600 VUs, 8 complete and 0 interrupted iterations
saturation   [   2% ] 005/600 VUs  00m13.8s/10m30s  1.00 iters/s

running (00m14.9s), 005/600 VUs, 9 complete and 0 interrupted iterations
saturation   [   2% ] 005/600 VUs  00m14.8s/10m30s  1.00 iters/s

running (00m15.9s), 005/600 VUs, 10 complete and 0 interrupted iterations
saturation   [   3% ] 005/600 VUs  00m15.8s/10m30s  1.00 iters/s

running (00m16.9s), 005/600 VUs, 11 complete and 0 interrupted iterations
saturation   [   3% ] 005/600 VUs  00m16.8s/10m30s  1.00 iters/s

running (00m17.9s), 004/600 VUs, 13 complete and 0 interrupted iterations
saturation   [   3% ] 004/600 VUs  00m17.8s/10m30s  1.00 iters/s

running (00m18.9s), 005/600 VUs, 13 complete and 0 interrupted iterations
saturation   [   3% ] 005/600 VUs  00m18.8s/10m30s  1.00 iters/s

running (00m19.9s), 005/600 VUs, 14 complete and 0 interrupted iterations
saturation   [   3% ] 005/600 VUs  00m19.8s/10m30s  1.00 iters/s

running (00m20.9s), 004/600 VUs, 16 complete and 0 interrupted iterations
saturation   [   3% ] 004/600 VUs  00m20.8s/10m30s  1.00 iters/s

running (00m21.9s), 004/600 VUs, 17 complete and 0 interrupted iterations
saturation   [   3% ] 004/600 VUs  00m21.8s/10m30s  1.00 iters/s

running (00m22.9s), 005/600 VUs, 17 complete and 0 interrupted iterations
saturation   [   4% ] 005/600 VUs  00m22.8s/10m30s  1.00 iters/s

running (00m23.9s), 005/600 VUs, 18 complete and 0 interrupted iterations
saturation   [   4% ] 005/600 VUs  00m23.8s/10m30s  1.00 iters/s

running (00m24.9s), 005/600 VUs, 19 complete and 0 interrupted iterations
saturation   [   4% ] 005/600 VUs  00m24.8s/10m30s  1.00 iters/s

running (00m25.9s), 004/600 VUs, 21 complete and 0 interrupted iterations
saturation   [   4% ] 004/600 VUs  00m25.8s/10m30s  1.00 iters/s

running (00m26.9s), 004/600 VUs, 22 complete and 0 interrupted iterations
saturation   [   4% ] 004/600 VUs  00m26.8s/10m30s  1.00 iters/s

running (00m27.9s), 005/600 VUs, 22 complete and 0 interrupted iterations
saturation   [   4% ] 005/600 VUs  00m27.8s/10m30s  1.00 iters/s

running (00m28.9s), 005/600 VUs, 23 complete and 0 interrupted iterations
saturation   [   5% ] 005/600 VUs  00m28.8s/10m30s  1.00 iters/s

running (00m29.9s), 005/600 VUs, 24 complete and 0 interrupted iterations
saturation   [   5% ] 005/600 VUs  00m29.8s/10m30s  1.00 iters/s

running (00m30.9s), 005/600 VUs, 25 complete and 0 interrupted iterations
saturation   [   5% ] 005/600 VUs  00m30.8s/10m30s  1.00 iters/s

running (00m31.9s), 006/600 VUs, 25 complete and 0 interrupted iterations
saturation   [   5% ] 006/600 VUs  00m31.8s/10m30s  1.00 iters/s

running (00m32.9s), 004/600 VUs, 28 complete and 0 interrupted iterations
saturation   [   5% ] 004/600 VUs  00m32.8s/10m30s  1.00 iters/s

running (00m33.9s), 004/600 VUs, 29 complete and 0 interrupted iterations
saturation   [   5% ] 004/600 VUs  00m33.8s/10m30s  1.00 iters/s

running (00m34.9s), 005/600 VUs, 29 complete and 0 interrupted iterations
saturation   [   6% ] 005/600 VUs  00m34.8s/10m30s  1.00 iters/s

running (00m35.9s), 005/600 VUs, 30 complete and 0 interrupted iterations
saturation   [   6% ] 005/600 VUs  00m35.8s/10m30s  1.00 iters/s

running (00m36.9s), 005/600 VUs, 31 complete and 0 interrupted iterations
saturation   [   6% ] 005/600 VUs  00m36.8s/10m30s  1.00 iters/s

running (00m37.9s), 006/600 VUs, 31 complete and 0 interrupted iterations
saturation   [   6% ] 006/600 VUs  00m37.8s/10m30s  1.00 iters/s

running (00m38.9s), 005/600 VUs, 33 complete and 0 interrupted iterations
saturation   [   6% ] 005/600 VUs  00m38.8s/10m30s  1.00 iters/s

running (00m39.9s), 005/600 VUs, 34 complete and 0 interrupted iterations
saturation   [   6% ] 005/600 VUs  00m39.8s/10m30s  1.00 iters/s

running (00m40.9s), 005/600 VUs, 35 complete and 0 interrupted iterations
saturation   [   6% ] 005/600 VUs  00m40.8s/10m30s  1.00 iters/s

running (00m41.9s), 006/600 VUs, 35 complete and 0 interrupted iterations
saturation   [   7% ] 006/600 VUs  00m41.8s/10m30s  1.00 iters/s

running (00m42.9s), 006/600 VUs, 36 complete and 0 interrupted iterations
saturation   [   7% ] 006/600 VUs  00m42.8s/10m30s  1.00 iters/s

running (00m43.9s), 006/600 VUs, 37 complete and 0 interrupted iterations
saturation   [   7% ] 006/600 VUs  00m43.8s/10m30s  1.00 iters/s

running (00m44.9s), 005/600 VUs, 39 complete and 0 interrupted iterations
saturation   [   7% ] 005/600 VUs  00m44.8s/10m30s  1.00 iters/s

running (00m45.9s), 005/600 VUs, 40 complete and 0 interrupted iterations
saturation   [   7% ] 005/600 VUs  00m45.8s/10m30s  1.00 iters/s

running (00m46.9s), 005/600 VUs, 41 complete and 0 interrupted iterations
saturation   [   7% ] 005/600 VUs  00m46.8s/10m30s  1.00 iters/s

running (00m47.9s), 004/600 VUs, 43 complete and 0 interrupted iterations
saturation   [   8% ] 004/600 VUs  00m47.8s/10m30s  1.00 iters/s

running (00m48.9s), 005/600 VUs, 43 complete and 0 interrupted iterations
saturation   [   8% ] 005/600 VUs  00m48.8s/10m30s  1.00 iters/s

running (00m49.9s), 005/600 VUs, 44 complete and 0 interrupted iterations
saturation   [   8% ] 005/600 VUs  00m49.8s/10m30s  1.00 iters/s

running (00m50.9s), 004/600 VUs, 46 complete and 0 interrupted iterations
saturation   [   8% ] 004/600 VUs  00m50.8s/10m30s  1.00 iters/s

running (00m51.9s), 005/600 VUs, 46 complete and 0 interrupted iterations
saturation   [   8% ] 005/600 VUs  00m51.8s/10m30s  1.00 iters/s

running (00m52.9s), 005/600 VUs, 47 complete and 0 interrupted iterations
saturation   [   8% ] 005/600 VUs  00m52.8s/10m30s  1.00 iters/s

running (00m53.9s), 006/600 VUs, 47 complete and 0 interrupted iterations
saturation   [   9% ] 006/600 VUs  00m53.8s/10m30s  1.00 iters/s

running (00m54.9s), 004/600 VUs, 50 complete and 0 interrupted iterations
saturation   [   9% ] 004/600 VUs  00m54.8s/10m30s  1.00 iters/s

running (00m55.9s), 005/600 VUs, 50 complete and 0 interrupted iterations
saturation   [   9% ] 005/600 VUs  00m55.8s/10m30s  1.00 iters/s

running (00m56.9s), 006/600 VUs, 50 complete and 0 interrupted iterations
saturation   [   9% ] 006/600 VUs  00m56.8s/10m30s  1.00 iters/s

running (00m57.9s), 005/600 VUs, 52 complete and 0 interrupted iterations
saturation   [   9% ] 005/600 VUs  00m57.8s/10m30s  1.00 iters/s

running (00m58.9s), 005/600 VUs, 53 complete and 0 interrupted iterations
saturation   [   9% ] 005/600 VUs  00m58.8s/10m30s  1.00 iters/s

running (00m59.9s), 005/600 VUs, 54 complete and 0 interrupted iterations
saturation   [   9% ] 005/600 VUs  00m59.8s/10m30s  1.00 iters/s

running (01m00.9s), 006/600 VUs, 54 complete and 0 interrupted iterations
saturation   [  10% ] 006/600 VUs  01m00.8s/10m30s  1.00 iters/s

running (01m01.9s), 006/600 VUs, 55 complete and 0 interrupted iterations
saturation   [  10% ] 006/600 VUs  01m01.8s/10m30s  1.00 iters/s

running (01m02.9s), 005/600 VUs, 57 complete and 0 interrupted iterations
saturation   [  10% ] 005/600 VUs  01m02.8s/10m30s  1.00 iters/s

running (01m03.9s), 005/600 VUs, 58 complete and 0 interrupted iterations
saturation   [  10% ] 005/600 VUs  01m03.8s/10m30s  1.00 iters/s

running (01m04.9s), 005/600 VUs, 59 complete and 0 interrupted iterations
saturation   [  10% ] 005/600 VUs  01m04.8s/10m30s  1.00 iters/s

running (01m05.9s), 005/600 VUs, 60 complete and 0 interrupted iterations
saturation   [  10% ] 005/600 VUs  01m05.8s/10m30s  1.00 iters/s

running (01m06.9s), 006/600 VUs, 60 complete and 0 interrupted iterations
saturation   [  11% ] 006/600 VUs  01m06.8s/10m30s  1.00 iters/s

running (01m07.9s), 005/600 VUs, 62 complete and 0 interrupted iterations
saturation   [  11% ] 005/600 VUs  01m07.8s/10m30s  1.00 iters/s

running (01m08.9s), 006/600 VUs, 62 complete and 0 interrupted iterations
saturation   [  11% ] 006/600 VUs  01m08.8s/10m30s  1.00 iters/s

running (01m09.9s), 005/600 VUs, 64 complete and 0 interrupted iterations
saturation   [  11% ] 005/600 VUs  01m09.8s/10m30s  1.00 iters/s

running (01m10.9s), 006/600 VUs, 64 complete and 0 interrupted iterations
saturation   [  11% ] 006/600 VUs  01m10.8s/10m30s  1.00 iters/s

running (01m11.9s), 006/600 VUs, 65 complete and 0 interrupted iterations
saturation   [  11% ] 006/600 VUs  01m11.8s/10m30s  1.00 iters/s

running (01m12.9s), 004/600 VUs, 68 complete and 0 interrupted iterations
saturation   [  12% ] 004/600 VUs  01m12.8s/10m30s  1.00 iters/s

running (01m13.9s), 005/600 VUs, 68 complete and 0 interrupted iterations
saturation   [  12% ] 005/600 VUs  01m13.8s/10m30s  1.00 iters/s

running (01m14.9s), 004/600 VUs, 70 complete and 0 interrupted iterations
saturation   [  12% ] 004/600 VUs  01m14.8s/10m30s  1.00 iters/s

running (01m15.9s), 004/600 VUs, 71 complete and 0 interrupted iterations
saturation   [  12% ] 004/600 VUs  01m15.8s/10m30s  1.00 iters/s

running (01m16.9s), 004/600 VUs, 72 complete and 0 interrupted iterations
saturation   [  12% ] 004/600 VUs  01m16.8s/10m30s  1.00 iters/s

running (01m17.9s), 005/600 VUs, 72 complete and 0 interrupted iterations
saturation   [  12% ] 005/600 VUs  01m17.8s/10m30s  1.00 iters/s

running (01m18.9s), 005/600 VUs, 73 complete and 0 interrupted iterations
saturation   [  13% ] 005/600 VUs  01m18.8s/10m30s  1.00 iters/s

running (01m19.9s), 006/600 VUs, 73 complete and 0 interrupted iterations
saturation   [  13% ] 006/600 VUs  01m19.8s/10m30s  1.00 iters/s

running (01m20.9s), 005/600 VUs, 75 complete and 0 interrupted iterations
saturation   [  13% ] 005/600 VUs  01m20.8s/10m30s  1.00 iters/s

running (01m21.9s), 006/600 VUs, 75 complete and 0 interrupted iterations
saturation   [  13% ] 006/600 VUs  01m21.8s/10m30s  1.00 iters/s

running (01m22.9s), 005/600 VUs, 77 complete and 0 interrupted iterations
saturation   [  13% ] 005/600 VUs  01m22.8s/10m30s  1.00 iters/s

running (01m23.9s), 005/600 VUs, 78 complete and 0 interrupted iterations
saturation   [  13% ] 005/600 VUs  01m23.8s/10m30s  1.00 iters/s

running (01m24.9s), 006/600 VUs, 78 complete and 0 interrupted iterations
saturation   [  13% ] 006/600 VUs  01m24.8s/10m30s  1.00 iters/s

running (01m25.9s), 006/600 VUs, 79 complete and 0 interrupted iterations
saturation   [  14% ] 006/600 VUs  01m25.8s/10m30s  1.00 iters/s

running (01m26.9s), 005/600 VUs, 81 complete and 0 interrupted iterations
saturation   [  14% ] 005/600 VUs  01m26.8s/10m30s  1.00 iters/s

running (01m27.9s), 005/600 VUs, 82 complete and 0 interrupted iterations
saturation   [  14% ] 005/600 VUs  01m27.8s/10m30s  1.00 iters/s

running (01m28.9s), 006/600 VUs, 82 complete and 0 interrupted iterations
saturation   [  14% ] 006/600 VUs  01m28.8s/10m30s  1.00 iters/s

running (01m29.9s), 005/600 VUs, 84 complete and 0 interrupted iterations
saturation   [  14% ] 005/600 VUs  01m29.8s/10m30s  1.00 iters/s

running (01m30.9s), 006/600 VUs, 84 complete and 0 interrupted iterations
saturation   [  14% ] 006/600 VUs  01m30.8s/10m30s  1.01 iters/s

running (01m31.9s), 007/600 VUs, 84 complete and 0 interrupted iterations
saturation   [  15% ] 007/600 VUs  01m31.8s/10m30s  1.02 iters/s

running (01m32.9s), 008/600 VUs, 84 complete and 0 interrupted iterations
saturation   [  15% ] 008/600 VUs  01m32.8s/10m30s  1.03 iters/s

running (01m33.9s), 005/600 VUs, 88 complete and 0 interrupted iterations
saturation   [  15% ] 005/600 VUs  01m33.8s/10m30s  1.04 iters/s

running (01m34.9s), 006/600 VUs, 88 complete and 0 interrupted iterations
saturation   [  15% ] 006/600 VUs  01m34.8s/10m30s  1.05 iters/s

running (01m35.9s), 007/600 VUs, 89 complete and 0 interrupted iterations
saturation   [  15% ] 007/600 VUs  01m35.8s/10m30s  1.07 iters/s

running (01m36.9s), 006/600 VUs, 91 complete and 0 interrupted iterations
saturation   [  15% ] 006/600 VUs  01m36.8s/10m30s  1.08 iters/s

running (01m37.9s), 007/600 VUs, 91 complete and 0 interrupted iterations
saturation   [  16% ] 007/600 VUs  01m37.8s/10m30s  1.09 iters/s

running (01m38.9s), 008/600 VUs, 91 complete and 0 interrupted iterations
saturation   [  16% ] 008/600 VUs  01m38.8s/10m30s  1.10 iters/s

running (01m39.9s), 006/600 VUs, 94 complete and 0 interrupted iterations
saturation   [  16% ] 006/600 VUs  01m39.8s/10m30s  1.11 iters/s

running (01m40.9s), 007/600 VUs, 94 complete and 0 interrupted iterations
saturation   [  16% ] 007/600 VUs  01m40.8s/10m30s  1.12 iters/s

running (01m41.9s), 006/600 VUs, 96 complete and 0 interrupted iterations
saturation   [  16% ] 006/600 VUs  01m41.8s/10m30s  1.13 iters/s

running (01m42.9s), 005/600 VUs, 98 complete and 0 interrupted iterations
saturation   [  16% ] 005/600 VUs  01m42.8s/10m30s  1.14 iters/s

running (01m43.9s), 006/600 VUs, 98 complete and 0 interrupted iterations
saturation   [  16% ] 006/600 VUs  01m43.8s/10m30s  1.15 iters/s

running (01m44.9s), 007/600 VUs, 99 complete and 0 interrupted iterations
saturation   [  17% ] 007/600 VUs  01m44.8s/10m30s  1.17 iters/s

running (01m45.9s), 007/600 VUs, 100 complete and 0 interrupted iterations
saturation   [  17% ] 007/600 VUs  01m45.8s/10m30s  1.18 iters/s

running (01m46.9s), 007/600 VUs, 101 complete and 0 interrupted iterations
saturation   [  17% ] 007/600 VUs  01m46.8s/10m30s  1.19 iters/s

running (01m47.9s), 006/600 VUs, 103 complete and 0 interrupted iterations
saturation   [  17% ] 006/600 VUs  01m47.8s/10m30s  1.20 iters/s

running (01m48.9s), 007/600 VUs, 103 complete and 0 interrupted iterations
saturation   [  17% ] 007/600 VUs  01m48.8s/10m30s  1.21 iters/s

running (01m49.9s), 007/600 VUs, 105 complete and 0 interrupted iterations
saturation   [  17% ] 007/600 VUs  01m49.8s/10m30s  1.22 iters/s

running (01m50.9s), 007/600 VUs, 106 complete and 0 interrupted iterations
saturation   [  18% ] 007/600 VUs  01m50.8s/10m30s  1.23 iters/s

running (01m51.9s), 007/600 VUs, 107 complete and 0 interrupted iterations
saturation   [  18% ] 007/600 VUs  01m51.8s/10m30s  1.24 iters/s

running (01m52.9s), 006/600 VUs, 109 complete and 0 interrupted iterations
saturation   [  18% ] 006/600 VUs  01m52.8s/10m30s  1.25 iters/s

running (01m53.9s), 007/600 VUs, 109 complete and 0 interrupted iterations
saturation   [  18% ] 007/600 VUs  01m53.8s/10m30s  1.26 iters/s

running (01m54.9s), 008/600 VUs, 110 complete and 0 interrupted iterations
saturation   [  18% ] 008/600 VUs  01m54.8s/10m30s  1.28 iters/s

running (01m55.9s), 007/600 VUs, 112 complete and 0 interrupted iterations
saturation   [  18% ] 007/600 VUs  01m55.8s/10m30s  1.29 iters/s

running (01m56.9s), 007/600 VUs, 113 complete and 0 interrupted iterations
saturation   [  19% ] 007/600 VUs  01m56.8s/10m30s  1.30 iters/s

running (01m57.9s), 007/600 VUs, 115 complete and 0 interrupted iterations
saturation   [  19% ] 007/600 VUs  01m57.8s/10m30s  1.31 iters/s

running (01m58.9s), 008/600 VUs, 115 complete and 0 interrupted iterations
saturation   [  19% ] 008/600 VUs  01m58.8s/10m30s  1.32 iters/s

running (01m59.9s), 008/600 VUs, 116 complete and 0 interrupted iterations
saturation   [  19% ] 008/600 VUs  01m59.8s/10m30s  1.33 iters/s

running (02m00.9s), 010/600 VUs, 116 complete and 0 interrupted iterations
saturation   [  19% ] 010/600 VUs  02m00.8s/10m30s  1.35 iters/s

running (02m01.9s), 007/600 VUs, 120 complete and 0 interrupted iterations
saturation   [  19% ] 007/600 VUs  02m01.8s/10m30s  1.35 iters/s

running (02m02.9s), 008/600 VUs, 120 complete and 0 interrupted iterations
saturation   [  19% ] 008/600 VUs  02m02.8s/10m30s  1.36 iters/s

running (02m03.9s), 008/600 VUs, 122 complete and 0 interrupted iterations
saturation   [  20% ] 008/600 VUs  02m03.8s/10m30s  1.38 iters/s

running (02m04.9s), 008/600 VUs, 123 complete and 0 interrupted iterations
saturation   [  20% ] 008/600 VUs  02m04.8s/10m30s  1.39 iters/s

running (02m05.9s), 008/600 VUs, 124 complete and 0 interrupted iterations
saturation   [  20% ] 008/600 VUs  02m05.8s/10m30s  1.39 iters/s

running (02m06.9s), 007/600 VUs, 127 complete and 0 interrupted iterations
saturation   [  20% ] 007/600 VUs  02m06.8s/10m30s  1.41 iters/s

running (02m07.9s), 008/600 VUs, 127 complete and 0 interrupted iterations
saturation   [  20% ] 008/600 VUs  02m07.8s/10m30s  1.42 iters/s

running (02m08.9s), 008/600 VUs, 129 complete and 0 interrupted iterations
saturation   [  20% ] 008/600 VUs  02m08.8s/10m30s  1.43 iters/s

running (02m09.9s), 009/600 VUs, 129 complete and 0 interrupted iterations
saturation   [  21% ] 009/600 VUs  02m09.8s/10m30s  1.44 iters/s

running (02m10.9s), 010/600 VUs, 130 complete and 0 interrupted iterations
saturation   [  21% ] 010/600 VUs  02m10.8s/10m30s  1.46 iters/s

running (02m11.9s), 009/600 VUs, 132 complete and 0 interrupted iterations
saturation   [  21% ] 009/600 VUs  02m11.8s/10m30s  1.46 iters/s

running (02m12.9s), 009/600 VUs, 134 complete and 0 interrupted iterations
saturation   [  21% ] 009/600 VUs  02m12.8s/10m30s  1.48 iters/s

running (02m13.9s), 010/600 VUs, 134 complete and 0 interrupted iterations
saturation   [  21% ] 010/600 VUs  02m13.8s/10m30s  1.49 iters/s

running (02m14.9s), 012/600 VUs, 134 complete and 0 interrupted iterations
saturation   [  21% ] 012/600 VUs  02m14.8s/10m30s  1.50 iters/s

running (02m15.9s), 008/600 VUs, 139 complete and 0 interrupted iterations
saturation   [  22% ] 008/600 VUs  02m15.8s/10m30s  1.51 iters/s

running (02m16.9s), 010/600 VUs, 139 complete and 0 interrupted iterations
saturation   [  22% ] 010/600 VUs  02m16.8s/10m30s  1.52 iters/s

running (02m17.9s), 009/600 VUs, 141 complete and 0 interrupted iterations
saturation   [  22% ] 009/600 VUs  02m17.8s/10m30s  1.53 iters/s

running (02m18.9s), 009/600 VUs, 143 complete and 0 interrupted iterations
saturation   [  22% ] 009/600 VUs  02m18.8s/10m30s  1.55 iters/s

running (02m19.9s), 010/600 VUs, 143 complete and 0 interrupted iterations
saturation   [  22% ] 010/600 VUs  02m19.8s/10m30s  1.55 iters/s

running (02m20.9s), 010/600 VUs, 145 complete and 0 interrupted iterations
saturation   [  22% ] 010/600 VUs  02m20.8s/10m30s  1.57 iters/s

running (02m21.9s), 009/600 VUs, 147 complete and 0 interrupted iterations
saturation   [  23% ] 009/600 VUs  02m21.8s/10m30s  1.57 iters/s

running (02m22.9s), 009/600 VUs, 149 complete and 0 interrupted iterations
saturation   [  23% ] 009/600 VUs  02m22.8s/10m30s  1.59 iters/s

running (02m23.9s), 010/600 VUs, 149 complete and 0 interrupted iterations
saturation   [  23% ] 010/600 VUs  02m23.8s/10m30s  1.60 iters/s

running (02m24.9s), 010/600 VUs, 151 complete and 0 interrupted iterations
saturation   [  23% ] 010/600 VUs  02m24.8s/10m30s  1.61 iters/s

running (02m25.9s), 010/600 VUs, 153 complete and 0 interrupted iterations
saturation   [  23% ] 010/600 VUs  02m25.8s/10m30s  1.62 iters/s

running (02m26.9s), 011/600 VUs, 153 complete and 0 interrupted iterations
saturation   [  23% ] 011/600 VUs  02m26.8s/10m30s  1.63 iters/s

running (02m27.9s), 011/600 VUs, 155 complete and 0 interrupted iterations
saturation   [  23% ] 011/600 VUs  02m27.8s/10m30s  1.64 iters/s

running (02m28.9s), 012/600 VUs, 156 complete and 0 interrupted iterations
saturation   [  24% ] 012/600 VUs  02m28.8s/10m30s  1.66 iters/s

running (02m29.9s), 010/600 VUs, 159 complete and 0 interrupted iterations
saturation   [  24% ] 010/600 VUs  02m29.8s/10m30s  1.66 iters/s

running (02m30.9s), 012/600 VUs, 159 complete and 0 interrupted iterations
saturation   [  24% ] 012/600 VUs  02m30.8s/10m30s  1.68 iters/s

running (02m31.9s), 010/600 VUs, 163 complete and 0 interrupted iterations
saturation   [  24% ] 010/600 VUs  02m31.8s/10m30s  1.69 iters/s

running (02m32.9s), 009/600 VUs, 165 complete and 0 interrupted iterations
saturation   [  24% ] 009/600 VUs  02m32.8s/10m30s  1.70 iters/s

running (02m33.9s), 011/600 VUs, 165 complete and 0 interrupted iterations
saturation   [  24% ] 011/600 VUs  02m33.8s/10m30s  1.71 iters/s

running (02m34.9s), 013/600 VUs, 165 complete and 0 interrupted iterations
saturation   [  25% ] 013/600 VUs  02m34.8s/10m30s  1.72 iters/s

running (02m35.9s), 014/600 VUs, 165 complete and 0 interrupted iterations
saturation   [  25% ] 014/600 VUs  02m35.8s/10m30s  1.73 iters/s

running (02m36.9s), 015/600 VUs, 166 complete and 0 interrupted iterations
saturation   [  25% ] 015/600 VUs  02m36.8s/10m30s  1.74 iters/s

running (02m37.9s), 013/600 VUs, 170 complete and 0 interrupted iterations
saturation   [  25% ] 013/600 VUs  02m37.8s/10m30s  1.75 iters/s

running (02m38.9s), 015/600 VUs, 170 complete and 0 interrupted iterations
saturation   [  25% ] 015/600 VUs  02m38.8s/10m30s  1.77 iters/s

running (02m39.9s), 012/600 VUs, 174 complete and 0 interrupted iterations
saturation   [  25% ] 012/600 VUs  02m39.8s/10m30s  1.77 iters/s

running (02m40.9s), 011/600 VUs, 177 complete and 0 interrupted iterations
saturation   [  26% ] 011/600 VUs  02m40.8s/10m30s  1.79 iters/s

running (02m41.9s), 012/600 VUs, 178 complete and 0 interrupted iterations
saturation   [  26% ] 012/600 VUs  02m41.8s/10m30s  1.80 iters/s

running (02m42.9s), 009/600 VUs, 183 complete and 0 interrupted iterations
saturation   [  26% ] 009/600 VUs  02m42.8s/10m30s  1.81 iters/s

running (02m43.9s), 011/600 VUs, 183 complete and 0 interrupted iterations
saturation   [  26% ] 011/600 VUs  02m43.8s/10m30s  1.82 iters/s

running (02m44.9s), 010/600 VUs, 185 complete and 0 interrupted iterations
saturation   [  26% ] 010/600 VUs  02m44.8s/10m30s  1.83 iters/s

running (02m45.9s), 012/600 VUs, 185 complete and 0 interrupted iterations
saturation   [  26% ] 012/600 VUs  02m45.8s/10m30s  1.84 iters/s

running (02m46.9s), 011/600 VUs, 188 complete and 0 interrupted iterations
saturation   [  26% ] 011/600 VUs  02m46.8s/10m30s  1.85 iters/s

running (02m47.9s), 013/600 VUs, 188 complete and 0 interrupted iterations
saturation   [  27% ] 013/600 VUs  02m47.8s/10m30s  1.86 iters/s

running (02m48.9s), 012/600 VUs, 191 complete and 0 interrupted iterations
saturation   [  27% ] 012/600 VUs  02m48.8s/10m30s  1.88 iters/s

running (02m49.9s), 011/600 VUs, 194 complete and 0 interrupted iterations
saturation   [  27% ] 011/600 VUs  02m49.8s/10m30s  1.89 iters/s

running (02m50.9s), 011/600 VUs, 196 complete and 0 interrupted iterations
saturation   [  27% ] 011/600 VUs  02m50.8s/10m30s  1.90 iters/s

running (02m51.9s), 011/600 VUs, 198 complete and 0 interrupted iterations
saturation   [  27% ] 011/600 VUs  02m51.8s/10m30s  1.91 iters/s

running (02m52.9s), 012/600 VUs, 198 complete and 0 interrupted iterations
saturation   [  27% ] 012/600 VUs  02m52.8s/10m30s  1.92 iters/s

running (02m53.9s), 014/600 VUs, 198 complete and 0 interrupted iterations
saturation   [  28% ] 014/600 VUs  02m53.8s/10m30s  1.93 iters/s

running (02m54.9s), 013/600 VUs, 201 complete and 0 interrupted iterations
saturation   [  28% ] 013/600 VUs  02m54.8s/10m30s  1.94 iters/s

running (02m55.9s), 012/600 VUs, 204 complete and 0 interrupted iterations
saturation   [  28% ] 012/600 VUs  02m55.8s/10m30s  1.95 iters/s

running (02m56.9s), 014/600 VUs, 204 complete and 0 interrupted iterations
saturation   [  28% ] 014/600 VUs  02m56.8s/10m30s  1.96 iters/s

running (02m57.9s), 013/600 VUs, 207 complete and 0 interrupted iterations
saturation   [  28% ] 013/600 VUs  02m57.8s/10m30s  1.97 iters/s

running (02m58.9s), 012/600 VUs, 210 complete and 0 interrupted iterations
saturation   [  28% ] 012/600 VUs  02m58.8s/10m30s  1.99 iters/s

running (02m59.9s), 013/600 VUs, 211 complete and 0 interrupted iterations
saturation   [  29% ] 013/600 VUs  02m59.8s/10m30s  2.00 iters/s

running (03m00.9s), 011/600 VUs, 215 complete and 0 interrupted iterations
saturation   [  29% ] 011/600 VUs  03m00.8s/10m30s  2.01 iters/s

running (03m01.9s), 013/600 VUs, 215 complete and 0 interrupted iterations
saturation   [  29% ] 013/600 VUs  03m01.8s/10m30s  2.02 iters/s

running (03m02.9s), 015/600 VUs, 215 complete and 0 interrupted iterations
saturation   [  29% ] 015/600 VUs  03m02.8s/10m30s  2.03 iters/s

running (03m03.9s), 013/600 VUs, 219 complete and 0 interrupted iterations
saturation   [  29% ] 013/600 VUs  03m03.8s/10m30s  2.04 iters/s

running (03m04.9s), 013/600 VUs, 221 complete and 0 interrupted iterations
saturation   [  29% ] 013/600 VUs  03m04.8s/10m30s  2.05 iters/s

running (03m05.9s), 015/600 VUs, 221 complete and 0 interrupted iterations
saturation   [  29% ] 015/600 VUs  03m05.8s/10m30s  2.06 iters/s

running (03m06.9s), 014/600 VUs, 224 complete and 0 interrupted iterations
saturation   [  30% ] 014/600 VUs  03m06.8s/10m30s  2.07 iters/s

running (03m07.9s), 014/600 VUs, 227 complete and 0 interrupted iterations
saturation   [  30% ] 014/600 VUs  03m07.8s/10m30s  2.09 iters/s

running (03m08.9s), 016/600 VUs, 227 complete and 0 interrupted iterations
saturation   [  30% ] 016/600 VUs  03m08.8s/10m30s  2.10 iters/s

running (03m09.9s), 015/600 VUs, 230 complete and 0 interrupted iterations
saturation   [  30% ] 015/600 VUs  03m09.8s/10m30s  2.11 iters/s

running (03m10.9s), 017/600 VUs, 230 complete and 0 interrupted iterations
saturation   [  30% ] 017/600 VUs  03m10.8s/10m30s  2.12 iters/s

running (03m11.9s), 016/600 VUs, 233 complete and 0 interrupted iterations
saturation   [  30% ] 016/600 VUs  03m11.8s/10m30s  2.13 iters/s

running (03m12.9s), 014/600 VUs, 237 complete and 0 interrupted iterations
saturation   [  31% ] 014/600 VUs  03m12.8s/10m30s  2.14 iters/s

running (03m13.9s), 016/600 VUs, 237 complete and 0 interrupted iterations
saturation   [  31% ] 016/600 VUs  03m13.8s/10m30s  2.15 iters/s

running (03m14.9s), 014/600 VUs, 241 complete and 0 interrupted iterations
saturation   [  31% ] 014/600 VUs  03m14.8s/10m30s  2.16 iters/s

running (03m15.9s), 014/600 VUs, 244 complete and 0 interrupted iterations
saturation   [  31% ] 014/600 VUs  03m15.8s/10m30s  2.18 iters/s

running (03m16.9s), 013/600 VUs, 247 complete and 0 interrupted iterations
saturation   [  31% ] 013/600 VUs  03m16.8s/10m30s  2.19 iters/s

running (03m17.9s), 015/600 VUs, 247 complete and 0 interrupted iterations
saturation   [  31% ] 015/600 VUs  03m17.8s/10m30s  2.20 iters/s

running (03m18.9s), 014/600 VUs, 250 complete and 0 interrupted iterations
saturation   [  32% ] 014/600 VUs  03m18.8s/10m30s  2.21 iters/s

running (03m19.9s), 014/600 VUs, 252 complete and 0 interrupted iterations
saturation   [  32% ] 014/600 VUs  03m19.8s/10m30s  2.22 iters/s

running (03m20.9s), 017/600 VUs, 252 complete and 0 interrupted iterations
saturation   [  32% ] 017/600 VUs  03m20.8s/10m30s  2.23 iters/s

running (03m21.9s), 015/600 VUs, 256 complete and 0 interrupted iterations
saturation   [  32% ] 015/600 VUs  03m21.8s/10m30s  2.24 iters/s

running (03m22.9s), 017/600 VUs, 256 complete and 0 interrupted iterations
saturation   [  32% ] 017/600 VUs  03m22.8s/10m30s  2.25 iters/s

running (03m23.9s), 016/600 VUs, 259 complete and 0 interrupted iterations
saturation   [  32% ] 016/600 VUs  03m23.8s/10m30s  2.26 iters/s

running (03m24.9s), 019/600 VUs, 259 complete and 0 interrupted iterations
saturation   [  33% ] 019/600 VUs  03m24.8s/10m30s  2.28 iters/s

running (03m25.9s), 018/600 VUs, 262 complete and 0 interrupted iterations
saturation   [  33% ] 018/600 VUs  03m25.8s/10m30s  2.29 iters/s

running (03m26.9s), 017/600 VUs, 265 complete and 0 interrupted iterations
saturation   [  33% ] 017/600 VUs  03m26.8s/10m30s  2.30 iters/s

running (03m27.9s), 015/600 VUs, 269 complete and 0 interrupted iterations
saturation   [  33% ] 015/600 VUs  03m27.8s/10m30s  2.31 iters/s

running (03m28.9s), 018/600 VUs, 269 complete and 0 interrupted iterations
saturation   [  33% ] 018/600 VUs  03m28.8s/10m30s  2.32 iters/s

running (03m29.9s), 019/600 VUs, 270 complete and 0 interrupted iterations
saturation   [  33% ] 019/600 VUs  03m29.8s/10m30s  2.33 iters/s

running (03m30.9s), 018/600 VUs, 273 complete and 0 interrupted iterations
saturation   [  33% ] 018/600 VUs  03m30.8s/10m30s  2.34 iters/s

running (03m31.9s), 017/600 VUs, 277 complete and 0 interrupted iterations
saturation   [  34% ] 017/600 VUs  03m31.8s/10m30s  2.35 iters/s

running (03m32.9s), 015/600 VUs, 281 complete and 0 interrupted iterations
saturation   [  34% ] 015/600 VUs  03m32.8s/10m30s  2.36 iters/s

running (03m33.9s), 018/600 VUs, 281 complete and 0 interrupted iterations
saturation   [  34% ] 018/600 VUs  03m33.8s/10m30s  2.38 iters/s

running (03m34.9s), 017/600 VUs, 284 complete and 0 interrupted iterations
saturation   [  34% ] 017/600 VUs  03m34.8s/10m30s  2.39 iters/s

running (03m35.9s), 016/600 VUs, 287 complete and 0 interrupted iterations
saturation   [  34% ] 016/600 VUs  03m35.8s/10m30s  2.40 iters/s

running (03m36.9s), 019/600 VUs, 287 complete and 0 interrupted iterations
saturation   [  34% ] 019/600 VUs  03m36.8s/10m30s  2.41 iters/s

running (03m37.9s), 019/600 VUs, 289 complete and 0 interrupted iterations
saturation   [  35% ] 019/600 VUs  03m37.8s/10m30s  2.42 iters/s

running (03m38.9s), 019/600 VUs, 292 complete and 0 interrupted iterations
saturation   [  35% ] 019/600 VUs  03m38.8s/10m30s  2.43 iters/s

running (03m39.9s), 017/600 VUs, 296 complete and 0 interrupted iterations
saturation   [  35% ] 017/600 VUs  03m39.8s/10m30s  2.44 iters/s

running (03m40.9s), 019/600 VUs, 296 complete and 0 interrupted iterations
saturation   [  35% ] 019/600 VUs  03m40.8s/10m30s  2.45 iters/s

running (03m41.9s), 019/600 VUs, 299 complete and 0 interrupted iterations
saturation   [  35% ] 019/600 VUs  03m41.8s/10m30s  2.47 iters/s

running (03m42.9s), 019/600 VUs, 301 complete and 0 interrupted iterations
saturation   [  35% ] 019/600 VUs  03m42.8s/10m30s  2.47 iters/s

running (03m43.9s), 021/600 VUs, 302 complete and 0 interrupted iterations
saturation   [  36% ] 021/600 VUs  03m43.8s/10m30s  2.49 iters/s

running (03m44.9s), 019/600 VUs, 306 complete and 0 interrupted iterations
saturation   [  36% ] 019/600 VUs  03m44.8s/10m30s  2.50 iters/s

running (03m45.9s), 017/600 VUs, 311 complete and 0 interrupted iterations
saturation   [  36% ] 017/600 VUs  03m45.8s/10m30s  2.51 iters/s

running (03m46.9s), 016/600 VUs, 314 complete and 0 interrupted iterations
saturation   [  36% ] 016/600 VUs  03m46.8s/10m30s  2.52 iters/s

running (03m47.9s), 017/600 VUs, 316 complete and 0 interrupted iterations
saturation   [  36% ] 017/600 VUs  03m47.8s/10m30s  2.53 iters/s

running (03m48.9s), 017/600 VUs, 318 complete and 0 interrupted iterations
saturation   [  36% ] 017/600 VUs  03m48.8s/10m30s  2.54 iters/s

running (03m49.9s), 018/600 VUs, 320 complete and 0 interrupted iterations
saturation   [  36% ] 018/600 VUs  03m49.8s/10m30s  2.55 iters/s

running (03m50.9s), 019/600 VUs, 322 complete and 0 interrupted iterations
saturation   [  37% ] 019/600 VUs  03m50.8s/10m30s  2.57 iters/s

running (03m51.9s), 021/600 VUs, 322 complete and 0 interrupted iterations
saturation   [  37% ] 021/600 VUs  03m51.8s/10m30s  2.58 iters/s

running (03m52.9s), 024/600 VUs, 322 complete and 0 interrupted iterations
saturation   [  37% ] 024/600 VUs  03m52.8s/10m30s  2.59 iters/s

running (03m53.9s), 021/600 VUs, 327 complete and 0 interrupted iterations
saturation   [  37% ] 021/600 VUs  03m53.8s/10m30s  2.60 iters/s

running (03m54.9s), 022/600 VUs, 329 complete and 0 interrupted iterations
saturation   [  37% ] 022/600 VUs  03m54.8s/10m30s  2.61 iters/s

running (03m55.9s), 021/600 VUs, 332 complete and 0 interrupted iterations
saturation   [  37% ] 021/600 VUs  03m55.8s/10m30s  2.62 iters/s

running (03m56.9s), 023/600 VUs, 333 complete and 0 interrupted iterations
saturation   [  38% ] 023/600 VUs  03m56.8s/10m30s  2.63 iters/s

running (03m57.9s), 022/600 VUs, 337 complete and 0 interrupted iterations
saturation   [  38% ] 022/600 VUs  03m57.8s/10m30s  2.64 iters/s

running (03m58.9s), 023/600 VUs, 338 complete and 0 interrupted iterations
saturation   [  38% ] 023/600 VUs  03m58.8s/10m30s  2.65 iters/s

running (03m59.9s), 023/600 VUs, 341 complete and 0 interrupted iterations
saturation   [  38% ] 023/600 VUs  03m59.8s/10m30s  2.66 iters/s

running (04m00.9s), 026/600 VUs, 341 complete and 0 interrupted iterations
saturation   [  38% ] 026/600 VUs  04m00.8s/10m30s  2.68 iters/s

running (04m01.9s), 028/600 VUs, 341 complete and 0 interrupted iterations
saturation   [  38% ] 028/600 VUs  04m01.8s/10m30s  2.69 iters/s

running (04m02.9s), 029/600 VUs, 343 complete and 0 interrupted iterations
saturation   [  39% ] 029/600 VUs  04m02.8s/10m30s  2.70 iters/s

running (04m03.9s), 030/600 VUs, 345 complete and 0 interrupted iterations
saturation   [  39% ] 030/600 VUs  04m03.8s/10m30s  2.71 iters/s

running (04m04.9s), 027/600 VUs, 351 complete and 0 interrupted iterations
saturation   [  39% ] 027/600 VUs  04m04.8s/10m30s  2.72 iters/s

running (04m05.9s), 029/600 VUs, 351 complete and 0 interrupted iterations
saturation   [  39% ] 029/600 VUs  04m05.8s/10m30s  2.73 iters/s

running (04m06.9s), 032/600 VUs, 351 complete and 0 interrupted iterations
saturation   [  39% ] 032/600 VUs  04m06.8s/10m30s  2.74 iters/s

running (04m07.9s), 028/600 VUs, 358 complete and 0 interrupted iterations
saturation   [  39% ] 028/600 VUs  04m07.8s/10m30s  2.75 iters/s

running (04m08.9s), 028/600 VUs, 360 complete and 0 interrupted iterations
saturation   [  39% ] 028/600 VUs  04m08.8s/10m30s  2.76 iters/s

running (04m09.9s), 031/600 VUs, 360 complete and 0 interrupted iterations
saturation   [  40% ] 031/600 VUs  04m09.8s/10m30s  2.77 iters/s

running (04m10.9s), 030/600 VUs, 364 complete and 0 interrupted iterations
saturation   [  40% ] 030/600 VUs  04m10.8s/10m30s  2.79 iters/s

running (04m11.9s), 028/600 VUs, 369 complete and 0 interrupted iterations
saturation   [  40% ] 028/600 VUs  04m11.8s/10m30s  2.80 iters/s

running (04m12.9s), 030/600 VUs, 370 complete and 0 interrupted iterations
saturation   [  40% ] 030/600 VUs  04m12.8s/10m30s  2.81 iters/s

running (04m13.9s), 027/600 VUs, 375 complete and 0 interrupted iterations
saturation   [  40% ] 027/600 VUs  04m13.8s/10m30s  2.82 iters/s

running (04m14.9s), 029/600 VUs, 376 complete and 0 interrupted iterations
saturation   [  40% ] 029/600 VUs  04m14.8s/10m30s  2.83 iters/s

running (04m15.9s), 029/600 VUs, 379 complete and 0 interrupted iterations
saturation   [  41% ] 029/600 VUs  04m15.8s/10m30s  2.84 iters/s

running (04m16.9s), 030/600 VUs, 381 complete and 0 interrupted iterations
saturation   [  41% ] 030/600 VUs  04m16.8s/10m30s  2.85 iters/s

running (04m17.9s), 029/600 VUs, 385 complete and 0 interrupted iterations
saturation   [  41% ] 029/600 VUs  04m17.8s/10m30s  2.87 iters/s

running (04m18.9s), 031/600 VUs, 386 complete and 0 interrupted iterations
saturation   [  41% ] 031/600 VUs  04m18.8s/10m30s  2.88 iters/s

running (04m19.9s), 032/600 VUs, 388 complete and 0 interrupted iterations
saturation   [  41% ] 032/600 VUs  04m19.8s/10m30s  2.89 iters/s

running (04m20.9s), 034/600 VUs, 388 complete and 0 interrupted iterations
saturation   [  41% ] 034/600 VUs  04m20.8s/10m30s  2.90 iters/s

running (04m21.9s), 037/600 VUs, 388 complete and 0 interrupted iterations
saturation   [  42% ] 037/600 VUs  04m21.8s/10m30s  2.91 iters/s

running (04m22.9s), 038/600 VUs, 390 complete and 0 interrupted iterations
saturation   [  42% ] 038/600 VUs  04m22.8s/10m30s  2.92 iters/s

running (04m23.9s), 034/600 VUs, 397 complete and 0 interrupted iterations
saturation   [  42% ] 034/600 VUs  04m23.8s/10m30s  2.93 iters/s

running (04m24.9s), 037/600 VUs, 397 complete and 0 interrupted iterations
saturation   [  42% ] 037/600 VUs  04m24.8s/10m30s  2.94 iters/s

running (04m25.9s), 040/600 VUs, 397 complete and 0 interrupted iterations
saturation   [  42% ] 040/600 VUs  04m25.8s/10m30s  2.95 iters/s

running (04m26.9s), 043/600 VUs, 397 complete and 0 interrupted iterations
saturation   [  42% ] 043/600 VUs  04m26.8s/10m30s  2.96 iters/s

running (04m27.9s), 040/600 VUs, 403 complete and 0 interrupted iterations
saturation   [  43% ] 040/600 VUs  04m27.8s/10m30s  2.98 iters/s

running (04m28.9s), 039/600 VUs, 407 complete and 0 interrupted iterations
saturation   [  43% ] 039/600 VUs  04m28.8s/10m30s  2.99 iters/s

running (04m29.9s), 042/600 VUs, 407 complete and 0 interrupted iterations
saturation   [  43% ] 042/600 VUs  04m29.8s/10m30s  3.00 iters/s

running (04m30.9s), 042/600 VUs, 410 complete and 0 interrupted iterations
saturation   [  43% ] 042/600 VUs  04m30.8s/10m30s  3.01 iters/s

running (04m31.9s), 039/600 VUs, 416 complete and 0 interrupted iterations
saturation   [  43% ] 039/600 VUs  04m31.8s/10m30s  3.02 iters/s

running (04m32.9s), 041/600 VUs, 417 complete and 0 interrupted iterations
saturation   [  43% ] 041/600 VUs  04m32.8s/10m30s  3.03 iters/s

running (04m33.9s), 042/600 VUs, 419 complete and 0 interrupted iterations
saturation   [  43% ] 042/600 VUs  04m33.8s/10m30s  3.04 iters/s

running (04m34.9s), 042/600 VUs, 422 complete and 0 interrupted iterations
saturation   [  44% ] 042/600 VUs  04m34.8s/10m30s  3.05 iters/s

running (04m35.9s), 045/600 VUs, 422 complete and 0 interrupted iterations
saturation   [  44% ] 045/600 VUs  04m35.8s/10m30s  3.06 iters/s

running (04m36.9s), 045/600 VUs, 425 complete and 0 interrupted iterations
saturation   [  44% ] 045/600 VUs  04m36.8s/10m30s  3.07 iters/s

running (04m37.9s), 045/600 VUs, 428 complete and 0 interrupted iterations
saturation   [  44% ] 045/600 VUs  04m37.8s/10m30s  3.09 iters/s

running (04m38.9s), 048/600 VUs, 428 complete and 0 interrupted iterations
saturation   [  44% ] 048/600 VUs  04m38.8s/10m30s  3.10 iters/s

running (04m39.9s), 052/600 VUs, 428 complete and 0 interrupted iterations
saturation   [  44% ] 052/600 VUs  04m39.8s/10m30s  3.11 iters/s

running (04m40.9s), 050/600 VUs, 433 complete and 0 interrupted iterations
saturation   [  45% ] 050/600 VUs  04m40.8s/10m30s  3.12 iters/s

running (04m41.9s), 053/600 VUs, 433 complete and 0 interrupted iterations
saturation   [  45% ] 053/600 VUs  04m41.8s/10m30s  3.13 iters/s

running (04m42.9s), 049/600 VUs, 440 complete and 0 interrupted iterations
saturation   [  45% ] 049/600 VUs  04m42.8s/10m30s  3.14 iters/s

running (04m43.9s), 052/600 VUs, 440 complete and 0 interrupted iterations
saturation   [  45% ] 052/600 VUs  04m43.8s/10m30s  3.15 iters/s

running (04m44.9s), 051/600 VUs, 444 complete and 0 interrupted iterations
saturation   [  45% ] 051/600 VUs  04m44.8s/10m30s  3.16 iters/s

running (04m45.9s), 052/600 VUs, 446 complete and 0 interrupted iterations
saturation   [  45% ] 052/600 VUs  04m45.8s/10m30s  3.17 iters/s

running (04m46.9s), 056/600 VUs, 446 complete and 0 interrupted iterations
saturation   [  46% ] 056/600 VUs  04m46.8s/10m30s  3.19 iters/s

running (04m47.9s), 053/600 VUs, 452 complete and 0 interrupted iterations
saturation   [  46% ] 053/600 VUs  04m47.8s/10m30s  3.20 iters/s

running (04m48.9s), 053/600 VUs, 455 complete and 0 interrupted iterations
saturation   [  46% ] 053/600 VUs  04m48.8s/10m30s  3.21 iters/s

running (04m49.9s), 056/600 VUs, 455 complete and 0 interrupted iterations
saturation   [  46% ] 056/600 VUs  04m49.8s/10m30s  3.22 iters/s

running (04m50.9s), 055/600 VUs, 459 complete and 0 interrupted iterations
saturation   [  46% ] 055/600 VUs  04m50.8s/10m30s  3.23 iters/s

running (04m51.9s), 058/600 VUs, 460 complete and 0 interrupted iterations
saturation   [  46% ] 058/600 VUs  04m51.8s/10m30s  3.24 iters/s

running (04m52.9s), 061/600 VUs, 460 complete and 0 interrupted iterations
saturation   [  46% ] 061/600 VUs  04m52.8s/10m30s  3.25 iters/s

running (04m53.9s), 064/600 VUs, 460 complete and 0 interrupted iterations
saturation   [  47% ] 064/600 VUs  04m53.8s/10m30s  3.26 iters/s

running (04m54.9s), 067/600 VUs, 460 complete and 0 interrupted iterations
saturation   [  47% ] 067/600 VUs  04m54.8s/10m30s  3.27 iters/s

running (04m55.9s), 071/600 VUs, 460 complete and 0 interrupted iterations
saturation   [  47% ] 071/600 VUs  04m55.8s/10m30s  3.29 iters/s

running (04m56.9s), 072/600 VUs, 462 complete and 0 interrupted iterations
saturation   [  47% ] 072/600 VUs  04m56.8s/10m30s  3.30 iters/s

running (04m57.9s), 071/600 VUs, 466 complete and 0 interrupted iterations
saturation   [  47% ] 071/600 VUs  04m57.8s/10m30s  3.31 iters/s

running (04m58.9s), 071/600 VUs, 470 complete and 0 interrupted iterations
saturation   [  47% ] 071/600 VUs  04m58.8s/10m30s  3.32 iters/s

running (04m59.9s), 074/600 VUs, 470 complete and 0 interrupted iterations
saturation   [  48% ] 074/600 VUs  04m59.8s/10m30s  3.33 iters/s

running (05m00.9s), 074/600 VUs, 473 complete and 0 interrupted iterations
saturation   [  48% ] 074/600 VUs  05m00.8s/10m30s  3.34 iters/s

running (05m01.9s), 073/600 VUs, 478 complete and 0 interrupted iterations
saturation   [  48% ] 073/600 VUs  05m01.8s/10m30s  3.35 iters/s

running (05m02.9s), 075/600 VUs, 479 complete and 0 interrupted iterations
saturation   [  48% ] 075/600 VUs  05m02.8s/10m30s  3.36 iters/s

running (05m03.9s), 075/600 VUs, 482 complete and 0 interrupted iterations
saturation   [  48% ] 075/600 VUs  05m03.8s/10m30s  3.37 iters/s

running (05m04.9s), 076/600 VUs, 485 complete and 0 interrupted iterations
saturation   [  48% ] 076/600 VUs  05m04.8s/10m30s  3.39 iters/s

running (05m05.9s), 079/600 VUs, 485 complete and 0 interrupted iterations
saturation   [  49% ] 079/600 VUs  05m05.8s/10m30s  3.40 iters/s

running (05m06.9s), 083/600 VUs, 485 complete and 0 interrupted iterations
saturation   [  49% ] 083/600 VUs  05m06.8s/10m30s  3.41 iters/s

running (05m07.9s), 080/600 VUs, 491 complete and 0 interrupted iterations
saturation   [  49% ] 080/600 VUs  05m07.8s/10m30s  3.42 iters/s

running (05m08.9s), 081/600 VUs, 493 complete and 0 interrupted iterations
saturation   [  49% ] 081/600 VUs  05m08.8s/10m30s  3.43 iters/s

running (05m09.9s), 085/600 VUs, 493 complete and 0 interrupted iterations
saturation   [  49% ] 085/600 VUs  05m09.8s/10m30s  3.44 iters/s

running (05m10.9s), 085/600 VUs, 496 complete and 0 interrupted iterations
saturation   [  49% ] 085/600 VUs  05m10.8s/10m30s  3.45 iters/s

running (05m11.9s), 087/600 VUs, 498 complete and 0 interrupted iterations
saturation   [  49% ] 087/600 VUs  05m11.8s/10m30s  3.47 iters/s

running (05m12.9s), 089/600 VUs, 499 complete and 0 interrupted iterations
saturation   [  50% ] 089/600 VUs  05m12.8s/10m30s  3.48 iters/s

running (05m13.9s), 093/600 VUs, 499 complete and 0 interrupted iterations
saturation   [  50% ] 093/600 VUs  05m13.8s/10m30s  3.49 iters/s

running (05m14.9s), 096/600 VUs, 499 complete and 0 interrupted iterations
saturation   [  50% ] 096/600 VUs  05m14.8s/10m30s  3.50 iters/s

running (05m15.9s), 096/600 VUs, 503 complete and 0 interrupted iterations
saturation   [  50% ] 096/600 VUs  05m15.8s/10m30s  3.51 iters/s

running (05m16.9s), 099/600 VUs, 503 complete and 0 interrupted iterations
saturation   [  50% ] 099/600 VUs  05m16.8s/10m30s  3.52 iters/s

running (05m17.9s), 099/600 VUs, 507 complete and 0 interrupted iterations
saturation   [  50% ] 099/600 VUs  05m17.8s/10m30s  3.53 iters/s

running (05m18.9s), 100/600 VUs, 509 complete and 0 interrupted iterations
saturation   [  51% ] 100/600 VUs  05m18.8s/10m30s  3.54 iters/s

running (05m19.9s), 102/600 VUs, 511 complete and 0 interrupted iterations
saturation   [  51% ] 102/600 VUs  05m19.8s/10m30s  3.55 iters/s

running (05m20.9s), 104/600 VUs, 512 complete and 0 interrupted iterations
saturation   [  51% ] 104/600 VUs  05m20.8s/10m30s  3.56 iters/s

running (05m21.9s), 106/600 VUs, 514 complete and 0 interrupted iterations
saturation   [  51% ] 106/600 VUs  05m21.8s/10m30s  3.58 iters/s

running (05m22.9s), 110/600 VUs, 514 complete and 0 interrupted iterations
saturation   [  51% ] 110/600 VUs  05m22.8s/10m30s  3.59 iters/s

running (05m23.9s), 110/600 VUs, 517 complete and 0 interrupted iterations
saturation   [  51% ] 110/600 VUs  05m23.8s/10m30s  3.60 iters/s

running (05m24.9s), 114/600 VUs, 517 complete and 0 interrupted iterations
saturation   [  52% ] 114/600 VUs  05m24.8s/10m30s  3.61 iters/s

running (05m25.9s), 115/600 VUs, 519 complete and 0 interrupted iterations
saturation   [  52% ] 115/600 VUs  05m25.8s/10m30s  3.62 iters/s

running (05m26.9s), 119/600 VUs, 519 complete and 0 interrupted iterations
saturation   [  52% ] 119/600 VUs  05m26.8s/10m30s  3.63 iters/s

running (05m27.9s), 120/600 VUs, 522 complete and 0 interrupted iterations
saturation   [  52% ] 120/600 VUs  05m27.8s/10m30s  3.64 iters/s

running (05m28.9s), 121/600 VUs, 524 complete and 0 interrupted iterations
saturation   [  52% ] 121/600 VUs  05m28.8s/10m30s  3.65 iters/s

running (05m29.9s), 123/600 VUs, 526 complete and 0 interrupted iterations
saturation   [  52% ] 123/600 VUs  05m29.8s/10m30s  3.67 iters/s

running (05m30.9s), 126/600 VUs, 527 complete and 0 interrupted iterations
saturation   [  53% ] 126/600 VUs  05m30.8s/10m30s  3.68 iters/s

running (05m31.9s), 127/600 VUs, 529 complete and 0 interrupted iterations
saturation   [  53% ] 127/600 VUs  05m31.8s/10m30s  3.69 iters/s

running (05m32.9s), 128/600 VUs, 532 complete and 0 interrupted iterations
saturation   [  53% ] 128/600 VUs  05m32.8s/10m30s  3.70 iters/s

running (05m33.9s), 132/600 VUs, 532 complete and 0 interrupted iterations
saturation   [  53% ] 132/600 VUs  05m33.8s/10m30s  3.71 iters/s

running (05m34.9s), 135/600 VUs, 532 complete and 0 interrupted iterations
saturation   [  53% ] 135/600 VUs  05m34.8s/10m30s  3.72 iters/s

running (05m35.9s), 139/600 VUs, 532 complete and 0 interrupted iterations
saturation   [  53% ] 139/600 VUs  05m35.8s/10m30s  3.73 iters/s

running (05m36.9s), 141/600 VUs, 534 complete and 0 interrupted iterations
saturation   [  53% ] 141/600 VUs  05m36.8s/10m30s  3.74 iters/s

running (05m37.9s), 145/600 VUs, 534 complete and 0 interrupted iterations
saturation   [  54% ] 145/600 VUs  05m37.8s/10m30s  3.75 iters/s

running (05m38.9s), 148/600 VUs, 534 complete and 0 interrupted iterations
saturation   [  54% ] 148/600 VUs  05m38.8s/10m30s  3.76 iters/s

running (05m39.9s), 152/600 VUs, 534 complete and 0 interrupted iterations
saturation   [  54% ] 152/600 VUs  05m39.8s/10m30s  3.78 iters/s

running (05m40.9s), 154/600 VUs, 536 complete and 0 interrupted iterations
saturation   [  54% ] 154/600 VUs  05m40.8s/10m30s  3.79 iters/s

running (05m41.9s), 155/600 VUs, 539 complete and 0 interrupted iterations
saturation   [  54% ] 155/600 VUs  05m41.8s/10m30s  3.80 iters/s

running (05m42.9s), 156/600 VUs, 541 complete and 0 interrupted iterations
saturation   [  54% ] 156/600 VUs  05m42.8s/10m30s  3.81 iters/s

running (05m43.9s), 158/600 VUs, 543 complete and 0 interrupted iterations
saturation   [  55% ] 158/600 VUs  05m43.8s/10m30s  3.82 iters/s

running (05m44.9s), 159/600 VUs, 546 complete and 0 interrupted iterations
saturation   [  55% ] 159/600 VUs  05m44.8s/10m30s  3.83 iters/s

running (05m45.9s), 163/600 VUs, 546 complete and 0 interrupted iterations
saturation   [  55% ] 163/600 VUs  05m45.8s/10m30s  3.84 iters/s

running (05m46.9s), 167/600 VUs, 546 complete and 0 interrupted iterations
saturation   [  55% ] 167/600 VUs  05m46.8s/10m30s  3.85 iters/s

running (05m47.9s), 167/600 VUs, 550 complete and 0 interrupted iterations
saturation   [  55% ] 167/600 VUs  05m47.8s/10m30s  3.87 iters/s

running (05m48.9s), 168/600 VUs, 553 complete and 0 interrupted iterations
saturation   [  55% ] 168/600 VUs  05m48.8s/10m30s  3.88 iters/s

running (05m49.9s), 171/600 VUs, 553 complete and 0 interrupted iterations
saturation   [  56% ] 171/600 VUs  05m49.8s/10m30s  3.89 iters/s

running (05m50.9s), 175/600 VUs, 553 complete and 0 interrupted iterations
saturation   [  56% ] 175/600 VUs  05m50.8s/10m30s  3.90 iters/s

running (05m51.9s), 176/600 VUs, 556 complete and 0 interrupted iterations
saturation   [  56% ] 176/600 VUs  05m51.8s/10m30s  3.91 iters/s

running (05m52.9s), 178/600 VUs, 558 complete and 0 interrupted iterations
saturation   [  56% ] 178/600 VUs  05m52.8s/10m30s  3.92 iters/s

running (05m53.9s), 179/600 VUs, 561 complete and 0 interrupted iterations
saturation   [  56% ] 179/600 VUs  05m53.8s/10m30s  3.93 iters/s

running (05m54.9s), 178/600 VUs, 566 complete and 0 interrupted iterations
saturation   [  56% ] 178/600 VUs  05m54.8s/10m30s  3.94 iters/s

running (05m55.9s), 177/600 VUs, 571 complete and 0 interrupted iterations
saturation   [  56% ] 177/600 VUs  05m55.8s/10m30s  3.95 iters/s

running (05m56.9s), 176/600 VUs, 576 complete and 0 interrupted iterations
saturation   [  57% ] 176/600 VUs  05m56.8s/10m30s  3.97 iters/s

running (05m57.9s), 178/600 VUs, 578 complete and 0 interrupted iterations
saturation   [  57% ] 178/600 VUs  05m57.8s/10m30s  3.98 iters/s

running (05m58.9s), 179/600 VUs, 581 complete and 0 interrupted iterations
saturation   [  57% ] 179/600 VUs  05m58.8s/10m30s  3.99 iters/s

running (05m59.9s), 180/600 VUs, 584 complete and 0 interrupted iterations
saturation   [  57% ] 180/600 VUs  05m59.8s/10m30s  4.00 iters/s

running (06m00.9s), 180/600 VUs, 588 complete and 0 interrupted iterations
saturation   [  57% ] 180/600 VUs  06m00.8s/10m30s  4.01 iters/s

running (06m01.9s), 181/600 VUs, 591 complete and 0 interrupted iterations
saturation   [  57% ] 181/600 VUs  06m01.8s/10m30s  4.02 iters/s

running (06m02.9s), 181/600 VUs, 595 complete and 0 interrupted iterations
saturation   [  58% ] 181/600 VUs  06m02.8s/10m30s  4.03 iters/s

running (06m03.9s), 179/600 VUs, 601 complete and 0 interrupted iterations
saturation   [  58% ] 179/600 VUs  06m03.8s/10m30s  4.04 iters/s

running (06m04.9s), 175/600 VUs, 609 complete and 0 interrupted iterations
saturation   [  58% ] 175/600 VUs  06m04.8s/10m30s  4.05 iters/s

running (06m05.9s), 174/600 VUs, 614 complete and 0 interrupted iterations
saturation   [  58% ] 174/600 VUs  06m05.8s/10m30s  4.06 iters/s

running (06m06.9s), 173/600 VUs, 619 complete and 0 interrupted iterations
saturation   [  58% ] 173/600 VUs  06m06.8s/10m30s  4.08 iters/s

running (06m07.9s), 172/600 VUs, 624 complete and 0 interrupted iterations
saturation   [  58% ] 172/600 VUs  06m07.8s/10m30s  4.09 iters/s

running (06m08.9s), 174/600 VUs, 626 complete and 0 interrupted iterations
saturation   [  59% ] 174/600 VUs  06m08.8s/10m30s  4.10 iters/s

running (06m09.9s), 176/600 VUs, 628 complete and 0 interrupted iterations
saturation   [  59% ] 176/600 VUs  06m09.8s/10m30s  4.11 iters/s

running (06m10.9s), 176/600 VUs, 633 complete and 0 interrupted iterations
saturation   [  59% ] 176/600 VUs  06m10.8s/10m30s  4.12 iters/s

running (06m11.9s), 177/600 VUs, 636 complete and 0 interrupted iterations
saturation   [  59% ] 177/600 VUs  06m11.8s/10m30s  4.13 iters/s

running (06m12.9s), 176/600 VUs, 641 complete and 0 interrupted iterations
saturation   [  59% ] 176/600 VUs  06m12.8s/10m30s  4.14 iters/s

running (06m13.9s), 177/600 VUs, 644 complete and 0 interrupted iterations
saturation   [  59% ] 177/600 VUs  06m13.8s/10m30s  4.15 iters/s

running (06m14.9s), 178/600 VUs, 647 complete and 0 interrupted iterations
saturation   [  59% ] 178/600 VUs  06m14.8s/10m30s  4.16 iters/s

running (06m15.9s), 179/600 VUs, 650 complete and 0 interrupted iterations
saturation   [  60% ] 179/600 VUs  06m15.8s/10m30s  4.18 iters/s

running (06m16.9s), 180/600 VUs, 653 complete and 0 interrupted iterations
saturation   [  60% ] 180/600 VUs  06m16.8s/10m30s  4.19 iters/s

running (06m17.9s), 182/600 VUs, 656 complete and 0 interrupted iterations
saturation   [  60% ] 182/600 VUs  06m17.8s/10m30s  4.20 iters/s

running (06m18.9s), 183/600 VUs, 659 complete and 0 interrupted iterations
saturation   [  60% ] 183/600 VUs  06m18.8s/10m30s  4.21 iters/s

running (06m19.9s), 185/600 VUs, 661 complete and 0 interrupted iterations
saturation   [  60% ] 185/600 VUs  06m19.8s/10m30s  4.22 iters/s

running (06m20.9s), 185/600 VUs, 665 complete and 0 interrupted iterations
saturation   [  60% ] 185/600 VUs  06m20.8s/10m30s  4.23 iters/s

running (06m21.9s), 187/600 VUs, 667 complete and 0 interrupted iterations
saturation   [  61% ] 187/600 VUs  06m21.8s/10m30s  4.24 iters/s

running (06m22.9s), 188/600 VUs, 671 complete and 0 interrupted iterations
saturation   [  61% ] 188/600 VUs  06m22.8s/10m30s  4.25 iters/s

running (06m23.9s), 190/600 VUs, 673 complete and 0 interrupted iterations
saturation   [  61% ] 190/600 VUs  06m23.8s/10m30s  4.26 iters/s

running (06m24.9s), 193/600 VUs, 674 complete and 0 interrupted iterations
saturation   [  61% ] 193/600 VUs  06m24.8s/10m30s  4.28 iters/s

running (06m25.9s), 193/600 VUs, 679 complete and 0 interrupted iterations
saturation   [  61% ] 193/600 VUs  06m25.8s/10m30s  4.29 iters/s

running (06m26.9s), 195/600 VUs, 681 complete and 0 interrupted iterations
saturation   [  61% ] 195/600 VUs  06m26.8s/10m30s  4.30 iters/s

running (06m27.9s), 196/600 VUs, 684 complete and 0 interrupted iterations
saturation   [  62% ] 196/600 VUs  06m27.8s/10m30s  4.31 iters/s

running (06m28.9s), 196/600 VUs, 688 complete and 0 interrupted iterations
saturation   [  62% ] 196/600 VUs  06m28.8s/10m30s  4.32 iters/s

running (06m29.9s), 199/600 VUs, 690 complete and 0 interrupted iterations
saturation   [  62% ] 199/600 VUs  06m29.8s/10m30s  4.33 iters/s

running (06m30.9s), 201/600 VUs, 692 complete and 0 interrupted iterations
saturation   [  62% ] 201/600 VUs  06m30.8s/10m30s  4.34 iters/s

running (06m31.9s), 202/600 VUs, 695 complete and 0 interrupted iterations
saturation   [  62% ] 202/600 VUs  06m31.8s/10m30s  4.35 iters/s

running (06m32.9s), 204/600 VUs, 698 complete and 0 interrupted iterations
saturation   [  62% ] 204/600 VUs  06m32.8s/10m30s  4.37 iters/s

running (06m33.9s), 206/600 VUs, 700 complete and 0 interrupted iterations
saturation   [  63% ] 206/600 VUs  06m33.8s/10m30s  4.38 iters/s

running (06m34.9s), 208/600 VUs, 703 complete and 0 interrupted iterations
saturation   [  63% ] 208/600 VUs  06m34.8s/10m30s  4.39 iters/s

running (06m35.9s), 208/600 VUs, 707 complete and 0 interrupted iterations
saturation   [  63% ] 208/600 VUs  06m35.8s/10m30s  4.40 iters/s

running (06m36.9s), 210/600 VUs, 709 complete and 0 interrupted iterations
saturation   [  63% ] 210/600 VUs  06m36.8s/10m30s  4.41 iters/s

running (06m37.9s), 214/600 VUs, 710 complete and 0 interrupted iterations
saturation   [  63% ] 214/600 VUs  06m37.8s/10m30s  4.42 iters/s

running (06m38.9s), 214/600 VUs, 714 complete and 0 interrupted iterations
saturation   [  63% ] 214/600 VUs  06m38.8s/10m30s  4.43 iters/s

running (06m39.9s), 215/600 VUs, 718 complete and 0 interrupted iterations
saturation   [  63% ] 215/600 VUs  06m39.8s/10m30s  4.44 iters/s

running (06m40.9s), 215/600 VUs, 722 complete and 0 interrupted iterations
saturation   [  64% ] 215/600 VUs  06m40.8s/10m30s  4.45 iters/s

running (06m41.9s), 219/600 VUs, 723 complete and 0 interrupted iterations
saturation   [  64% ] 219/600 VUs  06m41.8s/10m30s  4.47 iters/s

running (06m42.9s), 219/600 VUs, 727 complete and 0 interrupted iterations
saturation   [  64% ] 219/600 VUs  06m42.8s/10m30s  4.48 iters/s

running (06m43.9s), 221/600 VUs, 730 complete and 0 interrupted iterations
saturation   [  64% ] 221/600 VUs  06m43.8s/10m30s  4.49 iters/s

running (06m44.9s), 222/600 VUs, 733 complete and 0 interrupted iterations
saturation   [  64% ] 222/600 VUs  06m44.8s/10m30s  4.50 iters/s

running (06m45.9s), 225/600 VUs, 735 complete and 0 interrupted iterations
saturation   [  64% ] 225/600 VUs  06m45.8s/10m30s  4.51 iters/s

running (06m46.9s), 224/600 VUs, 740 complete and 0 interrupted iterations
saturation   [  65% ] 224/600 VUs  06m46.8s/10m30s  4.52 iters/s

running (06m47.9s), 225/600 VUs, 744 complete and 0 interrupted iterations
saturation   [  65% ] 225/600 VUs  06m47.8s/10m30s  4.53 iters/s

running (06m48.9s), 228/600 VUs, 745 complete and 0 interrupted iterations
saturation   [  65% ] 228/600 VUs  06m48.8s/10m30s  4.54 iters/s

running (06m49.9s), 229/600 VUs, 749 complete and 0 interrupted iterations
saturation   [  65% ] 229/600 VUs  06m49.8s/10m30s  4.55 iters/s

running (06m50.9s), 230/600 VUs, 752 complete and 0 interrupted iterations
saturation   [  65% ] 230/600 VUs  06m50.8s/10m30s  4.56 iters/s

running (06m51.9s), 232/600 VUs, 755 complete and 0 interrupted iterations
saturation   [  65% ] 232/600 VUs  06m51.8s/10m30s  4.58 iters/s

running (06m52.9s), 234/600 VUs, 757 complete and 0 interrupted iterations
saturation   [  66% ] 234/600 VUs  06m52.8s/10m30s  4.59 iters/s

running (06m53.9s), 236/600 VUs, 760 complete and 0 interrupted iterations
saturation   [  66% ] 236/600 VUs  06m53.8s/10m30s  4.60 iters/s

running (06m54.9s), 238/600 VUs, 763 complete and 0 interrupted iterations
saturation   [  66% ] 238/600 VUs  06m54.8s/10m30s  4.61 iters/s

running (06m55.9s), 241/600 VUs, 764 complete and 0 interrupted iterations
saturation   [  66% ] 241/600 VUs  06m55.8s/10m30s  4.62 iters/s

running (06m56.9s), 242/600 VUs, 768 complete and 0 interrupted iterations
saturation   [  66% ] 242/600 VUs  06m56.8s/10m30s  4.63 iters/s

running (06m57.9s), 243/600 VUs, 771 complete and 0 interrupted iterations
saturation   [  66% ] 243/600 VUs  06m57.8s/10m30s  4.64 iters/s

running (06m58.9s), 246/600 VUs, 773 complete and 0 interrupted iterations
saturation   [  66% ] 246/600 VUs  06m58.8s/10m30s  4.65 iters/s

running (06m59.9s), 246/600 VUs, 778 complete and 0 interrupted iterations
saturation   [  67% ] 246/600 VUs  06m59.8s/10m30s  4.67 iters/s

running (07m00.9s), 249/600 VUs, 779 complete and 0 interrupted iterations
saturation   [  67% ] 249/600 VUs  07m00.8s/10m30s  4.67 iters/s

running (07m01.9s), 250/600 VUs, 783 complete and 0 interrupted iterations
saturation   [  67% ] 250/600 VUs  07m01.8s/10m30s  4.69 iters/s

running (07m02.9s), 252/600 VUs, 786 complete and 0 interrupted iterations
saturation   [  67% ] 252/600 VUs  07m02.8s/10m30s  4.70 iters/s

running (07m03.9s), 254/600 VUs, 788 complete and 0 interrupted iterations
saturation   [  67% ] 254/600 VUs  07m03.8s/10m30s  4.71 iters/s

running (07m04.9s), 254/600 VUs, 793 complete and 0 interrupted iterations
saturation   [  67% ] 254/600 VUs  07m04.8s/10m30s  4.72 iters/s

running (07m05.9s), 259/600 VUs, 793 complete and 0 interrupted iterations
saturation   [  68% ] 259/600 VUs  07m05.8s/10m30s  4.73 iters/s

running (07m06.9s), 259/600 VUs, 798 complete and 0 interrupted iterations
saturation   [  68% ] 259/600 VUs  07m06.8s/10m30s  4.74 iters/s

running (07m07.9s), 261/600 VUs, 800 complete and 0 interrupted iterations
saturation   [  68% ] 261/600 VUs  07m07.8s/10m30s  4.75 iters/s

running (07m08.9s), 262/600 VUs, 804 complete and 0 interrupted iterations
saturation   [  68% ] 262/600 VUs  07m08.8s/10m30s  4.76 iters/s

running (07m09.9s), 265/600 VUs, 806 complete and 0 interrupted iterations
saturation   [  68% ] 265/600 VUs  07m09.8s/10m30s  4.78 iters/s

running (07m10.9s), 267/600 VUs, 809 complete and 0 interrupted iterations
saturation   [  68% ] 267/600 VUs  07m10.8s/10m30s  4.79 iters/s

running (07m11.9s), 269/600 VUs, 812 complete and 0 interrupted iterations
saturation   [  69% ] 269/600 VUs  07m11.8s/10m30s  4.80 iters/s

running (07m12.9s), 271/600 VUs, 814 complete and 0 interrupted iterations
saturation   [  69% ] 271/600 VUs  07m12.8s/10m30s  4.81 iters/s

running (07m13.9s), 272/600 VUs, 818 complete and 0 interrupted iterations
saturation   [  69% ] 272/600 VUs  07m13.8s/10m30s  4.82 iters/s

running (07m14.9s), 275/600 VUs, 820 complete and 0 interrupted iterations
saturation   [  69% ] 275/600 VUs  07m14.8s/10m30s  4.83 iters/s

running (07m15.9s), 275/600 VUs, 825 complete and 0 interrupted iterations
saturation   [  69% ] 275/600 VUs  07m15.8s/10m30s  4.84 iters/s

running (07m16.9s), 278/600 VUs, 827 complete and 0 interrupted iterations
saturation   [  69% ] 278/600 VUs  07m16.8s/10m30s  4.85 iters/s

running (07m17.9s), 280/600 VUs, 830 complete and 0 interrupted iterations
saturation   [  69% ] 280/600 VUs  07m17.8s/10m30s  4.87 iters/s

running (07m18.9s), 282/600 VUs, 832 complete and 0 interrupted iterations
saturation   [  70% ] 282/600 VUs  07m18.8s/10m30s  4.88 iters/s

running (07m19.9s), 283/600 VUs, 836 complete and 0 interrupted iterations
saturation   [  70% ] 283/600 VUs  07m19.8s/10m30s  4.89 iters/s

running (07m20.9s), 286/600 VUs, 838 complete and 0 interrupted iterations
saturation   [  70% ] 286/600 VUs  07m20.8s/10m30s  4.90 iters/s

running (07m21.9s), 287/600 VUs, 842 complete and 0 interrupted iterations
saturation   [  70% ] 287/600 VUs  07m21.8s/10m30s  4.91 iters/s

running (07m22.9s), 290/600 VUs, 844 complete and 0 interrupted iterations
saturation   [  70% ] 290/600 VUs  07m22.8s/10m30s  4.92 iters/s

running (07m23.9s), 292/600 VUs, 847 complete and 0 interrupted iterations
saturation   [  70% ] 292/600 VUs  07m23.8s/10m30s  4.93 iters/s

running (07m24.9s), 295/600 VUs, 849 complete and 0 interrupted iterations
saturation   [  71% ] 295/600 VUs  07m24.8s/10m30s  4.94 iters/s

running (07m25.9s), 295/600 VUs, 854 complete and 0 interrupted iterations
saturation   [  71% ] 295/600 VUs  07m25.8s/10m30s  4.95 iters/s

running (07m26.9s), 299/600 VUs, 855 complete and 0 interrupted iterations
saturation   [  71% ] 299/600 VUs  07m26.8s/10m30s  4.97 iters/s

running (07m27.9s), 301/600 VUs, 858 complete and 0 interrupted iterations
saturation   [  71% ] 301/600 VUs  07m27.8s/10m30s  4.98 iters/s

running (07m28.9s), 302/600 VUs, 862 complete and 0 interrupted iterations
saturation   [  71% ] 302/600 VUs  07m28.8s/10m30s  4.99 iters/s

running (07m29.9s), 305/600 VUs, 864 complete and 0 interrupted iterations
saturation   [  71% ] 305/600 VUs  07m29.8s/10m30s  5.00 iters/s

running (07m30.9s), 307/600 VUs, 867 complete and 0 interrupted iterations
saturation   [  72% ] 307/600 VUs  07m30.8s/10m30s  5.01 iters/s

running (07m31.9s), 309/600 VUs, 870 complete and 0 interrupted iterations
saturation   [  72% ] 309/600 VUs  07m31.8s/10m30s  5.02 iters/s

running (07m32.9s), 310/600 VUs, 874 complete and 0 interrupted iterations
saturation   [  72% ] 310/600 VUs  07m32.8s/10m30s  5.03 iters/s

running (07m33.9s), 313/600 VUs, 876 complete and 0 interrupted iterations
saturation   [  72% ] 313/600 VUs  07m33.8s/10m30s  5.04 iters/s

running (07m34.9s), 314/600 VUs, 880 complete and 0 interrupted iterations
saturation   [  72% ] 314/600 VUs  07m34.8s/10m30s  5.05 iters/s

running (07m35.9s), 317/600 VUs, 882 complete and 0 interrupted iterations
saturation   [  72% ] 317/600 VUs  07m35.8s/10m30s  5.07 iters/s

running (07m36.9s), 319/600 VUs, 885 complete and 0 interrupted iterations
saturation   [  73% ] 319/600 VUs  07m36.8s/10m30s  5.08 iters/s

running (07m37.9s), 320/600 VUs, 889 complete and 0 interrupted iterations
saturation   [  73% ] 320/600 VUs  07m37.8s/10m30s  5.09 iters/s

running (07m38.9s), 324/600 VUs, 890 complete and 0 interrupted iterations
saturation   [  73% ] 324/600 VUs  07m38.8s/10m30s  5.10 iters/s

running (07m39.9s), 324/600 VUs, 895 complete and 0 interrupted iterations
saturation   [  73% ] 324/600 VUs  07m39.8s/10m30s  5.11 iters/s

running (07m40.9s), 327/600 VUs, 897 complete and 0 interrupted iterations
saturation   [  73% ] 327/600 VUs  07m40.8s/10m30s  5.12 iters/s

running (07m41.9s), 330/600 VUs, 899 complete and 0 interrupted iterations
saturation   [  73% ] 330/600 VUs  07m41.8s/10m30s  5.13 iters/s

running (07m42.9s), 332/600 VUs, 903 complete and 0 interrupted iterations
saturation   [  73% ] 332/600 VUs  07m42.8s/10m30s  5.14 iters/s

running (07m43.9s), 334/600 VUs, 906 complete and 0 interrupted iterations
saturation   [  74% ] 334/600 VUs  07m43.8s/10m30s  5.15 iters/s

running (07m44.9s), 337/600 VUs, 908 complete and 0 interrupted iterations
saturation   [  74% ] 337/600 VUs  07m44.8s/10m30s  5.17 iters/s

running (07m45.9s), 338/600 VUs, 912 complete and 0 interrupted iterations
saturation   [  74% ] 338/600 VUs  07m45.8s/10m30s  5.18 iters/s

running (07m46.9s), 340/600 VUs, 915 complete and 0 interrupted iterations
saturation   [  74% ] 340/600 VUs  07m46.8s/10m30s  5.19 iters/s

running (07m47.9s), 343/600 VUs, 917 complete and 0 interrupted iterations
saturation   [  74% ] 343/600 VUs  07m47.8s/10m30s  5.20 iters/s

running (07m48.9s), 346/600 VUs, 920 complete and 0 interrupted iterations
saturation   [  74% ] 346/600 VUs  07m48.8s/10m30s  5.21 iters/s

running (07m49.9s), 346/600 VUs, 925 complete and 0 interrupted iterations
saturation   [  75% ] 346/600 VUs  07m49.8s/10m30s  5.22 iters/s

running (07m50.9s), 350/600 VUs, 926 complete and 0 interrupted iterations
saturation   [  75% ] 350/600 VUs  07m50.8s/10m30s  5.23 iters/s

running (07m51.9s), 351/600 VUs, 930 complete and 0 interrupted iterations
saturation   [  75% ] 351/600 VUs  07m51.8s/10m30s  5.24 iters/s

running (07m52.9s), 355/600 VUs, 932 complete and 0 interrupted iterations
saturation   [  75% ] 355/600 VUs  07m52.8s/10m30s  5.25 iters/s

running (07m53.9s), 357/600 VUs, 935 complete and 0 interrupted iterations
saturation   [  75% ] 357/600 VUs  07m53.8s/10m30s  5.27 iters/s

running (07m54.9s), 359/600 VUs, 938 complete and 0 interrupted iterations
saturation   [  75% ] 359/600 VUs  07m54.8s/10m30s  5.28 iters/s

running (07m55.9s), 361/600 VUs, 941 complete and 0 interrupted iterations
saturation   [  76% ] 361/600 VUs  07m55.8s/10m30s  5.29 iters/s

running (07m56.9s), 363/600 VUs, 945 complete and 0 interrupted iterations
saturation   [  76% ] 363/600 VUs  07m56.8s/10m30s  5.30 iters/s

running (07m57.9s), 365/600 VUs, 948 complete and 0 interrupted iterations
saturation   [  76% ] 365/600 VUs  07m57.8s/10m30s  5.31 iters/s

running (07m58.9s), 367/600 VUs, 951 complete and 0 interrupted iterations
saturation   [  76% ] 367/600 VUs  07m58.8s/10m30s  5.32 iters/s

running (07m59.9s), 371/600 VUs, 953 complete and 0 interrupted iterations
saturation   [  76% ] 371/600 VUs  07m59.8s/10m30s  5.33 iters/s

running (08m00.9s), 373/600 VUs, 956 complete and 0 interrupted iterations
saturation   [  76% ] 373/600 VUs  08m00.8s/10m30s  5.34 iters/s

running (08m01.9s), 374/600 VUs, 960 complete and 0 interrupted iterations
saturation   [  76% ] 374/600 VUs  08m01.8s/10m30s  5.35 iters/s

running (08m02.9s), 378/600 VUs, 962 complete and 0 interrupted iterations
saturation   [  77% ] 378/600 VUs  08m02.8s/10m30s  5.37 iters/s

running (08m03.9s), 379/600 VUs, 966 complete and 0 interrupted iterations
saturation   [  77% ] 379/600 VUs  08m03.8s/10m30s  5.38 iters/s

running (08m04.9s), 380/600 VUs, 970 complete and 0 interrupted iterations
saturation   [  77% ] 380/600 VUs  08m04.8s/10m30s  5.39 iters/s

running (08m05.9s), 384/600 VUs, 972 complete and 0 interrupted iterations
saturation   [  77% ] 384/600 VUs  08m05.8s/10m30s  5.40 iters/s

running (08m06.9s), 386/600 VUs, 975 complete and 0 interrupted iterations
saturation   [  77% ] 386/600 VUs  08m06.8s/10m30s  5.41 iters/s

running (08m07.9s), 389/600 VUs, 978 complete and 0 interrupted iterations
saturation   [  77% ] 389/600 VUs  08m07.8s/10m30s  5.42 iters/s

running (08m08.9s), 390/600 VUs, 982 complete and 0 interrupted iterations
saturation   [  78% ] 390/600 VUs  08m08.8s/10m30s  5.43 iters/s
time="2026-08-10T18:08:41Z" level=warning msg="Request Failed" error="Post \"http://localhost:29010/management/v3/catalog/request\": request timeout"
time="2026-08-10T18:08:41Z" level=warning msg="Request Failed" error="Post \"http://localhost:29010/management/v3/catalog/request\": request timeout"

running (08m09.9s), 391/600 VUs, 987 complete and 0 interrupted iterations
saturation   [  78% ] 391/600 VUs  08m09.8s/10m30s  5.44 iters/s
time="2026-08-10T18:08:42Z" level=warning msg="Request Failed" error="Post \"http://localhost:29010/management/v3/catalog/request\": request timeout"
time="2026-08-10T18:08:42Z" level=warning msg="Request Failed" error="Post \"http://localhost:29010/management/v3/catalog/request\": request timeout"
time="2026-08-10T18:08:42Z" level=warning msg="Request Failed" error="Post \"http://localhost:29010/management/v3/catalog/request\": request timeout"

running (08m10.9s), 392/600 VUs, 991 complete and 0 interrupted iterations
saturation   [  78% ] 392/600 VUs  08m10.8s/10m30s  5.45 iters/s
time="2026-08-10T18:08:43Z" level=warning msg="Request Failed" error="Post \"http://localhost:29010/management/v3/catalog/request\": request timeout"
time="2026-08-10T18:08:43Z" level=warning msg="Request Failed" error="Post \"http://localhost:29010/management/v3/catalog/request\": request timeout"
time="2026-08-10T18:08:43Z" level=warning msg="Request Failed" error="Post \"http://localhost:29010/management/v3/catalog/request\": request timeout"
time="2026-08-10T18:08:43Z" level=warning msg="Request Failed" error="Post \"http://localhost:29010/management/v3/catalog/request\": request timeout"
time="2026-08-10T18:08:43Z" level=warning msg="Request Failed" error="Post \"http://localhost:29010/management/v3/catalog/request\": request timeout"

running (08m11.9s), 388/600 VUs, 1000 complete and 0 interrupted iterations
saturation   [  78% ] 388/600 VUs  08m11.8s/10m30s  5.46 iters/s
time="2026-08-10T18:08:44Z" level=warning msg="Request Failed" error="Post \"http://localhost:29010/management/v3/catalog/request\": request timeout"
time="2026-08-10T18:08:44Z" level=warning msg="Request Failed" error="Post \"http://localhost:29010/management/v3/catalog/request\": request timeout"
time="2026-08-10T18:08:44Z" level=warning msg="Request Failed" error="Post \"http://localhost:29010/management/v3/catalog/request\": request timeout"
time="2026-08-10T18:08:44Z" level=warning msg="Request Failed" error="Post \"http://localhost:29010/management/v3/catalog/request\": request timeout"

running (08m12.9s), 389/600 VUs, 1005 complete and 0 interrupted iterations
saturation   [  78% ] 389/600 VUs  08m12.8s/10m30s  5.48 iters/s
time="2026-08-10T18:08:44Z" level=warning msg="Request Failed" error="Post \"http://localhost:29010/management/v3/catalog/request\": request timeout"
time="2026-08-10T18:08:45Z" level=warning msg="Request Failed" error="Post \"http://localhost:29010/management/v3/catalog/request\": request timeout"
time="2026-08-10T18:08:45Z" level=warning msg="Request Failed" error="Post \"http://localhost:29010/management/v3/catalog/request\": request timeout"
time="2026-08-10T18:08:45Z" level=warning msg="Request Failed" error="Post \"http://localhost:29010/management/v3/catalog/request\": request timeout"
time="2026-08-10T18:08:45Z" level=warning msg="Request Failed" error="Post \"http://localhost:29010/management/v3/catalog/request\": request timeout"

running (08m13.9s), 384/600 VUs, 1015 complete and 0 interrupted iterations
saturation   [  78% ] 384/600 VUs  08m13.8s/10m30s  5.49 iters/s
time="2026-08-10T18:08:45Z" level=warning msg="Request Failed" error="Post \"http://localhost:29010/management/v3/catalog/request\": request timeout"
time="2026-08-10T18:08:46Z" level=warning msg="Request Failed" error="Post \"http://localhost:29010/management/v3/catalog/request\": request timeout"
time="2026-08-10T18:08:46Z" level=warning msg="Request Failed" error="Post \"http://localhost:29010/management/v3/catalog/request\": request timeout"
time="2026-08-10T18:08:46Z" level=warning msg="Request Failed" error="Post \"http://localhost:29010/management/v3/catalog/request\": request timeout"
time="2026-08-10T18:08:46Z" level=warning msg="Request Failed" error="Post \"http://localhost:29010/management/v3/catalog/request\": request timeout"

running (08m14.9s), 382/600 VUs, 1023 complete and 0 interrupted iterations
saturation   [  79% ] 382/600 VUs  08m14.8s/10m30s  5.50 iters/s
time="2026-08-10T18:08:47Z" level=warning msg="Request Failed" error="Post \"http://localhost:29010/management/v3/catalog/request\": request timeout"
time="2026-08-10T18:08:47Z" level=warning msg="Request Failed" error="Post \"http://localhost:29010/management/v3/catalog/request\": request timeout"
time="2026-08-10T18:08:47Z" level=warning msg="Request Failed" error="Post \"http://localhost:29010/management/v3/catalog/request\": request timeout"
time="2026-08-10T18:08:47Z" level=warning msg="Request Failed" error="Post \"http://localhost:29010/management/v3/catalog/request\": request timeout"
time="2026-08-10T18:08:47Z" level=warning msg="Request Failed" error="Post \"http://localhost:29010/management/v3/catalog/request\": request timeout"

running (08m15.9s), 381/600 VUs, 1029 complete and 0 interrupted iterations
saturation   [  79% ] 381/600 VUs  08m15.8s/10m30s  5.51 iters/s
time="2026-08-10T18:08:48Z" level=warning msg="Request Failed" error="Post \"http://localhost:29010/management/v3/catalog/request\": request timeout"
time="2026-08-10T18:08:48Z" level=warning msg="Request Failed" error="Post \"http://localhost:29010/management/v3/catalog/request\": request timeout"
time="2026-08-10T18:08:48Z" level=warning msg="Request Failed" error="Post \"http://localhost:29010/management/v3/catalog/request\": request timeout"
time="2026-08-10T18:08:48Z" level=warning msg="Request Failed" error="Post \"http://localhost:29010/management/v3/catalog/request\": request timeout"
time="2026-08-10T18:08:48Z" level=warning msg="Request Failed" error="Post \"http://localhost:29010/management/v3/catalog/request\": request timeout"

running (08m16.9s), 378/600 VUs, 1038 complete and 0 interrupted iterations
saturation   [  79% ] 378/600 VUs  08m16.8s/10m30s  5.52 iters/s
time="2026-08-10T18:08:49Z" level=warning msg="Request Failed" error="Post \"http://localhost:29010/management/v3/catalog/request\": request timeout"
time="2026-08-10T18:08:49Z" level=warning msg="Request Failed" error="Post \"http://localhost:29010/management/v3/catalog/request\": request timeout"
time="2026-08-10T18:08:49Z" level=warning msg="Request Failed" error="Post \"http://localhost:29010/management/v3/catalog/request\": request timeout"
time="2026-08-10T18:08:49Z" level=warning msg="Request Failed" error="Post \"http://localhost:29010/management/v3/catalog/request\": request timeout"

running (08m17.9s), 376/600 VUs, 1045 complete and 0 interrupted iterations
saturation   [  79% ] 376/600 VUs  08m17.8s/10m30s  5.53 iters/s
time="2026-08-10T18:08:49Z" level=warning msg="Request Failed" error="Post \"http://localhost:29010/management/v3/catalog/request\": request timeout"
time="2026-08-10T18:08:50Z" level=warning msg="Request Failed" error="Post \"http://localhost:29010/management/v3/catalog/request\": request timeout"
time="2026-08-10T18:08:50Z" level=warning msg="Request Failed" error="Post \"http://localhost:29010/management/v3/catalog/request\": request timeout"
time="2026-08-10T18:08:50Z" level=warning msg="Request Failed" error="Post \"http://localhost:29010/management/v3/catalog/request\": request timeout"
time="2026-08-10T18:08:50Z" level=warning msg="Request Failed" error="Post \"http://localhost:29010/management/v3/catalog/request\": request timeout"

running (08m18.9s), 372/600 VUs, 1055 complete and 0 interrupted iterations
saturation   [  79% ] 372/600 VUs  08m18.8s/10m30s  5.54 iters/s
time="2026-08-10T18:08:50Z" level=warning msg="Request Failed" error="Post \"http://localhost:29010/management/v3/catalog/request\": request timeout"
time="2026-08-10T18:08:51Z" level=warning msg="Request Failed" error="Post \"http://localhost:29010/management/v3/catalog/request\": request timeout"
time="2026-08-10T18:08:51Z" level=warning msg="Request Failed" error="Post \"http://localhost:29010/management/v3/catalog/request\": request timeout"
time="2026-08-10T18:08:51Z" level=warning msg="Request Failed" error="Post \"http://localhost:29010/management/v3/catalog/request\": request timeout"

running (08m19.9s), 373/600 VUs, 1059 complete and 0 interrupted iterations
saturation   [  79% ] 373/600 VUs  08m19.8s/10m30s  5.55 iters/s
time="2026-08-10T18:08:51Z" level=warning msg="Request Failed" error="Post \"http://localhost:29010/management/v3/catalog/request\": request timeout"
time="2026-08-10T18:08:52Z" level=warning msg="Request Failed" error="Post \"http://localhost:29010/management/v3/catalog/request\": request timeout"
time="2026-08-10T18:08:52Z" level=warning msg="Request Failed" error="Post \"http://localhost:29010/management/v3/catalog/request\": request timeout"
time="2026-08-10T18:08:52Z" level=warning msg="Request Failed" error="Post \"http://localhost:29010/management/v3/catalog/request\": request timeout"
time="2026-08-10T18:08:52Z" level=warning msg="Request Failed" error="Post \"http://localhost:29010/management/v3/catalog/request\": request timeout"

running (08m20.9s), 371/600 VUs, 1067 complete and 0 interrupted iterations
saturation   [  79% ] 371/600 VUs  08m20.8s/10m30s  5.56 iters/s
time="2026-08-10T18:08:52Z" level=warning msg="Request Failed" error="Post \"http://localhost:29010/management/v3/catalog/request\": request timeout"
time="2026-08-10T18:08:53Z" level=warning msg="Request Failed" error="Post \"http://localhost:29010/management/v3/catalog/request\": request timeout"
time="2026-08-10T18:08:53Z" level=warning msg="Request Failed" error="Post \"http://localhost:29010/management/v3/catalog/request\": request timeout"
time="2026-08-10T18:08:53Z" level=warning msg="Request Failed" error="Post \"http://localhost:29010/management/v3/catalog/request\": request timeout"
time="2026-08-10T18:08:53Z" level=warning msg="Request Failed" error="Post \"http://localhost:29010/management/v3/catalog/request\": request timeout"

running (08m21.9s), 367/600 VUs, 1077 complete and 0 interrupted iterations
saturation   [  80% ] 367/600 VUs  08m21.8s/10m30s  5.58 iters/s
time="2026-08-10T18:08:54Z" level=warning msg="Request Failed" error="Post \"http://localhost:29010/management/v3/catalog/request\": request timeout"
time="2026-08-10T18:08:54Z" level=warning msg="Request Failed" error="Post \"http://localhost:29010/management/v3/catalog/request\": request timeout"
time="2026-08-10T18:08:54Z" level=warning msg="Request Failed" error="Post \"http://localhost:29010/management/v3/catalog/request\": request timeout"
time="2026-08-10T18:08:54Z" level=warning msg="Request Failed" error="Post \"http://localhost:29010/management/v3/catalog/request\": request timeout"
time="2026-08-10T18:08:54Z" level=warning msg="Request Failed" error="Post \"http://localhost:29010/management/v3/catalog/request\": request timeout"

running (08m22.9s), 365/600 VUs, 1084 complete and 0 interrupted iterations
saturation   [  80% ] 365/600 VUs  08m22.8s/10m30s  5.59 iters/s
time="2026-08-10T18:08:55Z" level=warning msg="Request Failed" error="Post \"http://localhost:29010/management/v3/catalog/request\": request timeout"
time="2026-08-10T18:08:55Z" level=warning msg="Request Failed" error="Post \"http://localhost:29010/management/v3/catalog/request\": request timeout"
time="2026-08-10T18:08:55Z" level=warning msg="Request Failed" error="Post \"http://localhost:29010/management/v3/catalog/request\": request timeout"
time="2026-08-10T18:08:55Z" level=warning msg="Request Failed" error="Post \"http://localhost:29010/management/v3/catalog/request\": request timeout"
time="2026-08-10T18:08:55Z" level=warning msg="Request Failed" error="Post \"http://localhost:29010/management/v3/catalog/request\": request timeout"

running (08m23.9s), 363/600 VUs, 1092 complete and 0 interrupted iterations
saturation   [  80% ] 363/600 VUs  08m23.8s/10m30s  5.60 iters/s
time="2026-08-10T18:08:56Z" level=warning msg="Request Failed" error="Post \"http://localhost:29010/management/v3/catalog/request\": request timeout"
time="2026-08-10T18:08:56Z" level=warning msg="Request Failed" error="Post \"http://localhost:29010/management/v3/catalog/request\": request timeout"
time="2026-08-10T18:08:56Z" level=warning msg="Request Failed" error="Post \"http://localhost:29010/management/v3/catalog/request\": request timeout"
time="2026-08-10T18:08:56Z" level=warning msg="Request Failed" error="Post \"http://localhost:29010/management/v3/catalog/request\": request timeout"

running (08m24.9s), 360/600 VUs, 1100 complete and 0 interrupted iterations
saturation   [  80% ] 360/600 VUs  08m24.8s/10m30s  5.61 iters/s
time="2026-08-10T18:08:57Z" level=warning msg="Request Failed" error="Post \"http://localhost:29010/management/v3/catalog/request\": request timeout"
time="2026-08-10T18:08:57Z" level=warning msg="Request Failed" error="Post \"http://localhost:29010/management/v3/catalog/request\": request timeout"
time="2026-08-10T18:08:57Z" level=warning msg="Request Failed" error="Post \"http://localhost:29010/management/v3/catalog/request\": request timeout"
time="2026-08-10T18:08:57Z" level=warning msg="Request Failed" error="Post \"http://localhost:29010/management/v3/catalog/request\": request timeout"
time="2026-08-10T18:08:57Z" level=warning msg="Request Failed" error="Post \"http://localhost:29010/management/v3/catalog/request\": request timeout"

running (08m25.9s), 359/600 VUs, 1107 complete and 0 interrupted iterations
saturation   [  80% ] 359/600 VUs  08m25.8s/10m30s  5.62 iters/s
time="2026-08-10T18:08:58Z" level=warning msg="Request Failed" error="Post \"http://localhost:29010/management/v3/catalog/request\": request timeout"
time="2026-08-10T18:08:58Z" level=warning msg="Request Failed" error="Post \"http://localhost:29010/management/v3/catalog/request\": request timeout"
time="2026-08-10T18:08:58Z" level=warning msg="Request Failed" error="Post \"http://localhost:29010/management/v3/catalog/request\": request timeout"
time="2026-08-10T18:08:58Z" level=warning msg="Request Failed" error="Post \"http://localhost:29010/management/v3/catalog/request\": request timeout"
time="2026-08-10T18:08:58Z" level=warning msg="Request Failed" error="Post \"http://localhost:29010/management/v3/catalog/request\": request timeout"

running (08m26.9s), 357/600 VUs, 1115 complete and 0 interrupted iterations
saturation   [  80% ] 357/600 VUs  08m26.8s/10m30s  5.63 iters/s
time="2026-08-10T18:08:59Z" level=warning msg="Request Failed" error="Post \"http://localhost:29010/management/v3/catalog/request\": request timeout"
time="2026-08-10T18:08:59Z" level=warning msg="Request Failed" error="Post \"http://localhost:29010/management/v3/catalog/request\": request timeout"
time="2026-08-10T18:08:59Z" level=warning msg="Request Failed" error="Post \"http://localhost:29010/management/v3/catalog/request\": request timeout"
time="2026-08-10T18:08:59Z" level=warning msg="Request Failed" error="Post \"http://localhost:29010/management/v3/catalog/request\": request timeout"
time="2026-08-10T18:08:59Z" level=warning msg="Request Failed" error="Post \"http://localhost:29010/management/v3/catalog/request\": request timeout"

running (08m27.9s), 353/600 VUs, 1124 complete and 0 interrupted iterations
saturation   [  81% ] 353/600 VUs  08m27.8s/10m30s  5.64 iters/s
time="2026-08-10T18:09:00Z" level=warning msg="Request Failed" error="Post \"http://localhost:29010/management/v3/catalog/request\": request timeout"
time="2026-08-10T18:09:00Z" level=warning msg="Request Failed" error="Post \"http://localhost:29010/management/v3/catalog/request\": request timeout"
time="2026-08-10T18:09:00Z" level=warning msg="Request Failed" error="Post \"http://localhost:29010/management/v3/catalog/request\": request timeout"
time="2026-08-10T18:09:00Z" level=warning msg="Request Failed" error="Post \"http://localhost:29010/management/v3/catalog/request\": request timeout"
time="2026-08-10T18:09:00Z" level=warning msg="Request Failed" error="Post \"http://localhost:29010/management/v3/catalog/request\": request timeout"

running (08m28.9s), 351/600 VUs, 1132 complete and 0 interrupted iterations
saturation   [  81% ] 351/600 VUs  08m28.8s/10m30s  5.65 iters/s
time="2026-08-10T18:09:01Z" level=warning msg="Request Failed" error="Post \"http://localhost:29010/management/v3/catalog/request\": request timeout"
time="2026-08-10T18:09:01Z" level=warning msg="Request Failed" error="Post \"http://localhost:29010/management/v3/catalog/request\": request timeout"
time="2026-08-10T18:09:01Z" level=warning msg="Request Failed" error="Post \"http://localhost:29010/management/v3/catalog/request\": request timeout"
time="2026-08-10T18:09:01Z" level=warning msg="Request Failed" error="Post \"http://localhost:29010/management/v3/catalog/request\": request timeout"
time="2026-08-10T18:09:01Z" level=warning msg="Request Failed" error="Post \"http://localhost:29010/management/v3/catalog/request\": request timeout"

running (08m29.9s), 349/600 VUs, 1140 complete and 0 interrupted iterations
saturation   [  81% ] 349/600 VUs  08m29.8s/10m30s  5.67 iters/s
time="2026-08-10T18:09:02Z" level=warning msg="Request Failed" error="Post \"http://localhost:29010/management/v3/catalog/request\": request timeout"
time="2026-08-10T18:09:02Z" level=warning msg="Request Failed" error="Post \"http://localhost:29010/management/v3/catalog/request\": request timeout"
time="2026-08-10T18:09:02Z" level=warning msg="Request Failed" error="Post \"http://localhost:29010/management/v3/catalog/request\": request timeout"
time="2026-08-10T18:09:02Z" level=warning msg="Request Failed" error="Post \"http://localhost:29010/management/v3/catalog/request\": request timeout"
time="2026-08-10T18:09:02Z" level=warning msg="Request Failed" error="Post \"http://localhost:29010/management/v3/catalog/request\": request timeout"

running (08m30.9s), 347/600 VUs, 1147 complete and 0 interrupted iterations
saturation   [  81% ] 347/600 VUs  08m30.8s/10m30s  5.68 iters/s
time="2026-08-10T18:09:03Z" level=warning msg="Request Failed" error="Post \"http://localhost:29010/management/v3/catalog/request\": request timeout"
time="2026-08-10T18:09:03Z" level=warning msg="Request Failed" error="Post \"http://localhost:29010/management/v3/catalog/request\": request timeout"
time="2026-08-10T18:09:03Z" level=warning msg="Request Failed" error="Post \"http://localhost:29010/management/v3/catalog/request\": request timeout"
time="2026-08-10T18:09:03Z" level=warning msg="Request Failed" error="Post \"http://localhost:29010/management/v3/catalog/request\": request timeout"
time="2026-08-10T18:09:03Z" level=warning msg="Request Failed" error="Post \"http://localhost:29010/management/v3/catalog/request\": request timeout"

running (08m31.9s), 344/600 VUs, 1156 complete and 0 interrupted iterations
saturation   [  81% ] 344/600 VUs  08m31.8s/10m30s  5.69 iters/s
time="2026-08-10T18:09:04Z" level=warning msg="Request Failed" error="Post \"http://localhost:29010/management/v3/catalog/request\": request timeout"
time="2026-08-10T18:09:04Z" level=warning msg="Request Failed" error="Post \"http://localhost:29010/management/v3/catalog/request\": request timeout"
time="2026-08-10T18:09:04Z" level=warning msg="Request Failed" error="Post \"http://localhost:29010/management/v3/catalog/request\": request timeout"
time="2026-08-10T18:09:04Z" level=warning msg="Request Failed" error="Post \"http://localhost:29010/management/v3/catalog/request\": request timeout"
time="2026-08-10T18:09:04Z" level=warning msg="Request Failed" error="Post \"http://localhost:29010/management/v3/catalog/request\": request timeout"

running (08m32.9s), 344/600 VUs, 1162 complete and 0 interrupted iterations
saturation   [  81% ] 344/600 VUs  08m32.8s/10m30s  5.70 iters/s
time="2026-08-10T18:09:05Z" level=warning msg="Request Failed" error="Post \"http://localhost:29010/management/v3/catalog/request\": request timeout"
time="2026-08-10T18:09:05Z" level=warning msg="Request Failed" error="Post \"http://localhost:29010/management/v3/catalog/request\": request timeout"
time="2026-08-10T18:09:05Z" level=warning msg="Request Failed" error="Post \"http://localhost:29010/management/v3/catalog/request\": request timeout"
time="2026-08-10T18:09:05Z" level=warning msg="Request Failed" error="Post \"http://localhost:29010/management/v3/catalog/request\": request timeout"
time="2026-08-10T18:09:05Z" level=warning msg="Request Failed" error="Post \"http://localhost:29010/management/v3/catalog/request\": request timeout"

running (08m33.9s), 340/600 VUs, 1171 complete and 0 interrupted iterations
saturation   [  82% ] 340/600 VUs  08m33.8s/10m30s  5.71 iters/s

================ DSP benchmark summary ================
-- per-phase latency --
  catalog                    p50=10378.0 ms  p95=60000.3 ms  p99=60000.8 ms  max=60001.1 ms  n=1189
  negotiation init (POST)    p50=42.8 ms  p95=102.1 ms  p99=153.5 ms  max=304.2 ms  n=1073
  time-to-AGREED (async)     p50=3845.5 ms  p95=21734.9 ms  p99=28008.9 ms  max=30258.0 ms  n=582
  transfer init (POST)       p50=52.6 ms  p95=109.6 ms  p99=129.5 ms  max=152.2 ms  n=582
  time-to-EDR (async)        p50=3043.0 ms  p95=17965.3 ms  p99=23881.3 ms  max=25883.0 ms  n=582
  data pull                  p50=26.0 ms  p95=45.9 ms  p99=52.6 ms  max=64.5 ms  n=582
-- end-to-end + throughput --
  e2e transaction            p50=7838.5 ms  p95=46650.0 ms  p99=60329.0 ms  max=66811.0 ms  n=582
  data throughput (MB/s)     p50=0.2  p95=0.2  p99=0.2  max=0.2  n=582
-- outcomes --
  transactions succeeded     count=582  rate=1.132/s
  transactions failed        count=589  rate=1.146/s
  failed rate                rate=50.30%  (pass=589 fail=582)
    of which TERMINATED      (no data)
    of which TIMED OUT       count=473  rate=0.920/s
    of which HTTP-FAILED     count=116  rate=0.226/s
  failure accounting       589/589 classified  (complete)
-- observer effect (poll load) --
  negotiation polls          count=73800  rate=143.587/s
  edr polls                  count=13316  rate=25.908/s
  polls per transaction     negotiation=63.0  edr=11.4  (timeout ceiling=120)
=======================================================
(full summary -> /home/rohitj/edc/benchmarking-factoryx-edc/resources/local-fx-mvd/k6-scripts/results/factoryx/on/saturation-open/2026-08-10T17-58-41Z/k6-summary.json; POLL_INTERVAL_MS=250; IDENTITY_MODE=on)

running (08m34.0s), 000/600 VUs, 1171 complete and 340 interrupted iterations
saturation ✗ [  82% ] 207/600 VUs  08m33.8s/10m30s  5.71 iters/s
time="2026-08-10T18:09:06Z" level=error msg="thresholds on metrics 'dsp_transaction_failed_rate' were crossed; at least one has abortOnFail enabled, stopping test prematurely"
