
         /\      Grafana   /‾‾/  
    /\  /  \     |\  __   /  /   
   /  \/    \    | |/ /  /   ‾‾\ 
  /          \   |   (  |  (‾)  |
 / __________ \  |_|\_\  \_____/ 


     execution: local
        script: /home/rohitj/edc/benchmarking-factoryx-edc/resources/local-fx-mvd/k6-scripts/scenarios/payload-sweep.js
        output: Prometheus remote write (http://localhost:9090/api/v1/write)

     scenarios: (100.00%) 1 scenario, 4 max VUs, 1m30s max duration (incl. graceful stop):
              * pull: 4 looping VUs for 1m0s (gracefulStop: 30s)


Run    [ 100% ] setup()
pull   [   0% ]

Run    [ 100% ] setup()
pull   [   0% ]

Run    [ 100% ] setup()
pull   [   0% ]

Run    [ 100% ] setup()
pull   [   0% ]

running (0m05.0s), 4/4 VUs, 1 complete and 0 interrupted iterations
pull   [   0% ] 4 VUs  0m00.0s/1m0s

running (0m06.0s), 4/4 VUs, 90 complete and 0 interrupted iterations
pull   [   2% ] 4 VUs  0m01.0s/1m0s

running (0m07.0s), 4/4 VUs, 186 complete and 0 interrupted iterations
pull   [   3% ] 4 VUs  0m02.0s/1m0s

running (0m08.0s), 4/4 VUs, 280 complete and 0 interrupted iterations
pull   [   5% ] 4 VUs  0m03.0s/1m0s

running (0m09.0s), 4/4 VUs, 374 complete and 0 interrupted iterations
pull   [   7% ] 4 VUs  0m04.0s/1m0s

running (0m10.0s), 4/4 VUs, 468 complete and 0 interrupted iterations
pull   [   8% ] 4 VUs  0m05.0s/1m0s

running (0m11.0s), 4/4 VUs, 562 complete and 0 interrupted iterations
pull   [  10% ] 4 VUs  0m06.0s/1m0s

running (0m12.0s), 4/4 VUs, 656 complete and 0 interrupted iterations
pull   [  12% ] 4 VUs  0m07.0s/1m0s

running (0m13.0s), 4/4 VUs, 752 complete and 0 interrupted iterations
pull   [  13% ] 4 VUs  0m08.0s/1m0s

running (0m14.0s), 4/4 VUs, 846 complete and 0 interrupted iterations
pull   [  15% ] 4 VUs  0m09.0s/1m0s

running (0m15.0s), 4/4 VUs, 942 complete and 0 interrupted iterations
pull   [  17% ] 4 VUs  0m10.0s/1m0s

running (0m16.0s), 4/4 VUs, 1036 complete and 0 interrupted iterations
pull   [  18% ] 4 VUs  0m11.0s/1m0s

running (0m17.0s), 4/4 VUs, 1130 complete and 0 interrupted iterations
pull   [  20% ] 4 VUs  0m12.0s/1m0s

running (0m18.0s), 4/4 VUs, 1221 complete and 0 interrupted iterations
pull   [  22% ] 4 VUs  0m13.0s/1m0s

running (0m19.0s), 4/4 VUs, 1316 complete and 0 interrupted iterations
pull   [  23% ] 4 VUs  0m14.0s/1m0s

running (0m20.0s), 4/4 VUs, 1408 complete and 0 interrupted iterations
pull   [  25% ] 4 VUs  0m15.0s/1m0s

running (0m21.0s), 4/4 VUs, 1504 complete and 0 interrupted iterations
pull   [  27% ] 4 VUs  0m16.0s/1m0s

running (0m22.0s), 4/4 VUs, 1596 complete and 0 interrupted iterations
pull   [  28% ] 4 VUs  0m17.0s/1m0s

running (0m23.0s), 4/4 VUs, 1689 complete and 0 interrupted iterations
pull   [  30% ] 4 VUs  0m18.0s/1m0s

running (0m24.0s), 4/4 VUs, 1784 complete and 0 interrupted iterations
pull   [  32% ] 4 VUs  0m19.0s/1m0s

running (0m25.0s), 4/4 VUs, 1877 complete and 0 interrupted iterations
pull   [  33% ] 4 VUs  0m20.0s/1m0s

running (0m26.0s), 4/4 VUs, 1972 complete and 0 interrupted iterations
pull   [  35% ] 4 VUs  0m21.0s/1m0s

running (0m27.0s), 4/4 VUs, 2058 complete and 0 interrupted iterations
pull   [  37% ] 4 VUs  0m22.0s/1m0s

running (0m28.0s), 4/4 VUs, 2152 complete and 0 interrupted iterations
pull   [  38% ] 4 VUs  0m23.0s/1m0s

running (0m29.0s), 4/4 VUs, 2232 complete and 0 interrupted iterations
pull   [  40% ] 4 VUs  0m24.0s/1m0s

running (0m30.0s), 4/4 VUs, 2331 complete and 0 interrupted iterations
pull   [  42% ] 4 VUs  0m25.0s/1m0s

running (0m31.0s), 4/4 VUs, 2428 complete and 0 interrupted iterations
pull   [  43% ] 4 VUs  0m26.0s/1m0s

running (0m32.0s), 4/4 VUs, 2527 complete and 0 interrupted iterations
pull   [  45% ] 4 VUs  0m27.0s/1m0s

running (0m33.0s), 4/4 VUs, 2624 complete and 0 interrupted iterations
pull   [  47% ] 4 VUs  0m28.0s/1m0s

running (0m34.0s), 4/4 VUs, 2723 complete and 0 interrupted iterations
pull   [  48% ] 4 VUs  0m29.0s/1m0s

running (0m35.0s), 4/4 VUs, 2819 complete and 0 interrupted iterations
pull   [  50% ] 4 VUs  0m30.0s/1m0s

running (0m36.0s), 4/4 VUs, 2918 complete and 0 interrupted iterations
pull   [  52% ] 4 VUs  0m31.0s/1m0s

running (0m37.0s), 4/4 VUs, 3016 complete and 0 interrupted iterations
pull   [  53% ] 4 VUs  0m32.0s/1m0s

running (0m38.0s), 4/4 VUs, 3112 complete and 0 interrupted iterations
pull   [  55% ] 4 VUs  0m33.0s/1m0s

running (0m39.0s), 4/4 VUs, 3211 complete and 0 interrupted iterations
pull   [  57% ] 4 VUs  0m34.0s/1m0s

running (0m40.0s), 4/4 VUs, 3308 complete and 0 interrupted iterations
pull   [  58% ] 4 VUs  0m35.0s/1m0s

running (0m41.0s), 4/4 VUs, 3407 complete and 0 interrupted iterations
pull   [  60% ] 4 VUs  0m36.0s/1m0s

running (0m42.0s), 4/4 VUs, 3500 complete and 0 interrupted iterations
pull   [  62% ] 4 VUs  0m37.0s/1m0s

running (0m43.0s), 4/4 VUs, 3599 complete and 0 interrupted iterations
pull   [  63% ] 4 VUs  0m38.0s/1m0s

running (0m44.0s), 4/4 VUs, 3692 complete and 0 interrupted iterations
pull   [  65% ] 4 VUs  0m39.0s/1m0s

running (0m45.0s), 4/4 VUs, 3787 complete and 0 interrupted iterations
pull   [  67% ] 4 VUs  0m40.0s/1m0s

running (0m46.0s), 4/4 VUs, 3884 complete and 0 interrupted iterations
pull   [  68% ] 4 VUs  0m41.0s/1m0s

running (0m47.0s), 4/4 VUs, 3983 complete and 0 interrupted iterations
pull   [  70% ] 4 VUs  0m42.0s/1m0s

running (0m48.0s), 4/4 VUs, 4080 complete and 0 interrupted iterations
pull   [  72% ] 4 VUs  0m43.0s/1m0s

running (0m49.0s), 4/4 VUs, 4179 complete and 0 interrupted iterations
pull   [  73% ] 4 VUs  0m44.0s/1m0s

running (0m50.0s), 4/4 VUs, 4276 complete and 0 interrupted iterations
pull   [  75% ] 4 VUs  0m45.0s/1m0s

running (0m51.0s), 4/4 VUs, 4372 complete and 0 interrupted iterations
pull   [  77% ] 4 VUs  0m46.0s/1m0s

running (0m52.0s), 4/4 VUs, 4468 complete and 0 interrupted iterations
pull   [  78% ] 4 VUs  0m47.0s/1m0s

running (0m53.0s), 4/4 VUs, 4564 complete and 0 interrupted iterations
pull   [  80% ] 4 VUs  0m48.0s/1m0s

running (0m54.0s), 4/4 VUs, 4662 complete and 0 interrupted iterations
pull   [  82% ] 4 VUs  0m49.0s/1m0s

running (0m55.0s), 4/4 VUs, 4762 complete and 0 interrupted iterations
pull   [  83% ] 4 VUs  0m50.0s/1m0s

running (0m56.0s), 4/4 VUs, 4860 complete and 0 interrupted iterations
pull   [  85% ] 4 VUs  0m51.0s/1m0s

running (0m57.0s), 4/4 VUs, 4958 complete and 0 interrupted iterations
pull   [  87% ] 4 VUs  0m52.0s/1m0s

running (0m58.0s), 4/4 VUs, 5056 complete and 0 interrupted iterations
pull   [  88% ] 4 VUs  0m53.0s/1m0s

running (0m59.0s), 4/4 VUs, 5154 complete and 0 interrupted iterations
pull   [  90% ] 4 VUs  0m54.0s/1m0s

running (1m00.0s), 4/4 VUs, 5252 complete and 0 interrupted iterations
pull   [  92% ] 4 VUs  0m55.0s/1m0s

running (1m01.0s), 4/4 VUs, 5348 complete and 0 interrupted iterations
pull   [  93% ] 4 VUs  0m56.0s/1m0s

running (1m02.0s), 4/4 VUs, 5446 complete and 0 interrupted iterations
pull   [  95% ] 4 VUs  0m57.0s/1m0s

running (1m03.0s), 4/4 VUs, 5544 complete and 0 interrupted iterations
pull   [  97% ] 4 VUs  0m58.0s/1m0s

running (1m04.0s), 4/4 VUs, 5640 complete and 0 interrupted iterations
pull   [  98% ] 4 VUs  0m59.0s/1m0s

running (1m05.0s), 0/4 VUs, 5731 complete and 0 interrupted iterations
pull ✓ [ 100% ] 4 VUs  1m0s

================ DSP benchmark summary ================
-- per-phase latency --
  catalog                    p50=89.2 ms  p95=89.2 ms  p99=89.2 ms  max=89.2 ms  n=1
  negotiation init (POST)    p50=54.0 ms  p95=54.0 ms  p99=54.0 ms  max=54.0 ms  n=1
  time-to-AGREED (async)     p50=2799.0 ms  p95=2799.0 ms  p99=2799.0 ms  max=2799.0 ms  n=1
  transfer init (POST)       p50=187.4 ms  p95=187.4 ms  p99=187.4 ms  max=187.4 ms  n=1
  time-to-EDR (async)        p50=1780.0 ms  p95=1780.0 ms  p99=1780.0 ms  max=1780.0 ms  n=1
  data pull                  p50=41.1 ms  p95=43.5 ms  p99=49.6 ms  max=280.8 ms  n=5731
-- end-to-end + throughput --
  e2e transaction            (no data)
  data throughput (MB/s)     p50=0.1  p95=0.1  p99=0.1  max=0.2  n=5731
-- outcomes --
  transactions succeeded     (no data)
  transactions failed        (no data)
  failed rate                rate=0.00%  (pass=0 fail=0)
    of which TERMINATED      (no data)
    of which TIMED OUT       (no data)
-- observer effect (poll load) --
  negotiation polls          count=12  rate=0.185/s
  edr polls                  count=8  rate=0.123/s
  polls per transaction     (no data)
=======================================================
(full summary -> /home/rohitj/edc/benchmarking-factoryx-edc/resources/local-fx-mvd/k6-scripts/results/factoryx/payload-sweep/2026-07-31T13-43-11Z/k6-summary.json; POLL_INTERVAL_MS=250; IDENTITY_MODE=on)

running (1m05.0s), 0/4 VUs, 5731 complete and 0 interrupted iterations
pull ✓ [ 100% ] 4 VUs  1m0s
