
         /\      Grafana   /‾‾/  
    /\  /  \     |\  __   /  /   
   /  \/    \    | |/ /  /   ‾‾\ 
  /          \   |   (  |  (‾)  |
 / __________ \  |_|\_\  \_____/ 


     execution: local
        script: /home/rohitj/edc/benchmarking-factoryx-edc/resources/local-fx-mvd/k6-scripts/scenarios/catalog-sweep.js
        output: -

     scenarios: (100.00%) 1 scenario, 4 max VUs, 2m30s max duration (incl. graceful stop):
              * catalog: 4 looping VUs for 2m0s (gracefulStop: 30s)


Run       [ 100% ] setup()
catalog   [   0% ]

Run       [ 100% ] setup()
catalog   [   0% ]

running (0m03.0s), 4/4 VUs, 16 complete and 0 interrupted iterations
catalog   [   1% ] 4 VUs  0m00.8s/2m0s

running (0m04.0s), 4/4 VUs, 44 complete and 0 interrupted iterations
catalog   [   1% ] 4 VUs  0m01.8s/2m0s

running (0m05.0s), 4/4 VUs, 68 complete and 0 interrupted iterations
catalog   [   2% ] 4 VUs  0m02.8s/2m0s

running (0m06.0s), 4/4 VUs, 95 complete and 0 interrupted iterations
catalog   [   3% ] 4 VUs  0m03.8s/2m0s

running (0m07.0s), 4/4 VUs, 120 complete and 0 interrupted iterations
catalog   [   4% ] 4 VUs  0m04.8s/2m0s

running (0m08.0s), 4/4 VUs, 146 complete and 0 interrupted iterations
catalog   [   5% ] 4 VUs  0m05.8s/2m0s

running (0m09.0s), 4/4 VUs, 175 complete and 0 interrupted iterations
catalog   [   6% ] 4 VUs  0m06.8s/2m0s

running (0m10.0s), 4/4 VUs, 200 complete and 0 interrupted iterations
catalog   [   6% ] 4 VUs  0m07.8s/2m0s

running (0m11.0s), 4/4 VUs, 224 complete and 0 interrupted iterations
catalog   [   7% ] 4 VUs  0m08.8s/2m0s

running (0m12.0s), 4/4 VUs, 252 complete and 0 interrupted iterations
catalog   [   8% ] 4 VUs  0m09.8s/2m0s

running (0m13.0s), 4/4 VUs, 280 complete and 0 interrupted iterations
catalog   [   9% ] 4 VUs  0m10.8s/2m0s

running (0m14.0s), 4/4 VUs, 305 complete and 0 interrupted iterations
catalog   [  10% ] 4 VUs  0m11.8s/2m0s

running (0m15.0s), 4/4 VUs, 332 complete and 0 interrupted iterations
catalog   [  11% ] 4 VUs  0m12.8s/2m0s

running (0m16.0s), 4/4 VUs, 358 complete and 0 interrupted iterations
catalog   [  11% ] 4 VUs  0m13.8s/2m0s

running (0m17.0s), 4/4 VUs, 382 complete and 0 interrupted iterations
catalog   [  12% ] 4 VUs  0m14.8s/2m0s

running (0m18.0s), 4/4 VUs, 408 complete and 0 interrupted iterations
catalog   [  13% ] 4 VUs  0m15.8s/2m0s

running (0m19.0s), 4/4 VUs, 432 complete and 0 interrupted iterations
catalog   [  14% ] 4 VUs  0m16.8s/2m0s

running (0m20.0s), 4/4 VUs, 459 complete and 0 interrupted iterations
catalog   [  15% ] 4 VUs  0m17.8s/2m0s

running (0m21.0s), 4/4 VUs, 487 complete and 0 interrupted iterations
catalog   [  16% ] 4 VUs  0m18.8s/2m0s

running (0m22.0s), 4/4 VUs, 512 complete and 0 interrupted iterations
catalog   [  16% ] 4 VUs  0m19.8s/2m0s

running (0m23.0s), 4/4 VUs, 542 complete and 0 interrupted iterations
catalog   [  17% ] 4 VUs  0m20.8s/2m0s

running (0m24.0s), 4/4 VUs, 568 complete and 0 interrupted iterations
catalog   [  18% ] 4 VUs  0m21.8s/2m0s

running (0m25.0s), 4/4 VUs, 592 complete and 0 interrupted iterations
catalog   [  19% ] 4 VUs  0m22.8s/2m0s

running (0m26.0s), 4/4 VUs, 625 complete and 0 interrupted iterations
catalog   [  20% ] 4 VUs  0m23.8s/2m0s

running (0m27.0s), 4/4 VUs, 650 complete and 0 interrupted iterations
catalog   [  21% ] 4 VUs  0m24.8s/2m0s

running (0m28.0s), 4/4 VUs, 679 complete and 0 interrupted iterations
catalog   [  21% ] 4 VUs  0m25.8s/2m0s

running (0m29.0s), 4/4 VUs, 703 complete and 0 interrupted iterations
catalog   [  22% ] 4 VUs  0m26.8s/2m0s

running (0m30.0s), 4/4 VUs, 731 complete and 0 interrupted iterations
catalog   [  23% ] 4 VUs  0m27.8s/2m0s

running (0m31.0s), 4/4 VUs, 751 complete and 0 interrupted iterations
catalog   [  24% ] 4 VUs  0m28.8s/2m0s

running (0m32.0s), 4/4 VUs, 779 complete and 0 interrupted iterations
catalog   [  25% ] 4 VUs  0m29.8s/2m0s

running (0m33.0s), 4/4 VUs, 810 complete and 0 interrupted iterations
catalog   [  26% ] 4 VUs  0m30.8s/2m0s

running (0m34.0s), 4/4 VUs, 838 complete and 0 interrupted iterations
catalog   [  26% ] 4 VUs  0m31.8s/2m0s

running (0m35.0s), 4/4 VUs, 869 complete and 0 interrupted iterations
catalog   [  27% ] 4 VUs  0m32.8s/2m0s

running (0m36.0s), 4/4 VUs, 896 complete and 0 interrupted iterations
catalog   [  28% ] 4 VUs  0m33.8s/2m0s

running (0m37.0s), 4/4 VUs, 924 complete and 0 interrupted iterations
catalog   [  29% ] 4 VUs  0m34.8s/2m0s

running (0m38.0s), 4/4 VUs, 949 complete and 0 interrupted iterations
catalog   [  30% ] 4 VUs  0m35.8s/2m0s

running (0m39.0s), 4/4 VUs, 969 complete and 0 interrupted iterations
catalog   [  31% ] 4 VUs  0m36.8s/2m0s

running (0m40.0s), 4/4 VUs, 996 complete and 0 interrupted iterations
catalog   [  31% ] 4 VUs  0m37.8s/2m0s

running (0m41.0s), 4/4 VUs, 1026 complete and 0 interrupted iterations
catalog   [  32% ] 4 VUs  0m38.8s/2m0s

running (0m42.0s), 4/4 VUs, 1054 complete and 0 interrupted iterations
catalog   [  33% ] 4 VUs  0m39.8s/2m0s

running (0m43.0s), 4/4 VUs, 1082 complete and 0 interrupted iterations
catalog   [  34% ] 4 VUs  0m40.8s/2m0s

running (0m44.0s), 4/4 VUs, 1106 complete and 0 interrupted iterations
catalog   [  35% ] 4 VUs  0m41.8s/2m0s

running (0m45.0s), 4/4 VUs, 1135 complete and 0 interrupted iterations
catalog   [  36% ] 4 VUs  0m42.8s/2m0s

running (0m46.0s), 4/4 VUs, 1165 complete and 0 interrupted iterations
catalog   [  36% ] 4 VUs  0m43.8s/2m0s

running (0m47.0s), 4/4 VUs, 1189 complete and 0 interrupted iterations
catalog   [  37% ] 4 VUs  0m44.8s/2m0s

running (0m48.0s), 4/4 VUs, 1217 complete and 0 interrupted iterations
catalog   [  38% ] 4 VUs  0m45.8s/2m0s

running (0m49.0s), 4/4 VUs, 1247 complete and 0 interrupted iterations
catalog   [  39% ] 4 VUs  0m46.8s/2m0s

running (0m50.0s), 4/4 VUs, 1271 complete and 0 interrupted iterations
catalog   [  40% ] 4 VUs  0m47.8s/2m0s

running (0m51.0s), 4/4 VUs, 1295 complete and 0 interrupted iterations
catalog   [  41% ] 4 VUs  0m48.8s/2m0s

running (0m52.0s), 4/4 VUs, 1323 complete and 0 interrupted iterations
catalog   [  41% ] 4 VUs  0m49.8s/2m0s

running (0m53.0s), 4/4 VUs, 1350 complete and 0 interrupted iterations
catalog   [  42% ] 4 VUs  0m50.8s/2m0s

running (0m54.0s), 4/4 VUs, 1378 complete and 0 interrupted iterations
catalog   [  43% ] 4 VUs  0m51.8s/2m0s

running (0m55.0s), 4/4 VUs, 1405 complete and 0 interrupted iterations
catalog   [  44% ] 4 VUs  0m52.8s/2m0s

running (0m56.0s), 4/4 VUs, 1433 complete and 0 interrupted iterations
catalog   [  45% ] 4 VUs  0m53.8s/2m0s

running (0m57.0s), 4/4 VUs, 1457 complete and 0 interrupted iterations
catalog   [  46% ] 4 VUs  0m54.8s/2m0s

running (0m58.0s), 4/4 VUs, 1481 complete and 0 interrupted iterations
catalog   [  46% ] 4 VUs  0m55.8s/2m0s

running (0m59.0s), 4/4 VUs, 1499 complete and 0 interrupted iterations
catalog   [  47% ] 4 VUs  0m56.8s/2m0s

running (1m00.0s), 4/4 VUs, 1519 complete and 0 interrupted iterations
catalog   [  48% ] 4 VUs  0m57.8s/2m0s

running (1m01.0s), 4/4 VUs, 1535 complete and 0 interrupted iterations
catalog   [  49% ] 4 VUs  0m58.8s/2m0s

running (1m02.0s), 4/4 VUs, 1558 complete and 0 interrupted iterations
catalog   [  50% ] 4 VUs  0m59.8s/2m0s

running (1m03.0s), 4/4 VUs, 1582 complete and 0 interrupted iterations
catalog   [  51% ] 4 VUs  1m00.8s/2m0s

running (1m04.0s), 4/4 VUs, 1607 complete and 0 interrupted iterations
catalog   [  51% ] 4 VUs  1m01.8s/2m0s

running (1m05.0s), 4/4 VUs, 1632 complete and 0 interrupted iterations
catalog   [  52% ] 4 VUs  1m02.8s/2m0s

running (1m06.0s), 4/4 VUs, 1657 complete and 0 interrupted iterations
catalog   [  53% ] 4 VUs  1m03.8s/2m0s

running (1m07.0s), 4/4 VUs, 1681 complete and 0 interrupted iterations
catalog   [  54% ] 4 VUs  1m04.8s/2m0s

running (1m08.0s), 4/4 VUs, 1708 complete and 0 interrupted iterations
catalog   [  55% ] 4 VUs  1m05.8s/2m0s

running (1m09.0s), 4/4 VUs, 1732 complete and 0 interrupted iterations
catalog   [  56% ] 4 VUs  1m06.8s/2m0s

running (1m10.0s), 4/4 VUs, 1758 complete and 0 interrupted iterations
catalog   [  56% ] 4 VUs  1m07.8s/2m0s

running (1m11.0s), 4/4 VUs, 1778 complete and 0 interrupted iterations
catalog   [  57% ] 4 VUs  1m08.8s/2m0s

running (1m12.0s), 4/4 VUs, 1803 complete and 0 interrupted iterations
catalog   [  58% ] 4 VUs  1m09.8s/2m0s

running (1m13.0s), 4/4 VUs, 1832 complete and 0 interrupted iterations
catalog   [  59% ] 4 VUs  1m10.8s/2m0s

running (1m14.0s), 4/4 VUs, 1860 complete and 0 interrupted iterations
catalog   [  60% ] 4 VUs  1m11.8s/2m0s

running (1m15.0s), 4/4 VUs, 1887 complete and 0 interrupted iterations
catalog   [  61% ] 4 VUs  1m12.8s/2m0s

running (1m16.0s), 4/4 VUs, 1914 complete and 0 interrupted iterations
catalog   [  61% ] 4 VUs  1m13.8s/2m0s

running (1m17.0s), 4/4 VUs, 1936 complete and 0 interrupted iterations
catalog   [  62% ] 4 VUs  1m14.8s/2m0s

running (1m18.0s), 4/4 VUs, 1962 complete and 0 interrupted iterations
catalog   [  63% ] 4 VUs  1m15.8s/2m0s

running (1m19.0s), 4/4 VUs, 1988 complete and 0 interrupted iterations
catalog   [  64% ] 4 VUs  1m16.8s/2m0s

running (1m20.0s), 4/4 VUs, 2017 complete and 0 interrupted iterations
catalog   [  65% ] 4 VUs  1m17.8s/2m0s

running (1m21.0s), 4/4 VUs, 2044 complete and 0 interrupted iterations
catalog   [  66% ] 4 VUs  1m18.8s/2m0s

running (1m22.0s), 4/4 VUs, 2072 complete and 0 interrupted iterations
catalog   [  66% ] 4 VUs  1m19.8s/2m0s

running (1m23.0s), 4/4 VUs, 2098 complete and 0 interrupted iterations
catalog   [  67% ] 4 VUs  1m20.8s/2m0s

running (1m24.0s), 4/4 VUs, 2125 complete and 0 interrupted iterations
catalog   [  68% ] 4 VUs  1m21.8s/2m0s

running (1m25.0s), 4/4 VUs, 2146 complete and 0 interrupted iterations
catalog   [  69% ] 4 VUs  1m22.8s/2m0s

running (1m26.0s), 4/4 VUs, 2174 complete and 0 interrupted iterations
catalog   [  70% ] 4 VUs  1m23.8s/2m0s

running (1m27.0s), 4/4 VUs, 2200 complete and 0 interrupted iterations
catalog   [  71% ] 4 VUs  1m24.8s/2m0s

running (1m28.0s), 4/4 VUs, 2230 complete and 0 interrupted iterations
catalog   [  71% ] 4 VUs  1m25.8s/2m0s

running (1m29.0s), 4/4 VUs, 2255 complete and 0 interrupted iterations
catalog   [  72% ] 4 VUs  1m26.8s/2m0s

running (1m30.0s), 4/4 VUs, 2283 complete and 0 interrupted iterations
catalog   [  73% ] 4 VUs  1m27.8s/2m0s

running (1m31.0s), 4/4 VUs, 2308 complete and 0 interrupted iterations
catalog   [  74% ] 4 VUs  1m28.8s/2m0s

running (1m32.0s), 4/4 VUs, 2336 complete and 0 interrupted iterations
catalog   [  75% ] 4 VUs  1m29.8s/2m0s

running (1m33.0s), 4/4 VUs, 2356 complete and 0 interrupted iterations
catalog   [  76% ] 4 VUs  1m30.8s/2m0s

running (1m34.0s), 4/4 VUs, 2381 complete and 0 interrupted iterations
catalog   [  76% ] 4 VUs  1m31.8s/2m0s

running (1m35.0s), 4/4 VUs, 2413 complete and 0 interrupted iterations
catalog   [  77% ] 4 VUs  1m32.8s/2m0s

running (1m36.0s), 4/4 VUs, 2437 complete and 0 interrupted iterations
catalog   [  78% ] 4 VUs  1m33.8s/2m0s

running (1m37.0s), 4/4 VUs, 2465 complete and 0 interrupted iterations
catalog   [  79% ] 4 VUs  1m34.8s/2m0s

running (1m38.0s), 4/4 VUs, 2490 complete and 0 interrupted iterations
catalog   [  80% ] 4 VUs  1m35.8s/2m0s

running (1m39.0s), 4/4 VUs, 2514 complete and 0 interrupted iterations
catalog   [  81% ] 4 VUs  1m36.8s/2m0s

running (1m40.0s), 4/4 VUs, 2535 complete and 0 interrupted iterations
catalog   [  81% ] 4 VUs  1m37.8s/2m0s

running (1m41.0s), 4/4 VUs, 2563 complete and 0 interrupted iterations
catalog   [  82% ] 4 VUs  1m38.8s/2m0s

running (1m42.0s), 4/4 VUs, 2586 complete and 0 interrupted iterations
catalog   [  83% ] 4 VUs  1m39.8s/2m0s

running (1m43.0s), 4/4 VUs, 2609 complete and 0 interrupted iterations
catalog   [  84% ] 4 VUs  1m40.8s/2m0s

running (1m44.0s), 4/4 VUs, 2639 complete and 0 interrupted iterations
catalog   [  85% ] 4 VUs  1m41.8s/2m0s

running (1m45.0s), 4/4 VUs, 2665 complete and 0 interrupted iterations
catalog   [  86% ] 4 VUs  1m42.8s/2m0s

running (1m46.0s), 4/4 VUs, 2690 complete and 0 interrupted iterations
catalog   [  86% ] 4 VUs  1m43.8s/2m0s

running (1m47.0s), 4/4 VUs, 2717 complete and 0 interrupted iterations
catalog   [  87% ] 4 VUs  1m44.8s/2m0s

running (1m48.0s), 4/4 VUs, 2745 complete and 0 interrupted iterations
catalog   [  88% ] 4 VUs  1m45.8s/2m0s

running (1m49.0s), 4/4 VUs, 2771 complete and 0 interrupted iterations
catalog   [  89% ] 4 VUs  1m46.8s/2m0s

running (1m50.0s), 4/4 VUs, 2796 complete and 0 interrupted iterations
catalog   [  90% ] 4 VUs  1m47.8s/2m0s

running (1m51.0s), 4/4 VUs, 2818 complete and 0 interrupted iterations
catalog   [  91% ] 4 VUs  1m48.8s/2m0s

running (1m52.0s), 4/4 VUs, 2841 complete and 0 interrupted iterations
catalog   [  91% ] 4 VUs  1m49.8s/2m0s

running (1m53.0s), 4/4 VUs, 2870 complete and 0 interrupted iterations
catalog   [  92% ] 4 VUs  1m50.8s/2m0s

running (1m54.0s), 4/4 VUs, 2892 complete and 0 interrupted iterations
catalog   [  93% ] 4 VUs  1m51.8s/2m0s

running (1m55.0s), 4/4 VUs, 2918 complete and 0 interrupted iterations
catalog   [  94% ] 4 VUs  1m52.8s/2m0s

running (1m56.0s), 4/4 VUs, 2942 complete and 0 interrupted iterations
catalog   [  95% ] 4 VUs  1m53.8s/2m0s

running (1m57.0s), 4/4 VUs, 2968 complete and 0 interrupted iterations
catalog   [  96% ] 4 VUs  1m54.8s/2m0s

running (1m58.0s), 4/4 VUs, 2996 complete and 0 interrupted iterations
catalog   [  96% ] 4 VUs  1m55.8s/2m0s

running (1m59.0s), 4/4 VUs, 3023 complete and 0 interrupted iterations
catalog   [  97% ] 4 VUs  1m56.8s/2m0s

running (2m00.0s), 4/4 VUs, 3048 complete and 0 interrupted iterations
catalog   [  98% ] 4 VUs  1m57.8s/2m0s

running (2m01.0s), 4/4 VUs, 3076 complete and 0 interrupted iterations
catalog   [  99% ] 4 VUs  1m58.8s/2m0s

running (2m02.0s), 4/4 VUs, 3104 complete and 0 interrupted iterations
catalog   [ 100% ] 4 VUs  1m59.8s/2m0s

================ DSP benchmark summary ================
-- per-phase latency --
  catalog                    p50=141.9 ms  p95=219.8 ms  p99=296.9 ms  max=354.0 ms  n=3114
  negotiation init (POST)    (no data)
  time-to-AGREED (async)     (no data)
  transfer init (POST)       (no data)
  time-to-EDR (async)        (no data)
  data pull                  (no data)
-- end-to-end + throughput --
  e2e transaction            (no data)
  data throughput (MB/s)     (no data)
-- outcomes --
  transactions succeeded     count=3114  rate=25.440/s
  transactions failed        (no data)
  failed rate                rate=0.00%  (pass=0 fail=3114)
-- observer effect (poll load) --
  negotiation polls          (no data)
  edr polls                  (no data)
=======================================================
(full summary -> /home/rohitj/edc/benchmarking-factoryx-edc/resources/local-fx-mvd/k6-scripts/results/factoryx/catalog-sweep/2026-07-29T18-20-45Z/k6-summary.json; POLL_INTERVAL_MS=250; IDENTITY_MODE=on)

running (2m02.4s), 0/4 VUs, 3114 complete and 0 interrupted iterations
catalog ✓ [ 100% ] 4 VUs  2m0s
