
         /\      Grafana   /‾‾/  
    /\  /  \     |\  __   /  /   
   /  \/    \    | |/ /  /   ‾‾\ 
  /          \   |   (  |  (‾)  |
 / __________ \  |_|\_\  \_____/ 


     execution: local
        script: /home/rohitj/edc/benchmarking-factoryx-edc/resources/local-fx-mvd/k6-scripts/scenarios/smoke.js
        output: Prometheus remote write (http://localhost:9090/api/v1/write)

     scenarios: (100.00%) 1 scenario, 1 max VUs, 5m30s max duration (incl. graceful stop):
              * smoke: 5 iterations for each of 1 VUs (maxDuration: 5m0s, gracefulStop: 30s)


running (0m01.0s), 1/1 VUs, 0 complete and 0 interrupted iterations
smoke   [   0% ] 1 VUs  0m01.0s/5m0s  0/5 iters, 5 per VU

running (0m02.0s), 1/1 VUs, 0 complete and 0 interrupted iterations
smoke   [   0% ] 1 VUs  0m02.0s/5m0s  0/5 iters, 5 per VU

running (0m03.0s), 1/1 VUs, 0 complete and 0 interrupted iterations
smoke   [   0% ] 1 VUs  0m03.0s/5m0s  0/5 iters, 5 per VU

running (0m04.0s), 1/1 VUs, 0 complete and 0 interrupted iterations
smoke   [   0% ] 1 VUs  0m04.0s/5m0s  0/5 iters, 5 per VU

running (0m05.0s), 1/1 VUs, 0 complete and 0 interrupted iterations
smoke   [   0% ] 1 VUs  0m05.0s/5m0s  0/5 iters, 5 per VU

running (0m06.0s), 1/1 VUs, 1 complete and 0 interrupted iterations
smoke   [  20% ] 1 VUs  0m06.0s/5m0s  1/5 iters, 5 per VU

running (0m07.0s), 1/1 VUs, 1 complete and 0 interrupted iterations
smoke   [  20% ] 1 VUs  0m07.0s/5m0s  1/5 iters, 5 per VU

running (0m08.0s), 1/1 VUs, 1 complete and 0 interrupted iterations
smoke   [  20% ] 1 VUs  0m08.0s/5m0s  1/5 iters, 5 per VU

running (0m09.0s), 1/1 VUs, 2 complete and 0 interrupted iterations
smoke   [  40% ] 1 VUs  0m09.0s/5m0s  2/5 iters, 5 per VU

running (0m10.0s), 1/1 VUs, 2 complete and 0 interrupted iterations
smoke   [  40% ] 1 VUs  0m10.0s/5m0s  2/5 iters, 5 per VU

running (0m11.0s), 1/1 VUs, 2 complete and 0 interrupted iterations
smoke   [  40% ] 1 VUs  0m11.0s/5m0s  2/5 iters, 5 per VU

running (0m12.0s), 1/1 VUs, 2 complete and 0 interrupted iterations
smoke   [  40% ] 1 VUs  0m12.0s/5m0s  2/5 iters, 5 per VU

running (0m13.0s), 1/1 VUs, 3 complete and 0 interrupted iterations
smoke   [  60% ] 1 VUs  0m13.0s/5m0s  3/5 iters, 5 per VU

running (0m14.0s), 1/1 VUs, 3 complete and 0 interrupted iterations
smoke   [  60% ] 1 VUs  0m14.0s/5m0s  3/5 iters, 5 per VU

running (0m15.0s), 1/1 VUs, 3 complete and 0 interrupted iterations
smoke   [  60% ] 1 VUs  0m15.0s/5m0s  3/5 iters, 5 per VU

running (0m16.0s), 1/1 VUs, 3 complete and 0 interrupted iterations
smoke   [  60% ] 1 VUs  0m16.0s/5m0s  3/5 iters, 5 per VU

running (0m17.0s), 1/1 VUs, 4 complete and 0 interrupted iterations
smoke   [  80% ] 1 VUs  0m17.0s/5m0s  4/5 iters, 5 per VU

running (0m18.0s), 1/1 VUs, 4 complete and 0 interrupted iterations
smoke   [  80% ] 1 VUs  0m18.0s/5m0s  4/5 iters, 5 per VU

running (0m19.0s), 1/1 VUs, 4 complete and 0 interrupted iterations
smoke   [  80% ] 1 VUs  0m19.0s/5m0s  4/5 iters, 5 per VU

running (0m20.0s), 1/1 VUs, 4 complete and 0 interrupted iterations
smoke   [  80% ] 1 VUs  0m20.0s/5m0s  4/5 iters, 5 per VU

================ DSP benchmark summary ================
-- per-phase latency --
  catalog                    p50=145.2 ms  p95=156.4 ms  p99=157.2 ms  max=157.4 ms  n=5
  negotiation init (POST)    p50=9.6 ms  p95=78.7 ms  p99=92.5 ms  max=95.9 ms  n=5
  time-to-AGREED (async)     p50=2808.0 ms  p95=3225.0 ms  p99=3308.2 ms  max=3329.0 ms  n=5
  transfer init (POST)       p50=44.4 ms  p95=67.2 ms  p99=70.2 ms  max=70.9 ms  n=5
  time-to-EDR (async)        p50=1279.0 ms  p95=1689.2 ms  p99=1770.6 ms  max=1791.0 ms  n=5
  data pull                  p50=36.5 ms  p95=38.4 ms  p99=38.4 ms  max=38.4 ms  n=5
-- end-to-end + throughput --
  e2e transaction            p50=4096.0 ms  p95=5129.6 ms  p99=5297.1 ms  max=5339.0 ms  n=5
  data throughput (MB/s)     p50=0.2  p95=0.2  p99=0.2  max=0.2  n=5
-- outcomes --
  transactions succeeded     count=5  rate=0.243/s
  transactions failed        (no data)
  failed rate                rate=0.00%  (pass=0 fail=5)
    of which TERMINATED      (no data)
    of which TIMED OUT       (no data)
    of which HTTP-FAILED     (no data)
  failure accounting       (no failures)
-- observer effect (poll load) --
  negotiation polls          count=56  rate=2.716/s
  edr polls                  count=30  rate=1.455/s
  polls per transaction     negotiation=11.2  edr=6.0  (timeout ceiling=120)
=======================================================
(full summary -> /home/rohitj/edc/benchmarking-factoryx-edc/resources/local-fx-mvd/k6-scripts/results/factoryx/on/smoke/2026-08-10T15-40-50Z/k6-summary.json; POLL_INTERVAL_MS=250; IDENTITY_MODE=on)

running (0m20.6s), 0/1 VUs, 5 complete and 0 interrupted iterations
smoke ✓ [ 100% ] 1 VUs  0m20.6s/5m0s  5/5 iters, 5 per VU
