
         /\      Grafana   /‾‾/  
    /\  /  \     |\  __   /  /   
   /  \/    \    | |/ /  /   ‾‾\ 
  /          \   |   (  |  (‾)  |
 / __________ \  |_|\_\  \_____/ 


     execution: local
        script: /home/rohitj/edc/benchmarking-factoryx-edc/resources/local-fx-mvd/k6-scripts/scenarios/payload-sweep.js
        output: Prometheus remote write (http://localhost:9090/api/v1/write)

     scenarios: (100.00%) 1 scenario, 4 max VUs, 1m30s max duration (incl. graceful stop):
              * pull: 4 looping VUs for 1m0s (gracefulStop: 30s)


Run    [ 100% ] setup()
pull   [   0% ]

Run    [ 100% ] setup()
pull   [   0% ]

Run    [ 100% ] setup()
pull   [   0% ]

Run    [ 100% ] setup()
pull   [   0% ]

Run    [ 100% ] setup()
pull   [   0% ]

running (0m06.0s), 4/4 VUs, 337 complete and 0 interrupted iterations
pull   [   1% ] 4 VUs  0m00.5s/1m0s

running (0m07.0s), 4/4 VUs, 1130 complete and 0 interrupted iterations
pull   [   2% ] 4 VUs  0m01.5s/1m0s

running (0m08.0s), 4/4 VUs, 1936 complete and 0 interrupted iterations
pull   [   4% ] 4 VUs  0m02.5s/1m0s

running (0m09.0s), 4/4 VUs, 2760 complete and 0 interrupted iterations
pull   [   6% ] 4 VUs  0m03.5s/1m0s

running (0m10.0s), 4/4 VUs, 3563 complete and 0 interrupted iterations
pull   [   7% ] 4 VUs  0m04.5s/1m0s

running (0m11.0s), 4/4 VUs, 4388 complete and 0 interrupted iterations
pull   [   9% ] 4 VUs  0m05.5s/1m0s

running (0m12.0s), 4/4 VUs, 5223 complete and 0 interrupted iterations
pull   [  11% ] 4 VUs  0m06.5s/1m0s

running (0m13.0s), 4/4 VUs, 6062 complete and 0 interrupted iterations
pull   [  12% ] 4 VUs  0m07.5s/1m0s

running (0m14.0s), 4/4 VUs, 6901 complete and 0 interrupted iterations
pull   [  14% ] 4 VUs  0m08.5s/1m0s

running (0m15.0s), 4/4 VUs, 7726 complete and 0 interrupted iterations
pull   [  16% ] 4 VUs  0m09.5s/1m0s

running (0m16.0s), 4/4 VUs, 8573 complete and 0 interrupted iterations
pull   [  17% ] 4 VUs  0m10.5s/1m0s

running (0m17.0s), 4/4 VUs, 9410 complete and 0 interrupted iterations
pull   [  19% ] 4 VUs  0m11.5s/1m0s

running (0m18.0s), 4/4 VUs, 10258 complete and 0 interrupted iterations
pull   [  21% ] 4 VUs  0m12.5s/1m0s

running (0m19.0s), 4/4 VUs, 11095 complete and 0 interrupted iterations
pull   [  22% ] 4 VUs  0m13.5s/1m0s

running (0m20.0s), 4/4 VUs, 11924 complete and 0 interrupted iterations
pull   [  24% ] 4 VUs  0m14.5s/1m0s

running (0m21.0s), 4/4 VUs, 12765 complete and 0 interrupted iterations
pull   [  26% ] 4 VUs  0m15.5s/1m0s

running (0m22.0s), 4/4 VUs, 13606 complete and 0 interrupted iterations
pull   [  27% ] 4 VUs  0m16.5s/1m0s

running (0m23.0s), 4/4 VUs, 14449 complete and 0 interrupted iterations
pull   [  29% ] 4 VUs  0m17.5s/1m0s

running (0m24.0s), 4/4 VUs, 15283 complete and 0 interrupted iterations
pull   [  31% ] 4 VUs  0m18.5s/1m0s

running (0m25.0s), 4/4 VUs, 16121 complete and 0 interrupted iterations
pull   [  32% ] 4 VUs  0m19.5s/1m0s

running (0m26.0s), 4/4 VUs, 16957 complete and 0 interrupted iterations
pull   [  34% ] 4 VUs  0m20.5s/1m0s

running (0m27.0s), 4/4 VUs, 17795 complete and 0 interrupted iterations
pull   [  36% ] 4 VUs  0m21.5s/1m0s

running (0m28.0s), 4/4 VUs, 18637 complete and 0 interrupted iterations
pull   [  37% ] 4 VUs  0m22.5s/1m0s

running (0m29.0s), 4/4 VUs, 19480 complete and 0 interrupted iterations
pull   [  39% ] 4 VUs  0m23.5s/1m0s

running (0m30.0s), 4/4 VUs, 20316 complete and 0 interrupted iterations
pull   [  41% ] 4 VUs  0m24.5s/1m0s

running (0m31.0s), 4/4 VUs, 21156 complete and 0 interrupted iterations
pull   [  42% ] 4 VUs  0m25.5s/1m0s

running (0m32.0s), 4/4 VUs, 22005 complete and 0 interrupted iterations
pull   [  44% ] 4 VUs  0m26.5s/1m0s

running (0m33.0s), 4/4 VUs, 22842 complete and 0 interrupted iterations
pull   [  46% ] 4 VUs  0m27.5s/1m0s

running (0m34.0s), 4/4 VUs, 23671 complete and 0 interrupted iterations
pull   [  47% ] 4 VUs  0m28.5s/1m0s

running (0m35.0s), 4/4 VUs, 24519 complete and 0 interrupted iterations
pull   [  49% ] 4 VUs  0m29.5s/1m0s

running (0m36.0s), 4/4 VUs, 25351 complete and 0 interrupted iterations
pull   [  51% ] 4 VUs  0m30.5s/1m0s

running (0m37.0s), 4/4 VUs, 26190 complete and 0 interrupted iterations
pull   [  52% ] 4 VUs  0m31.5s/1m0s

running (0m38.0s), 4/4 VUs, 27027 complete and 0 interrupted iterations
pull   [  54% ] 4 VUs  0m32.5s/1m0s

running (0m39.0s), 4/4 VUs, 27862 complete and 0 interrupted iterations
pull   [  56% ] 4 VUs  0m33.5s/1m0s

running (0m40.0s), 4/4 VUs, 28709 complete and 0 interrupted iterations
pull   [  57% ] 4 VUs  0m34.5s/1m0s

running (0m41.0s), 4/4 VUs, 29531 complete and 0 interrupted iterations
pull   [  59% ] 4 VUs  0m35.5s/1m0s

running (0m42.0s), 4/4 VUs, 30368 complete and 0 interrupted iterations
pull   [  61% ] 4 VUs  0m36.5s/1m0s

running (0m43.0s), 4/4 VUs, 31217 complete and 0 interrupted iterations
pull   [  62% ] 4 VUs  0m37.5s/1m0s

running (0m44.0s), 4/4 VUs, 32069 complete and 0 interrupted iterations
pull   [  64% ] 4 VUs  0m38.5s/1m0s

running (0m45.0s), 4/4 VUs, 32902 complete and 0 interrupted iterations
pull   [  66% ] 4 VUs  0m39.5s/1m0s

running (0m46.0s), 4/4 VUs, 33736 complete and 0 interrupted iterations
pull   [  67% ] 4 VUs  0m40.5s/1m0s

running (0m47.0s), 4/4 VUs, 34577 complete and 0 interrupted iterations
pull   [  69% ] 4 VUs  0m41.5s/1m0s

running (0m48.0s), 4/4 VUs, 35431 complete and 0 interrupted iterations
pull   [  71% ] 4 VUs  0m42.5s/1m0s

running (0m49.0s), 4/4 VUs, 36271 complete and 0 interrupted iterations
pull   [  72% ] 4 VUs  0m43.5s/1m0s

running (0m50.0s), 4/4 VUs, 37075 complete and 0 interrupted iterations
pull   [  74% ] 4 VUs  0m44.5s/1m0s

running (0m51.0s), 4/4 VUs, 37790 complete and 0 interrupted iterations
pull   [  76% ] 4 VUs  0m45.5s/1m0s

running (0m52.0s), 4/4 VUs, 38534 complete and 0 interrupted iterations
pull   [  77% ] 4 VUs  0m46.5s/1m0s

running (0m53.0s), 4/4 VUs, 39270 complete and 0 interrupted iterations
pull   [  79% ] 4 VUs  0m47.5s/1m0s

running (0m54.0s), 4/4 VUs, 40015 complete and 0 interrupted iterations
pull   [  81% ] 4 VUs  0m48.5s/1m0s

running (0m55.0s), 4/4 VUs, 40782 complete and 0 interrupted iterations
pull   [  82% ] 4 VUs  0m49.5s/1m0s

running (0m56.0s), 4/4 VUs, 41502 complete and 0 interrupted iterations
pull   [  84% ] 4 VUs  0m50.5s/1m0s

running (0m57.0s), 4/4 VUs, 42243 complete and 0 interrupted iterations
pull   [  86% ] 4 VUs  0m51.5s/1m0s

running (0m58.0s), 4/4 VUs, 42981 complete and 0 interrupted iterations
pull   [  87% ] 4 VUs  0m52.5s/1m0s

running (0m59.0s), 4/4 VUs, 43719 complete and 0 interrupted iterations
pull   [  89% ] 4 VUs  0m53.5s/1m0s

running (1m00.0s), 4/4 VUs, 44445 complete and 0 interrupted iterations
pull   [  91% ] 4 VUs  0m54.5s/1m0s

running (1m01.0s), 4/4 VUs, 45168 complete and 0 interrupted iterations
pull   [  92% ] 4 VUs  0m55.5s/1m0s

running (1m02.0s), 4/4 VUs, 45926 complete and 0 interrupted iterations
pull   [  94% ] 4 VUs  0m56.5s/1m0s

running (1m03.0s), 4/4 VUs, 46638 complete and 0 interrupted iterations
pull   [  96% ] 4 VUs  0m57.5s/1m0s

running (1m04.0s), 4/4 VUs, 47374 complete and 0 interrupted iterations
pull   [  97% ] 4 VUs  0m58.5s/1m0s

running (1m05.0s), 4/4 VUs, 48115 complete and 0 interrupted iterations
pull   [  99% ] 4 VUs  0m59.5s/1m0s

================ DSP benchmark summary ================
-- per-phase latency --
  catalog                    p50=61.9 ms  p95=61.9 ms  p99=61.9 ms  max=61.9 ms  n=1
  negotiation init (POST)    p50=6.7 ms  p95=6.7 ms  p99=6.7 ms  max=6.7 ms  n=1
  time-to-AGREED (async)     p50=3053.0 ms  p95=3053.0 ms  p99=3053.0 ms  max=3053.0 ms  n=1
  transfer init (POST)       p50=63.8 ms  p95=63.8 ms  p99=63.8 ms  max=63.8 ms  n=1
  time-to-EDR (async)        p50=2289.0 ms  p95=2289.0 ms  p99=2289.0 ms  max=2289.0 ms  n=1
  data pull                  p50=4.2 ms  p95=7.7 ms  p99=20.9 ms  max=36.9 ms  n=48510
-- end-to-end + throughput --
  e2e transaction            (no data)
  data throughput (MB/s)     p50=24.4  p95=28.9  p99=31.2  max=38.3  n=48510
-- outcomes --
  transactions succeeded     (no data)
  transactions failed        (no data)
  failed rate                rate=0.00%  (pass=0 fail=0)
    of which TERMINATED      (no data)
    of which TIMED OUT       (no data)
    of which HTTP-FAILED     (no data)
  failure accounting       (no failures)
-- observer effect (poll load) --
  negotiation polls          count=13  rate=0.198/s
  edr polls                  count=10  rate=0.153/s
  polls per transaction     (no data)
=======================================================
(full summary -> /home/rohitj/edc/benchmarking-factoryx-edc/resources/local-fx-mvd/k6-scripts/results/factoryx/on/payload-sweep/2026-08-10T11-16-21Z/k6-summary.json; POLL_INTERVAL_MS=250; IDENTITY_MODE=on)

running (1m05.5s), 0/4 VUs, 48510 complete and 0 interrupted iterations
pull ✓ [ 100% ] 4 VUs  1m0s
