
         /\      Grafana   /‾‾/  
    /\  /  \     |\  __   /  /   
   /  \/    \    | |/ /  /   ‾‾\ 
  /          \   |   (  |  (‾)  |
 / __________ \  |_|\_\  \_____/ 


     execution: local
        script: /home/rohitj/edc/benchmarking-factoryx-edc/resources/local-fx-mvd/k6-scripts/scenarios/smoke.js
        output: -

     scenarios: (100.00%) 1 scenario, 1 max VUs, 5m30s max duration (incl. graceful stop):
              * smoke: 5 iterations for each of 1 VUs (maxDuration: 5m0s, gracefulStop: 30s)


running (0m01.0s), 1/1 VUs, 0 complete and 0 interrupted iterations
smoke   [   0% ] 1 VUs  0m01.0s/5m0s  0/5 iters, 5 per VU

running (0m02.0s), 1/1 VUs, 0 complete and 0 interrupted iterations
smoke   [   0% ] 1 VUs  0m02.0s/5m0s  0/5 iters, 5 per VU

running (0m03.0s), 1/1 VUs, 0 complete and 0 interrupted iterations
smoke   [   0% ] 1 VUs  0m03.0s/5m0s  0/5 iters, 5 per VU

running (0m04.0s), 1/1 VUs, 0 complete and 0 interrupted iterations
smoke   [   0% ] 1 VUs  0m04.0s/5m0s  0/5 iters, 5 per VU

running (0m05.0s), 1/1 VUs, 1 complete and 0 interrupted iterations
smoke   [  20% ] 1 VUs  0m05.0s/5m0s  1/5 iters, 5 per VU

running (0m06.0s), 1/1 VUs, 1 complete and 0 interrupted iterations
smoke   [  20% ] 1 VUs  0m06.0s/5m0s  1/5 iters, 5 per VU

running (0m07.0s), 1/1 VUs, 1 complete and 0 interrupted iterations
smoke   [  20% ] 1 VUs  0m07.0s/5m0s  1/5 iters, 5 per VU

running (0m08.0s), 1/1 VUs, 1 complete and 0 interrupted iterations
smoke   [  20% ] 1 VUs  0m08.0s/5m0s  1/5 iters, 5 per VU

running (0m09.0s), 1/1 VUs, 1 complete and 0 interrupted iterations
smoke   [  20% ] 1 VUs  0m09.0s/5m0s  1/5 iters, 5 per VU

running (0m10.0s), 1/1 VUs, 1 complete and 0 interrupted iterations
smoke   [  20% ] 1 VUs  0m10.0s/5m0s  1/5 iters, 5 per VU

running (0m11.0s), 1/1 VUs, 2 complete and 0 interrupted iterations
smoke   [  40% ] 1 VUs  0m11.0s/5m0s  2/5 iters, 5 per VU

running (0m12.0s), 1/1 VUs, 2 complete and 0 interrupted iterations
smoke   [  40% ] 1 VUs  0m12.0s/5m0s  2/5 iters, 5 per VU

running (0m13.0s), 1/1 VUs, 2 complete and 0 interrupted iterations
smoke   [  40% ] 1 VUs  0m13.0s/5m0s  2/5 iters, 5 per VU

running (0m14.0s), 1/1 VUs, 2 complete and 0 interrupted iterations
smoke   [  40% ] 1 VUs  0m14.0s/5m0s  2/5 iters, 5 per VU

running (0m15.0s), 1/1 VUs, 3 complete and 0 interrupted iterations
smoke   [  60% ] 1 VUs  0m15.0s/5m0s  3/5 iters, 5 per VU

running (0m16.0s), 1/1 VUs, 3 complete and 0 interrupted iterations
smoke   [  60% ] 1 VUs  0m16.0s/5m0s  3/5 iters, 5 per VU

running (0m17.0s), 1/1 VUs, 3 complete and 0 interrupted iterations
smoke   [  60% ] 1 VUs  0m17.0s/5m0s  3/5 iters, 5 per VU

running (0m18.0s), 1/1 VUs, 3 complete and 0 interrupted iterations
smoke   [  60% ] 1 VUs  0m18.0s/5m0s  3/5 iters, 5 per VU

running (0m19.0s), 1/1 VUs, 3 complete and 0 interrupted iterations
smoke   [  60% ] 1 VUs  0m19.0s/5m0s  3/5 iters, 5 per VU

running (0m20.0s), 1/1 VUs, 4 complete and 0 interrupted iterations
smoke   [  80% ] 1 VUs  0m20.0s/5m0s  4/5 iters, 5 per VU

running (0m21.0s), 1/1 VUs, 4 complete and 0 interrupted iterations
smoke   [  80% ] 1 VUs  0m21.0s/5m0s  4/5 iters, 5 per VU

running (0m22.0s), 1/1 VUs, 4 complete and 0 interrupted iterations
smoke   [  80% ] 1 VUs  0m22.0s/5m0s  4/5 iters, 5 per VU

running (0m23.0s), 1/1 VUs, 4 complete and 0 interrupted iterations
smoke   [  80% ] 1 VUs  0m23.0s/5m0s  4/5 iters, 5 per VU

running (0m24.0s), 1/1 VUs, 4 complete and 0 interrupted iterations
smoke   [  80% ] 1 VUs  0m24.0s/5m0s  4/5 iters, 5 per VU

================ DSP benchmark summary ================
-- per-phase latency --
  catalog                    p50=101.6 ms  p95=121.1 ms  p99=122.5 ms  max=122.9 ms  n=5
  negotiation init (POST)    p50=8.5 ms  p95=9.5 ms  p99=9.6 ms  max=9.6 ms  n=5
  time-to-AGREED (async)     p50=2552.0 ms  p95=2961.0 ms  p99=3041.0 ms  max=3061.0 ms  n=5
  transfer init (POST)       p50=8.7 ms  p95=75.5 ms  p99=88.0 ms  max=91.2 ms  n=5
  time-to-EDR (async)        p50=2297.0 ms  p95=2499.6 ms  p99=2539.9 ms  max=2550.0 ms  n=5
  data pull                  p50=32.8 ms  p95=33.4 ms  p99=33.5 ms  max=33.5 ms  n=5
-- end-to-end + throughput --
  e2e transaction            p50=5078.0 ms  p95=5274.4 ms  p99=5275.7 ms  max=5276.0 ms  n=5
  data throughput (MB/s)     p50=0.2  p95=0.2  p99=0.2  max=0.2  n=5
-- outcomes --
  transactions succeeded     count=5  rate=0.201/s
  transactions failed        (no data)
  failed rate                rate=0.00%  (pass=0 fail=5)
-- observer effect (poll load) --
  negotiation polls          count=55  rate=2.213/s
  edr polls                  count=49  rate=1.971/s
=======================================================
(full summary -> /home/rohitj/edc/benchmarking-factoryx-edc/resources/local-fx-mvd/k6-scripts/results/factoryx/smoke/2026-07-29T15-52-03Z/k6-summary.json; POLL_INTERVAL_MS=250; IDENTITY_MODE=on)

running (0m24.9s), 0/1 VUs, 5 complete and 0 interrupted iterations
smoke ✓ [ 100% ] 1 VUs  0m24.8s/5m0s  5/5 iters, 5 per VU
