
         /\      Grafana   /‾‾/  
    /\  /  \     |\  __   /  /   
   /  \/    \    | |/ /  /   ‾‾\ 
  /          \   |   (  |  (‾)  |
 / __________ \  |_|\_\  \_____/ 


     execution: local
        script: /home/rohitj/edc/benchmarking-factoryx-edc/resources/local-fx-mvd/k6-scripts/scenarios/payload-sweep.js
        output: Prometheus remote write (http://localhost:9090/api/v1/write)

     scenarios: (100.00%) 1 scenario, 4 max VUs, 1m30s max duration (incl. graceful stop):
              * pull: 4 looping VUs for 1m0s (gracefulStop: 30s)


Run    [ 100% ] setup()
pull   [   0% ]

Run    [ 100% ] setup()
pull   [   0% ]

Run    [ 100% ] setup()
pull   [   0% ]

Run    [ 100% ] setup()
pull   [   0% ]

running (0m05.0s), 4/4 VUs, 8 complete and 0 interrupted iterations
pull   [   0% ] 4 VUs  0m00.1s/1m0s

running (0m06.0s), 4/4 VUs, 101 complete and 0 interrupted iterations
pull   [   2% ] 4 VUs  0m01.1s/1m0s

running (0m07.0s), 4/4 VUs, 197 complete and 0 interrupted iterations
pull   [   3% ] 4 VUs  0m02.1s/1m0s

running (0m08.0s), 4/4 VUs, 292 complete and 0 interrupted iterations
pull   [   5% ] 4 VUs  0m03.1s/1m0s

running (0m09.0s), 4/4 VUs, 388 complete and 0 interrupted iterations
pull   [   7% ] 4 VUs  0m04.1s/1m0s

running (0m10.0s), 4/4 VUs, 481 complete and 0 interrupted iterations
pull   [   8% ] 4 VUs  0m05.1s/1m0s

running (0m11.0s), 4/4 VUs, 577 complete and 0 interrupted iterations
pull   [  10% ] 4 VUs  0m06.1s/1m0s

running (0m12.0s), 4/4 VUs, 672 complete and 0 interrupted iterations
pull   [  12% ] 4 VUs  0m07.1s/1m0s

running (0m13.0s), 4/4 VUs, 765 complete and 0 interrupted iterations
pull   [  13% ] 4 VUs  0m08.1s/1m0s

running (0m14.0s), 4/4 VUs, 861 complete and 0 interrupted iterations
pull   [  15% ] 4 VUs  0m09.1s/1m0s

running (0m15.0s), 4/4 VUs, 956 complete and 0 interrupted iterations
pull   [  17% ] 4 VUs  0m10.1s/1m0s

running (0m16.0s), 4/4 VUs, 1049 complete and 0 interrupted iterations
pull   [  18% ] 4 VUs  0m11.1s/1m0s

running (0m17.0s), 4/4 VUs, 1144 complete and 0 interrupted iterations
pull   [  20% ] 4 VUs  0m12.1s/1m0s

running (0m18.0s), 4/4 VUs, 1237 complete and 0 interrupted iterations
pull   [  22% ] 4 VUs  0m13.1s/1m0s

running (0m19.0s), 4/4 VUs, 1332 complete and 0 interrupted iterations
pull   [  23% ] 4 VUs  0m14.1s/1m0s

running (0m20.0s), 4/4 VUs, 1428 complete and 0 interrupted iterations
pull   [  25% ] 4 VUs  0m15.1s/1m0s

running (0m21.0s), 4/4 VUs, 1521 complete and 0 interrupted iterations
pull   [  27% ] 4 VUs  0m16.1s/1m0s

running (0m22.0s), 4/4 VUs, 1616 complete and 0 interrupted iterations
pull   [  28% ] 4 VUs  0m17.1s/1m0s

running (0m23.0s), 4/4 VUs, 1712 complete and 0 interrupted iterations
pull   [  30% ] 4 VUs  0m18.1s/1m0s

running (0m24.0s), 4/4 VUs, 1805 complete and 0 interrupted iterations
pull   [  32% ] 4 VUs  0m19.1s/1m0s

running (0m25.0s), 4/4 VUs, 1900 complete and 0 interrupted iterations
pull   [  33% ] 4 VUs  0m20.1s/1m0s

running (0m26.0s), 4/4 VUs, 1996 complete and 0 interrupted iterations
pull   [  35% ] 4 VUs  0m21.1s/1m0s

running (0m27.0s), 4/4 VUs, 2089 complete and 0 interrupted iterations
pull   [  37% ] 4 VUs  0m22.1s/1m0s

running (0m28.0s), 4/4 VUs, 2184 complete and 0 interrupted iterations
pull   [  38% ] 4 VUs  0m23.1s/1m0s

running (0m29.0s), 4/4 VUs, 2277 complete and 0 interrupted iterations
pull   [  40% ] 4 VUs  0m24.1s/1m0s

running (0m30.0s), 4/4 VUs, 2372 complete and 0 interrupted iterations
pull   [  42% ] 4 VUs  0m25.1s/1m0s

running (0m31.0s), 4/4 VUs, 2465 complete and 0 interrupted iterations
pull   [  43% ] 4 VUs  0m26.1s/1m0s

running (0m32.0s), 4/4 VUs, 2560 complete and 0 interrupted iterations
pull   [  45% ] 4 VUs  0m27.1s/1m0s

running (0m33.0s), 4/4 VUs, 2653 complete and 0 interrupted iterations
pull   [  47% ] 4 VUs  0m28.1s/1m0s

running (0m34.0s), 4/4 VUs, 2748 complete and 0 interrupted iterations
pull   [  48% ] 4 VUs  0m29.1s/1m0s

running (0m35.0s), 4/4 VUs, 2844 complete and 0 interrupted iterations
pull   [  50% ] 4 VUs  0m30.1s/1m0s

running (0m36.0s), 4/4 VUs, 2937 complete and 0 interrupted iterations
pull   [  52% ] 4 VUs  0m31.1s/1m0s

running (0m37.0s), 4/4 VUs, 3031 complete and 0 interrupted iterations
pull   [  53% ] 4 VUs  0m32.1s/1m0s

running (0m38.0s), 4/4 VUs, 3125 complete and 0 interrupted iterations
pull   [  55% ] 4 VUs  0m33.1s/1m0s

running (0m39.0s), 4/4 VUs, 3219 complete and 0 interrupted iterations
pull   [  57% ] 4 VUs  0m34.1s/1m0s

running (0m40.0s), 4/4 VUs, 3313 complete and 0 interrupted iterations
pull   [  58% ] 4 VUs  0m35.1s/1m0s

running (0m41.0s), 4/4 VUs, 3407 complete and 0 interrupted iterations
pull   [  60% ] 4 VUs  0m36.1s/1m0s

running (0m42.0s), 4/4 VUs, 3501 complete and 0 interrupted iterations
pull   [  62% ] 4 VUs  0m37.1s/1m0s

running (0m43.0s), 4/4 VUs, 3595 complete and 0 interrupted iterations
pull   [  63% ] 4 VUs  0m38.1s/1m0s

running (0m44.0s), 4/4 VUs, 3691 complete and 0 interrupted iterations
pull   [  65% ] 4 VUs  0m39.1s/1m0s

running (0m45.0s), 4/4 VUs, 3785 complete and 0 interrupted iterations
pull   [  67% ] 4 VUs  0m40.1s/1m0s

running (0m46.0s), 4/4 VUs, 3881 complete and 0 interrupted iterations
pull   [  68% ] 4 VUs  0m41.1s/1m0s

running (0m47.0s), 4/4 VUs, 3977 complete and 0 interrupted iterations
pull   [  70% ] 4 VUs  0m42.1s/1m0s

running (0m48.0s), 4/4 VUs, 4071 complete and 0 interrupted iterations
pull   [  72% ] 4 VUs  0m43.1s/1m0s

running (0m49.0s), 4/4 VUs, 4167 complete and 0 interrupted iterations
pull   [  73% ] 4 VUs  0m44.1s/1m0s

running (0m50.0s), 4/4 VUs, 4258 complete and 0 interrupted iterations
pull   [  75% ] 4 VUs  0m45.1s/1m0s

running (0m51.0s), 4/4 VUs, 4350 complete and 0 interrupted iterations
pull   [  77% ] 4 VUs  0m46.1s/1m0s

running (0m52.0s), 4/4 VUs, 4445 complete and 0 interrupted iterations
pull   [  78% ] 4 VUs  0m47.1s/1m0s

running (0m53.0s), 4/4 VUs, 4538 complete and 0 interrupted iterations
pull   [  80% ] 4 VUs  0m48.1s/1m0s

running (0m54.0s), 4/4 VUs, 4633 complete and 0 interrupted iterations
pull   [  82% ] 4 VUs  0m49.1s/1m0s

running (0m55.0s), 4/4 VUs, 4726 complete and 0 interrupted iterations
pull   [  83% ] 4 VUs  0m50.1s/1m0s

running (0m56.0s), 4/4 VUs, 4822 complete and 0 interrupted iterations
pull   [  85% ] 4 VUs  0m51.1s/1m0s

running (0m57.0s), 4/4 VUs, 4917 complete and 0 interrupted iterations
pull   [  87% ] 4 VUs  0m52.1s/1m0s

running (0m58.0s), 4/4 VUs, 5010 complete and 0 interrupted iterations
pull   [  88% ] 4 VUs  0m53.1s/1m0s

running (0m59.0s), 4/4 VUs, 5106 complete and 0 interrupted iterations
pull   [  90% ] 4 VUs  0m54.1s/1m0s

running (1m00.0s), 4/4 VUs, 5201 complete and 0 interrupted iterations
pull   [  92% ] 4 VUs  0m55.1s/1m0s

running (1m01.0s), 4/4 VUs, 5294 complete and 0 interrupted iterations
pull   [  93% ] 4 VUs  0m56.1s/1m0s

running (1m02.0s), 4/4 VUs, 5389 complete and 0 interrupted iterations
pull   [  95% ] 4 VUs  0m57.1s/1m0s

running (1m03.0s), 4/4 VUs, 5482 complete and 0 interrupted iterations
pull   [  97% ] 4 VUs  0m58.1s/1m0s

running (1m04.0s), 4/4 VUs, 5577 complete and 0 interrupted iterations
pull   [  98% ] 4 VUs  0m59.1s/1m0s

================ DSP benchmark summary ================
-- per-phase latency --
  catalog                    p50=94.8 ms  p95=94.8 ms  p99=94.8 ms  max=94.8 ms  n=1
  negotiation init (POST)    p50=61.5 ms  p95=61.5 ms  p99=61.5 ms  max=61.5 ms  n=1
  time-to-AGREED (async)     p50=2800.0 ms  p95=2800.0 ms  p99=2800.0 ms  max=2800.0 ms  n=1
  transfer init (POST)       p50=78.3 ms  p95=78.3 ms  p99=78.3 ms  max=78.3 ms  n=1
  time-to-EDR (async)        p50=1781.0 ms  p95=1781.0 ms  p99=1781.0 ms  max=1781.0 ms  n=1
  data pull                  p50=41.8 ms  p95=43.4 ms  p99=46.5 ms  max=59.5 ms  n=5666
-- end-to-end + throughput --
  e2e transaction            (no data)
  data throughput (MB/s)     p50=0.1  p95=0.1  p99=0.1  max=0.2  n=5666
-- outcomes --
  transactions succeeded     (no data)
  transactions failed        (no data)
  failed rate                rate=0.00%  (pass=0 fail=0)
    of which TERMINATED      (no data)
    of which TIMED OUT       (no data)
-- observer effect (poll load) --
  negotiation polls          count=12  rate=0.185/s
  edr polls                  count=8  rate=0.123/s
  polls per transaction     (no data)
=======================================================
(full summary -> /home/rohitj/edc/benchmarking-factoryx-edc/resources/local-fx-mvd/k6-scripts/results/factoryx/payload-sweep/2026-07-31T13-40-44Z/k6-summary.json; POLL_INTERVAL_MS=250; IDENTITY_MODE=on)

running (1m04.9s), 0/4 VUs, 5666 complete and 0 interrupted iterations
pull ✓ [ 100% ] 4 VUs  1m0s
