
         /\      Grafana   /‾‾/  
    /\  /  \     |\  __   /  /   
   /  \/    \    | |/ /  /   ‾‾\ 
  /          \   |   (  |  (‾)  |
 / __________ \  |_|\_\  \_____/ 


     execution: local
        script: /home/rohitj/edc/benchmarking-factoryx-edc/resources/local-fx-mvd/k6-scripts/scenarios/catalog-sweep.js
        output: -

     scenarios: (100.00%) 1 scenario, 4 max VUs, 2m30s max duration (incl. graceful stop):
              * catalog: 4 looping VUs for 2m0s (gracefulStop: 30s)


running (0m01.0s), 4/4 VUs, 20 complete and 0 interrupted iterations
catalog   [   1% ] 4 VUs  0m00.9s/2m0s

running (0m02.0s), 4/4 VUs, 49 complete and 0 interrupted iterations
catalog   [   2% ] 4 VUs  0m01.9s/2m0s

running (0m03.0s), 4/4 VUs, 77 complete and 0 interrupted iterations
catalog   [   2% ] 4 VUs  0m02.9s/2m0s

running (0m04.0s), 4/4 VUs, 104 complete and 0 interrupted iterations
catalog   [   3% ] 4 VUs  0m03.9s/2m0s

running (0m05.0s), 4/4 VUs, 127 complete and 0 interrupted iterations
catalog   [   4% ] 4 VUs  0m04.9s/2m0s

running (0m06.0s), 4/4 VUs, 156 complete and 0 interrupted iterations
catalog   [   5% ] 4 VUs  0m05.9s/2m0s

running (0m07.0s), 4/4 VUs, 181 complete and 0 interrupted iterations
catalog   [   6% ] 4 VUs  0m06.9s/2m0s

running (0m08.0s), 4/4 VUs, 205 complete and 0 interrupted iterations
catalog   [   7% ] 4 VUs  0m07.9s/2m0s

running (0m09.0s), 4/4 VUs, 232 complete and 0 interrupted iterations
catalog   [   7% ] 4 VUs  0m08.9s/2m0s

running (0m10.0s), 4/4 VUs, 261 complete and 0 interrupted iterations
catalog   [   8% ] 4 VUs  0m09.9s/2m0s

running (0m11.0s), 4/4 VUs, 287 complete and 0 interrupted iterations
catalog   [   9% ] 4 VUs  0m10.9s/2m0s

running (0m12.0s), 4/4 VUs, 314 complete and 0 interrupted iterations
catalog   [  10% ] 4 VUs  0m11.9s/2m0s

running (0m13.0s), 4/4 VUs, 335 complete and 0 interrupted iterations
catalog   [  11% ] 4 VUs  0m12.9s/2m0s

running (0m14.0s), 4/4 VUs, 360 complete and 0 interrupted iterations
catalog   [  12% ] 4 VUs  0m13.9s/2m0s

running (0m15.0s), 4/4 VUs, 378 complete and 0 interrupted iterations
catalog   [  12% ] 4 VUs  0m14.9s/2m0s

running (0m16.0s), 4/4 VUs, 400 complete and 0 interrupted iterations
catalog   [  13% ] 4 VUs  0m15.9s/2m0s

running (0m17.0s), 4/4 VUs, 425 complete and 0 interrupted iterations
catalog   [  14% ] 4 VUs  0m16.9s/2m0s

running (0m18.0s), 4/4 VUs, 450 complete and 0 interrupted iterations
catalog   [  15% ] 4 VUs  0m17.9s/2m0s

running (0m19.0s), 4/4 VUs, 473 complete and 0 interrupted iterations
catalog   [  16% ] 4 VUs  0m18.9s/2m0s

running (0m20.0s), 4/4 VUs, 498 complete and 0 interrupted iterations
catalog   [  17% ] 4 VUs  0m19.9s/2m0s

running (0m21.0s), 4/4 VUs, 522 complete and 0 interrupted iterations
catalog   [  17% ] 4 VUs  0m20.9s/2m0s

running (0m22.0s), 4/4 VUs, 544 complete and 0 interrupted iterations
catalog   [  18% ] 4 VUs  0m21.9s/2m0s

running (0m23.0s), 4/4 VUs, 570 complete and 0 interrupted iterations
catalog   [  19% ] 4 VUs  0m22.9s/2m0s

running (0m24.0s), 4/4 VUs, 597 complete and 0 interrupted iterations
catalog   [  20% ] 4 VUs  0m23.9s/2m0s

running (0m25.0s), 4/4 VUs, 623 complete and 0 interrupted iterations
catalog   [  21% ] 4 VUs  0m24.9s/2m0s

running (0m26.0s), 4/4 VUs, 643 complete and 0 interrupted iterations
catalog   [  22% ] 4 VUs  0m25.9s/2m0s

running (0m27.0s), 4/4 VUs, 671 complete and 0 interrupted iterations
catalog   [  22% ] 4 VUs  0m26.9s/2m0s

running (0m28.0s), 4/4 VUs, 694 complete and 0 interrupted iterations
catalog   [  23% ] 4 VUs  0m27.9s/2m0s

running (0m29.0s), 4/4 VUs, 724 complete and 0 interrupted iterations
catalog   [  24% ] 4 VUs  0m28.9s/2m0s

running (0m30.0s), 4/4 VUs, 748 complete and 0 interrupted iterations
catalog   [  25% ] 4 VUs  0m29.9s/2m0s

running (0m31.0s), 4/4 VUs, 775 complete and 0 interrupted iterations
catalog   [  26% ] 4 VUs  0m30.9s/2m0s

running (0m32.0s), 4/4 VUs, 799 complete and 0 interrupted iterations
catalog   [  27% ] 4 VUs  0m31.9s/2m0s

running (0m33.0s), 4/4 VUs, 821 complete and 0 interrupted iterations
catalog   [  27% ] 4 VUs  0m32.9s/2m0s

running (0m34.0s), 4/4 VUs, 851 complete and 0 interrupted iterations
catalog   [  28% ] 4 VUs  0m33.9s/2m0s

running (0m35.0s), 4/4 VUs, 878 complete and 0 interrupted iterations
catalog   [  29% ] 4 VUs  0m34.9s/2m0s

running (0m36.0s), 4/4 VUs, 904 complete and 0 interrupted iterations
catalog   [  30% ] 4 VUs  0m35.9s/2m0s

running (0m37.0s), 4/4 VUs, 931 complete and 0 interrupted iterations
catalog   [  31% ] 4 VUs  0m36.9s/2m0s

running (0m38.0s), 4/4 VUs, 954 complete and 0 interrupted iterations
catalog   [  32% ] 4 VUs  0m37.9s/2m0s

running (0m39.0s), 4/4 VUs, 980 complete and 0 interrupted iterations
catalog   [  32% ] 4 VUs  0m38.9s/2m0s

running (0m40.0s), 4/4 VUs, 1003 complete and 0 interrupted iterations
catalog   [  33% ] 4 VUs  0m39.9s/2m0s

running (0m41.0s), 4/4 VUs, 1028 complete and 0 interrupted iterations
catalog   [  34% ] 4 VUs  0m40.9s/2m0s

running (0m42.0s), 4/4 VUs, 1051 complete and 0 interrupted iterations
catalog   [  35% ] 4 VUs  0m41.9s/2m0s

running (0m43.0s), 4/4 VUs, 1078 complete and 0 interrupted iterations
catalog   [  36% ] 4 VUs  0m42.9s/2m0s

running (0m44.0s), 4/4 VUs, 1100 complete and 0 interrupted iterations
catalog   [  37% ] 4 VUs  0m43.9s/2m0s

running (0m45.0s), 4/4 VUs, 1123 complete and 0 interrupted iterations
catalog   [  37% ] 4 VUs  0m44.9s/2m0s

running (0m46.0s), 4/4 VUs, 1151 complete and 0 interrupted iterations
catalog   [  38% ] 4 VUs  0m45.9s/2m0s

running (0m47.0s), 4/4 VUs, 1178 complete and 0 interrupted iterations
catalog   [  39% ] 4 VUs  0m46.9s/2m0s

running (0m48.0s), 4/4 VUs, 1204 complete and 0 interrupted iterations
catalog   [  40% ] 4 VUs  0m47.9s/2m0s

running (0m49.0s), 4/4 VUs, 1233 complete and 0 interrupted iterations
catalog   [  41% ] 4 VUs  0m48.9s/2m0s

running (0m50.0s), 4/4 VUs, 1262 complete and 0 interrupted iterations
catalog   [  42% ] 4 VUs  0m49.9s/2m0s

running (0m51.0s), 4/4 VUs, 1292 complete and 0 interrupted iterations
catalog   [  42% ] 4 VUs  0m50.9s/2m0s

running (0m52.0s), 4/4 VUs, 1322 complete and 0 interrupted iterations
catalog   [  43% ] 4 VUs  0m51.9s/2m0s

running (0m53.0s), 4/4 VUs, 1351 complete and 0 interrupted iterations
catalog   [  44% ] 4 VUs  0m52.9s/2m0s

running (0m54.0s), 4/4 VUs, 1382 complete and 0 interrupted iterations
catalog   [  45% ] 4 VUs  0m53.9s/2m0s

running (0m55.0s), 4/4 VUs, 1413 complete and 0 interrupted iterations
catalog   [  46% ] 4 VUs  0m54.9s/2m0s

running (0m56.0s), 4/4 VUs, 1443 complete and 0 interrupted iterations
catalog   [  47% ] 4 VUs  0m55.9s/2m0s

running (0m57.0s), 4/4 VUs, 1472 complete and 0 interrupted iterations
catalog   [  47% ] 4 VUs  0m56.9s/2m0s

running (0m58.0s), 4/4 VUs, 1503 complete and 0 interrupted iterations
catalog   [  48% ] 4 VUs  0m57.9s/2m0s

running (0m59.0s), 4/4 VUs, 1533 complete and 0 interrupted iterations
catalog   [  49% ] 4 VUs  0m58.9s/2m0s

running (1m00.0s), 4/4 VUs, 1560 complete and 0 interrupted iterations
catalog   [  50% ] 4 VUs  0m59.9s/2m0s

running (1m01.0s), 4/4 VUs, 1594 complete and 0 interrupted iterations
catalog   [  51% ] 4 VUs  1m00.9s/2m0s

running (1m02.0s), 4/4 VUs, 1629 complete and 0 interrupted iterations
catalog   [  52% ] 4 VUs  1m01.9s/2m0s

running (1m03.0s), 4/4 VUs, 1660 complete and 0 interrupted iterations
catalog   [  52% ] 4 VUs  1m02.9s/2m0s

running (1m04.0s), 4/4 VUs, 1694 complete and 0 interrupted iterations
catalog   [  53% ] 4 VUs  1m03.9s/2m0s

running (1m05.0s), 4/4 VUs, 1718 complete and 0 interrupted iterations
catalog   [  54% ] 4 VUs  1m04.9s/2m0s

running (1m06.0s), 4/4 VUs, 1746 complete and 0 interrupted iterations
catalog   [  55% ] 4 VUs  1m05.9s/2m0s

running (1m07.0s), 4/4 VUs, 1777 complete and 0 interrupted iterations
catalog   [  56% ] 4 VUs  1m06.9s/2m0s

running (1m08.0s), 4/4 VUs, 1806 complete and 0 interrupted iterations
catalog   [  57% ] 4 VUs  1m07.9s/2m0s

running (1m09.0s), 4/4 VUs, 1837 complete and 0 interrupted iterations
catalog   [  57% ] 4 VUs  1m08.9s/2m0s

running (1m10.0s), 4/4 VUs, 1874 complete and 0 interrupted iterations
catalog   [  58% ] 4 VUs  1m09.9s/2m0s

running (1m11.0s), 4/4 VUs, 1901 complete and 0 interrupted iterations
catalog   [  59% ] 4 VUs  1m10.9s/2m0s

running (1m12.0s), 4/4 VUs, 1936 complete and 0 interrupted iterations
catalog   [  60% ] 4 VUs  1m11.9s/2m0s

running (1m13.0s), 4/4 VUs, 1959 complete and 0 interrupted iterations
catalog   [  61% ] 4 VUs  1m12.9s/2m0s

running (1m14.0s), 4/4 VUs, 1982 complete and 0 interrupted iterations
catalog   [  62% ] 4 VUs  1m13.9s/2m0s

running (1m15.0s), 4/4 VUs, 2011 complete and 0 interrupted iterations
catalog   [  62% ] 4 VUs  1m14.9s/2m0s

running (1m16.0s), 4/4 VUs, 2046 complete and 0 interrupted iterations
catalog   [  63% ] 4 VUs  1m15.9s/2m0s

running (1m17.0s), 4/4 VUs, 2079 complete and 0 interrupted iterations
catalog   [  64% ] 4 VUs  1m16.9s/2m0s

running (1m18.0s), 4/4 VUs, 2110 complete and 0 interrupted iterations
catalog   [  65% ] 4 VUs  1m17.9s/2m0s

running (1m19.0s), 4/4 VUs, 2144 complete and 0 interrupted iterations
catalog   [  66% ] 4 VUs  1m18.9s/2m0s

running (1m20.0s), 4/4 VUs, 2178 complete and 0 interrupted iterations
catalog   [  67% ] 4 VUs  1m19.9s/2m0s

running (1m21.0s), 4/4 VUs, 2206 complete and 0 interrupted iterations
catalog   [  67% ] 4 VUs  1m20.9s/2m0s

running (1m22.0s), 4/4 VUs, 2235 complete and 0 interrupted iterations
catalog   [  68% ] 4 VUs  1m21.9s/2m0s

running (1m23.0s), 4/4 VUs, 2267 complete and 0 interrupted iterations
catalog   [  69% ] 4 VUs  1m22.9s/2m0s

running (1m24.0s), 4/4 VUs, 2299 complete and 0 interrupted iterations
catalog   [  70% ] 4 VUs  1m23.9s/2m0s

running (1m25.0s), 4/4 VUs, 2330 complete and 0 interrupted iterations
catalog   [  71% ] 4 VUs  1m24.9s/2m0s

running (1m26.0s), 4/4 VUs, 2360 complete and 0 interrupted iterations
catalog   [  72% ] 4 VUs  1m25.9s/2m0s

running (1m27.0s), 4/4 VUs, 2390 complete and 0 interrupted iterations
catalog   [  72% ] 4 VUs  1m26.9s/2m0s

running (1m28.0s), 4/4 VUs, 2409 complete and 0 interrupted iterations
catalog   [  73% ] 4 VUs  1m27.9s/2m0s

running (1m29.0s), 4/4 VUs, 2436 complete and 0 interrupted iterations
catalog   [  74% ] 4 VUs  1m28.9s/2m0s

running (1m30.0s), 4/4 VUs, 2463 complete and 0 interrupted iterations
catalog   [  75% ] 4 VUs  1m29.9s/2m0s

running (1m31.0s), 4/4 VUs, 2489 complete and 0 interrupted iterations
catalog   [  76% ] 4 VUs  1m30.9s/2m0s

running (1m32.0s), 4/4 VUs, 2514 complete and 0 interrupted iterations
catalog   [  77% ] 4 VUs  1m31.9s/2m0s

running (1m33.0s), 4/4 VUs, 2541 complete and 0 interrupted iterations
catalog   [  77% ] 4 VUs  1m32.9s/2m0s

running (1m34.0s), 4/4 VUs, 2570 complete and 0 interrupted iterations
catalog   [  78% ] 4 VUs  1m33.9s/2m0s

running (1m35.0s), 4/4 VUs, 2598 complete and 0 interrupted iterations
catalog   [  79% ] 4 VUs  1m34.9s/2m0s

running (1m36.0s), 4/4 VUs, 2625 complete and 0 interrupted iterations
catalog   [  80% ] 4 VUs  1m35.9s/2m0s

running (1m37.0s), 4/4 VUs, 2656 complete and 0 interrupted iterations
catalog   [  81% ] 4 VUs  1m36.9s/2m0s

running (1m38.0s), 4/4 VUs, 2682 complete and 0 interrupted iterations
catalog   [  82% ] 4 VUs  1m37.9s/2m0s

running (1m39.0s), 4/4 VUs, 2710 complete and 0 interrupted iterations
catalog   [  82% ] 4 VUs  1m38.9s/2m0s

running (1m40.0s), 4/4 VUs, 2731 complete and 0 interrupted iterations
catalog   [  83% ] 4 VUs  1m39.9s/2m0s

running (1m41.0s), 4/4 VUs, 2762 complete and 0 interrupted iterations
catalog   [  84% ] 4 VUs  1m40.9s/2m0s

running (1m42.0s), 4/4 VUs, 2792 complete and 0 interrupted iterations
catalog   [  85% ] 4 VUs  1m41.9s/2m0s

running (1m43.0s), 4/4 VUs, 2815 complete and 0 interrupted iterations
catalog   [  86% ] 4 VUs  1m42.9s/2m0s

running (1m44.0s), 4/4 VUs, 2846 complete and 0 interrupted iterations
catalog   [  87% ] 4 VUs  1m43.9s/2m0s

running (1m45.0s), 4/4 VUs, 2873 complete and 0 interrupted iterations
catalog   [  87% ] 4 VUs  1m44.9s/2m0s

running (1m46.0s), 4/4 VUs, 2899 complete and 0 interrupted iterations
catalog   [  88% ] 4 VUs  1m45.9s/2m0s

running (1m47.0s), 4/4 VUs, 2927 complete and 0 interrupted iterations
catalog   [  89% ] 4 VUs  1m46.9s/2m0s

running (1m48.0s), 4/4 VUs, 2951 complete and 0 interrupted iterations
catalog   [  90% ] 4 VUs  1m47.9s/2m0s

running (1m49.0s), 4/4 VUs, 2983 complete and 0 interrupted iterations
catalog   [  91% ] 4 VUs  1m48.9s/2m0s

running (1m50.0s), 4/4 VUs, 3006 complete and 0 interrupted iterations
catalog   [  92% ] 4 VUs  1m49.9s/2m0s

running (1m51.0s), 4/4 VUs, 3033 complete and 0 interrupted iterations
catalog   [  92% ] 4 VUs  1m50.9s/2m0s

running (1m52.0s), 4/4 VUs, 3060 complete and 0 interrupted iterations
catalog   [  93% ] 4 VUs  1m51.9s/2m0s

running (1m53.0s), 4/4 VUs, 3087 complete and 0 interrupted iterations
catalog   [  94% ] 4 VUs  1m52.9s/2m0s

running (1m54.0s), 4/4 VUs, 3111 complete and 0 interrupted iterations
catalog   [  95% ] 4 VUs  1m53.9s/2m0s

running (1m55.0s), 4/4 VUs, 3142 complete and 0 interrupted iterations
catalog   [  96% ] 4 VUs  1m54.9s/2m0s

running (1m56.0s), 4/4 VUs, 3166 complete and 0 interrupted iterations
catalog   [  97% ] 4 VUs  1m55.9s/2m0s

running (1m57.0s), 4/4 VUs, 3194 complete and 0 interrupted iterations
catalog   [  97% ] 4 VUs  1m56.9s/2m0s

running (1m58.0s), 4/4 VUs, 3222 complete and 0 interrupted iterations
catalog   [  98% ] 4 VUs  1m57.9s/2m0s

running (1m59.0s), 4/4 VUs, 3251 complete and 0 interrupted iterations
catalog   [  99% ] 4 VUs  1m58.9s/2m0s

running (2m00.0s), 4/4 VUs, 3276 complete and 0 interrupted iterations
catalog   [ 100% ] 4 VUs  1m59.9s/2m0s

================ DSP benchmark summary ================
-- per-phase latency --
  catalog                    p50=133.6 ms  p95=218.8 ms  p99=264.3 ms  max=362.6 ms  n=3282
  negotiation init (POST)    (no data)
  time-to-AGREED (async)     (no data)
  transfer init (POST)       (no data)
  time-to-EDR (async)        (no data)
  data pull                  (no data)
-- end-to-end + throughput --
  e2e transaction            (no data)
  data throughput (MB/s)     (no data)
-- outcomes --
  transactions succeeded     count=3282  rate=27.315/s
  transactions failed        (no data)
  failed rate                rate=0.00%  (pass=0 fail=3282)
-- observer effect (poll load) --
  negotiation polls          (no data)
  edr polls                  (no data)
=======================================================
(full summary -> /home/rohitj/edc/benchmarking-factoryx-edc/resources/local-fx-mvd/k6-scripts/results/factoryx/catalog-sweep/2026-07-29T18-27-30Z/k6-summary.json; POLL_INTERVAL_MS=250; IDENTITY_MODE=on)

running (2m00.2s), 0/4 VUs, 3282 complete and 0 interrupted iterations
catalog ✓ [ 100% ] 4 VUs  2m0s
