
         /\      Grafana   /‾‾/  
    /\  /  \     |\  __   /  /   
   /  \/    \    | |/ /  /   ‾‾\ 
  /          \   |   (  |  (‾)  |
 / __________ \  |_|\_\  \_____/ 


     execution: local
        script: /home/rohitj/edc/benchmarking-factoryx-edc/resources/local-fx-mvd/k6-scripts/scenarios/saturation-open.js
        output: -

     scenarios: (100.00%) 1 scenario, 800 max VUs, 12m30s max duration (incl. graceful stop):
              * saturation: Up to 40.00 iterations/s for 12m0s over 6 stages (maxVUs: 100-800, gracefulStop: 30s)


running (00m01.0s), 000/100 VUs, 0 complete and 0 interrupted iterations
saturation   [   0% ] 000/100 VUs  00m01.0s/12m0s  01.00 iters/s

running (00m02.0s), 001/100 VUs, 0 complete and 0 interrupted iterations
saturation   [   0% ] 001/100 VUs  00m02.0s/12m0s  01.01 iters/s

running (00m03.0s), 002/100 VUs, 0 complete and 0 interrupted iterations
saturation   [   0% ] 002/100 VUs  00m03.0s/12m0s  01.02 iters/s

running (00m04.0s), 004/100 VUs, 0 complete and 0 interrupted iterations
saturation   [   1% ] 004/100 VUs  00m04.0s/12m0s  01.04 iters/s

running (00m05.0s), 004/100 VUs, 1 complete and 0 interrupted iterations
saturation   [   1% ] 004/100 VUs  00m05.0s/12m0s  01.04 iters/s

running (00m06.0s), 005/100 VUs, 1 complete and 0 interrupted iterations
saturation   [   1% ] 005/100 VUs  00m06.0s/12m0s  01.05 iters/s

running (00m07.0s), 005/100 VUs, 2 complete and 0 interrupted iterations
saturation   [   1% ] 005/100 VUs  00m07.0s/12m0s  01.06 iters/s

running (00m08.0s), 006/100 VUs, 2 complete and 0 interrupted iterations
saturation   [   1% ] 006/100 VUs  00m08.0s/12m0s  01.07 iters/s

running (00m09.0s), 005/100 VUs, 4 complete and 0 interrupted iterations
saturation   [   1% ] 005/100 VUs  00m09.0s/12m0s  01.08 iters/s

running (00m10.0s), 004/100 VUs, 6 complete and 0 interrupted iterations
saturation   [   1% ] 004/100 VUs  00m10.0s/12m0s  01.08 iters/s

running (00m11.0s), 005/100 VUs, 6 complete and 0 interrupted iterations
saturation   [   2% ] 005/100 VUs  00m11.0s/12m0s  01.09 iters/s

running (00m12.0s), 005/100 VUs, 7 complete and 0 interrupted iterations
saturation   [   2% ] 005/100 VUs  00m12.0s/12m0s  01.10 iters/s

running (00m13.0s), 005/100 VUs, 8 complete and 0 interrupted iterations
saturation   [   2% ] 005/100 VUs  00m13.0s/12m0s  01.11 iters/s

running (00m14.0s), 005/100 VUs, 9 complete and 0 interrupted iterations
saturation   [   2% ] 005/100 VUs  00m14.0s/12m0s  01.11 iters/s

running (00m15.0s), 005/100 VUs, 10 complete and 0 interrupted iterations
saturation   [   2% ] 005/100 VUs  00m15.0s/12m0s  01.12 iters/s

running (00m16.0s), 006/100 VUs, 11 complete and 0 interrupted iterations
saturation   [   2% ] 006/100 VUs  00m16.0s/12m0s  01.14 iters/s

running (00m17.0s), 005/100 VUs, 13 complete and 0 interrupted iterations
saturation   [   2% ] 005/100 VUs  00m17.0s/12m0s  01.14 iters/s

running (00m18.0s), 006/100 VUs, 13 complete and 0 interrupted iterations
saturation   [   2% ] 006/100 VUs  00m18.0s/12m0s  01.15 iters/s

running (00m19.0s), 005/100 VUs, 15 complete and 0 interrupted iterations
saturation   [   3% ] 005/100 VUs  00m19.0s/12m0s  01.16 iters/s

running (00m20.0s), 006/100 VUs, 15 complete and 0 interrupted iterations
saturation   [   3% ] 006/100 VUs  00m20.0s/12m0s  01.17 iters/s

running (00m21.0s), 005/100 VUs, 17 complete and 0 interrupted iterations
saturation   [   3% ] 005/100 VUs  00m21.0s/12m0s  01.17 iters/s

running (00m22.0s), 005/100 VUs, 18 complete and 0 interrupted iterations
saturation   [   3% ] 005/100 VUs  00m22.0s/12m0s  01.18 iters/s

running (00m23.0s), 006/100 VUs, 19 complete and 0 interrupted iterations
saturation   [   3% ] 006/100 VUs  00m23.0s/12m0s  01.19 iters/s

running (00m24.0s), 006/100 VUs, 20 complete and 0 interrupted iterations
saturation   [   3% ] 006/100 VUs  00m24.0s/12m0s  01.20 iters/s

running (00m25.0s), 006/100 VUs, 21 complete and 0 interrupted iterations
saturation   [   3% ] 006/100 VUs  00m25.0s/12m0s  01.21 iters/s

running (00m26.0s), 005/100 VUs, 23 complete and 0 interrupted iterations
saturation   [   4% ] 005/100 VUs  00m26.0s/12m0s  01.21 iters/s

running (00m27.0s), 005/100 VUs, 24 complete and 0 interrupted iterations
saturation   [   4% ] 005/100 VUs  00m27.0s/12m0s  01.22 iters/s

running (00m28.0s), 007/100 VUs, 24 complete and 0 interrupted iterations
saturation   [   4% ] 007/100 VUs  00m28.0s/12m0s  01.23 iters/s

running (00m29.0s), 006/100 VUs, 26 complete and 0 interrupted iterations
saturation   [   4% ] 006/100 VUs  00m29.0s/12m0s  01.24 iters/s

running (00m30.0s), 006/100 VUs, 27 complete and 0 interrupted iterations
saturation   [   4% ] 006/100 VUs  00m30.0s/12m0s  01.25 iters/s

running (00m31.0s), 007/100 VUs, 27 complete and 0 interrupted iterations
saturation   [   4% ] 007/100 VUs  00m31.0s/12m0s  01.25 iters/s

running (00m32.0s), 007/100 VUs, 29 complete and 0 interrupted iterations
saturation   [   4% ] 007/100 VUs  00m32.0s/12m0s  01.27 iters/s

running (00m33.0s), 006/100 VUs, 31 complete and 0 interrupted iterations
saturation   [   5% ] 006/100 VUs  00m33.0s/12m0s  01.27 iters/s

running (00m34.0s), 007/100 VUs, 31 complete and 0 interrupted iterations
saturation   [   5% ] 007/100 VUs  00m34.0s/12m0s  01.28 iters/s

running (00m35.0s), 006/100 VUs, 34 complete and 0 interrupted iterations
saturation   [   5% ] 006/100 VUs  00m35.0s/12m0s  01.29 iters/s

running (00m36.0s), 007/100 VUs, 34 complete and 0 interrupted iterations
saturation   [   5% ] 007/100 VUs  00m36.0s/12m0s  01.30 iters/s

running (00m37.0s), 006/100 VUs, 36 complete and 0 interrupted iterations
saturation   [   5% ] 006/100 VUs  00m37.0s/12m0s  01.31 iters/s

running (00m38.0s), 006/100 VUs, 37 complete and 0 interrupted iterations
saturation   [   5% ] 006/100 VUs  00m38.0s/12m0s  01.31 iters/s

running (00m39.0s), 006/100 VUs, 39 complete and 0 interrupted iterations
saturation   [   5% ] 006/100 VUs  00m39.0s/12m0s  01.33 iters/s

running (00m40.0s), 007/100 VUs, 39 complete and 0 interrupted iterations
saturation   [   6% ] 007/100 VUs  00m40.0s/12m0s  01.33 iters/s

running (00m41.0s), 007/100 VUs, 40 complete and 0 interrupted iterations
saturation   [   6% ] 007/100 VUs  00m41.0s/12m0s  01.34 iters/s

running (00m42.0s), 007/100 VUs, 42 complete and 0 interrupted iterations
saturation   [   6% ] 007/100 VUs  00m42.0s/12m0s  01.35 iters/s

running (00m43.0s), 008/100 VUs, 42 complete and 0 interrupted iterations
saturation   [   6% ] 008/100 VUs  00m43.0s/12m0s  01.36 iters/s

running (00m44.0s), 006/100 VUs, 46 complete and 0 interrupted iterations
saturation   [   6% ] 006/100 VUs  00m44.0s/12m0s  01.37 iters/s

running (00m45.0s), 007/100 VUs, 46 complete and 0 interrupted iterations
saturation   [   6% ] 007/100 VUs  00m45.0s/12m0s  01.38 iters/s

running (00m46.0s), 007/100 VUs, 47 complete and 0 interrupted iterations
saturation   [   6% ] 007/100 VUs  00m46.0s/12m0s  01.38 iters/s

running (00m47.0s), 007/100 VUs, 49 complete and 0 interrupted iterations
saturation   [   7% ] 007/100 VUs  00m47.0s/12m0s  01.39 iters/s

running (00m48.0s), 006/100 VUs, 51 complete and 0 interrupted iterations
saturation   [   7% ] 006/100 VUs  00m48.0s/12m0s  01.40 iters/s

running (00m49.0s), 007/100 VUs, 51 complete and 0 interrupted iterations
saturation   [   7% ] 007/100 VUs  00m49.0s/12m0s  01.41 iters/s

running (00m50.0s), 007/100 VUs, 53 complete and 0 interrupted iterations
saturation   [   7% ] 007/100 VUs  00m50.0s/12m0s  01.42 iters/s

running (00m51.0s), 006/100 VUs, 55 complete and 0 interrupted iterations
saturation   [   7% ] 006/100 VUs  00m51.0s/12m0s  01.42 iters/s

running (00m52.0s), 008/100 VUs, 55 complete and 0 interrupted iterations
saturation   [   7% ] 008/100 VUs  00m52.0s/12m0s  01.43 iters/s

running (00m53.0s), 008/100 VUs, 56 complete and 0 interrupted iterations
saturation   [   7% ] 008/100 VUs  00m53.0s/12m0s  01.44 iters/s

running (00m54.0s), 008/100 VUs, 58 complete and 0 interrupted iterations
saturation   [   7% ] 008/100 VUs  00m54.0s/12m0s  01.45 iters/s

running (00m55.0s), 007/100 VUs, 60 complete and 0 interrupted iterations
saturation   [   8% ] 007/100 VUs  00m55.0s/12m0s  01.46 iters/s

running (00m56.0s), 007/100 VUs, 62 complete and 0 interrupted iterations
saturation   [   8% ] 007/100 VUs  00m56.0s/12m0s  01.47 iters/s

running (00m57.0s), 006/100 VUs, 64 complete and 0 interrupted iterations
saturation   [   8% ] 006/100 VUs  00m57.0s/12m0s  01.47 iters/s

running (00m58.0s), 006/100 VUs, 65 complete and 0 interrupted iterations
saturation   [   8% ] 006/100 VUs  00m58.0s/12m0s  01.48 iters/s

running (00m59.0s), 008/100 VUs, 65 complete and 0 interrupted iterations
saturation   [   8% ] 008/100 VUs  00m59.0s/12m0s  01.49 iters/s

running (01m00.0s), 007/100 VUs, 67 complete and 0 interrupted iterations
saturation   [   8% ] 007/100 VUs  01m00.0s/12m0s  01.50 iters/s

running (01m01.0s), 009/100 VUs, 67 complete and 0 interrupted iterations
saturation   [   8% ] 009/100 VUs  01m01.0s/12m0s  01.51 iters/s

running (01m02.0s), 008/100 VUs, 69 complete and 0 interrupted iterations
saturation   [   9% ] 008/100 VUs  01m02.0s/12m0s  01.51 iters/s

running (01m03.0s), 009/100 VUs, 70 complete and 0 interrupted iterations
saturation   [   9% ] 009/100 VUs  01m03.0s/12m0s  01.52 iters/s

running (01m04.0s), 008/100 VUs, 73 complete and 0 interrupted iterations
saturation   [   9% ] 008/100 VUs  01m04.0s/12m0s  01.54 iters/s

running (01m05.0s), 007/100 VUs, 75 complete and 0 interrupted iterations
saturation   [   9% ] 007/100 VUs  01m05.0s/12m0s  01.54 iters/s

running (01m06.0s), 009/100 VUs, 75 complete and 0 interrupted iterations
saturation   [   9% ] 009/100 VUs  01m06.0s/12m0s  01.55 iters/s

running (01m07.0s), 008/100 VUs, 77 complete and 0 interrupted iterations
saturation   [   9% ] 008/100 VUs  01m07.0s/12m0s  01.56 iters/s

running (01m08.0s), 008/100 VUs, 79 complete and 0 interrupted iterations
saturation   [   9% ] 008/100 VUs  01m08.0s/12m0s  01.57 iters/s

running (01m09.0s), 009/100 VUs, 79 complete and 0 interrupted iterations
saturation   [  10% ] 009/100 VUs  01m09.0s/12m0s  01.57 iters/s

running (01m10.0s), 009/100 VUs, 81 complete and 0 interrupted iterations
saturation   [  10% ] 009/100 VUs  01m10.0s/12m0s  01.58 iters/s

running (01m11.0s), 008/100 VUs, 83 complete and 0 interrupted iterations
saturation   [  10% ] 008/100 VUs  01m11.0s/12m0s  01.59 iters/s

running (01m12.0s), 010/100 VUs, 83 complete and 0 interrupted iterations
saturation   [  10% ] 010/100 VUs  01m12.0s/12m0s  01.60 iters/s

running (01m13.0s), 008/100 VUs, 87 complete and 0 interrupted iterations
saturation   [  10% ] 008/100 VUs  01m13.0s/12m0s  01.61 iters/s

running (01m14.0s), 009/100 VUs, 87 complete and 0 interrupted iterations
saturation   [  10% ] 009/100 VUs  01m14.0s/12m0s  01.62 iters/s

running (01m15.0s), 007/100 VUs, 91 complete and 0 interrupted iterations
saturation   [  10% ] 007/100 VUs  01m15.0s/12m0s  01.63 iters/s

running (01m16.0s), 008/100 VUs, 91 complete and 0 interrupted iterations
saturation   [  11% ] 008/100 VUs  01m16.0s/12m0s  01.63 iters/s

running (01m17.0s), 008/100 VUs, 93 complete and 0 interrupted iterations
saturation   [  11% ] 008/100 VUs  01m17.0s/12m0s  01.64 iters/s

running (01m18.0s), 008/100 VUs, 95 complete and 0 interrupted iterations
saturation   [  11% ] 008/100 VUs  01m18.0s/12m0s  01.65 iters/s

running (01m19.0s), 009/100 VUs, 95 complete and 0 interrupted iterations
saturation   [  11% ] 009/100 VUs  01m19.0s/12m0s  01.66 iters/s

running (01m20.0s), 007/100 VUs, 99 complete and 0 interrupted iterations
saturation   [  11% ] 007/100 VUs  01m20.0s/12m0s  01.67 iters/s

running (01m21.0s), 009/100 VUs, 99 complete and 0 interrupted iterations
saturation   [  11% ] 009/100 VUs  01m21.0s/12m0s  01.68 iters/s

running (01m22.0s), 008/100 VUs, 101 complete and 0 interrupted iterations
saturation   [  11% ] 008/100 VUs  01m22.0s/12m0s  01.68 iters/s

running (01m23.0s), 007/100 VUs, 104 complete and 0 interrupted iterations
saturation   [  12% ] 007/100 VUs  01m23.0s/12m0s  01.69 iters/s

running (01m24.0s), 009/100 VUs, 104 complete and 0 interrupted iterations
saturation   [  12% ] 009/100 VUs  01m24.0s/12m0s  01.70 iters/s

running (01m25.0s), 009/100 VUs, 106 complete and 0 interrupted iterations
saturation   [  12% ] 009/100 VUs  01m25.0s/12m0s  01.71 iters/s

running (01m26.0s), 008/100 VUs, 108 complete and 0 interrupted iterations
saturation   [  12% ] 008/100 VUs  01m26.0s/12m0s  01.72 iters/s

running (01m27.0s), 010/100 VUs, 108 complete and 0 interrupted iterations
saturation   [  12% ] 010/100 VUs  01m27.0s/12m0s  01.72 iters/s

running (01m28.0s), 008/100 VUs, 112 complete and 0 interrupted iterations
saturation   [  12% ] 008/100 VUs  01m28.0s/12m0s  01.73 iters/s

running (01m29.0s), 009/100 VUs, 112 complete and 0 interrupted iterations
saturation   [  12% ] 009/100 VUs  01m29.0s/12m0s  01.74 iters/s

running (01m30.0s), 009/100 VUs, 114 complete and 0 interrupted iterations
saturation   [  12% ] 009/100 VUs  01m30.0s/12m0s  01.75 iters/s

running (01m31.0s), 011/100 VUs, 114 complete and 0 interrupted iterations
saturation   [  13% ] 011/100 VUs  01m31.0s/12m0s  01.76 iters/s

running (01m32.0s), 010/100 VUs, 117 complete and 0 interrupted iterations
saturation   [  13% ] 010/100 VUs  01m32.0s/12m0s  01.77 iters/s

running (01m33.0s), 009/100 VUs, 119 complete and 0 interrupted iterations
saturation   [  13% ] 009/100 VUs  01m33.0s/12m0s  01.77 iters/s

running (01m34.0s), 009/100 VUs, 121 complete and 0 interrupted iterations
saturation   [  13% ] 009/100 VUs  01m34.0s/12m0s  01.78 iters/s

running (01m35.0s), 011/100 VUs, 121 complete and 0 interrupted iterations
saturation   [  13% ] 011/100 VUs  01m35.0s/12m0s  01.79 iters/s

running (01m36.0s), 009/100 VUs, 125 complete and 0 interrupted iterations
saturation   [  13% ] 009/100 VUs  01m36.0s/12m0s  01.80 iters/s

running (01m37.0s), 010/100 VUs, 126 complete and 0 interrupted iterations
saturation   [  13% ] 010/100 VUs  01m37.0s/12m0s  01.81 iters/s

running (01m38.0s), 008/100 VUs, 129 complete and 0 interrupted iterations
saturation   [  14% ] 008/100 VUs  01m38.0s/12m0s  01.81 iters/s

running (01m39.0s), 010/100 VUs, 129 complete and 0 interrupted iterations
saturation   [  14% ] 010/100 VUs  01m39.0s/12m0s  01.82 iters/s

running (01m40.0s), 010/100 VUs, 131 complete and 0 interrupted iterations
saturation   [  14% ] 010/100 VUs  01m40.0s/12m0s  01.83 iters/s

running (01m41.0s), 012/100 VUs, 131 complete and 0 interrupted iterations
saturation   [  14% ] 012/100 VUs  01m41.0s/12m0s  01.84 iters/s

running (01m42.0s), 013/100 VUs, 132 complete and 0 interrupted iterations
saturation   [  14% ] 013/100 VUs  01m42.0s/12m0s  01.85 iters/s

running (01m43.0s), 011/100 VUs, 136 complete and 0 interrupted iterations
saturation   [  14% ] 011/100 VUs  01m43.0s/12m0s  01.86 iters/s

running (01m44.0s), 011/100 VUs, 137 complete and 0 interrupted iterations
saturation   [  14% ] 011/100 VUs  01m44.0s/12m0s  01.86 iters/s

running (01m45.0s), 010/100 VUs, 140 complete and 0 interrupted iterations
saturation   [  15% ] 010/100 VUs  01m45.0s/12m0s  01.87 iters/s

running (01m46.0s), 011/100 VUs, 141 complete and 0 interrupted iterations
saturation   [  15% ] 011/100 VUs  01m46.0s/12m0s  01.88 iters/s

running (01m47.0s), 012/100 VUs, 142 complete and 0 interrupted iterations
saturation   [  15% ] 012/100 VUs  01m47.0s/12m0s  01.89 iters/s

running (01m48.0s), 011/100 VUs, 145 complete and 0 interrupted iterations
saturation   [  15% ] 011/100 VUs  01m48.0s/12m0s  01.90 iters/s

running (01m49.0s), 008/100 VUs, 150 complete and 0 interrupted iterations
saturation   [  15% ] 008/100 VUs  01m49.0s/12m0s  01.91 iters/s

running (01m50.0s), 010/100 VUs, 150 complete and 0 interrupted iterations
saturation   [  15% ] 010/100 VUs  01m50.0s/12m0s  01.92 iters/s

running (01m51.0s), 009/100 VUs, 153 complete and 0 interrupted iterations
saturation   [  15% ] 009/100 VUs  01m51.0s/12m0s  01.93 iters/s

running (01m52.0s), 010/100 VUs, 154 complete and 0 interrupted iterations
saturation   [  16% ] 010/100 VUs  01m52.0s/12m0s  01.93 iters/s

running (01m53.0s), 010/100 VUs, 156 complete and 0 interrupted iterations
saturation   [  16% ] 010/100 VUs  01m53.0s/12m0s  01.94 iters/s

running (01m54.0s), 010/100 VUs, 158 complete and 0 interrupted iterations
saturation   [  16% ] 010/100 VUs  01m54.0s/12m0s  01.95 iters/s

running (01m55.0s), 012/100 VUs, 158 complete and 0 interrupted iterations
saturation   [  16% ] 012/100 VUs  01m55.0s/12m0s  01.96 iters/s

running (01m56.0s), 013/100 VUs, 158 complete and 0 interrupted iterations
saturation   [  16% ] 013/100 VUs  01m56.0s/12m0s  01.96 iters/s

running (01m57.0s), 010/100 VUs, 163 complete and 0 interrupted iterations
saturation   [  16% ] 010/100 VUs  01m57.0s/12m0s  01.97 iters/s

running (01m58.0s), 010/100 VUs, 165 complete and 0 interrupted iterations
saturation   [  16% ] 010/100 VUs  01m58.0s/12m0s  01.98 iters/s

running (01m59.0s), 012/100 VUs, 165 complete and 0 interrupted iterations
saturation   [  17% ] 012/100 VUs  01m59.0s/12m0s  01.99 iters/s

running (02m00.0s), 011/100 VUs, 168 complete and 0 interrupted iterations
saturation   [  17% ] 011/100 VUs  02m00.0s/12m0s  02.00 iters/s

running (02m01.0s), 010/100 VUs, 171 complete and 0 interrupted iterations
saturation   [  17% ] 010/100 VUs  02m01.0s/12m0s  02.02 iters/s

running (02m02.0s), 012/100 VUs, 171 complete and 0 interrupted iterations
saturation   [  17% ] 012/100 VUs  02m02.0s/12m0s  02.04 iters/s

running (02m03.0s), 012/100 VUs, 174 complete and 0 interrupted iterations
saturation   [  17% ] 012/100 VUs  02m03.0s/12m0s  02.08 iters/s

running (02m04.0s), 014/100 VUs, 174 complete and 0 interrupted iterations
saturation   [  17% ] 014/100 VUs  02m04.0s/12m0s  02.10 iters/s

running (02m05.0s), 011/100 VUs, 179 complete and 0 interrupted iterations
saturation   [  17% ] 011/100 VUs  02m05.0s/12m0s  02.13 iters/s

running (02m06.0s), 013/100 VUs, 179 complete and 0 interrupted iterations
saturation   [  17% ] 013/100 VUs  02m06.0s/12m0s  02.15 iters/s

running (02m07.0s), 013/100 VUs, 181 complete and 0 interrupted iterations
saturation   [  18% ] 013/100 VUs  02m07.0s/12m0s  02.17 iters/s

running (02m08.0s), 013/100 VUs, 183 complete and 0 interrupted iterations
saturation   [  18% ] 013/100 VUs  02m08.0s/12m0s  02.20 iters/s

running (02m09.0s), 014/100 VUs, 184 complete and 0 interrupted iterations
saturation   [  18% ] 014/100 VUs  02m09.0s/12m0s  02.22 iters/s

running (02m10.0s), 014/100 VUs, 187 complete and 0 interrupted iterations
saturation   [  18% ] 014/100 VUs  02m10.0s/12m0s  02.25 iters/s

running (02m11.0s), 012/100 VUs, 191 complete and 0 interrupted iterations
saturation   [  18% ] 012/100 VUs  02m11.0s/12m0s  02.27 iters/s

running (02m12.0s), 013/100 VUs, 192 complete and 0 interrupted iterations
saturation   [  18% ] 013/100 VUs  02m12.0s/12m0s  02.30 iters/s

running (02m13.0s), 014/100 VUs, 194 complete and 0 interrupted iterations
saturation   [  18% ] 014/100 VUs  02m13.0s/12m0s  02.33 iters/s

running (02m14.0s), 016/100 VUs, 194 complete and 0 interrupted iterations
saturation   [  19% ] 016/100 VUs  02m14.0s/12m0s  02.35 iters/s

running (02m15.0s), 015/100 VUs, 197 complete and 0 interrupted iterations
saturation   [  19% ] 015/100 VUs  02m15.0s/12m0s  02.37 iters/s

running (02m16.0s), 017/100 VUs, 198 complete and 0 interrupted iterations
saturation   [  19% ] 017/100 VUs  02m16.0s/12m0s  02.40 iters/s

running (02m17.0s), 014/100 VUs, 203 complete and 0 interrupted iterations
saturation   [  19% ] 014/100 VUs  02m17.0s/12m0s  02.42 iters/s

running (02m18.0s), 015/100 VUs, 204 complete and 0 interrupted iterations
saturation   [  19% ] 015/100 VUs  02m18.0s/12m0s  02.44 iters/s

running (02m19.0s), 014/100 VUs, 208 complete and 0 interrupted iterations
saturation   [  19% ] 014/100 VUs  02m19.0s/12m0s  02.47 iters/s

running (02m20.0s), 015/100 VUs, 209 complete and 0 interrupted iterations
saturation   [  19% ] 015/100 VUs  02m20.0s/12m0s  02.49 iters/s

running (02m21.0s), 016/100 VUs, 211 complete and 0 interrupted iterations
saturation   [  20% ] 016/100 VUs  02m21.0s/12m0s  02.52 iters/s

running (02m22.0s), 015/100 VUs, 214 complete and 0 interrupted iterations
saturation   [  20% ] 015/100 VUs  02m22.0s/12m0s  02.54 iters/s

running (02m23.0s), 015/100 VUs, 217 complete and 0 interrupted iterations
saturation   [  20% ] 015/100 VUs  02m23.0s/12m0s  02.57 iters/s

running (02m24.0s), 013/100 VUs, 222 complete and 0 interrupted iterations
saturation   [  20% ] 013/100 VUs  02m24.0s/12m0s  02.60 iters/s

running (02m25.0s), 014/100 VUs, 223 complete and 0 interrupted iterations
saturation   [  20% ] 014/100 VUs  02m25.0s/12m0s  02.62 iters/s

running (02m26.0s), 013/100 VUs, 227 complete and 0 interrupted iterations
saturation   [  20% ] 013/100 VUs  02m26.0s/12m0s  02.65 iters/s

running (02m27.0s), 015/100 VUs, 227 complete and 0 interrupted iterations
saturation   [  20% ] 015/100 VUs  02m27.0s/12m0s  02.67 iters/s

running (02m28.0s), 014/100 VUs, 231 complete and 0 interrupted iterations
saturation   [  21% ] 014/100 VUs  02m28.0s/12m0s  02.70 iters/s

running (02m29.0s), 017/100 VUs, 231 complete and 0 interrupted iterations
saturation   [  21% ] 017/100 VUs  02m29.0s/12m0s  02.72 iters/s

running (02m30.0s), 016/100 VUs, 235 complete and 0 interrupted iterations
saturation   [  21% ] 016/100 VUs  02m30.0s/12m0s  02.75 iters/s

running (02m31.0s), 017/100 VUs, 236 complete and 0 interrupted iterations
saturation   [  21% ] 017/100 VUs  02m31.0s/12m0s  02.77 iters/s

running (02m32.0s), 017/100 VUs, 239 complete and 0 interrupted iterations
saturation   [  21% ] 017/100 VUs  02m32.0s/12m0s  02.80 iters/s

running (02m33.0s), 020/100 VUs, 239 complete and 0 interrupted iterations
saturation   [  21% ] 020/100 VUs  02m33.0s/12m0s  02.82 iters/s

running (02m34.0s), 015/100 VUs, 247 complete and 0 interrupted iterations
saturation   [  21% ] 015/100 VUs  02m34.0s/12m0s  02.85 iters/s

running (02m35.0s), 015/100 VUs, 250 complete and 0 interrupted iterations
saturation   [  22% ] 015/100 VUs  02m35.0s/12m0s  02.88 iters/s

running (02m36.0s), 015/100 VUs, 253 complete and 0 interrupted iterations
saturation   [  22% ] 015/100 VUs  02m36.0s/12m0s  02.90 iters/s

running (02m37.0s), 016/100 VUs, 254 complete and 0 interrupted iterations
saturation   [  22% ] 016/100 VUs  02m37.0s/12m0s  02.92 iters/s

running (02m38.0s), 016/100 VUs, 257 complete and 0 interrupted iterations
saturation   [  22% ] 016/100 VUs  02m38.0s/12m0s  02.95 iters/s

running (02m39.0s), 017/100 VUs, 259 complete and 0 interrupted iterations
saturation   [  22% ] 017/100 VUs  02m39.0s/12m0s  02.97 iters/s

running (02m40.0s), 017/100 VUs, 262 complete and 0 interrupted iterations
saturation   [  22% ] 017/100 VUs  02m40.0s/12m0s  03.00 iters/s

running (02m41.0s), 019/100 VUs, 263 complete and 0 interrupted iterations
saturation   [  22% ] 019/100 VUs  02m41.0s/12m0s  03.02 iters/s

running (02m42.0s), 019/100 VUs, 266 complete and 0 interrupted iterations
saturation   [  22% ] 019/100 VUs  02m42.0s/12m0s  03.05 iters/s

running (02m43.0s), 017/100 VUs, 271 complete and 0 interrupted iterations
saturation   [  23% ] 017/100 VUs  02m43.0s/12m0s  03.07 iters/s

running (02m44.0s), 021/100 VUs, 271 complete and 0 interrupted iterations
saturation   [  23% ] 021/100 VUs  02m44.0s/12m0s  03.10 iters/s

running (02m45.0s), 019/100 VUs, 276 complete and 0 interrupted iterations
saturation   [  23% ] 019/100 VUs  02m45.0s/12m0s  03.13 iters/s

running (02m46.0s), 022/100 VUs, 276 complete and 0 interrupted iterations
saturation   [  23% ] 022/100 VUs  02m46.0s/12m0s  03.15 iters/s

running (02m47.0s), 023/100 VUs, 278 complete and 0 interrupted iterations
saturation   [  23% ] 023/100 VUs  02m47.0s/12m0s  03.17 iters/s

running (02m48.0s), 020/100 VUs, 284 complete and 0 interrupted iterations
saturation   [  23% ] 020/100 VUs  02m48.0s/12m0s  03.20 iters/s

running (02m49.0s), 023/100 VUs, 284 complete and 0 interrupted iterations
saturation   [  23% ] 023/100 VUs  02m49.0s/12m0s  03.22 iters/s

running (02m50.0s), 017/100 VUs, 294 complete and 0 interrupted iterations
saturation   [  24% ] 017/100 VUs  02m50.0s/12m0s  03.25 iters/s

running (02m51.0s), 019/100 VUs, 295 complete and 0 interrupted iterations
saturation   [  24% ] 019/100 VUs  02m51.0s/12m0s  03.27 iters/s

running (02m52.0s), 015/100 VUs, 302 complete and 0 interrupted iterations
saturation   [  24% ] 015/100 VUs  02m52.0s/12m0s  03.30 iters/s

running (02m53.0s), 013/100 VUs, 307 complete and 0 interrupted iterations
saturation   [  24% ] 013/100 VUs  02m53.0s/12m0s  03.32 iters/s

running (02m54.0s), 017/100 VUs, 307 complete and 0 interrupted iterations
saturation   [  24% ] 017/100 VUs  02m54.0s/12m0s  03.35 iters/s

running (02m55.0s), 018/100 VUs, 309 complete and 0 interrupted iterations
saturation   [  24% ] 018/100 VUs  02m55.0s/12m0s  03.37 iters/s

running (02m56.0s), 016/100 VUs, 315 complete and 0 interrupted iterations
saturation   [  24% ] 016/100 VUs  02m56.0s/12m0s  03.40 iters/s

running (02m57.0s), 018/100 VUs, 316 complete and 0 interrupted iterations
saturation   [  25% ] 018/100 VUs  02m57.0s/12m0s  03.42 iters/s

running (02m58.0s), 021/100 VUs, 316 complete and 0 interrupted iterations
saturation   [  25% ] 021/100 VUs  02m58.0s/12m0s  03.45 iters/s

running (02m59.0s), 025/100 VUs, 316 complete and 0 interrupted iterations
saturation   [  25% ] 025/100 VUs  02m59.0s/12m0s  03.47 iters/s

running (03m00.0s), 028/100 VUs, 316 complete and 0 interrupted iterations
saturation   [  25% ] 028/100 VUs  03m00.0s/12m0s  03.50 iters/s

running (03m01.0s), 025/100 VUs, 323 complete and 0 interrupted iterations
saturation   [  25% ] 025/100 VUs  03m01.0s/12m0s  03.52 iters/s

running (03m02.0s), 024/100 VUs, 327 complete and 0 interrupted iterations
saturation   [  25% ] 024/100 VUs  03m02.0s/12m0s  03.55 iters/s

running (03m03.0s), 027/100 VUs, 328 complete and 0 interrupted iterations
saturation   [  25% ] 027/100 VUs  03m03.0s/12m0s  03.57 iters/s

running (03m04.0s), 025/100 VUs, 334 complete and 0 interrupted iterations
saturation   [  26% ] 025/100 VUs  03m04.0s/12m0s  03.60 iters/s

running (03m05.0s), 022/100 VUs, 340 complete and 0 interrupted iterations
saturation   [  26% ] 022/100 VUs  03m05.0s/12m0s  03.62 iters/s

running (03m06.0s), 026/100 VUs, 340 complete and 0 interrupted iterations
saturation   [  26% ] 026/100 VUs  03m06.0s/12m0s  03.65 iters/s

running (03m07.0s), 022/100 VUs, 347 complete and 0 interrupted iterations
saturation   [  26% ] 022/100 VUs  03m07.0s/12m0s  03.67 iters/s

running (03m08.0s), 022/100 VUs, 351 complete and 0 interrupted iterations
saturation   [  26% ] 022/100 VUs  03m08.0s/12m0s  03.70 iters/s

running (03m09.0s), 021/100 VUs, 356 complete and 0 interrupted iterations
saturation   [  26% ] 021/100 VUs  03m09.0s/12m0s  03.72 iters/s

running (03m10.0s), 025/100 VUs, 356 complete and 0 interrupted iterations
saturation   [  26% ] 025/100 VUs  03m10.0s/12m0s  03.75 iters/s

running (03m11.0s), 028/100 VUs, 356 complete and 0 interrupted iterations
saturation   [  27% ] 028/100 VUs  03m11.0s/12m0s  03.77 iters/s

running (03m12.0s), 032/100 VUs, 356 complete and 0 interrupted iterations
saturation   [  27% ] 032/100 VUs  03m12.0s/12m0s  03.80 iters/s

running (03m13.0s), 026/100 VUs, 366 complete and 0 interrupted iterations
saturation   [  27% ] 026/100 VUs  03m13.0s/12m0s  03.82 iters/s

running (03m14.0s), 030/100 VUs, 366 complete and 0 interrupted iterations
saturation   [  27% ] 030/100 VUs  03m14.0s/12m0s  03.85 iters/s

running (03m15.0s), 027/100 VUs, 373 complete and 0 interrupted iterations
saturation   [  27% ] 027/100 VUs  03m15.0s/12m0s  03.88 iters/s

running (03m16.0s), 025/100 VUs, 379 complete and 0 interrupted iterations
saturation   [  27% ] 025/100 VUs  03m16.0s/12m0s  03.90 iters/s

running (03m17.0s), 026/100 VUs, 381 complete and 0 interrupted iterations
saturation   [  27% ] 026/100 VUs  03m17.0s/12m0s  03.92 iters/s

running (03m18.0s), 029/100 VUs, 382 complete and 0 interrupted iterations
saturation   [  27% ] 029/100 VUs  03m18.0s/12m0s  03.95 iters/s

running (03m19.0s), 031/100 VUs, 384 complete and 0 interrupted iterations
saturation   [  28% ] 031/100 VUs  03m19.0s/12m0s  03.97 iters/s

running (03m20.0s), 029/100 VUs, 390 complete and 0 interrupted iterations
saturation   [  28% ] 029/100 VUs  03m20.0s/12m0s  04.00 iters/s

running (03m21.0s), 029/100 VUs, 394 complete and 0 interrupted iterations
saturation   [  28% ] 029/100 VUs  03m21.0s/12m0s  04.02 iters/s

running (03m22.0s), 030/100 VUs, 397 complete and 0 interrupted iterations
saturation   [  28% ] 030/100 VUs  03m22.0s/12m0s  04.05 iters/s

running (03m23.0s), 033/100 VUs, 398 complete and 0 interrupted iterations
saturation   [  28% ] 033/100 VUs  03m23.0s/12m0s  04.07 iters/s

running (03m24.0s), 035/100 VUs, 401 complete and 0 interrupted iterations
saturation   [  28% ] 035/100 VUs  03m24.0s/12m0s  04.10 iters/s

running (03m25.0s), 029/100 VUs, 411 complete and 0 interrupted iterations
saturation   [  28% ] 029/100 VUs  03m25.0s/12m0s  04.13 iters/s

running (03m26.0s), 030/100 VUs, 414 complete and 0 interrupted iterations
saturation   [  29% ] 030/100 VUs  03m26.0s/12m0s  04.15 iters/s

running (03m27.0s), 031/100 VUs, 417 complete and 0 interrupted iterations
saturation   [  29% ] 031/100 VUs  03m27.0s/12m0s  04.17 iters/s

running (03m28.0s), 030/100 VUs, 422 complete and 0 interrupted iterations
saturation   [  29% ] 030/100 VUs  03m28.0s/12m0s  04.20 iters/s

running (03m29.0s), 029/100 VUs, 427 complete and 0 interrupted iterations
saturation   [  29% ] 029/100 VUs  03m29.0s/12m0s  04.22 iters/s

running (03m30.0s), 031/100 VUs, 430 complete and 0 interrupted iterations
saturation   [  29% ] 031/100 VUs  03m30.0s/12m0s  04.25 iters/s

running (03m31.0s), 035/100 VUs, 430 complete and 0 interrupted iterations
saturation   [  29% ] 035/100 VUs  03m31.0s/12m0s  04.27 iters/s

running (03m32.0s), 036/100 VUs, 433 complete and 0 interrupted iterations
saturation   [  29% ] 036/100 VUs  03m32.0s/12m0s  04.30 iters/s

running (03m33.0s), 033/100 VUs, 440 complete and 0 interrupted iterations
saturation   [  30% ] 033/100 VUs  03m33.0s/12m0s  04.32 iters/s

running (03m34.0s), 037/100 VUs, 441 complete and 0 interrupted iterations
saturation   [  30% ] 037/100 VUs  03m34.0s/12m0s  04.35 iters/s

running (03m35.0s), 031/100 VUs, 451 complete and 0 interrupted iterations
saturation   [  30% ] 031/100 VUs  03m35.0s/12m0s  04.37 iters/s

running (03m36.0s), 036/100 VUs, 451 complete and 0 interrupted iterations
saturation   [  30% ] 036/100 VUs  03m36.0s/12m0s  04.40 iters/s

running (03m37.0s), 031/100 VUs, 460 complete and 0 interrupted iterations
saturation   [  30% ] 031/100 VUs  03m37.0s/12m0s  04.42 iters/s

running (03m38.0s), 031/100 VUs, 464 complete and 0 interrupted iterations
saturation   [  30% ] 031/100 VUs  03m38.0s/12m0s  04.45 iters/s

running (03m39.0s), 034/100 VUs, 466 complete and 0 interrupted iterations
saturation   [  30% ] 034/100 VUs  03m39.0s/12m0s  04.47 iters/s

running (03m40.0s), 033/100 VUs, 471 complete and 0 interrupted iterations
saturation   [  31% ] 033/100 VUs  03m40.0s/12m0s  04.50 iters/s

running (03m41.0s), 038/100 VUs, 471 complete and 0 interrupted iterations
saturation   [  31% ] 038/100 VUs  03m41.0s/12m0s  04.52 iters/s

running (03m42.0s), 040/100 VUs, 473 complete and 0 interrupted iterations
saturation   [  31% ] 040/100 VUs  03m42.0s/12m0s  04.55 iters/s

running (03m43.0s), 036/100 VUs, 482 complete and 0 interrupted iterations
saturation   [  31% ] 036/100 VUs  03m43.0s/12m0s  04.57 iters/s

running (03m44.0s), 041/100 VUs, 482 complete and 0 interrupted iterations
saturation   [  31% ] 041/100 VUs  03m44.0s/12m0s  04.60 iters/s

running (03m45.0s), 043/100 VUs, 484 complete and 0 interrupted iterations
saturation   [  31% ] 043/100 VUs  03m45.0s/12m0s  04.62 iters/s

running (03m46.0s), 040/100 VUs, 492 complete and 0 interrupted iterations
saturation   [  31% ] 040/100 VUs  03m46.0s/12m0s  04.65 iters/s

running (03m47.0s), 037/100 VUs, 499 complete and 0 interrupted iterations
saturation   [  32% ] 037/100 VUs  03m47.0s/12m0s  04.67 iters/s

running (03m48.0s), 042/100 VUs, 499 complete and 0 interrupted iterations
saturation   [  32% ] 042/100 VUs  03m48.0s/12m0s  04.70 iters/s

running (03m49.0s), 039/100 VUs, 507 complete and 0 interrupted iterations
saturation   [  32% ] 039/100 VUs  03m49.0s/12m0s  04.72 iters/s

running (03m50.0s), 040/100 VUs, 511 complete and 0 interrupted iterations
saturation   [  32% ] 040/100 VUs  03m50.0s/12m0s  04.75 iters/s

running (03m51.0s), 042/100 VUs, 513 complete and 0 interrupted iterations
saturation   [  32% ] 042/100 VUs  03m51.0s/12m0s  04.77 iters/s

running (03m52.0s), 039/100 VUs, 521 complete and 0 interrupted iterations
saturation   [  32% ] 039/100 VUs  03m52.0s/12m0s  04.80 iters/s

running (03m53.0s), 040/100 VUs, 525 complete and 0 interrupted iterations
saturation   [  32% ] 040/100 VUs  03m53.0s/12m0s  04.82 iters/s

running (03m54.0s), 044/100 VUs, 526 complete and 0 interrupted iterations
saturation   [  32% ] 044/100 VUs  03m54.0s/12m0s  04.85 iters/s

running (03m55.0s), 044/100 VUs, 531 complete and 0 interrupted iterations
saturation   [  33% ] 044/100 VUs  03m55.0s/12m0s  04.88 iters/s

running (03m56.0s), 043/100 VUs, 536 complete and 0 interrupted iterations
saturation   [  33% ] 043/100 VUs  03m56.0s/12m0s  04.90 iters/s

running (03m57.0s), 043/100 VUs, 541 complete and 0 interrupted iterations
saturation   [  33% ] 043/100 VUs  03m57.0s/12m0s  04.92 iters/s

running (03m58.0s), 048/100 VUs, 541 complete and 0 interrupted iterations
saturation   [  33% ] 048/100 VUs  03m58.0s/12m0s  04.95 iters/s

running (03m59.0s), 049/100 VUs, 545 complete and 0 interrupted iterations
saturation   [  33% ] 049/100 VUs  03m59.0s/12m0s  04.97 iters/s

running (04m00.0s), 054/100 VUs, 545 complete and 0 interrupted iterations
saturation   [  33% ] 054/100 VUs  04m00.0s/12m0s  05.00 iters/s

running (04m01.0s), 056/100 VUs, 548 complete and 0 interrupted iterations
saturation   [  33% ] 056/100 VUs  04m01.0s/12m0s  05.04 iters/s

running (04m02.0s), 050/100 VUs, 559 complete and 0 interrupted iterations
saturation   [  34% ] 050/100 VUs  04m02.0s/12m0s  05.08 iters/s

running (04m03.0s), 053/100 VUs, 561 complete and 0 interrupted iterations
saturation   [  34% ] 053/100 VUs  04m03.0s/12m0s  05.12 iters/s

running (04m04.0s), 058/100 VUs, 562 complete and 0 interrupted iterations
saturation   [  34% ] 058/100 VUs  04m04.0s/12m0s  05.17 iters/s

running (04m05.0s), 054/100 VUs, 571 complete and 0 interrupted iterations
saturation   [  34% ] 054/100 VUs  04m05.0s/12m0s  05.21 iters/s

running (04m06.0s), 056/100 VUs, 574 complete and 0 interrupted iterations
saturation   [  34% ] 056/100 VUs  04m06.0s/12m0s  05.25 iters/s

running (04m07.0s), 061/100 VUs, 574 complete and 0 interrupted iterations
saturation   [  34% ] 061/100 VUs  04m07.0s/12m0s  05.29 iters/s

running (04m08.0s), 061/100 VUs, 580 complete and 0 interrupted iterations
saturation   [  34% ] 061/100 VUs  04m08.0s/12m0s  05.33 iters/s

running (04m09.0s), 055/100 VUs, 591 complete and 0 interrupted iterations
saturation   [  35% ] 055/100 VUs  04m09.0s/12m0s  05.37 iters/s

running (04m10.0s), 058/100 VUs, 593 complete and 0 interrupted iterations
saturation   [  35% ] 058/100 VUs  04m10.0s/12m0s  05.41 iters/s

running (04m11.0s), 064/100 VUs, 593 complete and 0 interrupted iterations
saturation   [  35% ] 064/100 VUs  04m11.0s/12m0s  05.46 iters/s

running (04m12.0s), 068/100 VUs, 594 complete and 0 interrupted iterations
saturation   [  35% ] 068/100 VUs  04m12.0s/12m0s  05.50 iters/s

running (04m13.0s), 063/100 VUs, 605 complete and 0 interrupted iterations
saturation   [  35% ] 063/100 VUs  04m13.0s/12m0s  05.54 iters/s

running (04m14.0s), 061/100 VUs, 612 complete and 0 interrupted iterations
saturation   [  35% ] 061/100 VUs  04m14.0s/12m0s  05.58 iters/s

running (04m15.0s), 067/100 VUs, 612 complete and 0 interrupted iterations
saturation   [  35% ] 067/100 VUs  04m15.0s/12m0s  05.62 iters/s

running (04m16.0s), 073/100 VUs, 612 complete and 0 interrupted iterations
saturation   [  36% ] 073/100 VUs  04m16.0s/12m0s  05.67 iters/s

running (04m17.0s), 077/100 VUs, 613 complete and 0 interrupted iterations
saturation   [  36% ] 077/100 VUs  04m17.0s/12m0s  05.70 iters/s

running (04m18.0s), 072/100 VUs, 624 complete and 0 interrupted iterations
saturation   [  36% ] 072/100 VUs  04m18.0s/12m0s  05.75 iters/s

running (04m19.0s), 070/100 VUs, 632 complete and 0 interrupted iterations
saturation   [  36% ] 070/100 VUs  04m19.0s/12m0s  05.79 iters/s

running (04m20.0s), 076/100 VUs, 632 complete and 0 interrupted iterations
saturation   [  36% ] 076/100 VUs  04m20.0s/12m0s  05.83 iters/s

running (04m21.0s), 077/100 VUs, 636 complete and 0 interrupted iterations
saturation   [  36% ] 077/100 VUs  04m21.0s/12m0s  05.87 iters/s

running (04m22.0s), 075/100 VUs, 644 complete and 0 interrupted iterations
saturation   [  36% ] 075/100 VUs  04m22.0s/12m0s  05.91 iters/s

running (04m23.0s), 073/100 VUs, 652 complete and 0 interrupted iterations
saturation   [  37% ] 073/100 VUs  04m23.0s/12m0s  05.95 iters/s

running (04m24.0s), 079/100 VUs, 652 complete and 0 interrupted iterations
saturation   [  37% ] 079/100 VUs  04m24.0s/12m0s  06.00 iters/s

running (04m25.0s), 085/100 VUs, 652 complete and 0 interrupted iterations
saturation   [  37% ] 085/100 VUs  04m25.0s/12m0s  06.04 iters/s

running (04m26.0s), 082/100 VUs, 661 complete and 0 interrupted iterations
saturation   [  37% ] 082/100 VUs  04m26.0s/12m0s  06.08 iters/s

running (04m27.0s), 081/100 VUs, 668 complete and 0 interrupted iterations
saturation   [  37% ] 081/100 VUs  04m27.0s/12m0s  06.12 iters/s

running (04m28.0s), 084/100 VUs, 672 complete and 0 interrupted iterations
saturation   [  37% ] 084/100 VUs  04m28.0s/12m0s  06.17 iters/s

running (04m29.0s), 090/100 VUs, 672 complete and 0 interrupted iterations
saturation   [  37% ] 090/100 VUs  04m29.0s/12m0s  06.21 iters/s

running (04m30.0s), 093/100 VUs, 675 complete and 0 interrupted iterations
saturation   [  37% ] 093/100 VUs  04m30.0s/12m0s  06.25 iters/s

running (04m31.0s), 090/100 VUs, 684 complete and 0 interrupted iterations
saturation   [  38% ] 090/100 VUs  04m31.0s/12m0s  06.29 iters/s

running (04m32.0s), 089/100 VUs, 692 complete and 0 interrupted iterations
saturation   [  38% ] 089/100 VUs  04m32.0s/12m0s  06.33 iters/s

running (04m33.0s), 095/100 VUs, 692 complete and 0 interrupted iterations
saturation   [  38% ] 095/100 VUs  04m33.0s/12m0s  06.37 iters/s

running (04m34.0s), 100/101 VUs, 692 complete and 0 interrupted iterations
saturation   [  38% ] 100/101 VUs  04m34.0s/12m0s  06.41 iters/s

running (04m35.0s), 095/101 VUs, 704 complete and 0 interrupted iterations
saturation   [  38% ] 095/101 VUs  04m35.0s/12m0s  06.46 iters/s

running (04m36.0s), 093/101 VUs, 712 complete and 0 interrupted iterations
saturation   [  38% ] 093/101 VUs  04m36.0s/12m0s  06.50 iters/s

running (04m37.0s), 100/101 VUs, 712 complete and 0 interrupted iterations
saturation   [  38% ] 100/101 VUs  04m37.0s/12m0s  06.54 iters/s

running (04m38.0s), 103/104 VUs, 712 complete and 0 interrupted iterations
saturation   [  39% ] 103/104 VUs  04m38.0s/12m0s  06.58 iters/s

running (04m39.0s), 104/105 VUs, 717 complete and 0 interrupted iterations
saturation   [  39% ] 104/105 VUs  04m39.0s/12m0s  06.62 iters/s

running (04m40.0s), 101/105 VUs, 727 complete and 0 interrupted iterations
saturation   [  39% ] 101/105 VUs  04m40.0s/12m0s  06.67 iters/s

running (04m41.0s), 102/105 VUs, 732 complete and 0 interrupted iterations
saturation   [  39% ] 102/105 VUs  04m41.0s/12m0s  06.71 iters/s

running (04m42.0s), 107/107 VUs, 732 complete and 0 interrupted iterations
saturation   [  39% ] 107/107 VUs  04m42.0s/12m0s  06.75 iters/s

running (04m43.0s), 110/111 VUs, 732 complete and 0 interrupted iterations
saturation   [  39% ] 110/111 VUs  04m43.0s/12m0s  06.79 iters/s

running (04m44.0s), 107/112 VUs, 741 complete and 0 interrupted iterations
saturation   [  39% ] 107/112 VUs  04m44.0s/12m0s  06.83 iters/s

running (04m45.0s), 105/112 VUs, 749 complete and 0 interrupted iterations
saturation   [  40% ] 105/112 VUs  04m45.0s/12m0s  06.87 iters/s

running (04m46.0s), 109/112 VUs, 752 complete and 0 interrupted iterations
saturation   [  40% ] 109/112 VUs  04m46.0s/12m0s  06.91 iters/s

running (04m47.0s), 114/114 VUs, 752 complete and 0 interrupted iterations
saturation   [  40% ] 114/114 VUs  04m47.0s/12m0s  06.96 iters/s

running (04m48.0s), 115/117 VUs, 755 complete and 0 interrupted iterations
saturation   [  40% ] 115/117 VUs  04m48.0s/12m0s  07.00 iters/s

running (04m49.0s), 112/117 VUs, 765 complete and 0 interrupted iterations
saturation   [  40% ] 112/117 VUs  04m49.0s/12m0s  07.04 iters/s

running (04m50.0s), 112/117 VUs, 772 complete and 0 interrupted iterations
saturation   [  40% ] 112/117 VUs  04m50.0s/12m0s  07.08 iters/s

running (04m51.0s), 118/118 VUs, 772 complete and 0 interrupted iterations
saturation   [  40% ] 118/118 VUs  04m51.0s/12m0s  07.12 iters/s

running (04m52.0s), 122/122 VUs, 772 complete and 0 interrupted iterations
saturation   [  41% ] 122/122 VUs  04m52.0s/12m0s  07.17 iters/s

running (04m53.0s), 122/123 VUs, 778 complete and 0 interrupted iterations
saturation   [  41% ] 122/123 VUs  04m53.0s/12m0s  07.21 iters/s

running (04m54.0s), 118/123 VUs, 789 complete and 0 interrupted iterations
saturation   [  41% ] 118/123 VUs  04m54.0s/12m0s  07.25 iters/s

running (04m55.0s), 122/123 VUs, 792 complete and 0 interrupted iterations
saturation   [  41% ] 122/123 VUs  04m55.0s/12m0s  07.29 iters/s

running (04m56.0s), 126/127 VUs, 792 complete and 0 interrupted iterations
saturation   [  41% ] 126/127 VUs  04m56.0s/12m0s  07.33 iters/s

running (04m57.0s), 129/130 VUs, 793 complete and 0 interrupted iterations
saturation   [  41% ] 129/130 VUs  04m57.0s/12m0s  07.37 iters/s

running (04m58.0s), 127/130 VUs, 802 complete and 0 interrupted iterations
saturation   [  41% ] 127/130 VUs  04m58.0s/12m0s  07.41 iters/s

running (04m59.0s), 126/130 VUs, 811 complete and 0 interrupted iterations
saturation   [  42% ] 126/130 VUs  04m59.0s/12m0s  07.46 iters/s

running (05m00.0s), 131/131 VUs, 812 complete and 0 interrupted iterations
saturation   [  42% ] 131/131 VUs  05m00.0s/12m0s  07.50 iters/s

running (05m01.0s), 135/135 VUs, 812 complete and 0 interrupted iterations
saturation   [  42% ] 135/135 VUs  05m01.0s/12m0s  07.54 iters/s

running (05m02.0s), 130/136 VUs, 823 complete and 0 interrupted iterations
saturation   [  42% ] 130/136 VUs  05m02.0s/12m0s  07.58 iters/s

running (05m03.0s), 131/136 VUs, 830 complete and 0 interrupted iterations
saturation   [  42% ] 131/136 VUs  05m03.0s/12m0s  07.62 iters/s

running (05m04.0s), 136/136 VUs, 832 complete and 0 interrupted iterations
saturation   [  42% ] 136/136 VUs  05m04.0s/12m0s  07.66 iters/s

running (05m05.0s), 140/140 VUs, 832 complete and 0 interrupted iterations
saturation   [  42% ] 140/140 VUs  05m05.0s/12m0s  07.71 iters/s

running (05m06.0s), 141/143 VUs, 836 complete and 0 interrupted iterations
saturation   [  42% ] 141/143 VUs  05m06.0s/12m0s  07.75 iters/s

running (05m07.0s), 139/143 VUs, 846 complete and 0 interrupted iterations
saturation   [  43% ] 139/143 VUs  05m07.0s/12m0s  07.79 iters/s

running (05m08.0s), 141/143 VUs, 852 complete and 0 interrupted iterations
saturation   [  43% ] 141/143 VUs  05m08.0s/12m0s  07.83 iters/s

running (05m09.0s), 145/146 VUs, 852 complete and 0 interrupted iterations
saturation   [  43% ] 145/146 VUs  05m09.0s/12m0s  07.87 iters/s

running (05m10.0s), 148/149 VUs, 854 complete and 0 interrupted iterations
saturation   [  43% ] 148/149 VUs  05m10.0s/12m0s  07.91 iters/s

running (05m11.0s), 145/149 VUs, 865 complete and 0 interrupted iterations
saturation   [  43% ] 145/149 VUs  05m11.0s/12m0s  07.96 iters/s

running (05m12.0s), 146/149 VUs, 872 complete and 0 interrupted iterations
saturation   [  43% ] 146/149 VUs  05m12.0s/12m0s  08.00 iters/s

running (05m13.0s), 151/152 VUs, 872 complete and 0 interrupted iterations
saturation   [  43% ] 151/152 VUs  05m13.0s/12m0s  08.04 iters/s

running (05m14.0s), 155/156 VUs, 872 complete and 0 interrupted iterations
saturation   [  44% ] 155/156 VUs  05m14.0s/12m0s  08.08 iters/s

running (05m15.0s), 152/156 VUs, 883 complete and 0 interrupted iterations
saturation   [  44% ] 152/156 VUs  05m15.0s/12m0s  08.12 iters/s

running (05m16.0s), 151/156 VUs, 892 complete and 0 interrupted iterations
saturation   [  44% ] 151/156 VUs  05m16.0s/12m0s  08.16 iters/s

running (05m17.0s), 158/158 VUs, 892 complete and 0 interrupted iterations
saturation   [  44% ] 158/158 VUs  05m17.0s/12m0s  08.21 iters/s

running (05m18.0s), 162/162 VUs, 892 complete and 0 interrupted iterations
saturation   [  44% ] 162/162 VUs  05m18.0s/12m0s  08.25 iters/s

running (05m19.0s), 160/164 VUs, 900 complete and 0 interrupted iterations
saturation   [  44% ] 160/164 VUs  05m19.0s/12m0s  08.29 iters/s

running (05m20.0s), 158/164 VUs, 910 complete and 0 interrupted iterations
saturation   [  44% ] 158/164 VUs  05m20.0s/12m0s  08.33 iters/s

running (05m21.0s), 164/165 VUs, 912 complete and 0 interrupted iterations
saturation   [  45% ] 164/165 VUs  05m21.0s/12m0s  08.37 iters/s

running (05m22.0s), 168/169 VUs, 912 complete and 0 interrupted iterations
saturation   [  45% ] 168/169 VUs  05m22.0s/12m0s  08.41 iters/s

running (05m23.0s), 173/173 VUs, 912 complete and 0 interrupted iterations
saturation   [  45% ] 173/173 VUs  05m23.0s/12m0s  08.46 iters/s

running (05m24.0s), 170/173 VUs, 923 complete and 0 interrupted iterations
saturation   [  45% ] 170/173 VUs  05m24.0s/12m0s  08.50 iters/s

running (05m25.0s), 170/173 VUs, 932 complete and 0 interrupted iterations
saturation   [  45% ] 170/173 VUs  05m25.0s/12m0s  08.54 iters/s

running (05m26.0s), 175/176 VUs, 932 complete and 0 interrupted iterations
saturation   [  45% ] 175/176 VUs  05m26.0s/12m0s  08.58 iters/s

running (05m27.0s), 180/180 VUs, 932 complete and 0 interrupted iterations
saturation   [  45% ] 180/180 VUs  05m27.0s/12m0s  08.62 iters/s

running (05m28.0s), 180/181 VUs, 939 complete and 0 interrupted iterations
saturation   [  46% ] 180/181 VUs  05m28.0s/12m0s  08.66 iters/s

running (05m29.0s), 180/182 VUs, 947 complete and 0 interrupted iterations
saturation   [  46% ] 180/182 VUs  05m29.0s/12m0s  08.71 iters/s

running (05m30.0s), 183/183 VUs, 952 complete and 0 interrupted iterations
saturation   [  46% ] 183/183 VUs  05m30.0s/12m0s  08.75 iters/s

running (05m31.0s), 187/188 VUs, 952 complete and 0 interrupted iterations
saturation   [  46% ] 187/188 VUs  05m31.0s/12m0s  08.79 iters/s

running (05m32.0s), 189/191 VUs, 955 complete and 0 interrupted iterations
saturation   [  46% ] 189/191 VUs  05m32.0s/12m0s  08.83 iters/s

running (05m33.0s), 188/191 VUs, 965 complete and 0 interrupted iterations
saturation   [  46% ] 188/191 VUs  05m33.0s/12m0s  08.87 iters/s

running (05m34.0s), 190/191 VUs, 972 complete and 0 interrupted iterations
saturation   [  46% ] 190/191 VUs  05m34.0s/12m0s  08.91 iters/s

running (05m35.0s), 195/195 VUs, 972 complete and 0 interrupted iterations
saturation   [  47% ] 195/195 VUs  05m35.0s/12m0s  08.96 iters/s

running (05m36.0s), 199/200 VUs, 972 complete and 0 interrupted iterations
saturation   [  47% ] 199/200 VUs  05m36.0s/12m0s  09.00 iters/s

running (05m37.0s), 200/202 VUs, 978 complete and 0 interrupted iterations
saturation   [  47% ] 200/202 VUs  05m37.0s/12m0s  09.04 iters/s

running (05m38.0s), 201/203 VUs, 985 complete and 0 interrupted iterations
saturation   [  47% ] 201/203 VUs  05m38.0s/12m0s  09.08 iters/s

running (05m39.0s), 203/203 VUs, 992 complete and 0 interrupted iterations
saturation   [  47% ] 203/203 VUs  05m39.0s/12m0s  09.12 iters/s

running (05m40.0s), 207/208 VUs, 992 complete and 0 interrupted iterations
saturation   [  47% ] 207/208 VUs  05m40.0s/12m0s  09.16 iters/s

running (05m41.0s), 212/213 VUs, 992 complete and 0 interrupted iterations
saturation   [  47% ] 212/213 VUs  05m41.0s/12m0s  09.21 iters/s

running (05m42.0s), 214/214 VUs, 998 complete and 0 interrupted iterations
saturation   [  47% ] 214/214 VUs  05m42.0s/12m0s  09.25 iters/s

running (05m43.0s), 211/214 VUs, 1010 complete and 0 interrupted iterations
saturation   [  48% ] 211/214 VUs  05m43.0s/12m0s  09.29 iters/s

running (05m44.0s), 216/216 VUs, 1012 complete and 0 interrupted iterations
saturation   [  48% ] 216/216 VUs  05m44.0s/12m0s  09.33 iters/s

running (05m45.0s), 221/221 VUs, 1012 complete and 0 interrupted iterations
saturation   [  48% ] 221/221 VUs  05m45.0s/12m0s  09.37 iters/s

running (05m46.0s), 224/224 VUs, 1015 complete and 0 interrupted iterations
saturation   [  48% ] 224/224 VUs  05m46.0s/12m0s  09.41 iters/s

running (05m47.0s), 224/225 VUs, 1024 complete and 0 interrupted iterations
saturation   [  48% ] 224/225 VUs  05m47.0s/12m0s  09.46 iters/s

running (05m48.0s), 225/225 VUs, 1032 complete and 0 interrupted iterations
saturation   [  48% ] 225/225 VUs  05m48.0s/12m0s  09.50 iters/s

running (05m49.0s), 228/228 VUs, 1036 complete and 0 interrupted iterations
saturation   [  48% ] 228/228 VUs  05m49.0s/12m0s  09.54 iters/s

running (05m50.0s), 223/230 VUs, 1048 complete and 0 interrupted iterations
saturation   [  49% ] 223/230 VUs  05m50.0s/12m0s  09.58 iters/s

running (05m51.0s), 229/230 VUs, 1052 complete and 0 interrupted iterations
saturation   [  49% ] 229/230 VUs  05m51.0s/12m0s  09.62 iters/s

running (05m52.0s), 230/232 VUs, 1058 complete and 0 interrupted iterations
saturation   [  49% ] 230/232 VUs  05m52.0s/12m0s  09.66 iters/s

running (05m53.0s), 233/234 VUs, 1063 complete and 0 interrupted iterations
saturation   [  49% ] 233/234 VUs  05m53.0s/12m0s  09.71 iters/s

running (05m54.0s), 233/235 VUs, 1072 complete and 0 interrupted iterations
saturation   [  49% ] 233/235 VUs  05m54.0s/12m0s  09.75 iters/s

running (05m55.0s), 235/235 VUs, 1080 complete and 0 interrupted iterations
saturation   [  49% ] 235/235 VUs  05m55.0s/12m0s  09.79 iters/s

running (05m56.0s), 238/239 VUs, 1082 complete and 0 interrupted iterations
saturation   [  49% ] 238/239 VUs  05m56.0s/12m0s  09.83 iters/s

running (05m57.0s), 241/241 VUs, 1087 complete and 0 interrupted iterations
saturation   [  50% ] 241/241 VUs  05m57.0s/12m0s  09.87 iters/s

running (05m58.0s), 246/246 VUs, 1087 complete and 0 interrupted iterations
saturation   [  50% ] 246/246 VUs  05m58.0s/12m0s  09.91 iters/s

running (05m59.0s), 243/250 VUs, 1096 complete and 0 interrupted iterations
saturation   [  50% ] 243/250 VUs  05m59.0s/12m0s  09.96 iters/s

running (06m00.0s), 241/250 VUs, 1108 complete and 0 interrupted iterations
saturation   [  50% ] 241/250 VUs  06m00.0s/12m0s  10.00 iters/s

running (06m01.0s), 243/250 VUs, 1116 complete and 0 interrupted iterations
saturation   [  50% ] 243/250 VUs  06m01.0s/12m0s  10.08 iters/s

running (06m02.0s), 249/251 VUs, 1119 complete and 0 interrupted iterations
saturation   [  50% ] 249/251 VUs  06m02.0s/12m0s  10.16 iters/s

running (06m03.0s), 250/251 VUs, 1128 complete and 0 interrupted iterations
saturation   [  50% ] 250/251 VUs  06m03.0s/12m0s  10.24 iters/s

running (06m04.0s), 253/254 VUs, 1133 complete and 0 interrupted iterations
saturation   [  51% ] 253/254 VUs  06m04.0s/12m0s  10.33 iters/s

running (06m05.0s), 252/255 VUs, 1143 complete and 0 interrupted iterations
saturation   [  51% ] 252/255 VUs  06m05.0s/12m0s  10.41 iters/s

running (06m06.0s), 256/257 VUs, 1148 complete and 0 interrupted iterations
saturation   [  51% ] 256/257 VUs  06m06.0s/12m0s  10.50 iters/s

running (06m07.0s), 260/261 VUs, 1150 complete and 0 interrupted iterations
saturation   [  51% ] 260/261 VUs  06m07.0s/12m0s  10.58 iters/s

running (06m08.0s), 255/263 VUs, 1164 complete and 0 interrupted iterations
saturation   [  51% ] 255/263 VUs  06m08.0s/12m0s  10.67 iters/s

running (06m09.0s), 262/263 VUs, 1167 complete and 0 interrupted iterations
saturation   [  51% ] 262/263 VUs  06m09.0s/12m0s  10.74 iters/s

running (06m10.0s), 266/267 VUs, 1170 complete and 0 interrupted iterations
saturation   [  51% ] 266/267 VUs  06m10.0s/12m0s  10.83 iters/s

running (06m11.0s), 272/272 VUs, 1170 complete and 0 interrupted iterations
saturation   [  52% ] 272/272 VUs  06m11.0s/12m0s  10.91 iters/s

running (06m12.0s), 267/275 VUs, 1183 complete and 0 interrupted iterations
saturation   [  52% ] 267/275 VUs  06m12.0s/12m0s  11.00 iters/s

running (06m13.0s), 268/275 VUs, 1193 complete and 0 interrupted iterations
saturation   [  52% ] 268/275 VUs  06m13.0s/12m0s  11.08 iters/s

running (06m14.0s), 271/275 VUs, 1201 complete and 0 interrupted iterations
saturation   [  52% ] 271/275 VUs  06m14.0s/12m0s  11.16 iters/s

running (06m15.0s), 275/275 VUs, 1208 complete and 0 interrupted iterations
saturation   [  52% ] 275/275 VUs  06m15.0s/12m0s  11.24 iters/s

running (06m16.0s), 277/279 VUs, 1214 complete and 0 interrupted iterations
saturation   [  52% ] 277/279 VUs  06m16.0s/12m0s  11.33 iters/s

running (06m17.0s), 275/281 VUs, 1225 complete and 0 interrupted iterations
saturation   [  52% ] 275/281 VUs  06m17.0s/12m0s  11.41 iters/s

running (06m18.0s), 281/281 VUs, 1230 complete and 0 interrupted iterations
saturation   [  52% ] 281/281 VUs  06m18.0s/12m0s  11.50 iters/s

running (06m19.0s), 284/285 VUs, 1235 complete and 0 interrupted iterations
saturation   [  53% ] 284/285 VUs  06m19.0s/12m0s  11.58 iters/s

running (06m20.0s), 284/287 VUs, 1245 complete and 0 interrupted iterations
saturation   [  53% ] 284/287 VUs  06m20.0s/12m0s  11.67 iters/s

running (06m21.0s), 285/288 VUs, 1254 complete and 0 interrupted iterations
saturation   [  53% ] 285/288 VUs  06m21.0s/12m0s  11.74 iters/s

running (06m22.0s), 289/289 VUs, 1261 complete and 0 interrupted iterations
saturation   [  53% ] 289/289 VUs  06m22.0s/12m0s  11.83 iters/s

running (06m23.0s), 295/295 VUs, 1261 complete and 0 interrupted iterations
saturation   [  53% ] 295/295 VUs  06m23.0s/12m0s  11.91 iters/s

running (06m24.0s), 295/300 VUs, 1268 complete and 0 interrupted iterations
saturation   [  53% ] 295/300 VUs  06m24.0s/12m0s  12.00 iters/s

running (06m25.0s), 302/302 VUs, 1271 complete and 0 interrupted iterations
saturation   [  53% ] 302/302 VUs  06m25.0s/12m0s  12.08 iters/s

running (06m26.0s), 301/304 VUs, 1282 complete and 0 interrupted iterations
saturation   [  54% ] 301/304 VUs  06m26.0s/12m0s  12.16 iters/s

running (06m27.0s), 302/304 VUs, 1293 complete and 0 interrupted iterations
saturation   [  54% ] 302/304 VUs  06m27.0s/12m0s  12.24 iters/s

running (06m28.0s), 304/306 VUs, 1302 complete and 0 interrupted iterations
saturation   [  54% ] 304/306 VUs  06m28.0s/12m0s  12.33 iters/s

running (06m29.0s), 310/311 VUs, 1303 complete and 0 interrupted iterations
saturation   [  54% ] 310/311 VUs  06m29.0s/12m0s  12.41 iters/s

running (06m30.0s), 310/312 VUs, 1314 complete and 0 interrupted iterations
saturation   [  54% ] 310/312 VUs  06m30.0s/12m0s  12.49 iters/s

running (06m31.0s), 312/313 VUs, 1324 complete and 0 interrupted iterations
saturation   [  54% ] 312/313 VUs  06m31.0s/12m0s  12.58 iters/s

running (06m32.0s), 315/316 VUs, 1331 complete and 0 interrupted iterations
saturation   [  54% ] 315/316 VUs  06m32.0s/12m0s  12.67 iters/s

running (06m33.0s), 319/319 VUs, 1336 complete and 0 interrupted iterations
saturation   [  55% ] 319/319 VUs  06m33.0s/12m0s  12.74 iters/s

running (06m34.0s), 322/323 VUs, 1342 complete and 0 interrupted iterations
saturation   [  55% ] 322/323 VUs  06m34.0s/12m0s  12.83 iters/s

running (06m35.0s), 323/324 VUs, 1353 complete and 0 interrupted iterations
saturation   [  55% ] 323/324 VUs  06m35.0s/12m0s  12.91 iters/s

running (06m36.0s), 323/328 VUs, 1362 complete and 0 interrupted iterations
saturation   [  55% ] 323/328 VUs  06m36.0s/12m0s  13.00 iters/s

running (06m37.0s), 329/329 VUs, 1368 complete and 0 interrupted iterations
saturation   [  55% ] 329/329 VUs  06m37.0s/12m0s  13.08 iters/s

running (06m38.0s), 326/331 VUs, 1382 complete and 0 interrupted iterations
saturation   [  55% ] 326/331 VUs  06m38.0s/12m0s  13.16 iters/s

running (06m39.0s), 334/334 VUs, 1384 complete and 0 interrupted iterations
saturation   [  55% ] 334/334 VUs  06m39.0s/12m0s  13.24 iters/s

running (06m40.0s), 335/336 VUs, 1395 complete and 0 interrupted iterations
saturation   [  56% ] 335/336 VUs  06m40.0s/12m0s  13.33 iters/s

running (06m41.0s), 338/338 VUs, 1403 complete and 0 interrupted iterations
saturation   [  56% ] 338/338 VUs  06m41.0s/12m0s  13.41 iters/s

running (06m42.0s), 339/343 VUs, 1410 complete and 0 interrupted iterations
saturation   [  56% ] 339/343 VUs  06m42.0s/12m0s  13.49 iters/s

running (06m43.0s), 343/343 VUs, 1420 complete and 0 interrupted iterations
saturation   [  56% ] 343/343 VUs  06m43.0s/12m0s  13.58 iters/s

running (06m44.0s), 343/348 VUs, 1429 complete and 0 interrupted iterations
saturation   [  56% ] 343/348 VUs  06m44.0s/12m0s  13.67 iters/s

running (06m45.0s), 350/352 VUs, 1431 complete and 0 interrupted iterations
saturation   [  56% ] 350/352 VUs  06m45.0s/12m0s  13.74 iters/s

running (06m46.0s), 352/353 VUs, 1442 complete and 0 interrupted iterations
saturation   [  56% ] 352/353 VUs  06m46.0s/12m0s  13.83 iters/s

running (06m47.0s), 356/356 VUs, 1449 complete and 0 interrupted iterations
saturation   [  57% ] 356/356 VUs  06m47.0s/12m0s  13.91 iters/s

running (06m48.0s), 359/359 VUs, 1457 complete and 0 interrupted iterations
saturation   [  57% ] 359/359 VUs  06m48.0s/12m0s  14.00 iters/s

running (06m49.0s), 359/365 VUs, 1465 complete and 0 interrupted iterations
saturation   [  57% ] 359/365 VUs  06m49.0s/12m0s  14.08 iters/s

running (06m50.0s), 369/369 VUs, 1465 complete and 0 interrupted iterations
saturation   [  57% ] 369/369 VUs  06m50.0s/12m0s  14.16 iters/s

running (06m51.0s), 370/371 VUs, 1476 complete and 0 interrupted iterations
saturation   [  57% ] 370/371 VUs  06m51.0s/12m0s  14.24 iters/s

running (06m52.0s), 371/374 VUs, 1487 complete and 0 interrupted iterations
saturation   [  57% ] 371/374 VUs  06m52.0s/12m0s  14.33 iters/s

running (06m53.0s), 378/378 VUs, 1490 complete and 0 interrupted iterations
saturation   [  57% ] 378/378 VUs  06m53.0s/12m0s  14.41 iters/s

running (06m54.0s), 380/381 VUs, 1499 complete and 0 interrupted iterations
saturation   [  57% ] 380/381 VUs  06m54.0s/12m0s  14.49 iters/s

running (06m55.0s), 382/382 VUs, 1511 complete and 0 interrupted iterations
saturation   [  58% ] 382/382 VUs  06m55.0s/12m0s  14.58 iters/s

running (06m56.0s), 389/390 VUs, 1511 complete and 0 interrupted iterations
saturation   [  58% ] 389/390 VUs  06m56.0s/12m0s  14.67 iters/s

running (06m57.0s), 392/396 VUs, 1516 complete and 0 interrupted iterations
saturation   [  58% ] 392/396 VUs  06m57.0s/12m0s  14.75 iters/s

running (06m58.0s), 395/396 VUs, 1528 complete and 0 interrupted iterations
saturation   [  58% ] 395/396 VUs  06m58.0s/12m0s  14.83 iters/s

running (06m59.0s), 399/401 VUs, 1534 complete and 0 interrupted iterations
saturation   [  58% ] 399/401 VUs  06m59.0s/12m0s  14.91 iters/s

running (07m00.0s), 400/401 VUs, 1548 complete and 0 interrupted iterations
saturation   [  58% ] 400/401 VUs  07m00.0s/12m0s  15.00 iters/s

running (07m01.0s), 398/406 VUs, 1560 complete and 0 interrupted iterations
saturation   [  58% ] 398/406 VUs  07m01.0s/12m0s  15.08 iters/s

running (07m02.0s), 406/406 VUs, 1567 complete and 0 interrupted iterations
saturation   [  59% ] 406/406 VUs  07m02.0s/12m0s  15.16 iters/s

running (07m03.0s), 402/410 VUs, 1582 complete and 0 interrupted iterations
saturation   [  59% ] 402/410 VUs  07m03.0s/12m0s  15.25 iters/s

running (07m04.0s), 411/411 VUs, 1587 complete and 0 interrupted iterations
saturation   [  59% ] 411/411 VUs  07m04.0s/12m0s  15.33 iters/s

running (07m05.0s), 419/419 VUs, 1587 complete and 0 interrupted iterations
saturation   [  59% ] 419/419 VUs  07m05.0s/12m0s  15.41 iters/s

running (07m06.0s), 413/424 VUs, 1603 complete and 0 interrupted iterations
saturation   [  59% ] 413/424 VUs  07m06.0s/12m0s  15.49 iters/s

running (07m07.0s), 424/425 VUs, 1607 complete and 0 interrupted iterations
saturation   [  59% ] 424/425 VUs  07m07.0s/12m0s  15.58 iters/s

running (07m08.0s), 421/428 VUs, 1623 complete and 0 interrupted iterations
saturation   [  59% ] 421/428 VUs  07m08.0s/12m0s  15.67 iters/s

running (07m09.0s), 430/430 VUs, 1627 complete and 0 interrupted iterations
saturation   [  60% ] 430/430 VUs  07m09.0s/12m0s  15.75 iters/s

running (07m10.0s), 427/435 VUs, 1641 complete and 0 interrupted iterations
saturation   [  60% ] 427/435 VUs  07m10.0s/12m0s  15.83 iters/s

running (07m11.0s), 436/436 VUs, 1647 complete and 0 interrupted iterations
saturation   [  60% ] 436/436 VUs  07m11.0s/12m0s  15.91 iters/s

running (07m12.0s), 434/440 VUs, 1661 complete and 0 interrupted iterations
saturation   [  60% ] 434/440 VUs  07m12.0s/12m0s  16.00 iters/s

running (07m13.0s), 442/442 VUs, 1667 complete and 0 interrupted iterations
saturation   [  60% ] 442/442 VUs  07m13.0s/12m0s  16.08 iters/s

running (07m14.0s), 448/449 VUs, 1670 complete and 0 interrupted iterations
saturation   [  60% ] 448/449 VUs  07m14.0s/12m0s  16.16 iters/s

running (07m15.0s), 446/450 VUs, 1687 complete and 0 interrupted iterations
saturation   [  60% ] 446/450 VUs  07m15.0s/12m0s  16.25 iters/s

running (07m16.0s), 455/456 VUs, 1688 complete and 0 interrupted iterations
saturation   [  61% ] 455/456 VUs  07m16.0s/12m0s  16.33 iters/s

running (07m17.0s), 453/456 VUs, 1707 complete and 0 interrupted iterations
saturation   [  61% ] 453/456 VUs  07m17.0s/12m0s  16.41 iters/s

running (07m18.0s), 462/463 VUs, 1707 complete and 0 interrupted iterations
saturation   [  61% ] 462/463 VUs  07m18.0s/12m0s  16.49 iters/s

running (07m19.0s), 471/471 VUs, 1707 complete and 0 interrupted iterations
saturation   [  61% ] 471/471 VUs  07m19.0s/12m0s  16.58 iters/s

running (07m20.0s), 465/473 VUs, 1727 complete and 0 interrupted iterations
saturation   [  61% ] 465/473 VUs  07m20.0s/12m0s  16.66 iters/s

running (07m21.0s), 474/477 VUs, 1731 complete and 0 interrupted iterations
saturation   [  61% ] 474/477 VUs  07m21.0s/12m0s  16.75 iters/s

running (07m22.0s), 481/481 VUs, 1737 complete and 0 interrupted iterations
saturation   [  61% ] 481/481 VUs  07m22.0s/12m0s  16.83 iters/s

running (07m23.0s), 479/486 VUs, 1751 complete and 0 interrupted iterations
saturation   [  62% ] 479/486 VUs  07m23.0s/12m0s  16.91 iters/s

running (07m24.0s), 490/490 VUs, 1753 complete and 0 interrupted iterations
saturation   [  62% ] 490/490 VUs  07m24.0s/12m0s  17.00 iters/s

running (07m25.0s), 493/494 VUs, 1763 complete and 0 interrupted iterations
saturation   [  62% ] 493/494 VUs  07m25.0s/12m0s  17.08 iters/s

running (07m26.0s), 497/497 VUs, 1773 complete and 0 interrupted iterations
saturation   [  62% ] 497/497 VUs  07m26.0s/12m0s  17.16 iters/s

running (07m27.0s), 499/501 VUs, 1784 complete and 0 interrupted iterations
saturation   [  62% ] 499/501 VUs  07m27.0s/12m0s  17.25 iters/s

running (07m28.0s), 504/504 VUs, 1793 complete and 0 interrupted iterations
saturation   [  62% ] 504/504 VUs  07m28.0s/12m0s  17.33 iters/s

running (07m29.0s), 510/510 VUs, 1799 complete and 0 interrupted iterations
saturation   [  62% ] 510/510 VUs  07m29.0s/12m0s  17.41 iters/s

running (07m30.0s), 509/514 VUs, 1813 complete and 0 interrupted iterations
saturation   [  62% ] 509/514 VUs  07m30.0s/12m0s  17.50 iters/s

running (07m31.0s), 518/520 VUs, 1816 complete and 0 interrupted iterations
saturation   [  63% ] 518/520 VUs  07m31.0s/12m0s  17.58 iters/s

running (07m32.0s), 523/524 VUs, 1824 complete and 0 interrupted iterations
saturation   [  63% ] 523/524 VUs  07m32.0s/12m0s  17.66 iters/s

running (07m33.0s), 528/528 VUs, 1833 complete and 0 interrupted iterations
saturation   [  63% ] 528/528 VUs  07m33.0s/12m0s  17.75 iters/s

running (07m34.0s), 528/534 VUs, 1845 complete and 0 interrupted iterations
saturation   [  63% ] 528/534 VUs  07m34.0s/12m0s  17.83 iters/s

running (07m35.0s), 536/536 VUs, 1853 complete and 0 interrupted iterations
saturation   [  63% ] 536/536 VUs  07m35.0s/12m0s  17.91 iters/s

running (07m36.0s), 543/544 VUs, 1856 complete and 0 interrupted iterations
saturation   [  63% ] 543/544 VUs  07m36.0s/12m0s  18.00 iters/s

running (07m37.0s), 546/547 VUs, 1868 complete and 0 interrupted iterations
saturation   [  63% ] 546/547 VUs  07m37.0s/12m0s  18.08 iters/s

running (07m38.0s), 553/553 VUs, 1873 complete and 0 interrupted iterations
saturation   [  64% ] 553/553 VUs  07m38.0s/12m0s  18.16 iters/s

running (07m39.0s), 554/555 VUs, 1888 complete and 0 interrupted iterations
saturation   [  64% ] 554/555 VUs  07m39.0s/12m0s  18.25 iters/s

running (07m40.0s), 561/561 VUs, 1893 complete and 0 interrupted iterations
saturation   [  64% ] 561/561 VUs  07m40.0s/12m0s  18.33 iters/s

running (07m41.0s), 559/563 VUs, 1912 complete and 0 interrupted iterations
saturation   [  64% ] 559/563 VUs  07m41.0s/12m0s  18.41 iters/s

running (07m42.0s), 569/570 VUs, 1913 complete and 0 interrupted iterations
saturation   [  64% ] 569/570 VUs  07m42.0s/12m0s  18.50 iters/s

running (07m43.0s), 566/575 VUs, 1930 complete and 0 interrupted iterations
saturation   [  64% ] 566/575 VUs  07m43.0s/12m0s  18.58 iters/s

running (07m44.0s), 579/580 VUs, 1930 complete and 0 interrupted iterations
saturation   [  64% ] 579/580 VUs  07m44.0s/12m0s  18.66 iters/s

running (07m45.0s), 581/582 VUs, 1945 complete and 0 interrupted iterations
saturation   [  65% ] 581/582 VUs  07m45.0s/12m0s  18.75 iters/s

running (07m46.0s), 587/587 VUs, 1953 complete and 0 interrupted iterations
saturation   [  65% ] 587/587 VUs  07m46.0s/12m0s  18.83 iters/s

running (07m47.0s), 583/590 VUs, 1973 complete and 0 interrupted iterations
saturation   [  65% ] 583/590 VUs  07m47.0s/12m0s  18.91 iters/s

running (07m48.0s), 596/596 VUs, 1973 complete and 0 interrupted iterations
saturation   [  65% ] 596/596 VUs  07m48.0s/12m0s  19.00 iters/s

running (07m49.0s), 597/601 VUs, 1986 complete and 0 interrupted iterations
saturation   [  65% ] 597/601 VUs  07m49.0s/12m0s  19.08 iters/s

running (07m50.0s), 601/603 VUs, 1999 complete and 0 interrupted iterations
saturation   [  65% ] 601/603 VUs  07m50.0s/12m0s  19.16 iters/s

running (07m51.0s), 604/605 VUs, 2013 complete and 0 interrupted iterations
saturation   [  65% ] 604/605 VUs  07m51.0s/12m0s  19.25 iters/s

running (07m52.0s), 610/611 VUs, 2020 complete and 0 interrupted iterations
saturation   [  66% ] 610/611 VUs  07m52.0s/12m0s  19.33 iters/s

running (07m53.0s), 614/614 VUs, 2033 complete and 0 interrupted iterations
saturation   [  66% ] 614/614 VUs  07m53.0s/12m0s  19.41 iters/s

running (07m54.0s), 622/622 VUs, 2036 complete and 0 interrupted iterations
saturation   [  66% ] 622/622 VUs  07m54.0s/12m0s  19.50 iters/s

running (07m55.0s), 623/624 VUs, 2053 complete and 0 interrupted iterations
saturation   [  66% ] 623/624 VUs  07m55.0s/12m0s  19.58 iters/s

running (07m56.0s), 633/633 VUs, 2053 complete and 0 interrupted iterations
saturation   [  66% ] 633/633 VUs  07m56.0s/12m0s  19.66 iters/s

running (07m57.0s), 633/636 VUs, 2070 complete and 0 interrupted iterations
saturation   [  66% ] 633/636 VUs  07m57.0s/12m0s  19.75 iters/s

running (07m58.0s), 643/643 VUs, 2073 complete and 0 interrupted iterations
saturation   [  66% ] 643/643 VUs  07m58.0s/12m0s  19.83 iters/s

================ DSP benchmark summary ================
-- per-phase latency --
  catalog                    p50=139.9 ms  p95=672.5 ms  p99=908.9 ms  max=1168.9 ms  n=2711
  negotiation init (POST)    p50=37.7 ms  p95=115.6 ms  p99=169.3 ms  max=273.9 ms  n=2711
  time-to-AGREED (async)     p50=4323.0 ms  p95=22452.0 ms  p99=26255.4 ms  max=28427.0 ms  n=2313
  transfer init (POST)       p50=78.2 ms  p95=192.9 ms  p99=268.4 ms  max=432.7 ms  n=2313
  time-to-EDR (async)        p50=5313.0 ms  p95=26807.8 ms  p99=29246.5 ms  max=29603.0 ms  n=1032
  data pull                  p50=26.2 ms  p95=46.2 ms  p99=48.6 ms  max=88.5 ms  n=1032
-- end-to-end + throughput --
  e2e transaction            p50=9128.5 ms  p95=30725.0 ms  p99=33879.8 ms  max=35118.0 ms  n=1032
  data throughput (MB/s)     p50=0.2  p95=0.2  p99=0.2  max=0.2  n=1032
-- outcomes --
  transactions succeeded     count=1032  rate=2.158/s
  transactions failed        count=1041  rate=2.176/s
  failed rate                rate=50.22%  (pass=1041 fail=1032)
-- observer effect (poll load) --
  negotiation polls          count=84046  rate=175.717/s
  edr polls                  count=180255  rate=376.863/s
=======================================================
(full summary -> /home/rohitj/edc/benchmarking-factoryx-edc/resources/local-fx-mvd/k6-scripts/results/factoryx/saturation-open/2026-07-29T16-31-08Z/k6-summary.json; POLL_INTERVAL_MS=250; IDENTITY_MODE=on)

running (07m58.3s), 000/643 VUs, 2073 complete and 643 interrupted iterations
saturation ✗ [  66% ] 597/643 VUs  07m58.1s/12m0s  19.83 iters/s
time="2026-07-29T16:40:12Z" level=error msg="thresholds on metrics 'dsp_transaction_failed_rate' were crossed; at least one has abortOnFail enabled, stopping test prematurely"
