
         /\      Grafana   /‾‾/  
    /\  /  \     |\  __   /  /   
   /  \/    \    | |/ /  /   ‾‾\ 
  /          \   |   (  |  (‾)  |
 / __________ \  |_|\_\  \_____/ 


     execution: local
        script: /home/rohitj/edc/benchmarking-factoryx-edc/resources/local-fx-mvd/k6-scripts/scenarios/payload-sweep.js
        output: Prometheus remote write (http://localhost:9090/api/v1/write)

     scenarios: (100.00%) 1 scenario, 4 max VUs, 1m30s max duration (incl. graceful stop):
              * pull: 4 looping VUs for 1m0s (gracefulStop: 30s)


Run    [ 100% ] setup()
pull   [   0% ]

Run    [ 100% ] setup()
pull   [   0% ]

Run    [ 100% ] setup()
pull   [   0% ]

running (0m04.0s), 4/4 VUs, 189 complete and 0 interrupted iterations
pull   [   0% ] 4 VUs  0m00.3s/1m0s

running (0m05.0s), 4/4 VUs, 964 complete and 0 interrupted iterations
pull   [   2% ] 4 VUs  0m01.3s/1m0s

running (0m06.0s), 4/4 VUs, 1763 complete and 0 interrupted iterations
pull   [   4% ] 4 VUs  0m02.3s/1m0s

running (0m07.0s), 4/4 VUs, 2589 complete and 0 interrupted iterations
pull   [   5% ] 4 VUs  0m03.3s/1m0s

running (0m08.0s), 4/4 VUs, 3412 complete and 0 interrupted iterations
pull   [   7% ] 4 VUs  0m04.3s/1m0s

running (0m09.0s), 4/4 VUs, 4244 complete and 0 interrupted iterations
pull   [   9% ] 4 VUs  0m05.3s/1m0s

running (0m10.0s), 4/4 VUs, 5077 complete and 0 interrupted iterations
pull   [  10% ] 4 VUs  0m06.3s/1m0s

running (0m11.0s), 4/4 VUs, 5912 complete and 0 interrupted iterations
pull   [  12% ] 4 VUs  0m07.3s/1m0s

running (0m12.0s), 4/4 VUs, 6750 complete and 0 interrupted iterations
pull   [  14% ] 4 VUs  0m08.3s/1m0s

running (0m13.0s), 4/4 VUs, 7595 complete and 0 interrupted iterations
pull   [  15% ] 4 VUs  0m09.3s/1m0s

running (0m14.0s), 4/4 VUs, 8418 complete and 0 interrupted iterations
pull   [  17% ] 4 VUs  0m10.3s/1m0s

running (0m15.0s), 4/4 VUs, 9254 complete and 0 interrupted iterations
pull   [  19% ] 4 VUs  0m11.3s/1m0s

running (0m16.0s), 4/4 VUs, 10095 complete and 0 interrupted iterations
pull   [  20% ] 4 VUs  0m12.3s/1m0s

running (0m17.0s), 4/4 VUs, 10941 complete and 0 interrupted iterations
pull   [  22% ] 4 VUs  0m13.3s/1m0s

running (0m18.0s), 4/4 VUs, 11782 complete and 0 interrupted iterations
pull   [  24% ] 4 VUs  0m14.3s/1m0s

running (0m19.0s), 4/4 VUs, 12619 complete and 0 interrupted iterations
pull   [  25% ] 4 VUs  0m15.3s/1m0s

running (0m20.0s), 4/4 VUs, 13454 complete and 0 interrupted iterations
pull   [  27% ] 4 VUs  0m16.3s/1m0s

running (0m21.0s), 4/4 VUs, 14298 complete and 0 interrupted iterations
pull   [  29% ] 4 VUs  0m17.3s/1m0s

running (0m22.0s), 4/4 VUs, 15141 complete and 0 interrupted iterations
pull   [  30% ] 4 VUs  0m18.3s/1m0s

running (0m23.0s), 4/4 VUs, 15981 complete and 0 interrupted iterations
pull   [  32% ] 4 VUs  0m19.3s/1m0s

running (0m24.0s), 4/4 VUs, 16808 complete and 0 interrupted iterations
pull   [  34% ] 4 VUs  0m20.3s/1m0s

running (0m25.0s), 4/4 VUs, 17649 complete and 0 interrupted iterations
pull   [  35% ] 4 VUs  0m21.3s/1m0s

running (0m26.0s), 4/4 VUs, 18497 complete and 0 interrupted iterations
pull   [  37% ] 4 VUs  0m22.3s/1m0s

running (0m27.0s), 4/4 VUs, 19337 complete and 0 interrupted iterations
pull   [  39% ] 4 VUs  0m23.3s/1m0s

running (0m28.0s), 4/4 VUs, 20175 complete and 0 interrupted iterations
pull   [  40% ] 4 VUs  0m24.3s/1m0s

running (0m29.0s), 4/4 VUs, 21012 complete and 0 interrupted iterations
pull   [  42% ] 4 VUs  0m25.3s/1m0s

running (0m30.0s), 4/4 VUs, 21849 complete and 0 interrupted iterations
pull   [  44% ] 4 VUs  0m26.3s/1m0s

running (0m31.0s), 4/4 VUs, 22680 complete and 0 interrupted iterations
pull   [  45% ] 4 VUs  0m27.3s/1m0s

running (0m32.0s), 4/4 VUs, 23521 complete and 0 interrupted iterations
pull   [  47% ] 4 VUs  0m28.3s/1m0s

running (0m33.0s), 4/4 VUs, 24359 complete and 0 interrupted iterations
pull   [  49% ] 4 VUs  0m29.3s/1m0s

running (0m34.0s), 4/4 VUs, 25194 complete and 0 interrupted iterations
pull   [  50% ] 4 VUs  0m30.3s/1m0s

running (0m35.0s), 4/4 VUs, 26023 complete and 0 interrupted iterations
pull   [  52% ] 4 VUs  0m31.3s/1m0s

running (0m36.0s), 4/4 VUs, 26862 complete and 0 interrupted iterations
pull   [  54% ] 4 VUs  0m32.3s/1m0s

running (0m37.0s), 4/4 VUs, 27710 complete and 0 interrupted iterations
pull   [  55% ] 4 VUs  0m33.3s/1m0s

running (0m38.0s), 4/4 VUs, 28552 complete and 0 interrupted iterations
pull   [  57% ] 4 VUs  0m34.3s/1m0s

running (0m39.0s), 4/4 VUs, 29382 complete and 0 interrupted iterations
pull   [  59% ] 4 VUs  0m35.3s/1m0s

running (0m40.0s), 4/4 VUs, 30229 complete and 0 interrupted iterations
pull   [  60% ] 4 VUs  0m36.3s/1m0s

running (0m41.0s), 4/4 VUs, 31067 complete and 0 interrupted iterations
pull   [  62% ] 4 VUs  0m37.3s/1m0s

running (0m42.0s), 4/4 VUs, 31915 complete and 0 interrupted iterations
pull   [  64% ] 4 VUs  0m38.3s/1m0s

running (0m43.0s), 4/4 VUs, 32763 complete and 0 interrupted iterations
pull   [  65% ] 4 VUs  0m39.3s/1m0s

running (0m44.0s), 4/4 VUs, 33609 complete and 0 interrupted iterations
pull   [  67% ] 4 VUs  0m40.3s/1m0s

running (0m45.0s), 4/4 VUs, 34445 complete and 0 interrupted iterations
pull   [  69% ] 4 VUs  0m41.3s/1m0s

running (0m46.0s), 4/4 VUs, 35238 complete and 0 interrupted iterations
pull   [  70% ] 4 VUs  0m42.3s/1m0s

running (0m47.0s), 4/4 VUs, 35955 complete and 0 interrupted iterations
pull   [  72% ] 4 VUs  0m43.3s/1m0s

running (0m48.0s), 4/4 VUs, 36679 complete and 0 interrupted iterations
pull   [  74% ] 4 VUs  0m44.3s/1m0s

running (0m49.0s), 4/4 VUs, 37413 complete and 0 interrupted iterations
pull   [  75% ] 4 VUs  0m45.3s/1m0s

running (0m50.0s), 4/4 VUs, 38147 complete and 0 interrupted iterations
pull   [  77% ] 4 VUs  0m46.3s/1m0s

running (0m51.0s), 4/4 VUs, 38855 complete and 0 interrupted iterations
pull   [  79% ] 4 VUs  0m47.3s/1m0s

running (0m52.0s), 4/4 VUs, 39600 complete and 0 interrupted iterations
pull   [  80% ] 4 VUs  0m48.3s/1m0s

running (0m53.0s), 4/4 VUs, 40343 complete and 0 interrupted iterations
pull   [  82% ] 4 VUs  0m49.3s/1m0s

running (0m54.0s), 4/4 VUs, 41071 complete and 0 interrupted iterations
pull   [  84% ] 4 VUs  0m50.3s/1m0s

running (0m55.0s), 4/4 VUs, 41804 complete and 0 interrupted iterations
pull   [  85% ] 4 VUs  0m51.3s/1m0s

running (0m56.0s), 4/4 VUs, 42546 complete and 0 interrupted iterations
pull   [  87% ] 4 VUs  0m52.3s/1m0s

running (0m57.0s), 4/4 VUs, 43287 complete and 0 interrupted iterations
pull   [  89% ] 4 VUs  0m53.3s/1m0s

running (0m58.0s), 4/4 VUs, 44012 complete and 0 interrupted iterations
pull   [  90% ] 4 VUs  0m54.3s/1m0s

running (0m59.0s), 4/4 VUs, 44732 complete and 0 interrupted iterations
pull   [  92% ] 4 VUs  0m55.3s/1m0s

running (1m00.0s), 4/4 VUs, 45472 complete and 0 interrupted iterations
pull   [  94% ] 4 VUs  0m56.3s/1m0s

running (1m01.0s), 4/4 VUs, 46190 complete and 0 interrupted iterations
pull   [  95% ] 4 VUs  0m57.3s/1m0s

running (1m02.0s), 4/4 VUs, 46929 complete and 0 interrupted iterations
pull   [  97% ] 4 VUs  0m58.3s/1m0s

running (1m03.0s), 4/4 VUs, 47670 complete and 0 interrupted iterations
pull   [  99% ] 4 VUs  0m59.3s/1m0s

================ DSP benchmark summary ================
-- per-phase latency --
  catalog                    p50=9.7 ms  p95=9.7 ms  p99=9.7 ms  max=9.7 ms  n=1
  negotiation init (POST)    p50=5.9 ms  p95=5.9 ms  p99=5.9 ms  max=5.9 ms  n=1
  time-to-AGREED (async)     p50=2036.0 ms  p95=2036.0 ms  p99=2036.0 ms  max=2036.0 ms  n=1
  transfer init (POST)       p50=100.3 ms  p95=100.3 ms  p99=100.3 ms  max=100.3 ms  n=1
  time-to-EDR (async)        p50=1527.0 ms  p95=1527.0 ms  p99=1527.0 ms  max=1527.0 ms  n=1
  data pull                  p50=4.2 ms  p95=7.8 ms  p99=20.9 ms  max=33.3 ms  n=48209
-- end-to-end + throughput --
  e2e transaction            (no data)
  data throughput (MB/s)     p50=24.5  p95=28.9  p99=31.1  max=37.9  n=48209
-- outcomes --
  transactions succeeded     (no data)
  transactions failed        (no data)
  failed rate                rate=0.00%  (pass=0 fail=0)
    of which TERMINATED      (no data)
    of which TIMED OUT       (no data)
    of which HTTP-FAILED     (no data)
  failure accounting       (no failures)
-- observer effect (poll load) --
  negotiation polls          count=9  rate=0.141/s
  edr polls                  count=7  rate=0.110/s
  polls per transaction     (no data)
=======================================================
(full summary -> /home/rohitj/edc/benchmarking-factoryx-edc/resources/local-fx-mvd/k6-scripts/results/factoryx/off/payload-sweep/2026-08-02T17-37-27Z/k6-summary.json; POLL_INTERVAL_MS=250; IDENTITY_MODE=off)

running (1m03.7s), 0/4 VUs, 48209 complete and 0 interrupted iterations
pull ✓ [ 100% ] 4 VUs  1m0s
