
         /\      Grafana   /‾‾/  
    /\  /  \     |\  __   /  /   
   /  \/    \    | |/ /  /   ‾‾\ 
  /          \   |   (  |  (‾)  |
 / __________ \  |_|\_\  \_____/ 


     execution: local
        script: /home/rohitj/edc/benchmarking-factoryx-edc/resources/local-fx-mvd/k6-scripts/scenarios/payload-sweep.js
        output: Prometheus remote write (http://localhost:9090/api/v1/write)

     scenarios: (100.00%) 1 scenario, 4 max VUs, 1m30s max duration (incl. graceful stop):
              * pull: 4 looping VUs for 1m0s (gracefulStop: 30s)


Run    [ 100% ] setup()
pull   [   0% ]

Run    [ 100% ] setup()
pull   [   0% ]

Run    [ 100% ] setup()
pull   [   0% ]

running (0m04.0s), 4/4 VUs, 0 complete and 0 interrupted iterations
pull   [   0% ] 4 VUs  0m00.1s/1m0s

running (0m05.0s), 4/4 VUs, 16 complete and 0 interrupted iterations
pull   [   2% ] 4 VUs  0m01.1s/1m0s

running (0m06.0s), 4/4 VUs, 33 complete and 0 interrupted iterations
pull   [   3% ] 4 VUs  0m02.1s/1m0s

running (0m07.0s), 4/4 VUs, 49 complete and 0 interrupted iterations
pull   [   5% ] 4 VUs  0m03.1s/1m0s

running (0m08.0s), 4/4 VUs, 67 complete and 0 interrupted iterations
pull   [   7% ] 4 VUs  0m04.1s/1m0s

running (0m09.0s), 4/4 VUs, 83 complete and 0 interrupted iterations
pull   [   8% ] 4 VUs  0m05.1s/1m0s

running (0m10.0s), 4/4 VUs, 100 complete and 0 interrupted iterations
pull   [  10% ] 4 VUs  0m06.1s/1m0s

running (0m11.0s), 4/4 VUs, 116 complete and 0 interrupted iterations
pull   [  12% ] 4 VUs  0m07.1s/1m0s

running (0m12.0s), 4/4 VUs, 133 complete and 0 interrupted iterations
pull   [  13% ] 4 VUs  0m08.1s/1m0s

running (0m13.0s), 4/4 VUs, 150 complete and 0 interrupted iterations
pull   [  15% ] 4 VUs  0m09.1s/1m0s

running (0m14.0s), 4/4 VUs, 167 complete and 0 interrupted iterations
pull   [  17% ] 4 VUs  0m10.1s/1m0s

running (0m15.0s), 4/4 VUs, 183 complete and 0 interrupted iterations
pull   [  18% ] 4 VUs  0m11.1s/1m0s

running (0m16.0s), 4/4 VUs, 201 complete and 0 interrupted iterations
pull   [  20% ] 4 VUs  0m12.1s/1m0s

running (0m17.0s), 4/4 VUs, 217 complete and 0 interrupted iterations
pull   [  22% ] 4 VUs  0m13.1s/1m0s

running (0m18.0s), 4/4 VUs, 234 complete and 0 interrupted iterations
pull   [  23% ] 4 VUs  0m14.1s/1m0s

running (0m19.0s), 4/4 VUs, 252 complete and 0 interrupted iterations
pull   [  25% ] 4 VUs  0m15.1s/1m0s

running (0m20.0s), 4/4 VUs, 268 complete and 0 interrupted iterations
pull   [  27% ] 4 VUs  0m16.1s/1m0s

running (0m21.0s), 4/4 VUs, 285 complete and 0 interrupted iterations
pull   [  28% ] 4 VUs  0m17.1s/1m0s

running (0m22.0s), 4/4 VUs, 301 complete and 0 interrupted iterations
pull   [  30% ] 4 VUs  0m18.1s/1m0s

running (0m23.0s), 4/4 VUs, 317 complete and 0 interrupted iterations
pull   [  32% ] 4 VUs  0m19.1s/1m0s

running (0m24.0s), 4/4 VUs, 335 complete and 0 interrupted iterations
pull   [  33% ] 4 VUs  0m20.1s/1m0s

running (0m25.0s), 4/4 VUs, 351 complete and 0 interrupted iterations
pull   [  35% ] 4 VUs  0m21.1s/1m0s

running (0m26.0s), 4/4 VUs, 368 complete and 0 interrupted iterations
pull   [  37% ] 4 VUs  0m22.1s/1m0s

running (0m27.0s), 4/4 VUs, 385 complete and 0 interrupted iterations
pull   [  38% ] 4 VUs  0m23.1s/1m0s

running (0m28.0s), 4/4 VUs, 403 complete and 0 interrupted iterations
pull   [  40% ] 4 VUs  0m24.1s/1m0s

running (0m29.0s), 4/4 VUs, 419 complete and 0 interrupted iterations
pull   [  42% ] 4 VUs  0m25.1s/1m0s

running (0m30.0s), 4/4 VUs, 435 complete and 0 interrupted iterations
pull   [  43% ] 4 VUs  0m26.1s/1m0s

running (0m31.0s), 4/4 VUs, 451 complete and 0 interrupted iterations
pull   [  45% ] 4 VUs  0m27.1s/1m0s

running (0m32.0s), 4/4 VUs, 468 complete and 0 interrupted iterations
pull   [  47% ] 4 VUs  0m28.1s/1m0s

running (0m33.0s), 4/4 VUs, 484 complete and 0 interrupted iterations
pull   [  48% ] 4 VUs  0m29.1s/1m0s

running (0m34.0s), 4/4 VUs, 502 complete and 0 interrupted iterations
pull   [  50% ] 4 VUs  0m30.1s/1m0s

running (0m35.0s), 4/4 VUs, 518 complete and 0 interrupted iterations
pull   [  52% ] 4 VUs  0m31.1s/1m0s

running (0m36.0s), 4/4 VUs, 534 complete and 0 interrupted iterations
pull   [  53% ] 4 VUs  0m32.1s/1m0s

running (0m37.0s), 4/4 VUs, 551 complete and 0 interrupted iterations
pull   [  55% ] 4 VUs  0m33.1s/1m0s

running (0m38.0s), 4/4 VUs, 568 complete and 0 interrupted iterations
pull   [  57% ] 4 VUs  0m34.1s/1m0s

running (0m39.0s), 4/4 VUs, 584 complete and 0 interrupted iterations
pull   [  58% ] 4 VUs  0m35.1s/1m0s

running (0m40.0s), 4/4 VUs, 601 complete and 0 interrupted iterations
pull   [  60% ] 4 VUs  0m36.1s/1m0s

running (0m41.0s), 4/4 VUs, 617 complete and 0 interrupted iterations
pull   [  62% ] 4 VUs  0m37.1s/1m0s

running (0m42.0s), 4/4 VUs, 633 complete and 0 interrupted iterations
pull   [  63% ] 4 VUs  0m38.1s/1m0s

running (0m43.0s), 4/4 VUs, 651 complete and 0 interrupted iterations
pull   [  65% ] 4 VUs  0m39.1s/1m0s

running (0m44.0s), 4/4 VUs, 668 complete and 0 interrupted iterations
pull   [  67% ] 4 VUs  0m40.1s/1m0s

running (0m45.0s), 4/4 VUs, 684 complete and 0 interrupted iterations
pull   [  68% ] 4 VUs  0m41.1s/1m0s

running (0m46.0s), 4/4 VUs, 700 complete and 0 interrupted iterations
pull   [  70% ] 4 VUs  0m42.1s/1m0s

running (0m47.0s), 4/4 VUs, 717 complete and 0 interrupted iterations
pull   [  72% ] 4 VUs  0m43.1s/1m0s

running (0m48.0s), 4/4 VUs, 733 complete and 0 interrupted iterations
pull   [  73% ] 4 VUs  0m44.1s/1m0s

running (0m49.0s), 4/4 VUs, 750 complete and 0 interrupted iterations
pull   [  75% ] 4 VUs  0m45.1s/1m0s

running (0m50.0s), 4/4 VUs, 769 complete and 0 interrupted iterations
pull   [  77% ] 4 VUs  0m46.1s/1m0s

running (0m51.0s), 4/4 VUs, 785 complete and 0 interrupted iterations
pull   [  78% ] 4 VUs  0m47.1s/1m0s

running (0m52.0s), 4/4 VUs, 801 complete and 0 interrupted iterations
pull   [  80% ] 4 VUs  0m48.1s/1m0s

running (0m53.0s), 4/4 VUs, 817 complete and 0 interrupted iterations
pull   [  82% ] 4 VUs  0m49.1s/1m0s

running (0m54.0s), 4/4 VUs, 833 complete and 0 interrupted iterations
pull   [  83% ] 4 VUs  0m50.1s/1m0s

running (0m55.0s), 4/4 VUs, 851 complete and 0 interrupted iterations
pull   [  85% ] 4 VUs  0m51.1s/1m0s

running (0m56.0s), 4/4 VUs, 868 complete and 0 interrupted iterations
pull   [  87% ] 4 VUs  0m52.1s/1m0s

running (0m57.0s), 4/4 VUs, 885 complete and 0 interrupted iterations
pull   [  88% ] 4 VUs  0m53.1s/1m0s

running (0m58.0s), 4/4 VUs, 901 complete and 0 interrupted iterations
pull   [  90% ] 4 VUs  0m54.1s/1m0s

running (0m59.0s), 4/4 VUs, 918 complete and 0 interrupted iterations
pull   [  92% ] 4 VUs  0m55.1s/1m0s

running (1m00.0s), 4/4 VUs, 935 complete and 0 interrupted iterations
pull   [  93% ] 4 VUs  0m56.1s/1m0s

running (1m01.0s), 4/4 VUs, 951 complete and 0 interrupted iterations
pull   [  95% ] 4 VUs  0m57.1s/1m0s

running (1m02.0s), 4/4 VUs, 968 complete and 0 interrupted iterations
pull   [  97% ] 4 VUs  0m58.1s/1m0s

running (1m03.0s), 4/4 VUs, 985 complete and 0 interrupted iterations
pull   [  98% ] 4 VUs  0m59.1s/1m0s

running (1m04.0s), 3/4 VUs, 1001 complete and 0 interrupted iterations
pull ↓ [ 100% ] 4 VUs  1m0s

================ DSP benchmark summary ================
-- per-phase latency --
  catalog                    p50=13.7 ms  p95=13.7 ms  p99=13.7 ms  max=13.7 ms  n=1
  negotiation init (POST)    p50=6.6 ms  p95=6.6 ms  p99=6.6 ms  max=6.6 ms  n=1
  time-to-AGREED (async)     p50=2287.0 ms  p95=2287.0 ms  p99=2287.0 ms  max=2287.0 ms  n=1
  transfer init (POST)       p50=10.2 ms  p95=10.2 ms  p99=10.2 ms  max=10.2 ms  n=1
  time-to-EDR (async)        p50=1527.0 ms  p95=1527.0 ms  p99=1527.0 ms  max=1527.0 ms  n=1
  data pull                  p50=235.9 ms  p95=265.3 ms  p99=280.9 ms  max=291.2 ms  n=1004
-- end-to-end + throughput --
  e2e transaction            (no data)
  data throughput (MB/s)     p50=444.4  p95=469.4  p99=490.5  max=535.7  n=1004
-- outcomes --
  transactions succeeded     (no data)
  transactions failed        (no data)
  failed rate                rate=0.00%  (pass=0 fail=0)
    of which TERMINATED      (no data)
    of which TIMED OUT       (no data)
    of which HTTP-FAILED     (no data)
  failure accounting       (no failures)
-- observer effect (poll load) --
  negotiation polls          count=10  rate=0.156/s
  edr polls                  count=7  rate=0.109/s
  polls per transaction     (no data)
=======================================================
(full summary -> /home/rohitj/edc/benchmarking-factoryx-edc/resources/local-fx-mvd/k6-scripts/results/factoryx/off/payload-sweep/2026-08-02T17-44-43Z/k6-summary.json; POLL_INTERVAL_MS=250; IDENTITY_MODE=off)

running (1m04.1s), 0/4 VUs, 1004 complete and 0 interrupted iterations
pull ✓ [ 100% ] 4 VUs  1m0s
