
         /\      Grafana   /‾‾/  
    /\  /  \     |\  __   /  /   
   /  \/    \    | |/ /  /   ‾‾\ 
  /          \   |   (  |  (‾)  |
 / __________ \  |_|\_\  \_____/ 


     execution: local
        script: /home/rohitj/edc/benchmarking-factoryx-edc/resources/local-fx-mvd/k6-scripts/scenarios/catalog-sweep.js
        output: Prometheus remote write (http://localhost:9090/api/v1/write)

     scenarios: (100.00%) 1 scenario, 4 max VUs, 2m0s max duration (incl. graceful stop):
              * catalog: 4 looping VUs for 1m30s (gracefulStop: 30s)


Run       [ 100% ] setup()
catalog   [   0% ]

Run       [ 100% ] setup()
catalog   [   0% ]

running (0m03.0s), 4/4 VUs, 20 complete and 0 interrupted iterations
catalog   [   1% ] 4 VUs  0m00.7s/1m30s

running (0m04.0s), 4/4 VUs, 44 complete and 0 interrupted iterations
catalog   [   2% ] 4 VUs  0m01.7s/1m30s

running (0m05.0s), 4/4 VUs, 71 complete and 0 interrupted iterations
catalog   [   3% ] 4 VUs  0m02.7s/1m30s

running (0m06.0s), 4/4 VUs, 102 complete and 0 interrupted iterations
catalog   [   4% ] 4 VUs  0m03.7s/1m30s

running (0m07.0s), 4/4 VUs, 133 complete and 0 interrupted iterations
catalog   [   5% ] 4 VUs  0m04.7s/1m30s

running (0m08.0s), 4/4 VUs, 157 complete and 0 interrupted iterations
catalog   [   6% ] 4 VUs  0m05.7s/1m30s

running (0m09.0s), 4/4 VUs, 181 complete and 0 interrupted iterations
catalog   [   7% ] 4 VUs  0m06.7s/1m30s

running (0m10.0s), 4/4 VUs, 209 complete and 0 interrupted iterations
catalog   [   9% ] 4 VUs  0m07.7s/1m30s

running (0m11.0s), 4/4 VUs, 234 complete and 0 interrupted iterations
catalog   [  10% ] 4 VUs  0m08.7s/1m30s

running (0m12.0s), 4/4 VUs, 258 complete and 0 interrupted iterations
catalog   [  11% ] 4 VUs  0m09.7s/1m30s

running (0m13.0s), 4/4 VUs, 286 complete and 0 interrupted iterations
catalog   [  12% ] 4 VUs  0m10.7s/1m30s

running (0m14.0s), 4/4 VUs, 310 complete and 0 interrupted iterations
catalog   [  13% ] 4 VUs  0m11.7s/1m30s

running (0m15.0s), 4/4 VUs, 342 complete and 0 interrupted iterations
catalog   [  14% ] 4 VUs  0m12.7s/1m30s

running (0m16.0s), 4/4 VUs, 366 complete and 0 interrupted iterations
catalog   [  15% ] 4 VUs  0m13.7s/1m30s

running (0m17.0s), 4/4 VUs, 389 complete and 0 interrupted iterations
catalog   [  16% ] 4 VUs  0m14.7s/1m30s

running (0m18.0s), 4/4 VUs, 417 complete and 0 interrupted iterations
catalog   [  17% ] 4 VUs  0m15.7s/1m30s

running (0m19.0s), 4/4 VUs, 445 complete and 0 interrupted iterations
catalog   [  19% ] 4 VUs  0m16.7s/1m30s

running (0m20.0s), 4/4 VUs, 468 complete and 0 interrupted iterations
catalog   [  20% ] 4 VUs  0m17.7s/1m30s

running (0m21.0s), 4/4 VUs, 492 complete and 0 interrupted iterations
catalog   [  21% ] 4 VUs  0m18.7s/1m30s

running (0m22.0s), 4/4 VUs, 518 complete and 0 interrupted iterations
catalog   [  22% ] 4 VUs  0m19.7s/1m30s

running (0m23.0s), 4/4 VUs, 542 complete and 0 interrupted iterations
catalog   [  23% ] 4 VUs  0m20.7s/1m30s

running (0m24.0s), 4/4 VUs, 570 complete and 0 interrupted iterations
catalog   [  24% ] 4 VUs  0m21.7s/1m30s

running (0m25.0s), 4/4 VUs, 598 complete and 0 interrupted iterations
catalog   [  25% ] 4 VUs  0m22.7s/1m30s

running (0m26.0s), 4/4 VUs, 626 complete and 0 interrupted iterations
catalog   [  26% ] 4 VUs  0m23.7s/1m30s

running (0m27.0s), 4/4 VUs, 652 complete and 0 interrupted iterations
catalog   [  27% ] 4 VUs  0m24.7s/1m30s

running (0m28.0s), 4/4 VUs, 676 complete and 0 interrupted iterations
catalog   [  29% ] 4 VUs  0m25.7s/1m30s

running (0m29.0s), 4/4 VUs, 701 complete and 0 interrupted iterations
catalog   [  30% ] 4 VUs  0m26.7s/1m30s

running (0m30.0s), 4/4 VUs, 729 complete and 0 interrupted iterations
catalog   [  31% ] 4 VUs  0m27.7s/1m30s

running (0m31.0s), 4/4 VUs, 753 complete and 0 interrupted iterations
catalog   [  32% ] 4 VUs  0m28.7s/1m30s

running (0m32.0s), 4/4 VUs, 777 complete and 0 interrupted iterations
catalog   [  33% ] 4 VUs  0m29.7s/1m30s

running (0m33.0s), 4/4 VUs, 797 complete and 0 interrupted iterations
catalog   [  34% ] 4 VUs  0m30.7s/1m30s

running (0m34.0s), 4/4 VUs, 824 complete and 0 interrupted iterations
catalog   [  35% ] 4 VUs  0m31.7s/1m30s

running (0m35.0s), 4/4 VUs, 853 complete and 0 interrupted iterations
catalog   [  36% ] 4 VUs  0m32.7s/1m30s

running (0m36.0s), 4/4 VUs, 885 complete and 0 interrupted iterations
catalog   [  37% ] 4 VUs  0m33.7s/1m30s

running (0m37.0s), 4/4 VUs, 913 complete and 0 interrupted iterations
catalog   [  39% ] 4 VUs  0m34.7s/1m30s

running (0m38.0s), 4/4 VUs, 937 complete and 0 interrupted iterations
catalog   [  40% ] 4 VUs  0m35.7s/1m30s

running (0m39.0s), 4/4 VUs, 961 complete and 0 interrupted iterations
catalog   [  41% ] 4 VUs  0m36.7s/1m30s

running (0m40.0s), 4/4 VUs, 989 complete and 0 interrupted iterations
catalog   [  42% ] 4 VUs  0m37.7s/1m30s

running (0m41.0s), 4/4 VUs, 1013 complete and 0 interrupted iterations
catalog   [  43% ] 4 VUs  0m38.7s/1m30s

running (0m42.0s), 4/4 VUs, 1037 complete and 0 interrupted iterations
catalog   [  44% ] 4 VUs  0m39.7s/1m30s

running (0m43.0s), 4/4 VUs, 1061 complete and 0 interrupted iterations
catalog   [  45% ] 4 VUs  0m40.7s/1m30s

running (0m44.0s), 4/4 VUs, 1089 complete and 0 interrupted iterations
catalog   [  46% ] 4 VUs  0m41.7s/1m30s

running (0m45.0s), 4/4 VUs, 1113 complete and 0 interrupted iterations
catalog   [  47% ] 4 VUs  0m42.7s/1m30s

running (0m46.0s), 4/4 VUs, 1141 complete and 0 interrupted iterations
catalog   [  49% ] 4 VUs  0m43.7s/1m30s

running (0m47.0s), 4/4 VUs, 1169 complete and 0 interrupted iterations
catalog   [  50% ] 4 VUs  0m44.7s/1m30s

running (0m48.0s), 4/4 VUs, 1193 complete and 0 interrupted iterations
catalog   [  51% ] 4 VUs  0m45.7s/1m30s

running (0m49.0s), 4/4 VUs, 1217 complete and 0 interrupted iterations
catalog   [  52% ] 4 VUs  0m46.7s/1m30s

running (0m50.0s), 4/4 VUs, 1241 complete and 0 interrupted iterations
catalog   [  53% ] 4 VUs  0m47.7s/1m30s

running (0m51.0s), 4/4 VUs, 1274 complete and 0 interrupted iterations
catalog   [  54% ] 4 VUs  0m48.7s/1m30s

running (0m52.0s), 4/4 VUs, 1297 complete and 0 interrupted iterations
catalog   [  55% ] 4 VUs  0m49.7s/1m30s

running (0m53.0s), 4/4 VUs, 1325 complete and 0 interrupted iterations
catalog   [  56% ] 4 VUs  0m50.7s/1m30s

running (0m54.0s), 4/4 VUs, 1351 complete and 0 interrupted iterations
catalog   [  57% ] 4 VUs  0m51.7s/1m30s

running (0m55.0s), 4/4 VUs, 1374 complete and 0 interrupted iterations
catalog   [  59% ] 4 VUs  0m52.7s/1m30s

running (0m56.0s), 4/4 VUs, 1403 complete and 0 interrupted iterations
catalog   [  60% ] 4 VUs  0m53.7s/1m30s

running (0m57.0s), 4/4 VUs, 1427 complete and 0 interrupted iterations
catalog   [  61% ] 4 VUs  0m54.7s/1m30s

running (0m58.0s), 4/4 VUs, 1451 complete and 0 interrupted iterations
catalog   [  62% ] 4 VUs  0m55.7s/1m30s

running (0m59.0s), 4/4 VUs, 1471 complete and 0 interrupted iterations
catalog   [  63% ] 4 VUs  0m56.7s/1m30s

running (1m00.0s), 4/4 VUs, 1500 complete and 0 interrupted iterations
catalog   [  64% ] 4 VUs  0m57.7s/1m30s

running (1m01.0s), 4/4 VUs, 1531 complete and 0 interrupted iterations
catalog   [  65% ] 4 VUs  0m58.7s/1m30s

running (1m02.0s), 4/4 VUs, 1553 complete and 0 interrupted iterations
catalog   [  66% ] 4 VUs  0m59.7s/1m30s

running (1m03.0s), 4/4 VUs, 1581 complete and 0 interrupted iterations
catalog   [  67% ] 4 VUs  1m00.7s/1m30s

running (1m04.0s), 4/4 VUs, 1608 complete and 0 interrupted iterations
catalog   [  69% ] 4 VUs  1m01.7s/1m30s

running (1m05.0s), 4/4 VUs, 1632 complete and 0 interrupted iterations
catalog   [  70% ] 4 VUs  1m02.7s/1m30s

running (1m06.0s), 4/4 VUs, 1661 complete and 0 interrupted iterations
catalog   [  71% ] 4 VUs  1m03.7s/1m30s

running (1m07.0s), 4/4 VUs, 1688 complete and 0 interrupted iterations
catalog   [  72% ] 4 VUs  1m04.7s/1m30s

running (1m08.0s), 4/4 VUs, 1712 complete and 0 interrupted iterations
catalog   [  73% ] 4 VUs  1m05.7s/1m30s

running (1m09.0s), 4/4 VUs, 1740 complete and 0 interrupted iterations
catalog   [  74% ] 4 VUs  1m06.7s/1m30s

running (1m10.0s), 4/4 VUs, 1764 complete and 0 interrupted iterations
catalog   [  75% ] 4 VUs  1m07.7s/1m30s

running (1m11.0s), 4/4 VUs, 1789 complete and 0 interrupted iterations
catalog   [  76% ] 4 VUs  1m08.7s/1m30s

running (1m12.0s), 4/4 VUs, 1820 complete and 0 interrupted iterations
catalog   [  77% ] 4 VUs  1m09.7s/1m30s

running (1m13.0s), 4/4 VUs, 1845 complete and 0 interrupted iterations
catalog   [  79% ] 4 VUs  1m10.7s/1m30s

running (1m14.0s), 4/4 VUs, 1872 complete and 0 interrupted iterations
catalog   [  80% ] 4 VUs  1m11.7s/1m30s

running (1m15.0s), 4/4 VUs, 1900 complete and 0 interrupted iterations
catalog   [  81% ] 4 VUs  1m12.7s/1m30s

running (1m16.0s), 4/4 VUs, 1925 complete and 0 interrupted iterations
catalog   [  82% ] 4 VUs  1m13.7s/1m30s

running (1m17.0s), 4/4 VUs, 1949 complete and 0 interrupted iterations
catalog   [  83% ] 4 VUs  1m14.7s/1m30s

running (1m18.0s), 4/4 VUs, 1977 complete and 0 interrupted iterations
catalog   [  84% ] 4 VUs  1m15.7s/1m30s

running (1m19.0s), 4/4 VUs, 2001 complete and 0 interrupted iterations
catalog   [  85% ] 4 VUs  1m16.7s/1m30s

running (1m20.0s), 4/4 VUs, 2025 complete and 0 interrupted iterations
catalog   [  86% ] 4 VUs  1m17.7s/1m30s

running (1m21.0s), 4/4 VUs, 2056 complete and 0 interrupted iterations
catalog   [  87% ] 4 VUs  1m18.7s/1m30s

running (1m22.0s), 4/4 VUs, 2080 complete and 0 interrupted iterations
catalog   [  89% ] 4 VUs  1m19.7s/1m30s

running (1m23.0s), 4/4 VUs, 2100 complete and 0 interrupted iterations
catalog   [  90% ] 4 VUs  1m20.7s/1m30s

running (1m24.0s), 4/4 VUs, 2128 complete and 0 interrupted iterations
catalog   [  91% ] 4 VUs  1m21.7s/1m30s

running (1m25.0s), 4/4 VUs, 2152 complete and 0 interrupted iterations
catalog   [  92% ] 4 VUs  1m22.7s/1m30s

running (1m26.0s), 4/4 VUs, 2180 complete and 0 interrupted iterations
catalog   [  93% ] 4 VUs  1m23.7s/1m30s

running (1m27.0s), 4/4 VUs, 2205 complete and 0 interrupted iterations
catalog   [  94% ] 4 VUs  1m24.7s/1m30s

running (1m28.0s), 4/4 VUs, 2229 complete and 0 interrupted iterations
catalog   [  95% ] 4 VUs  1m25.7s/1m30s

running (1m29.0s), 4/4 VUs, 2256 complete and 0 interrupted iterations
catalog   [  96% ] 4 VUs  1m26.7s/1m30s

running (1m30.0s), 4/4 VUs, 2280 complete and 0 interrupted iterations
catalog   [  97% ] 4 VUs  1m27.7s/1m30s

running (1m31.0s), 4/4 VUs, 2304 complete and 0 interrupted iterations
catalog   [  99% ] 4 VUs  1m28.7s/1m30s

running (1m32.0s), 4/4 VUs, 2332 complete and 0 interrupted iterations
catalog   [ 100% ] 4 VUs  1m29.7s/1m30s

================ DSP benchmark summary ================
-- per-phase latency --
  catalog                    p50=143.8 ms  p95=207.8 ms  p99=246.7 ms  max=331.6 ms  n=2340
  negotiation init (POST)    (no data)
  time-to-AGREED (async)     (no data)
  transfer init (POST)       (no data)
  time-to-EDR (async)        (no data)
  data pull                  (no data)
-- end-to-end + throughput --
  e2e transaction            (no data)
  data throughput (MB/s)     (no data)
-- outcomes --
  transactions succeeded     count=2340  rate=25.337/s
  transactions failed        (no data)
  failed rate                rate=0.00%  (pass=0 fail=2340)
    of which TERMINATED      (no data)
    of which TIMED OUT       (no data)
-- observer effect (poll load) --
  negotiation polls          (no data)
  edr polls                  (no data)
  polls per transaction     negotiation=0.0  edr=0.0  (timeout ceiling=120)
=======================================================
(full summary -> /home/rohitj/edc/benchmarking-factoryx-edc/resources/local-fx-mvd/k6-scripts/results/factoryx/catalog-sweep/2026-07-31T12-55-42Z/k6-summary.json; POLL_INTERVAL_MS=250; IDENTITY_MODE=on)

running (1m32.4s), 0/4 VUs, 2340 complete and 0 interrupted iterations
catalog ✓ [ 100% ] 4 VUs  1m30s
