
         /\      Grafana   /‾‾/  
    /\  /  \     |\  __   /  /   
   /  \/    \    | |/ /  /   ‾‾\ 
  /          \   |   (  |  (‾)  |
 / __________ \  |_|\_\  \_____/ 


     execution: local
        script: /home/rohitj/edc/benchmarking-factoryx-edc/resources/local-fx-mvd/k6-scripts/scenarios/payload-sweep.js
        output: Prometheus remote write (http://localhost:9090/api/v1/write)

     scenarios: (100.00%) 1 scenario, 4 max VUs, 1m30s max duration (incl. graceful stop):
              * pull: 4 looping VUs for 1m0s (gracefulStop: 30s)


Run    [ 100% ] setup()
pull   [   0% ]

Run    [ 100% ] setup()
pull   [   0% ]

running (0m03.0s), 4/4 VUs, 5 complete and 0 interrupted iterations
pull   [   0% ] 4 VUs  0m00.1s/1m0s

running (0m04.0s), 4/4 VUs, 103 complete and 0 interrupted iterations
pull   [   2% ] 4 VUs  0m01.1s/1m0s

running (0m05.0s), 4/4 VUs, 203 complete and 0 interrupted iterations
pull   [   3% ] 4 VUs  0m02.1s/1m0s

running (0m06.0s), 4/4 VUs, 301 complete and 0 interrupted iterations
pull   [   5% ] 4 VUs  0m03.1s/1m0s

running (0m07.0s), 4/4 VUs, 401 complete and 0 interrupted iterations
pull   [   7% ] 4 VUs  0m04.1s/1m0s

running (0m08.0s), 4/4 VUs, 499 complete and 0 interrupted iterations
pull   [   8% ] 4 VUs  0m05.1s/1m0s

running (0m09.0s), 4/4 VUs, 597 complete and 0 interrupted iterations
pull   [  10% ] 4 VUs  0m06.1s/1m0s

running (0m10.0s), 4/4 VUs, 697 complete and 0 interrupted iterations
pull   [  12% ] 4 VUs  0m07.1s/1m0s

running (0m11.0s), 4/4 VUs, 795 complete and 0 interrupted iterations
pull   [  13% ] 4 VUs  0m08.1s/1m0s

running (0m12.0s), 4/4 VUs, 893 complete and 0 interrupted iterations
pull   [  15% ] 4 VUs  0m09.1s/1m0s

running (0m13.0s), 4/4 VUs, 991 complete and 0 interrupted iterations
pull   [  17% ] 4 VUs  0m10.1s/1m0s

running (0m14.0s), 4/4 VUs, 1089 complete and 0 interrupted iterations
pull   [  18% ] 4 VUs  0m11.1s/1m0s

running (0m15.0s), 4/4 VUs, 1189 complete and 0 interrupted iterations
pull   [  20% ] 4 VUs  0m12.1s/1m0s

running (0m16.0s), 4/4 VUs, 1287 complete and 0 interrupted iterations
pull   [  22% ] 4 VUs  0m13.1s/1m0s

running (0m17.0s), 4/4 VUs, 1385 complete and 0 interrupted iterations
pull   [  23% ] 4 VUs  0m14.1s/1m0s

running (0m18.0s), 4/4 VUs, 1481 complete and 0 interrupted iterations
pull   [  25% ] 4 VUs  0m15.1s/1m0s

running (0m19.0s), 4/4 VUs, 1578 complete and 0 interrupted iterations
pull   [  27% ] 4 VUs  0m16.1s/1m0s

running (0m20.0s), 4/4 VUs, 1675 complete and 0 interrupted iterations
pull   [  28% ] 4 VUs  0m17.1s/1m0s

running (0m21.0s), 4/4 VUs, 1774 complete and 0 interrupted iterations
pull   [  30% ] 4 VUs  0m18.1s/1m0s

running (0m22.0s), 4/4 VUs, 1871 complete and 0 interrupted iterations
pull   [  32% ] 4 VUs  0m19.1s/1m0s

running (0m23.0s), 4/4 VUs, 1967 complete and 0 interrupted iterations
pull   [  33% ] 4 VUs  0m20.1s/1m0s

running (0m24.0s), 4/4 VUs, 2066 complete and 0 interrupted iterations
pull   [  35% ] 4 VUs  0m21.1s/1m0s

running (0m25.0s), 4/4 VUs, 2162 complete and 0 interrupted iterations
pull   [  37% ] 4 VUs  0m22.1s/1m0s

running (0m26.0s), 4/4 VUs, 2259 complete and 0 interrupted iterations
pull   [  38% ] 4 VUs  0m23.1s/1m0s

running (0m27.0s), 4/4 VUs, 2355 complete and 0 interrupted iterations
pull   [  40% ] 4 VUs  0m24.1s/1m0s

running (0m28.0s), 4/4 VUs, 2451 complete and 0 interrupted iterations
pull   [  42% ] 4 VUs  0m25.1s/1m0s

running (0m29.0s), 4/4 VUs, 2550 complete and 0 interrupted iterations
pull   [  43% ] 4 VUs  0m26.1s/1m0s

running (0m30.0s), 4/4 VUs, 2647 complete and 0 interrupted iterations
pull   [  45% ] 4 VUs  0m27.1s/1m0s

running (0m31.0s), 4/4 VUs, 2743 complete and 0 interrupted iterations
pull   [  47% ] 4 VUs  0m28.1s/1m0s

running (0m32.0s), 4/4 VUs, 2839 complete and 0 interrupted iterations
pull   [  48% ] 4 VUs  0m29.1s/1m0s

running (0m33.0s), 4/4 VUs, 2938 complete and 0 interrupted iterations
pull   [  50% ] 4 VUs  0m30.1s/1m0s

running (0m34.0s), 4/4 VUs, 3035 complete and 0 interrupted iterations
pull   [  52% ] 4 VUs  0m31.1s/1m0s

running (0m35.0s), 4/4 VUs, 3134 complete and 0 interrupted iterations
pull   [  53% ] 4 VUs  0m32.1s/1m0s

running (0m36.0s), 4/4 VUs, 3231 complete and 0 interrupted iterations
pull   [  55% ] 4 VUs  0m33.1s/1m0s

running (0m37.0s), 4/4 VUs, 3330 complete and 0 interrupted iterations
pull   [  57% ] 4 VUs  0m34.1s/1m0s

running (0m38.0s), 4/4 VUs, 3427 complete and 0 interrupted iterations
pull   [  58% ] 4 VUs  0m35.1s/1m0s

running (0m39.0s), 4/4 VUs, 3526 complete and 0 interrupted iterations
pull   [  60% ] 4 VUs  0m36.1s/1m0s

running (0m40.0s), 4/4 VUs, 3623 complete and 0 interrupted iterations
pull   [  62% ] 4 VUs  0m37.1s/1m0s

running (0m41.0s), 4/4 VUs, 3722 complete and 0 interrupted iterations
pull   [  63% ] 4 VUs  0m38.1s/1m0s

running (0m42.0s), 4/4 VUs, 3819 complete and 0 interrupted iterations
pull   [  65% ] 4 VUs  0m39.1s/1m0s

running (0m43.0s), 4/4 VUs, 3915 complete and 0 interrupted iterations
pull   [  67% ] 4 VUs  0m40.1s/1m0s

running (0m44.0s), 4/4 VUs, 4015 complete and 0 interrupted iterations
pull   [  68% ] 4 VUs  0m41.1s/1m0s

running (0m45.0s), 4/4 VUs, 4112 complete and 0 interrupted iterations
pull   [  70% ] 4 VUs  0m42.1s/1m0s

running (0m46.0s), 4/4 VUs, 4208 complete and 0 interrupted iterations
pull   [  72% ] 4 VUs  0m43.1s/1m0s

running (0m47.0s), 4/4 VUs, 4308 complete and 0 interrupted iterations
pull   [  73% ] 4 VUs  0m44.1s/1m0s

running (0m48.0s), 4/4 VUs, 4392 complete and 0 interrupted iterations
pull   [  75% ] 4 VUs  0m45.1s/1m0s

running (0m49.0s), 4/4 VUs, 4488 complete and 0 interrupted iterations
pull   [  77% ] 4 VUs  0m46.1s/1m0s

running (0m50.0s), 4/4 VUs, 4586 complete and 0 interrupted iterations
pull   [  78% ] 4 VUs  0m47.1s/1m0s

running (0m51.0s), 4/4 VUs, 4682 complete and 0 interrupted iterations
pull   [  80% ] 4 VUs  0m48.1s/1m0s

running (0m52.0s), 4/4 VUs, 4780 complete and 0 interrupted iterations
pull   [  82% ] 4 VUs  0m49.1s/1m0s

running (0m53.0s), 4/4 VUs, 4878 complete and 0 interrupted iterations
pull   [  83% ] 4 VUs  0m50.1s/1m0s

running (0m54.0s), 4/4 VUs, 4976 complete and 0 interrupted iterations
pull   [  85% ] 4 VUs  0m51.1s/1m0s

running (0m55.0s), 4/4 VUs, 5074 complete and 0 interrupted iterations
pull   [  87% ] 4 VUs  0m52.1s/1m0s

running (0m56.0s), 4/4 VUs, 5170 complete and 0 interrupted iterations
pull   [  88% ] 4 VUs  0m53.1s/1m0s

running (0m57.0s), 4/4 VUs, 5268 complete and 0 interrupted iterations
pull   [  90% ] 4 VUs  0m54.1s/1m0s

running (0m58.0s), 4/4 VUs, 5368 complete and 0 interrupted iterations
pull   [  92% ] 4 VUs  0m55.1s/1m0s

running (0m59.0s), 4/4 VUs, 5466 complete and 0 interrupted iterations
pull   [  93% ] 4 VUs  0m56.1s/1m0s

running (1m00.0s), 4/4 VUs, 5563 complete and 0 interrupted iterations
pull   [  95% ] 4 VUs  0m57.1s/1m0s

running (1m01.0s), 4/4 VUs, 5661 complete and 0 interrupted iterations
pull   [  97% ] 4 VUs  0m58.1s/1m0s

running (1m02.0s), 4/4 VUs, 5757 complete and 0 interrupted iterations
pull   [  98% ] 4 VUs  0m59.1s/1m0s

================ DSP benchmark summary ================
-- per-phase latency --
  catalog                    p50=95.5 ms  p95=95.5 ms  p99=95.5 ms  max=95.5 ms  n=1
  negotiation init (POST)    p50=73.4 ms  p95=73.4 ms  p99=73.4 ms  max=73.4 ms  n=1
  time-to-AGREED (async)     p50=1788.0 ms  p95=1788.0 ms  p99=1788.0 ms  max=1788.0 ms  n=1
  transfer init (POST)       p50=76.8 ms  p95=76.8 ms  p99=76.8 ms  max=76.8 ms  n=1
  time-to-EDR (async)        p50=766.0 ms  p95=766.0 ms  p99=766.0 ms  max=766.0 ms  n=1
  data pull                  p50=40.4 ms  p95=42.1 ms  p99=47.6 ms  max=178.9 ms  n=5849
-- end-to-end + throughput --
  e2e transaction            (no data)
  data throughput (MB/s)     p50=0.1  p95=0.1  p99=0.1  max=0.2  n=5849
-- outcomes --
  transactions succeeded     (no data)
  transactions failed        (no data)
  failed rate                rate=0.00%  (pass=0 fail=0)
    of which TERMINATED      (no data)
    of which TIMED OUT       (no data)
-- observer effect (poll load) --
  negotiation polls          count=8  rate=0.127/s
  edr polls                  count=4  rate=0.064/s
  polls per transaction     (no data)
=======================================================
(full summary -> /home/rohitj/edc/benchmarking-factoryx-edc/resources/local-fx-mvd/k6-scripts/results/factoryx/payload-sweep/2026-07-31T13-50-31Z/k6-summary.json; POLL_INTERVAL_MS=250; IDENTITY_MODE=on)

running (1m02.9s), 0/4 VUs, 5849 complete and 0 interrupted iterations
pull ✓ [ 100% ] 4 VUs  1m0s
