
         /\      Grafana   /‾‾/  
    /\  /  \     |\  __   /  /   
   /  \/    \    | |/ /  /   ‾‾\ 
  /          \   |   (  |  (‾)  |
 / __________ \  |_|\_\  \_____/ 


     execution: local
        script: /home/rohitj/edc/benchmarking-factoryx-edc/resources/local-fx-mvd/k6-scripts/scenarios/payload-sweep.js
        output: Prometheus remote write (http://localhost:9090/api/v1/write)

     scenarios: (100.00%) 1 scenario, 4 max VUs, 1m30s max duration (incl. graceful stop):
              * pull: 4 looping VUs for 1m0s (gracefulStop: 30s)


Run    [ 100% ] setup()
pull   [   0% ]

Run    [ 100% ] setup()
pull   [   0% ]

Run    [ 100% ] setup()
pull   [   0% ]

Run    [ 100% ] setup()
pull   [   0% ]

running (0m05.0s), 4/4 VUs, 133 complete and 0 interrupted iterations
pull   [   2% ] 4 VUs  0m01.0s/1m0s

running (0m06.0s), 4/4 VUs, 271 complete and 0 interrupted iterations
pull   [   3% ] 4 VUs  0m02.0s/1m0s

running (0m07.0s), 4/4 VUs, 411 complete and 0 interrupted iterations
pull   [   5% ] 4 VUs  0m03.0s/1m0s

running (0m08.0s), 4/4 VUs, 553 complete and 0 interrupted iterations
pull   [   7% ] 4 VUs  0m04.0s/1m0s

running (0m09.0s), 4/4 VUs, 690 complete and 0 interrupted iterations
pull   [   8% ] 4 VUs  0m05.0s/1m0s

running (0m10.0s), 4/4 VUs, 830 complete and 0 interrupted iterations
pull   [  10% ] 4 VUs  0m06.0s/1m0s

running (0m11.0s), 4/4 VUs, 968 complete and 0 interrupted iterations
pull   [  12% ] 4 VUs  0m07.0s/1m0s

running (0m12.0s), 4/4 VUs, 1110 complete and 0 interrupted iterations
pull   [  13% ] 4 VUs  0m08.0s/1m0s

running (0m13.0s), 4/4 VUs, 1250 complete and 0 interrupted iterations
pull   [  15% ] 4 VUs  0m09.0s/1m0s

running (0m14.0s), 4/4 VUs, 1386 complete and 0 interrupted iterations
pull   [  17% ] 4 VUs  0m10.0s/1m0s

running (0m15.0s), 4/4 VUs, 1526 complete and 0 interrupted iterations
pull   [  18% ] 4 VUs  0m11.0s/1m0s

running (0m16.0s), 4/4 VUs, 1665 complete and 0 interrupted iterations
pull   [  20% ] 4 VUs  0m12.0s/1m0s

running (0m17.0s), 4/4 VUs, 1801 complete and 0 interrupted iterations
pull   [  22% ] 4 VUs  0m13.0s/1m0s

running (0m18.0s), 4/4 VUs, 1940 complete and 0 interrupted iterations
pull   [  23% ] 4 VUs  0m14.0s/1m0s

running (0m19.0s), 4/4 VUs, 2084 complete and 0 interrupted iterations
pull   [  25% ] 4 VUs  0m15.0s/1m0s

running (0m20.0s), 4/4 VUs, 2223 complete and 0 interrupted iterations
pull   [  27% ] 4 VUs  0m16.0s/1m0s

running (0m21.0s), 4/4 VUs, 2366 complete and 0 interrupted iterations
pull   [  28% ] 4 VUs  0m17.0s/1m0s

running (0m22.0s), 4/4 VUs, 2502 complete and 0 interrupted iterations
pull   [  30% ] 4 VUs  0m18.0s/1m0s

running (0m23.0s), 4/4 VUs, 2644 complete and 0 interrupted iterations
pull   [  32% ] 4 VUs  0m19.0s/1m0s

running (0m24.0s), 4/4 VUs, 2786 complete and 0 interrupted iterations
pull   [  33% ] 4 VUs  0m20.0s/1m0s

running (0m25.0s), 4/4 VUs, 2931 complete and 0 interrupted iterations
pull   [  35% ] 4 VUs  0m21.0s/1m0s

running (0m26.0s), 4/4 VUs, 3076 complete and 0 interrupted iterations
pull   [  37% ] 4 VUs  0m22.0s/1m0s

running (0m27.0s), 4/4 VUs, 3216 complete and 0 interrupted iterations
pull   [  38% ] 4 VUs  0m23.0s/1m0s

running (0m28.0s), 4/4 VUs, 3360 complete and 0 interrupted iterations
pull   [  40% ] 4 VUs  0m24.0s/1m0s

running (0m29.0s), 4/4 VUs, 3504 complete and 0 interrupted iterations
pull   [  42% ] 4 VUs  0m25.0s/1m0s

running (0m30.0s), 4/4 VUs, 3647 complete and 0 interrupted iterations
pull   [  43% ] 4 VUs  0m26.0s/1m0s

running (0m31.0s), 4/4 VUs, 3790 complete and 0 interrupted iterations
pull   [  45% ] 4 VUs  0m27.0s/1m0s

running (0m32.0s), 4/4 VUs, 3936 complete and 0 interrupted iterations
pull   [  47% ] 4 VUs  0m28.0s/1m0s

running (0m33.0s), 4/4 VUs, 4079 complete and 0 interrupted iterations
pull   [  48% ] 4 VUs  0m29.0s/1m0s

running (0m34.0s), 4/4 VUs, 4224 complete and 0 interrupted iterations
pull   [  50% ] 4 VUs  0m30.0s/1m0s

running (0m35.0s), 4/4 VUs, 4371 complete and 0 interrupted iterations
pull   [  52% ] 4 VUs  0m31.0s/1m0s

running (0m36.0s), 4/4 VUs, 4513 complete and 0 interrupted iterations
pull   [  53% ] 4 VUs  0m32.0s/1m0s

running (0m37.0s), 4/4 VUs, 4659 complete and 0 interrupted iterations
pull   [  55% ] 4 VUs  0m33.0s/1m0s

running (0m38.0s), 4/4 VUs, 4800 complete and 0 interrupted iterations
pull   [  57% ] 4 VUs  0m34.0s/1m0s

running (0m39.0s), 4/4 VUs, 4943 complete and 0 interrupted iterations
pull   [  58% ] 4 VUs  0m35.0s/1m0s

running (0m40.0s), 4/4 VUs, 5086 complete and 0 interrupted iterations
pull   [  60% ] 4 VUs  0m36.0s/1m0s

running (0m41.0s), 4/4 VUs, 5232 complete and 0 interrupted iterations
pull   [  62% ] 4 VUs  0m37.0s/1m0s

running (0m42.0s), 4/4 VUs, 5379 complete and 0 interrupted iterations
pull   [  63% ] 4 VUs  0m38.0s/1m0s

running (0m43.0s), 4/4 VUs, 5523 complete and 0 interrupted iterations
pull   [  65% ] 4 VUs  0m39.0s/1m0s

running (0m44.0s), 4/4 VUs, 5667 complete and 0 interrupted iterations
pull   [  67% ] 4 VUs  0m40.0s/1m0s

running (0m45.0s), 4/4 VUs, 5812 complete and 0 interrupted iterations
pull   [  68% ] 4 VUs  0m41.0s/1m0s

running (0m46.0s), 4/4 VUs, 5959 complete and 0 interrupted iterations
pull   [  70% ] 4 VUs  0m42.0s/1m0s

running (0m47.0s), 4/4 VUs, 6103 complete and 0 interrupted iterations
pull   [  72% ] 4 VUs  0m43.0s/1m0s

running (0m48.0s), 4/4 VUs, 6248 complete and 0 interrupted iterations
pull   [  73% ] 4 VUs  0m44.0s/1m0s

running (0m49.0s), 4/4 VUs, 6394 complete and 0 interrupted iterations
pull   [  75% ] 4 VUs  0m45.0s/1m0s

running (0m50.0s), 4/4 VUs, 6540 complete and 0 interrupted iterations
pull   [  77% ] 4 VUs  0m46.0s/1m0s

running (0m51.0s), 4/4 VUs, 6684 complete and 0 interrupted iterations
pull   [  78% ] 4 VUs  0m47.0s/1m0s

running (0m52.0s), 4/4 VUs, 6828 complete and 0 interrupted iterations
pull   [  80% ] 4 VUs  0m48.0s/1m0s

running (0m53.0s), 4/4 VUs, 6972 complete and 0 interrupted iterations
pull   [  82% ] 4 VUs  0m49.0s/1m0s

running (0m54.0s), 4/4 VUs, 7119 complete and 0 interrupted iterations
pull   [  83% ] 4 VUs  0m50.0s/1m0s

running (0m55.0s), 4/4 VUs, 7260 complete and 0 interrupted iterations
pull   [  85% ] 4 VUs  0m51.0s/1m0s

running (0m56.0s), 4/4 VUs, 7405 complete and 0 interrupted iterations
pull   [  87% ] 4 VUs  0m52.0s/1m0s

running (0m57.0s), 4/4 VUs, 7549 complete and 0 interrupted iterations
pull   [  88% ] 4 VUs  0m53.0s/1m0s

running (0m58.0s), 4/4 VUs, 7694 complete and 0 interrupted iterations
pull   [  90% ] 4 VUs  0m54.0s/1m0s

running (0m59.0s), 4/4 VUs, 7837 complete and 0 interrupted iterations
pull   [  92% ] 4 VUs  0m55.0s/1m0s

running (1m00.0s), 4/4 VUs, 7982 complete and 0 interrupted iterations
pull   [  93% ] 4 VUs  0m56.0s/1m0s

running (1m01.0s), 4/4 VUs, 8125 complete and 0 interrupted iterations
pull   [  95% ] 4 VUs  0m57.0s/1m0s

running (1m02.0s), 4/4 VUs, 8266 complete and 0 interrupted iterations
pull   [  97% ] 4 VUs  0m58.0s/1m0s

running (1m03.0s), 4/4 VUs, 8412 complete and 0 interrupted iterations
pull   [  98% ] 4 VUs  0m59.0s/1m0s

running (1m04.0s), 4/4 VUs, 8555 complete and 0 interrupted iterations
pull   [ 100% ] 4 VUs  1m00.0s/1m0s

================ DSP benchmark summary ================
-- per-phase latency --
  catalog                    p50=8.1 ms  p95=8.1 ms  p99=8.1 ms  max=8.1 ms  n=1
  negotiation init (POST)    p50=26.0 ms  p95=26.0 ms  p99=26.0 ms  max=26.0 ms  n=1
  time-to-AGREED (async)     p50=1786.0 ms  p95=1786.0 ms  p99=1786.0 ms  max=1786.0 ms  n=1
  transfer init (POST)       p50=120.4 ms  p95=120.4 ms  p99=120.4 ms  max=120.4 ms  n=1
  time-to-EDR (async)        p50=2033.0 ms  p95=2033.0 ms  p99=2033.0 ms  max=2033.0 ms  n=1
  data pull                  p50=27.2 ms  p95=32.7 ms  p99=36.7 ms  max=62.9 ms  n=8564
-- end-to-end + throughput --
  e2e transaction            (no data)
  data throughput (MB/s)     p50=384.9  p95=436.9  p99=460.1  max=532.5  n=8564
-- outcomes --
  transactions succeeded     (no data)
  transactions failed        (no data)
  failed rate                rate=0.00%  (pass=0 fail=0)
    of which TERMINATED      (no data)
    of which TIMED OUT       (no data)
    of which HTTP-FAILED     (no data)
  failure accounting       (no failures)
-- observer effect (poll load) --
  negotiation polls          count=8  rate=0.125/s
  edr polls                  count=9  rate=0.141/s
  polls per transaction     (no data)
=======================================================
(full summary -> /home/rohitj/edc/benchmarking-factoryx-edc/resources/local-fx-mvd/k6-scripts/results/factoryx/off/payload-sweep/2026-08-02T17-42-18Z/k6-summary.json; POLL_INTERVAL_MS=250; IDENTITY_MODE=off)

running (1m04.0s), 0/4 VUs, 8564 complete and 0 interrupted iterations
pull ✓ [ 100% ] 4 VUs  1m0s
