
         /\      Grafana   /‾‾/  
    /\  /  \     |\  __   /  /   
   /  \/    \    | |/ /  /   ‾‾\ 
  /          \   |   (  |  (‾)  |
 / __________ \  |_|\_\  \_____/ 


     execution: local
        script: /home/rohitj/edc/benchmarking-factoryx-edc/resources/local-fx-mvd/k6-scripts/scenarios/concurrency-closed.js
        output: Prometheus remote write (http://localhost:9090/api/v1/write)

     scenarios: (100.00%) 1 scenario, 50 max VUs, 8m0s max duration (incl. graceful stop):
              * concurrency: Up to 50 looping VUs for 7m30s over 5 stages (gracefulRampDown: 30s, gracefulStop: 30s)


running (0m01.0s), 01/50 VUs, 0 complete and 0 interrupted iterations
concurrency   [   0% ] 01/50 VUs  0m01.0s/7m30.0s

running (0m02.0s), 01/50 VUs, 0 complete and 0 interrupted iterations
concurrency   [   0% ] 01/50 VUs  0m02.0s/7m30.0s

running (0m03.0s), 01/50 VUs, 0 complete and 0 interrupted iterations
concurrency   [   1% ] 01/50 VUs  0m03.0s/7m30.0s

running (0m04.0s), 01/50 VUs, 0 complete and 0 interrupted iterations
concurrency   [   1% ] 01/50 VUs  0m04.0s/7m30.0s

running (0m05.0s), 01/50 VUs, 0 complete and 0 interrupted iterations
concurrency   [   1% ] 01/50 VUs  0m05.0s/7m30.0s

running (0m06.0s), 01/50 VUs, 0 complete and 0 interrupted iterations
concurrency   [   1% ] 01/50 VUs  0m06.0s/7m30.0s

running (0m07.0s), 01/50 VUs, 0 complete and 0 interrupted iterations
concurrency   [   2% ] 01/50 VUs  0m07.0s/7m30.0s

running (0m08.0s), 01/50 VUs, 0 complete and 0 interrupted iterations
concurrency   [   2% ] 01/50 VUs  0m08.0s/7m30.0s

running (0m09.0s), 01/50 VUs, 0 complete and 0 interrupted iterations
concurrency   [   2% ] 01/50 VUs  0m09.0s/7m30.0s

running (0m10.0s), 01/50 VUs, 0 complete and 0 interrupted iterations
concurrency   [   2% ] 01/50 VUs  0m10.0s/7m30.0s

running (0m11.0s), 01/50 VUs, 0 complete and 0 interrupted iterations
concurrency   [   2% ] 01/50 VUs  0m11.0s/7m30.0s

running (0m12.0s), 01/50 VUs, 0 complete and 0 interrupted iterations
concurrency   [   3% ] 01/50 VUs  0m12.0s/7m30.0s

running (0m13.0s), 01/50 VUs, 0 complete and 0 interrupted iterations
concurrency   [   3% ] 01/50 VUs  0m13.0s/7m30.0s

running (0m14.0s), 01/50 VUs, 0 complete and 0 interrupted iterations
concurrency   [   3% ] 01/50 VUs  0m14.0s/7m30.0s

running (0m15.0s), 01/50 VUs, 0 complete and 0 interrupted iterations
concurrency   [   3% ] 01/50 VUs  0m15.0s/7m30.0s

running (0m16.0s), 01/50 VUs, 0 complete and 0 interrupted iterations
concurrency   [   4% ] 01/50 VUs  0m16.0s/7m30.0s

running (0m17.0s), 01/50 VUs, 0 complete and 0 interrupted iterations
concurrency   [   4% ] 01/50 VUs  0m17.0s/7m30.0s

running (0m18.0s), 01/50 VUs, 0 complete and 0 interrupted iterations
concurrency   [   4% ] 01/50 VUs  0m18.0s/7m30.0s

running (0m19.0s), 01/50 VUs, 0 complete and 0 interrupted iterations
concurrency   [   4% ] 01/50 VUs  0m19.0s/7m30.0s

running (0m20.0s), 01/50 VUs, 0 complete and 0 interrupted iterations
concurrency   [   4% ] 01/50 VUs  0m20.0s/7m30.0s

running (0m21.0s), 01/50 VUs, 0 complete and 0 interrupted iterations
concurrency   [   5% ] 01/50 VUs  0m21.0s/7m30.0s

running (0m22.0s), 01/50 VUs, 0 complete and 0 interrupted iterations
concurrency   [   5% ] 01/50 VUs  0m22.0s/7m30.0s

running (0m23.0s), 02/50 VUs, 0 complete and 0 interrupted iterations
concurrency   [   5% ] 02/50 VUs  0m23.0s/7m30.0s

running (0m24.0s), 02/50 VUs, 0 complete and 0 interrupted iterations
concurrency   [   5% ] 02/50 VUs  0m24.0s/7m30.0s

running (0m25.0s), 02/50 VUs, 0 complete and 0 interrupted iterations
concurrency   [   6% ] 02/50 VUs  0m25.0s/7m30.0s

running (0m26.0s), 02/50 VUs, 0 complete and 0 interrupted iterations
concurrency   [   6% ] 02/50 VUs  0m26.0s/7m30.0s

running (0m27.0s), 02/50 VUs, 0 complete and 0 interrupted iterations
concurrency   [   6% ] 02/50 VUs  0m27.0s/7m30.0s

running (0m28.0s), 02/50 VUs, 0 complete and 0 interrupted iterations
concurrency   [   6% ] 02/50 VUs  0m28.0s/7m30.0s

running (0m29.0s), 02/50 VUs, 0 complete and 0 interrupted iterations
concurrency   [   6% ] 02/50 VUs  0m29.0s/7m30.0s

running (0m30.0s), 02/50 VUs, 0 complete and 0 interrupted iterations
concurrency   [   7% ] 02/50 VUs  0m30.0s/7m30.0s

running (0m31.0s), 02/50 VUs, 0 complete and 0 interrupted iterations
concurrency   [   7% ] 02/50 VUs  0m31.0s/7m30.0s

running (0m32.0s), 02/50 VUs, 0 complete and 0 interrupted iterations
concurrency   [   7% ] 02/50 VUs  0m32.0s/7m30.0s

running (0m33.0s), 02/50 VUs, 1 complete and 0 interrupted iterations
concurrency   [   7% ] 02/50 VUs  0m33.0s/7m30.0s

running (0m34.0s), 02/50 VUs, 1 complete and 0 interrupted iterations
concurrency   [   8% ] 02/50 VUs  0m34.0s/7m30.0s

running (0m35.0s), 02/50 VUs, 1 complete and 0 interrupted iterations
concurrency   [   8% ] 02/50 VUs  0m35.0s/7m30.0s

running (0m36.0s), 02/50 VUs, 1 complete and 0 interrupted iterations
concurrency   [   8% ] 02/50 VUs  0m36.0s/7m30.0s

running (0m37.0s), 02/50 VUs, 1 complete and 0 interrupted iterations
concurrency   [   8% ] 02/50 VUs  0m37.0s/7m30.0s

running (0m38.0s), 02/50 VUs, 1 complete and 0 interrupted iterations
concurrency   [   8% ] 02/50 VUs  0m38.0s/7m30.0s

running (0m39.0s), 02/50 VUs, 1 complete and 0 interrupted iterations
concurrency   [   9% ] 02/50 VUs  0m39.0s/7m30.0s

running (0m40.0s), 02/50 VUs, 1 complete and 0 interrupted iterations
concurrency   [   9% ] 02/50 VUs  0m40.0s/7m30.0s

running (0m41.0s), 02/50 VUs, 1 complete and 0 interrupted iterations
concurrency   [   9% ] 02/50 VUs  0m41.0s/7m30.0s

running (0m42.0s), 02/50 VUs, 1 complete and 0 interrupted iterations
concurrency   [   9% ] 02/50 VUs  0m42.0s/7m30.0s

running (0m43.0s), 02/50 VUs, 1 complete and 0 interrupted iterations
concurrency   [  10% ] 02/50 VUs  0m43.0s/7m30.0s

running (0m44.0s), 02/50 VUs, 1 complete and 0 interrupted iterations
concurrency   [  10% ] 02/50 VUs  0m44.0s/7m30.0s

running (0m45.0s), 02/50 VUs, 1 complete and 0 interrupted iterations
concurrency   [  10% ] 02/50 VUs  0m45.0s/7m30.0s

running (0m46.0s), 03/50 VUs, 1 complete and 0 interrupted iterations
concurrency   [  10% ] 03/50 VUs  0m46.0s/7m30.0s

running (0m47.0s), 03/50 VUs, 1 complete and 0 interrupted iterations
concurrency   [  10% ] 03/50 VUs  0m47.0s/7m30.0s

running (0m48.0s), 03/50 VUs, 1 complete and 0 interrupted iterations
concurrency   [  11% ] 03/50 VUs  0m48.0s/7m30.0s

running (0m49.0s), 03/50 VUs, 1 complete and 0 interrupted iterations
concurrency   [  11% ] 03/50 VUs  0m49.0s/7m30.0s

running (0m50.0s), 03/50 VUs, 1 complete and 0 interrupted iterations
concurrency   [  11% ] 03/50 VUs  0m50.0s/7m30.0s

running (0m51.0s), 03/50 VUs, 1 complete and 0 interrupted iterations
concurrency   [  11% ] 03/50 VUs  0m51.0s/7m30.0s

running (0m52.0s), 03/50 VUs, 1 complete and 0 interrupted iterations
concurrency   [  12% ] 03/50 VUs  0m52.0s/7m30.0s

running (0m53.0s), 03/50 VUs, 1 complete and 0 interrupted iterations
concurrency   [  12% ] 03/50 VUs  0m53.0s/7m30.0s

running (0m54.0s), 03/50 VUs, 1 complete and 0 interrupted iterations
concurrency   [  12% ] 03/50 VUs  0m54.0s/7m30.0s

running (0m55.0s), 03/50 VUs, 1 complete and 0 interrupted iterations
concurrency   [  12% ] 03/50 VUs  0m55.0s/7m30.0s

running (0m56.0s), 03/50 VUs, 2 complete and 0 interrupted iterations
concurrency   [  12% ] 03/50 VUs  0m56.0s/7m30.0s

running (0m57.0s), 03/50 VUs, 2 complete and 0 interrupted iterations
concurrency   [  13% ] 03/50 VUs  0m57.0s/7m30.0s

running (0m58.0s), 03/50 VUs, 2 complete and 0 interrupted iterations
concurrency   [  13% ] 03/50 VUs  0m58.0s/7m30.0s

running (0m59.0s), 03/50 VUs, 2 complete and 0 interrupted iterations
concurrency   [  13% ] 03/50 VUs  0m59.0s/7m30.0s

running (1m00.0s), 03/50 VUs, 2 complete and 0 interrupted iterations
concurrency   [  13% ] 03/50 VUs  1m00.0s/7m30.0s

running (1m01.0s), 03/50 VUs, 2 complete and 0 interrupted iterations
concurrency   [  14% ] 03/50 VUs  1m01.0s/7m30.0s

running (1m02.0s), 03/50 VUs, 2 complete and 0 interrupted iterations
concurrency   [  14% ] 03/50 VUs  1m02.0s/7m30.0s

================ DSP benchmark summary ================
-- per-phase latency --
  catalog                    p50=86.7 ms  p95=117.7 ms  p99=119.6 ms  max=120.0 ms  n=5
  negotiation init (POST)    p50=7.8 ms  p95=86.9 ms  p99=99.2 ms  max=102.2 ms  n=5
  time-to-AGREED (async)     p50=2543.0 ms  p95=2571.0 ms  p99=2576.6 ms  max=2578.0 ms  n=5
  transfer init (POST)       p50=13.5 ms  p95=82.8 ms  p99=90.5 ms  max=92.4 ms  n=5
  time-to-EDR (async)        (no data)
  data pull                  (no data)
-- end-to-end + throughput --
  e2e transaction            (no data)
  data throughput (MB/s)     (no data)
-- outcomes --
  transactions succeeded     (no data)
  transactions failed        count=2  rate=0.032/s
  failed rate                rate=100.00%  (pass=2 fail=0)
    of which TERMINATED      (no data)
    of which TIMED OUT       count=2  rate=0.032/s
-- observer effect (poll load) --
  negotiation polls          count=53  rate=0.855/s
  edr polls                  count=420  rate=6.776/s
  polls per transaction     negotiation=26.5  edr=210.0  (timeout ceiling=120)  <-- WARNING: near the 120-poll timeout ceiling; system is past its knee
=======================================================
(full summary -> /home/rohitj/edc/benchmarking-factoryx-edc/resources/local-fx-mvd/k6-scripts/results/factoryx/concurrency-closed/2026-07-31T11-43-33Z/k6-summary.json; POLL_INTERVAL_MS=250; IDENTITY_MODE=on)

running (1m02.0s), 00/50 VUs, 2 complete and 3 interrupted iterations
concurrency ✗ [  14% ] 03/50 VUs  1m02.0s/7m30.0s
time="2026-07-31T11:46:06Z" level=error msg="thresholds on metrics 'dsp_transaction_failed_rate' were crossed; at least one has abortOnFail enabled, stopping test prematurely"
