
         /\      Grafana   /‾‾/  
    /\  /  \     |\  __   /  /   
   /  \/    \    | |/ /  /   ‾‾\ 
  /          \   |   (  |  (‾)  |
 / __________ \  |_|\_\  \_____/ 


     execution: local
        script: /home/rohitj/edc/benchmarking-factoryx-edc/resources/local-fx-mvd/k6-scripts/scenarios/saturation-open.js
        output: Prometheus remote write (http://localhost:9090/api/v1/write)

     scenarios: (100.00%) 1 scenario, 800 max VUs, 11m0s max duration (incl. graceful stop):
              * saturation: Up to 6.00 iterations/s for 10m30s over 7 stages (maxVUs: 600-800, gracefulStop: 30s)


running (00m00.9s), 000/600 VUs, 0 complete and 0 interrupted iterations
saturation   [   0% ] 000/600 VUs  00m00.8s/10m30s  1.00 iters/s

running (00m01.9s), 001/600 VUs, 0 complete and 0 interrupted iterations
saturation   [   0% ] 001/600 VUs  00m01.8s/10m30s  1.00 iters/s

running (00m02.9s), 002/600 VUs, 0 complete and 0 interrupted iterations
saturation   [   0% ] 002/600 VUs  00m02.8s/10m30s  1.00 iters/s

running (00m03.9s), 003/600 VUs, 0 complete and 0 interrupted iterations
saturation   [   1% ] 003/600 VUs  00m03.8s/10m30s  1.00 iters/s

running (00m04.9s), 004/600 VUs, 0 complete and 0 interrupted iterations
saturation   [   1% ] 004/600 VUs  00m04.8s/10m30s  1.00 iters/s

running (00m05.9s), 005/600 VUs, 0 complete and 0 interrupted iterations
saturation   [   1% ] 005/600 VUs  00m05.8s/10m30s  1.00 iters/s

running (00m06.9s), 005/600 VUs, 1 complete and 0 interrupted iterations
saturation   [   1% ] 005/600 VUs  00m06.8s/10m30s  1.00 iters/s

running (00m07.9s), 005/600 VUs, 2 complete and 0 interrupted iterations
saturation   [   1% ] 005/600 VUs  00m07.8s/10m30s  1.00 iters/s

running (00m08.9s), 006/600 VUs, 2 complete and 0 interrupted iterations
saturation   [   1% ] 006/600 VUs  00m08.8s/10m30s  1.00 iters/s

running (00m09.9s), 005/600 VUs, 4 complete and 0 interrupted iterations
saturation   [   2% ] 005/600 VUs  00m09.8s/10m30s  1.00 iters/s

running (00m10.9s), 006/600 VUs, 4 complete and 0 interrupted iterations
saturation   [   2% ] 006/600 VUs  00m10.8s/10m30s  1.00 iters/s

running (00m11.9s), 005/600 VUs, 6 complete and 0 interrupted iterations
saturation   [   2% ] 005/600 VUs  00m11.8s/10m30s  1.00 iters/s

running (00m12.9s), 005/600 VUs, 7 complete and 0 interrupted iterations
saturation   [   2% ] 005/600 VUs  00m12.8s/10m30s  1.00 iters/s

running (00m13.9s), 005/600 VUs, 8 complete and 0 interrupted iterations
saturation   [   2% ] 005/600 VUs  00m13.8s/10m30s  1.00 iters/s

running (00m14.9s), 005/600 VUs, 9 complete and 0 interrupted iterations
saturation   [   2% ] 005/600 VUs  00m14.8s/10m30s  1.00 iters/s

running (00m15.9s), 004/600 VUs, 11 complete and 0 interrupted iterations
saturation   [   3% ] 004/600 VUs  00m15.8s/10m30s  1.00 iters/s

running (00m16.9s), 005/600 VUs, 11 complete and 0 interrupted iterations
saturation   [   3% ] 005/600 VUs  00m16.8s/10m30s  1.00 iters/s

running (00m17.9s), 005/600 VUs, 12 complete and 0 interrupted iterations
saturation   [   3% ] 005/600 VUs  00m17.8s/10m30s  1.00 iters/s

running (00m18.9s), 005/600 VUs, 13 complete and 0 interrupted iterations
saturation   [   3% ] 005/600 VUs  00m18.8s/10m30s  1.00 iters/s

running (00m19.9s), 005/600 VUs, 14 complete and 0 interrupted iterations
saturation   [   3% ] 005/600 VUs  00m19.8s/10m30s  1.00 iters/s

running (00m20.9s), 006/600 VUs, 14 complete and 0 interrupted iterations
saturation   [   3% ] 006/600 VUs  00m20.8s/10m30s  1.00 iters/s

running (00m21.9s), 004/600 VUs, 17 complete and 0 interrupted iterations
saturation   [   3% ] 004/600 VUs  00m21.8s/10m30s  1.00 iters/s

running (00m22.9s), 005/600 VUs, 17 complete and 0 interrupted iterations
saturation   [   4% ] 005/600 VUs  00m22.8s/10m30s  1.00 iters/s

running (00m23.9s), 005/600 VUs, 18 complete and 0 interrupted iterations
saturation   [   4% ] 005/600 VUs  00m23.8s/10m30s  1.00 iters/s

running (00m24.9s), 004/600 VUs, 20 complete and 0 interrupted iterations
saturation   [   4% ] 004/600 VUs  00m24.8s/10m30s  1.00 iters/s

running (00m25.9s), 005/600 VUs, 20 complete and 0 interrupted iterations
saturation   [   4% ] 005/600 VUs  00m25.8s/10m30s  1.00 iters/s

running (00m26.9s), 005/600 VUs, 21 complete and 0 interrupted iterations
saturation   [   4% ] 005/600 VUs  00m26.8s/10m30s  1.00 iters/s

running (00m27.9s), 005/600 VUs, 22 complete and 0 interrupted iterations
saturation   [   4% ] 005/600 VUs  00m27.8s/10m30s  1.00 iters/s

running (00m28.9s), 005/600 VUs, 23 complete and 0 interrupted iterations
saturation   [   5% ] 005/600 VUs  00m28.8s/10m30s  1.00 iters/s

running (00m29.9s), 005/600 VUs, 24 complete and 0 interrupted iterations
saturation   [   5% ] 005/600 VUs  00m29.8s/10m30s  1.00 iters/s

running (00m30.9s), 006/600 VUs, 24 complete and 0 interrupted iterations
saturation   [   5% ] 006/600 VUs  00m30.8s/10m30s  1.00 iters/s

running (00m31.9s), 004/600 VUs, 27 complete and 0 interrupted iterations
saturation   [   5% ] 004/600 VUs  00m31.8s/10m30s  1.00 iters/s

running (00m32.9s), 004/600 VUs, 28 complete and 0 interrupted iterations
saturation   [   5% ] 004/600 VUs  00m32.8s/10m30s  1.00 iters/s

running (00m33.9s), 005/600 VUs, 28 complete and 0 interrupted iterations
saturation   [   5% ] 005/600 VUs  00m33.8s/10m30s  1.00 iters/s

running (00m34.9s), 005/600 VUs, 29 complete and 0 interrupted iterations
saturation   [   6% ] 005/600 VUs  00m34.8s/10m30s  1.00 iters/s

running (00m35.9s), 004/600 VUs, 31 complete and 0 interrupted iterations
saturation   [   6% ] 004/600 VUs  00m35.8s/10m30s  1.00 iters/s

running (00m36.9s), 004/600 VUs, 32 complete and 0 interrupted iterations
saturation   [   6% ] 004/600 VUs  00m36.8s/10m30s  1.00 iters/s

running (00m37.9s), 005/600 VUs, 32 complete and 0 interrupted iterations
saturation   [   6% ] 005/600 VUs  00m37.8s/10m30s  1.00 iters/s

running (00m38.9s), 005/600 VUs, 33 complete and 0 interrupted iterations
saturation   [   6% ] 005/600 VUs  00m38.8s/10m30s  1.00 iters/s

running (00m39.9s), 005/600 VUs, 34 complete and 0 interrupted iterations
saturation   [   6% ] 005/600 VUs  00m39.8s/10m30s  1.00 iters/s

running (00m40.9s), 005/600 VUs, 35 complete and 0 interrupted iterations
saturation   [   6% ] 005/600 VUs  00m40.8s/10m30s  1.00 iters/s

running (00m41.9s), 006/600 VUs, 35 complete and 0 interrupted iterations
saturation   [   7% ] 006/600 VUs  00m41.8s/10m30s  1.00 iters/s

running (00m42.9s), 004/600 VUs, 38 complete and 0 interrupted iterations
saturation   [   7% ] 004/600 VUs  00m42.8s/10m30s  1.00 iters/s

running (00m43.9s), 004/600 VUs, 39 complete and 0 interrupted iterations
saturation   [   7% ] 004/600 VUs  00m43.8s/10m30s  1.00 iters/s

running (00m44.9s), 005/600 VUs, 39 complete and 0 interrupted iterations
saturation   [   7% ] 005/600 VUs  00m44.8s/10m30s  1.00 iters/s

running (00m45.9s), 005/600 VUs, 40 complete and 0 interrupted iterations
saturation   [   7% ] 005/600 VUs  00m45.8s/10m30s  1.00 iters/s

running (00m46.9s), 004/600 VUs, 42 complete and 0 interrupted iterations
saturation   [   7% ] 004/600 VUs  00m46.8s/10m30s  1.00 iters/s

running (00m47.9s), 005/600 VUs, 42 complete and 0 interrupted iterations
saturation   [   8% ] 005/600 VUs  00m47.8s/10m30s  1.00 iters/s

running (00m48.9s), 005/600 VUs, 43 complete and 0 interrupted iterations
saturation   [   8% ] 005/600 VUs  00m48.8s/10m30s  1.00 iters/s

running (00m49.9s), 005/600 VUs, 44 complete and 0 interrupted iterations
saturation   [   8% ] 005/600 VUs  00m49.8s/10m30s  1.00 iters/s

running (00m50.9s), 005/600 VUs, 45 complete and 0 interrupted iterations
saturation   [   8% ] 005/600 VUs  00m50.8s/10m30s  1.00 iters/s

running (00m51.9s), 004/600 VUs, 47 complete and 0 interrupted iterations
saturation   [   8% ] 004/600 VUs  00m51.8s/10m30s  1.00 iters/s

running (00m52.9s), 005/600 VUs, 47 complete and 0 interrupted iterations
saturation   [   8% ] 005/600 VUs  00m52.8s/10m30s  1.00 iters/s

running (00m53.9s), 006/600 VUs, 47 complete and 0 interrupted iterations
saturation   [   9% ] 006/600 VUs  00m53.8s/10m30s  1.00 iters/s

running (00m54.9s), 005/600 VUs, 49 complete and 0 interrupted iterations
saturation   [   9% ] 005/600 VUs  00m54.8s/10m30s  1.00 iters/s

running (00m55.9s), 006/600 VUs, 49 complete and 0 interrupted iterations
saturation   [   9% ] 006/600 VUs  00m55.8s/10m30s  1.00 iters/s

running (00m56.9s), 005/600 VUs, 51 complete and 0 interrupted iterations
saturation   [   9% ] 005/600 VUs  00m56.8s/10m30s  1.00 iters/s

running (00m57.9s), 005/600 VUs, 52 complete and 0 interrupted iterations
saturation   [   9% ] 005/600 VUs  00m57.8s/10m30s  1.00 iters/s

running (00m58.9s), 005/600 VUs, 53 complete and 0 interrupted iterations
saturation   [   9% ] 005/600 VUs  00m58.8s/10m30s  1.00 iters/s

running (00m59.9s), 004/600 VUs, 55 complete and 0 interrupted iterations
saturation   [   9% ] 004/600 VUs  00m59.8s/10m30s  1.00 iters/s

running (01m00.9s), 004/600 VUs, 56 complete and 0 interrupted iterations
saturation   [  10% ] 004/600 VUs  01m00.8s/10m30s  1.00 iters/s

running (01m01.9s), 004/600 VUs, 57 complete and 0 interrupted iterations
saturation   [  10% ] 004/600 VUs  01m01.8s/10m30s  1.00 iters/s

running (01m02.9s), 004/600 VUs, 58 complete and 0 interrupted iterations
saturation   [  10% ] 004/600 VUs  01m02.8s/10m30s  1.00 iters/s

running (01m03.9s), 004/600 VUs, 59 complete and 0 interrupted iterations
saturation   [  10% ] 004/600 VUs  01m03.8s/10m30s  1.00 iters/s

running (01m04.9s), 005/600 VUs, 59 complete and 0 interrupted iterations
saturation   [  10% ] 005/600 VUs  01m04.8s/10m30s  1.00 iters/s

running (01m05.9s), 005/600 VUs, 60 complete and 0 interrupted iterations
saturation   [  10% ] 005/600 VUs  01m05.8s/10m30s  1.00 iters/s

running (01m06.9s), 006/600 VUs, 60 complete and 0 interrupted iterations
saturation   [  11% ] 006/600 VUs  01m06.8s/10m30s  1.00 iters/s

running (01m07.9s), 007/600 VUs, 60 complete and 0 interrupted iterations
saturation   [  11% ] 007/600 VUs  01m07.8s/10m30s  1.00 iters/s

running (01m08.9s), 005/600 VUs, 63 complete and 0 interrupted iterations
saturation   [  11% ] 005/600 VUs  01m08.8s/10m30s  1.00 iters/s

running (01m09.9s), 005/600 VUs, 64 complete and 0 interrupted iterations
saturation   [  11% ] 005/600 VUs  01m09.8s/10m30s  1.00 iters/s

running (01m10.9s), 005/600 VUs, 65 complete and 0 interrupted iterations
saturation   [  11% ] 005/600 VUs  01m10.8s/10m30s  1.00 iters/s

running (01m11.9s), 006/600 VUs, 65 complete and 0 interrupted iterations
saturation   [  11% ] 006/600 VUs  01m11.8s/10m30s  1.00 iters/s

running (01m12.9s), 006/600 VUs, 66 complete and 0 interrupted iterations
saturation   [  12% ] 006/600 VUs  01m12.8s/10m30s  1.00 iters/s

running (01m13.9s), 005/600 VUs, 68 complete and 0 interrupted iterations
saturation   [  12% ] 005/600 VUs  01m13.8s/10m30s  1.00 iters/s

running (01m14.9s), 005/600 VUs, 69 complete and 0 interrupted iterations
saturation   [  12% ] 005/600 VUs  01m14.8s/10m30s  1.00 iters/s

running (01m15.9s), 005/600 VUs, 70 complete and 0 interrupted iterations
saturation   [  12% ] 005/600 VUs  01m15.8s/10m30s  1.00 iters/s

running (01m16.9s), 005/600 VUs, 71 complete and 0 interrupted iterations
saturation   [  12% ] 005/600 VUs  01m16.8s/10m30s  1.00 iters/s

running (01m17.9s), 006/600 VUs, 71 complete and 0 interrupted iterations
saturation   [  12% ] 006/600 VUs  01m17.8s/10m30s  1.00 iters/s

running (01m18.9s), 005/600 VUs, 73 complete and 0 interrupted iterations
saturation   [  13% ] 005/600 VUs  01m18.8s/10m30s  1.00 iters/s

running (01m19.9s), 005/600 VUs, 74 complete and 0 interrupted iterations
saturation   [  13% ] 005/600 VUs  01m19.8s/10m30s  1.00 iters/s

running (01m20.9s), 005/600 VUs, 75 complete and 0 interrupted iterations
saturation   [  13% ] 005/600 VUs  01m20.8s/10m30s  1.00 iters/s

running (01m21.9s), 006/600 VUs, 75 complete and 0 interrupted iterations
saturation   [  13% ] 006/600 VUs  01m21.8s/10m30s  1.00 iters/s

running (01m22.9s), 006/600 VUs, 76 complete and 0 interrupted iterations
saturation   [  13% ] 006/600 VUs  01m22.8s/10m30s  1.00 iters/s

running (01m23.9s), 005/600 VUs, 78 complete and 0 interrupted iterations
saturation   [  13% ] 005/600 VUs  01m23.8s/10m30s  1.00 iters/s

running (01m24.9s), 006/600 VUs, 78 complete and 0 interrupted iterations
saturation   [  13% ] 006/600 VUs  01m24.8s/10m30s  1.00 iters/s

running (01m25.9s), 006/600 VUs, 79 complete and 0 interrupted iterations
saturation   [  14% ] 006/600 VUs  01m25.8s/10m30s  1.00 iters/s

running (01m26.9s), 005/600 VUs, 81 complete and 0 interrupted iterations
saturation   [  14% ] 005/600 VUs  01m26.8s/10m30s  1.00 iters/s

running (01m27.9s), 005/600 VUs, 82 complete and 0 interrupted iterations
saturation   [  14% ] 005/600 VUs  01m27.8s/10m30s  1.00 iters/s

running (01m28.9s), 006/600 VUs, 82 complete and 0 interrupted iterations
saturation   [  14% ] 006/600 VUs  01m28.8s/10m30s  1.00 iters/s

running (01m29.9s), 006/600 VUs, 83 complete and 0 interrupted iterations
saturation   [  14% ] 006/600 VUs  01m29.8s/10m30s  1.00 iters/s

running (01m30.9s), 006/600 VUs, 84 complete and 0 interrupted iterations
saturation   [  14% ] 006/600 VUs  01m30.8s/10m30s  1.01 iters/s

running (01m31.9s), 007/600 VUs, 84 complete and 0 interrupted iterations
saturation   [  15% ] 007/600 VUs  01m31.8s/10m30s  1.02 iters/s

running (01m32.9s), 005/600 VUs, 87 complete and 0 interrupted iterations
saturation   [  15% ] 005/600 VUs  01m32.8s/10m30s  1.03 iters/s

running (01m33.9s), 005/600 VUs, 88 complete and 0 interrupted iterations
saturation   [  15% ] 005/600 VUs  01m33.8s/10m30s  1.04 iters/s

running (01m34.9s), 006/600 VUs, 88 complete and 0 interrupted iterations
saturation   [  15% ] 006/600 VUs  01m34.8s/10m30s  1.05 iters/s

running (01m35.9s), 007/600 VUs, 89 complete and 0 interrupted iterations
saturation   [  15% ] 007/600 VUs  01m35.8s/10m30s  1.07 iters/s

running (01m36.9s), 006/600 VUs, 91 complete and 0 interrupted iterations
saturation   [  15% ] 006/600 VUs  01m36.8s/10m30s  1.08 iters/s

running (01m37.9s), 007/600 VUs, 91 complete and 0 interrupted iterations
saturation   [  16% ] 007/600 VUs  01m37.8s/10m30s  1.09 iters/s

running (01m38.9s), 006/600 VUs, 93 complete and 0 interrupted iterations
saturation   [  16% ] 006/600 VUs  01m38.8s/10m30s  1.10 iters/s

running (01m39.9s), 006/600 VUs, 94 complete and 0 interrupted iterations
saturation   [  16% ] 006/600 VUs  01m39.8s/10m30s  1.11 iters/s

running (01m40.9s), 007/600 VUs, 94 complete and 0 interrupted iterations
saturation   [  16% ] 007/600 VUs  01m40.8s/10m30s  1.12 iters/s

running (01m41.9s), 006/600 VUs, 96 complete and 0 interrupted iterations
saturation   [  16% ] 006/600 VUs  01m41.8s/10m30s  1.13 iters/s

running (01m42.9s), 006/600 VUs, 97 complete and 0 interrupted iterations
saturation   [  16% ] 006/600 VUs  01m42.8s/10m30s  1.14 iters/s

running (01m43.9s), 007/600 VUs, 97 complete and 0 interrupted iterations
saturation   [  16% ] 007/600 VUs  01m43.8s/10m30s  1.15 iters/s

running (01m44.9s), 008/600 VUs, 98 complete and 0 interrupted iterations
saturation   [  17% ] 008/600 VUs  01m44.8s/10m30s  1.17 iters/s

running (01m45.9s), 007/600 VUs, 100 complete and 0 interrupted iterations
saturation   [  17% ] 007/600 VUs  01m45.8s/10m30s  1.18 iters/s

running (01m46.9s), 006/600 VUs, 102 complete and 0 interrupted iterations
saturation   [  17% ] 006/600 VUs  01m46.8s/10m30s  1.19 iters/s

running (01m47.9s), 006/600 VUs, 103 complete and 0 interrupted iterations
saturation   [  17% ] 006/600 VUs  01m47.8s/10m30s  1.20 iters/s

running (01m48.9s), 007/600 VUs, 103 complete and 0 interrupted iterations
saturation   [  17% ] 007/600 VUs  01m48.8s/10m30s  1.21 iters/s

running (01m49.9s), 007/600 VUs, 105 complete and 0 interrupted iterations
saturation   [  17% ] 007/600 VUs  01m49.8s/10m30s  1.22 iters/s

running (01m50.9s), 007/600 VUs, 106 complete and 0 interrupted iterations
saturation   [  18% ] 007/600 VUs  01m50.8s/10m30s  1.23 iters/s

running (01m51.9s), 008/600 VUs, 106 complete and 0 interrupted iterations
saturation   [  18% ] 008/600 VUs  01m51.8s/10m30s  1.24 iters/s

running (01m52.9s), 006/600 VUs, 109 complete and 0 interrupted iterations
saturation   [  18% ] 006/600 VUs  01m52.8s/10m30s  1.25 iters/s

running (01m53.9s), 007/600 VUs, 109 complete and 0 interrupted iterations
saturation   [  18% ] 007/600 VUs  01m53.8s/10m30s  1.26 iters/s

running (01m54.9s), 007/600 VUs, 111 complete and 0 interrupted iterations
saturation   [  18% ] 007/600 VUs  01m54.8s/10m30s  1.28 iters/s

running (01m55.9s), 008/600 VUs, 111 complete and 0 interrupted iterations
saturation   [  18% ] 008/600 VUs  01m55.8s/10m30s  1.29 iters/s

running (01m56.9s), 006/600 VUs, 114 complete and 0 interrupted iterations
saturation   [  19% ] 006/600 VUs  01m56.8s/10m30s  1.30 iters/s

running (01m57.9s), 008/600 VUs, 114 complete and 0 interrupted iterations
saturation   [  19% ] 008/600 VUs  01m57.8s/10m30s  1.31 iters/s

running (01m58.9s), 007/600 VUs, 116 complete and 0 interrupted iterations
saturation   [  19% ] 007/600 VUs  01m58.8s/10m30s  1.32 iters/s

running (01m59.9s), 006/600 VUs, 118 complete and 0 interrupted iterations
saturation   [  19% ] 006/600 VUs  01m59.8s/10m30s  1.33 iters/s

running (02m00.9s), 006/600 VUs, 120 complete and 0 interrupted iterations
saturation   [  19% ] 006/600 VUs  02m00.8s/10m30s  1.35 iters/s

running (02m01.9s), 007/600 VUs, 120 complete and 0 interrupted iterations
saturation   [  19% ] 007/600 VUs  02m01.8s/10m30s  1.35 iters/s

running (02m02.9s), 006/600 VUs, 122 complete and 0 interrupted iterations
saturation   [  19% ] 006/600 VUs  02m02.8s/10m30s  1.36 iters/s

running (02m03.9s), 007/600 VUs, 123 complete and 0 interrupted iterations
saturation   [  20% ] 007/600 VUs  02m03.8s/10m30s  1.38 iters/s

running (02m04.9s), 006/600 VUs, 125 complete and 0 interrupted iterations
saturation   [  20% ] 006/600 VUs  02m04.8s/10m30s  1.39 iters/s

running (02m05.9s), 007/600 VUs, 125 complete and 0 interrupted iterations
saturation   [  20% ] 007/600 VUs  02m05.8s/10m30s  1.39 iters/s

running (02m06.9s), 006/600 VUs, 128 complete and 0 interrupted iterations
saturation   [  20% ] 006/600 VUs  02m06.8s/10m30s  1.41 iters/s

running (02m07.9s), 006/600 VUs, 129 complete and 0 interrupted iterations
saturation   [  20% ] 006/600 VUs  02m07.8s/10m30s  1.42 iters/s

running (02m08.9s), 006/600 VUs, 131 complete and 0 interrupted iterations
saturation   [  20% ] 006/600 VUs  02m08.8s/10m30s  1.43 iters/s

running (02m09.9s), 007/600 VUs, 131 complete and 0 interrupted iterations
saturation   [  21% ] 007/600 VUs  02m09.8s/10m30s  1.44 iters/s

running (02m10.9s), 008/600 VUs, 132 complete and 0 interrupted iterations
saturation   [  21% ] 008/600 VUs  02m10.8s/10m30s  1.46 iters/s

running (02m11.9s), 007/600 VUs, 134 complete and 0 interrupted iterations
saturation   [  21% ] 007/600 VUs  02m11.8s/10m30s  1.46 iters/s

running (02m12.9s), 009/600 VUs, 134 complete and 0 interrupted iterations
saturation   [  21% ] 009/600 VUs  02m12.8s/10m30s  1.48 iters/s

running (02m13.9s), 010/600 VUs, 134 complete and 0 interrupted iterations
saturation   [  21% ] 010/600 VUs  02m13.8s/10m30s  1.49 iters/s

running (02m14.9s), 010/600 VUs, 136 complete and 0 interrupted iterations
saturation   [  21% ] 010/600 VUs  02m14.8s/10m30s  1.50 iters/s

running (02m15.9s), 011/600 VUs, 136 complete and 0 interrupted iterations
saturation   [  22% ] 011/600 VUs  02m15.8s/10m30s  1.51 iters/s

running (02m16.9s), 012/600 VUs, 137 complete and 0 interrupted iterations
saturation   [  22% ] 012/600 VUs  02m16.8s/10m30s  1.52 iters/s

running (02m17.9s), 008/600 VUs, 142 complete and 0 interrupted iterations
saturation   [  22% ] 008/600 VUs  02m17.8s/10m30s  1.53 iters/s

running (02m18.9s), 010/600 VUs, 142 complete and 0 interrupted iterations
saturation   [  22% ] 010/600 VUs  02m18.8s/10m30s  1.55 iters/s

running (02m19.9s), 011/600 VUs, 142 complete and 0 interrupted iterations
saturation   [  22% ] 011/600 VUs  02m19.8s/10m30s  1.55 iters/s

running (02m20.9s), 010/600 VUs, 145 complete and 0 interrupted iterations
saturation   [  22% ] 010/600 VUs  02m20.8s/10m30s  1.57 iters/s

running (02m21.9s), 009/600 VUs, 147 complete and 0 interrupted iterations
saturation   [  23% ] 009/600 VUs  02m21.8s/10m30s  1.57 iters/s

running (02m22.9s), 010/600 VUs, 148 complete and 0 interrupted iterations
saturation   [  23% ] 010/600 VUs  02m22.8s/10m30s  1.59 iters/s

running (02m23.9s), 009/600 VUs, 150 complete and 0 interrupted iterations
saturation   [  23% ] 009/600 VUs  02m23.8s/10m30s  1.60 iters/s

running (02m24.9s), 010/600 VUs, 151 complete and 0 interrupted iterations
saturation   [  23% ] 010/600 VUs  02m24.8s/10m30s  1.61 iters/s

running (02m25.9s), 009/600 VUs, 154 complete and 0 interrupted iterations
saturation   [  23% ] 009/600 VUs  02m25.8s/10m30s  1.62 iters/s

running (02m26.9s), 010/600 VUs, 154 complete and 0 interrupted iterations
saturation   [  23% ] 010/600 VUs  02m26.8s/10m30s  1.63 iters/s

running (02m27.9s), 010/600 VUs, 156 complete and 0 interrupted iterations
saturation   [  23% ] 010/600 VUs  02m27.8s/10m30s  1.64 iters/s

running (02m28.9s), 010/600 VUs, 158 complete and 0 interrupted iterations
saturation   [  24% ] 010/600 VUs  02m28.8s/10m30s  1.66 iters/s

running (02m29.9s), 010/600 VUs, 159 complete and 0 interrupted iterations
saturation   [  24% ] 010/600 VUs  02m29.8s/10m30s  1.66 iters/s

running (02m30.9s), 011/600 VUs, 160 complete and 0 interrupted iterations
saturation   [  24% ] 011/600 VUs  02m30.8s/10m30s  1.68 iters/s

running (02m31.9s), 011/600 VUs, 162 complete and 0 interrupted iterations
saturation   [  24% ] 011/600 VUs  02m31.8s/10m30s  1.69 iters/s

running (02m32.9s), 008/600 VUs, 166 complete and 0 interrupted iterations
saturation   [  24% ] 008/600 VUs  02m32.8s/10m30s  1.70 iters/s

running (02m33.9s), 008/600 VUs, 168 complete and 0 interrupted iterations
saturation   [  24% ] 008/600 VUs  02m33.8s/10m30s  1.71 iters/s

running (02m34.9s), 008/600 VUs, 170 complete and 0 interrupted iterations
saturation   [  25% ] 008/600 VUs  02m34.8s/10m30s  1.72 iters/s

running (02m35.9s), 009/600 VUs, 170 complete and 0 interrupted iterations
saturation   [  25% ] 009/600 VUs  02m35.8s/10m30s  1.73 iters/s

running (02m36.9s), 011/600 VUs, 170 complete and 0 interrupted iterations
saturation   [  25% ] 011/600 VUs  02m36.8s/10m30s  1.74 iters/s

running (02m37.9s), 010/600 VUs, 173 complete and 0 interrupted iterations
saturation   [  25% ] 010/600 VUs  02m37.8s/10m30s  1.75 iters/s

running (02m38.9s), 012/600 VUs, 173 complete and 0 interrupted iterations
saturation   [  25% ] 012/600 VUs  02m38.8s/10m30s  1.77 iters/s

running (02m39.9s), 009/600 VUs, 177 complete and 0 interrupted iterations
saturation   [  25% ] 009/600 VUs  02m39.8s/10m30s  1.77 iters/s

running (02m40.9s), 011/600 VUs, 177 complete and 0 interrupted iterations
saturation   [  26% ] 011/600 VUs  02m40.8s/10m30s  1.79 iters/s

running (02m41.9s), 010/600 VUs, 180 complete and 0 interrupted iterations
saturation   [  26% ] 010/600 VUs  02m41.8s/10m30s  1.80 iters/s

running (02m42.9s), 012/600 VUs, 180 complete and 0 interrupted iterations
saturation   [  26% ] 012/600 VUs  02m42.8s/10m30s  1.81 iters/s

running (02m43.9s), 012/600 VUs, 182 complete and 0 interrupted iterations
saturation   [  26% ] 012/600 VUs  02m43.8s/10m30s  1.82 iters/s

running (02m44.9s), 010/600 VUs, 185 complete and 0 interrupted iterations
saturation   [  26% ] 010/600 VUs  02m44.8s/10m30s  1.83 iters/s

running (02m45.9s), 010/600 VUs, 187 complete and 0 interrupted iterations
saturation   [  26% ] 010/600 VUs  02m45.8s/10m30s  1.84 iters/s

running (02m46.9s), 012/600 VUs, 187 complete and 0 interrupted iterations
saturation   [  26% ] 012/600 VUs  02m46.8s/10m30s  1.85 iters/s

running (02m47.9s), 014/600 VUs, 187 complete and 0 interrupted iterations
saturation   [  27% ] 014/600 VUs  02m47.8s/10m30s  1.86 iters/s

running (02m48.9s), 013/600 VUs, 190 complete and 0 interrupted iterations
saturation   [  27% ] 013/600 VUs  02m48.8s/10m30s  1.88 iters/s

running (02m49.9s), 010/600 VUs, 195 complete and 0 interrupted iterations
saturation   [  27% ] 010/600 VUs  02m49.8s/10m30s  1.89 iters/s

running (02m50.9s), 012/600 VUs, 195 complete and 0 interrupted iterations
saturation   [  27% ] 012/600 VUs  02m50.8s/10m30s  1.90 iters/s

running (02m51.9s), 011/600 VUs, 198 complete and 0 interrupted iterations
saturation   [  27% ] 011/600 VUs  02m51.8s/10m30s  1.91 iters/s

running (02m52.9s), 010/600 VUs, 200 complete and 0 interrupted iterations
saturation   [  27% ] 010/600 VUs  02m52.8s/10m30s  1.92 iters/s

running (02m53.9s), 012/600 VUs, 200 complete and 0 interrupted iterations
saturation   [  28% ] 012/600 VUs  02m53.8s/10m30s  1.93 iters/s

running (02m54.9s), 011/600 VUs, 203 complete and 0 interrupted iterations
saturation   [  28% ] 011/600 VUs  02m54.8s/10m30s  1.94 iters/s

running (02m55.9s), 011/600 VUs, 205 complete and 0 interrupted iterations
saturation   [  28% ] 011/600 VUs  02m55.8s/10m30s  1.95 iters/s

running (02m56.9s), 013/600 VUs, 205 complete and 0 interrupted iterations
saturation   [  28% ] 013/600 VUs  02m56.8s/10m30s  1.96 iters/s

running (02m57.9s), 012/600 VUs, 208 complete and 0 interrupted iterations
saturation   [  28% ] 012/600 VUs  02m57.8s/10m30s  1.97 iters/s

running (02m58.9s), 011/600 VUs, 211 complete and 0 interrupted iterations
saturation   [  28% ] 011/600 VUs  02m58.8s/10m30s  1.99 iters/s

running (02m59.9s), 013/600 VUs, 211 complete and 0 interrupted iterations
saturation   [  29% ] 013/600 VUs  02m59.8s/10m30s  2.00 iters/s

running (03m00.9s), 012/600 VUs, 214 complete and 0 interrupted iterations
saturation   [  29% ] 012/600 VUs  03m00.8s/10m30s  2.01 iters/s

running (03m01.9s), 014/600 VUs, 214 complete and 0 interrupted iterations
saturation   [  29% ] 014/600 VUs  03m01.8s/10m30s  2.02 iters/s

running (03m02.9s), 013/600 VUs, 217 complete and 0 interrupted iterations
saturation   [  29% ] 013/600 VUs  03m02.8s/10m30s  2.03 iters/s

running (03m03.9s), 013/600 VUs, 219 complete and 0 interrupted iterations
saturation   [  29% ] 013/600 VUs  03m03.8s/10m30s  2.04 iters/s

running (03m04.9s), 015/600 VUs, 219 complete and 0 interrupted iterations
saturation   [  29% ] 015/600 VUs  03m04.8s/10m30s  2.05 iters/s

running (03m05.9s), 014/600 VUs, 222 complete and 0 interrupted iterations
saturation   [  29% ] 014/600 VUs  03m05.8s/10m30s  2.06 iters/s

running (03m06.9s), 016/600 VUs, 222 complete and 0 interrupted iterations
saturation   [  30% ] 016/600 VUs  03m06.8s/10m30s  2.07 iters/s

running (03m07.9s), 016/600 VUs, 225 complete and 0 interrupted iterations
saturation   [  30% ] 016/600 VUs  03m07.8s/10m30s  2.09 iters/s

running (03m08.9s), 014/600 VUs, 229 complete and 0 interrupted iterations
saturation   [  30% ] 014/600 VUs  03m08.8s/10m30s  2.10 iters/s

running (03m09.9s), 015/600 VUs, 230 complete and 0 interrupted iterations
saturation   [  30% ] 015/600 VUs  03m09.8s/10m30s  2.11 iters/s

running (03m10.9s), 016/600 VUs, 231 complete and 0 interrupted iterations
saturation   [  30% ] 016/600 VUs  03m10.8s/10m30s  2.12 iters/s

running (03m11.9s), 015/600 VUs, 234 complete and 0 interrupted iterations
saturation   [  30% ] 015/600 VUs  03m11.8s/10m30s  2.13 iters/s

running (03m12.9s), 013/600 VUs, 238 complete and 0 interrupted iterations
saturation   [  31% ] 013/600 VUs  03m12.8s/10m30s  2.14 iters/s

running (03m13.9s), 014/600 VUs, 239 complete and 0 interrupted iterations
saturation   [  31% ] 014/600 VUs  03m13.8s/10m30s  2.15 iters/s

running (03m14.9s), 015/600 VUs, 240 complete and 0 interrupted iterations
saturation   [  31% ] 015/600 VUs  03m14.8s/10m30s  2.16 iters/s

running (03m15.9s), 016/600 VUs, 242 complete and 0 interrupted iterations
saturation   [  31% ] 016/600 VUs  03m15.8s/10m30s  2.18 iters/s

running (03m16.9s), 015/600 VUs, 245 complete and 0 interrupted iterations
saturation   [  31% ] 015/600 VUs  03m16.8s/10m30s  2.19 iters/s

running (03m17.9s), 017/600 VUs, 245 complete and 0 interrupted iterations
saturation   [  31% ] 017/600 VUs  03m17.8s/10m30s  2.20 iters/s

running (03m18.9s), 019/600 VUs, 245 complete and 0 interrupted iterations
saturation   [  32% ] 019/600 VUs  03m18.8s/10m30s  2.21 iters/s

running (03m19.9s), 018/600 VUs, 248 complete and 0 interrupted iterations
saturation   [  32% ] 018/600 VUs  03m19.8s/10m30s  2.22 iters/s

running (03m20.9s), 017/600 VUs, 252 complete and 0 interrupted iterations
saturation   [  32% ] 017/600 VUs  03m20.8s/10m30s  2.23 iters/s

running (03m21.9s), 017/600 VUs, 254 complete and 0 interrupted iterations
saturation   [  32% ] 017/600 VUs  03m21.8s/10m30s  2.24 iters/s

running (03m22.9s), 015/600 VUs, 258 complete and 0 interrupted iterations
saturation   [  32% ] 015/600 VUs  03m22.8s/10m30s  2.25 iters/s

running (03m23.9s), 015/600 VUs, 260 complete and 0 interrupted iterations
saturation   [  32% ] 015/600 VUs  03m23.8s/10m30s  2.26 iters/s

running (03m24.9s), 018/600 VUs, 260 complete and 0 interrupted iterations
saturation   [  33% ] 018/600 VUs  03m24.8s/10m30s  2.28 iters/s

running (03m25.9s), 017/600 VUs, 263 complete and 0 interrupted iterations
saturation   [  33% ] 017/600 VUs  03m25.8s/10m30s  2.29 iters/s

running (03m26.9s), 016/600 VUs, 266 complete and 0 interrupted iterations
saturation   [  33% ] 016/600 VUs  03m26.8s/10m30s  2.30 iters/s

running (03m27.9s), 015/600 VUs, 269 complete and 0 interrupted iterations
saturation   [  33% ] 015/600 VUs  03m27.8s/10m30s  2.31 iters/s

running (03m28.9s), 016/600 VUs, 271 complete and 0 interrupted iterations
saturation   [  33% ] 016/600 VUs  03m28.8s/10m30s  2.32 iters/s

running (03m29.9s), 014/600 VUs, 275 complete and 0 interrupted iterations
saturation   [  33% ] 014/600 VUs  03m29.8s/10m30s  2.33 iters/s

running (03m30.9s), 016/600 VUs, 275 complete and 0 interrupted iterations
saturation   [  33% ] 016/600 VUs  03m30.8s/10m30s  2.34 iters/s

running (03m31.9s), 016/600 VUs, 278 complete and 0 interrupted iterations
saturation   [  34% ] 016/600 VUs  03m31.8s/10m30s  2.35 iters/s

running (03m32.9s), 018/600 VUs, 278 complete and 0 interrupted iterations
saturation   [  34% ] 018/600 VUs  03m32.8s/10m30s  2.36 iters/s

running (03m33.9s), 017/600 VUs, 282 complete and 0 interrupted iterations
saturation   [  34% ] 017/600 VUs  03m33.8s/10m30s  2.38 iters/s

running (03m34.9s), 019/600 VUs, 282 complete and 0 interrupted iterations
saturation   [  34% ] 019/600 VUs  03m34.8s/10m30s  2.39 iters/s

running (03m35.9s), 019/600 VUs, 284 complete and 0 interrupted iterations
saturation   [  34% ] 019/600 VUs  03m35.8s/10m30s  2.40 iters/s

running (03m36.9s), 017/600 VUs, 289 complete and 0 interrupted iterations
saturation   [  34% ] 017/600 VUs  03m36.8s/10m30s  2.41 iters/s

running (03m37.9s), 016/600 VUs, 292 complete and 0 interrupted iterations
saturation   [  35% ] 016/600 VUs  03m37.8s/10m30s  2.42 iters/s

running (03m38.9s), 019/600 VUs, 292 complete and 0 interrupted iterations
saturation   [  35% ] 019/600 VUs  03m38.8s/10m30s  2.43 iters/s

running (03m39.9s), 018/600 VUs, 295 complete and 0 interrupted iterations
saturation   [  35% ] 018/600 VUs  03m39.8s/10m30s  2.44 iters/s

running (03m40.9s), 018/600 VUs, 297 complete and 0 interrupted iterations
saturation   [  35% ] 018/600 VUs  03m40.8s/10m30s  2.45 iters/s

running (03m41.9s), 017/600 VUs, 301 complete and 0 interrupted iterations
saturation   [  35% ] 017/600 VUs  03m41.8s/10m30s  2.47 iters/s

running (03m42.9s), 017/600 VUs, 303 complete and 0 interrupted iterations
saturation   [  35% ] 017/600 VUs  03m42.8s/10m30s  2.47 iters/s

running (03m43.9s), 018/600 VUs, 305 complete and 0 interrupted iterations
saturation   [  36% ] 018/600 VUs  03m43.8s/10m30s  2.49 iters/s

running (03m44.9s), 020/600 VUs, 305 complete and 0 interrupted iterations
saturation   [  36% ] 020/600 VUs  03m44.8s/10m30s  2.50 iters/s

running (03m45.9s), 023/600 VUs, 305 complete and 0 interrupted iterations
saturation   [  36% ] 023/600 VUs  03m45.8s/10m30s  2.51 iters/s

running (03m46.9s), 024/600 VUs, 306 complete and 0 interrupted iterations
saturation   [  36% ] 024/600 VUs  03m46.8s/10m30s  2.52 iters/s

running (03m47.9s), 020/600 VUs, 313 complete and 0 interrupted iterations
saturation   [  36% ] 020/600 VUs  03m47.8s/10m30s  2.53 iters/s

running (03m48.9s), 022/600 VUs, 313 complete and 0 interrupted iterations
saturation   [  36% ] 022/600 VUs  03m48.8s/10m30s  2.54 iters/s

running (03m49.9s), 019/600 VUs, 319 complete and 0 interrupted iterations
saturation   [  36% ] 019/600 VUs  03m49.8s/10m30s  2.55 iters/s

running (03m50.9s), 021/600 VUs, 320 complete and 0 interrupted iterations
saturation   [  37% ] 021/600 VUs  03m50.8s/10m30s  2.57 iters/s

running (03m51.9s), 023/600 VUs, 320 complete and 0 interrupted iterations
saturation   [  37% ] 023/600 VUs  03m51.8s/10m30s  2.58 iters/s

running (03m52.9s), 021/600 VUs, 325 complete and 0 interrupted iterations
saturation   [  37% ] 021/600 VUs  03m52.8s/10m30s  2.59 iters/s

running (03m53.9s), 020/600 VUs, 328 complete and 0 interrupted iterations
saturation   [  37% ] 020/600 VUs  03m53.8s/10m30s  2.60 iters/s

running (03m54.9s), 020/600 VUs, 331 complete and 0 interrupted iterations
saturation   [  37% ] 020/600 VUs  03m54.8s/10m30s  2.61 iters/s

running (03m55.9s), 022/600 VUs, 331 complete and 0 interrupted iterations
saturation   [  37% ] 022/600 VUs  03m55.8s/10m30s  2.62 iters/s

running (03m56.9s), 022/600 VUs, 334 complete and 0 interrupted iterations
saturation   [  38% ] 022/600 VUs  03m56.8s/10m30s  2.63 iters/s

running (03m57.9s), 025/600 VUs, 334 complete and 0 interrupted iterations
saturation   [  38% ] 025/600 VUs  03m57.8s/10m30s  2.64 iters/s

running (03m58.9s), 027/600 VUs, 334 complete and 0 interrupted iterations
saturation   [  38% ] 027/600 VUs  03m58.8s/10m30s  2.65 iters/s

running (03m59.9s), 030/600 VUs, 334 complete and 0 interrupted iterations
saturation   [  38% ] 030/600 VUs  03m59.8s/10m30s  2.66 iters/s

running (04m00.9s), 033/600 VUs, 334 complete and 0 interrupted iterations
saturation   [  38% ] 033/600 VUs  04m00.8s/10m30s  2.68 iters/s

running (04m01.9s), 030/600 VUs, 339 complete and 0 interrupted iterations
saturation   [  38% ] 030/600 VUs  04m01.8s/10m30s  2.69 iters/s

running (04m02.9s), 027/600 VUs, 345 complete and 0 interrupted iterations
saturation   [  39% ] 027/600 VUs  04m02.8s/10m30s  2.70 iters/s

running (04m03.9s), 030/600 VUs, 345 complete and 0 interrupted iterations
saturation   [  39% ] 030/600 VUs  04m03.8s/10m30s  2.71 iters/s

running (04m04.9s), 031/600 VUs, 347 complete and 0 interrupted iterations
saturation   [  39% ] 031/600 VUs  04m04.8s/10m30s  2.72 iters/s

running (04m05.9s), 029/600 VUs, 351 complete and 0 interrupted iterations
saturation   [  39% ] 029/600 VUs  04m05.8s/10m30s  2.73 iters/s

running (04m06.9s), 030/600 VUs, 353 complete and 0 interrupted iterations
saturation   [  39% ] 030/600 VUs  04m06.8s/10m30s  2.74 iters/s

running (04m07.9s), 028/600 VUs, 358 complete and 0 interrupted iterations
saturation   [  39% ] 028/600 VUs  04m07.8s/10m30s  2.75 iters/s

running (04m08.9s), 031/600 VUs, 358 complete and 0 interrupted iterations
saturation   [  39% ] 031/600 VUs  04m08.8s/10m30s  2.77 iters/s

running (04m09.9s), 031/600 VUs, 360 complete and 0 interrupted iterations
saturation   [  40% ] 031/600 VUs  04m09.8s/10m30s  2.77 iters/s

running (04m10.9s), 027/600 VUs, 367 complete and 0 interrupted iterations
saturation   [  40% ] 027/600 VUs  04m10.8s/10m30s  2.79 iters/s

running (04m11.9s), 030/600 VUs, 367 complete and 0 interrupted iterations
saturation   [  40% ] 030/600 VUs  04m11.8s/10m30s  2.80 iters/s

running (04m12.9s), 029/600 VUs, 371 complete and 0 interrupted iterations
saturation   [  40% ] 029/600 VUs  04m12.8s/10m30s  2.81 iters/s

running (04m13.9s), 031/600 VUs, 371 complete and 0 interrupted iterations
saturation   [  40% ] 031/600 VUs  04m13.8s/10m30s  2.82 iters/s

running (04m14.9s), 031/600 VUs, 374 complete and 0 interrupted iterations
saturation   [  40% ] 031/600 VUs  04m14.8s/10m30s  2.83 iters/s

running (04m15.9s), 029/600 VUs, 379 complete and 0 interrupted iterations
saturation   [  41% ] 029/600 VUs  04m15.8s/10m30s  2.84 iters/s

running (04m16.9s), 032/600 VUs, 379 complete and 0 interrupted iterations
saturation   [  41% ] 032/600 VUs  04m16.8s/10m30s  2.85 iters/s

running (04m17.9s), 035/600 VUs, 379 complete and 0 interrupted iterations
saturation   [  41% ] 035/600 VUs  04m17.8s/10m30s  2.87 iters/s

running (04m18.9s), 032/600 VUs, 385 complete and 0 interrupted iterations
saturation   [  41% ] 032/600 VUs  04m18.8s/10m30s  2.88 iters/s

running (04m19.9s), 033/600 VUs, 387 complete and 0 interrupted iterations
saturation   [  41% ] 033/600 VUs  04m19.8s/10m30s  2.89 iters/s

running (04m20.9s), 035/600 VUs, 387 complete and 0 interrupted iterations
saturation   [  41% ] 035/600 VUs  04m20.8s/10m30s  2.90 iters/s

running (04m21.9s), 037/600 VUs, 388 complete and 0 interrupted iterations
saturation   [  42% ] 037/600 VUs  04m21.8s/10m30s  2.91 iters/s

running (04m22.9s), 032/600 VUs, 396 complete and 0 interrupted iterations
saturation   [  42% ] 032/600 VUs  04m22.8s/10m30s  2.92 iters/s

running (04m23.9s), 035/600 VUs, 396 complete and 0 interrupted iterations
saturation   [  42% ] 035/600 VUs  04m23.8s/10m30s  2.93 iters/s

running (04m24.9s), 035/600 VUs, 399 complete and 0 interrupted iterations
saturation   [  42% ] 035/600 VUs  04m24.8s/10m30s  2.94 iters/s

running (04m25.9s), 034/600 VUs, 403 complete and 0 interrupted iterations
saturation   [  42% ] 034/600 VUs  04m25.8s/10m30s  2.95 iters/s

running (04m26.9s), 037/600 VUs, 403 complete and 0 interrupted iterations
saturation   [  42% ] 037/600 VUs  04m26.8s/10m30s  2.96 iters/s

running (04m27.9s), 034/600 VUs, 409 complete and 0 interrupted iterations
saturation   [  43% ] 034/600 VUs  04m27.8s/10m30s  2.98 iters/s

running (04m28.9s), 033/600 VUs, 413 complete and 0 interrupted iterations
saturation   [  43% ] 033/600 VUs  04m28.8s/10m30s  2.99 iters/s

running (04m29.9s), 036/600 VUs, 413 complete and 0 interrupted iterations
saturation   [  43% ] 036/600 VUs  04m29.8s/10m30s  3.00 iters/s

running (04m30.9s), 036/600 VUs, 416 complete and 0 interrupted iterations
saturation   [  43% ] 036/600 VUs  04m30.8s/10m30s  3.01 iters/s

running (04m31.9s), 039/600 VUs, 416 complete and 0 interrupted iterations
saturation   [  43% ] 039/600 VUs  04m31.8s/10m30s  3.02 iters/s

running (04m32.9s), 040/600 VUs, 418 complete and 0 interrupted iterations
saturation   [  43% ] 040/600 VUs  04m32.8s/10m30s  3.03 iters/s

running (04m33.9s), 040/600 VUs, 421 complete and 0 interrupted iterations
saturation   [  43% ] 040/600 VUs  04m33.8s/10m30s  3.04 iters/s

running (04m34.9s), 041/600 VUs, 423 complete and 0 interrupted iterations
saturation   [  44% ] 041/600 VUs  04m34.8s/10m30s  3.05 iters/s

running (04m35.9s), 042/600 VUs, 425 complete and 0 interrupted iterations
saturation   [  44% ] 042/600 VUs  04m35.8s/10m30s  3.06 iters/s

running (04m36.9s), 045/600 VUs, 425 complete and 0 interrupted iterations
saturation   [  44% ] 045/600 VUs  04m36.8s/10m30s  3.07 iters/s

running (04m37.9s), 042/600 VUs, 431 complete and 0 interrupted iterations
saturation   [  44% ] 042/600 VUs  04m37.8s/10m30s  3.09 iters/s

running (04m38.9s), 044/600 VUs, 432 complete and 0 interrupted iterations
saturation   [  44% ] 044/600 VUs  04m38.8s/10m30s  3.10 iters/s

running (04m39.9s), 046/600 VUs, 434 complete and 0 interrupted iterations
saturation   [  44% ] 046/600 VUs  04m39.8s/10m30s  3.11 iters/s

running (04m40.9s), 042/600 VUs, 441 complete and 0 interrupted iterations
saturation   [  45% ] 042/600 VUs  04m40.8s/10m30s  3.12 iters/s

running (04m41.9s), 044/600 VUs, 442 complete and 0 interrupted iterations
saturation   [  45% ] 044/600 VUs  04m41.8s/10m30s  3.13 iters/s

running (04m42.9s), 044/600 VUs, 445 complete and 0 interrupted iterations
saturation   [  45% ] 044/600 VUs  04m42.8s/10m30s  3.14 iters/s

running (04m43.9s), 047/600 VUs, 445 complete and 0 interrupted iterations
saturation   [  45% ] 047/600 VUs  04m43.8s/10m30s  3.15 iters/s

running (04m44.9s), 044/600 VUs, 451 complete and 0 interrupted iterations
saturation   [  45% ] 044/600 VUs  04m44.8s/10m30s  3.16 iters/s

running (04m45.9s), 045/600 VUs, 453 complete and 0 interrupted iterations
saturation   [  45% ] 045/600 VUs  04m45.8s/10m30s  3.17 iters/s

running (04m46.9s), 049/600 VUs, 453 complete and 0 interrupted iterations
saturation   [  46% ] 049/600 VUs  04m46.8s/10m30s  3.19 iters/s

running (04m47.9s), 047/600 VUs, 458 complete and 0 interrupted iterations
saturation   [  46% ] 047/600 VUs  04m47.8s/10m30s  3.20 iters/s

running (04m48.9s), 050/600 VUs, 458 complete and 0 interrupted iterations
saturation   [  46% ] 050/600 VUs  04m48.8s/10m30s  3.21 iters/s

running (04m49.9s), 051/600 VUs, 460 complete and 0 interrupted iterations
saturation   [  46% ] 051/600 VUs  04m49.8s/10m30s  3.22 iters/s

running (04m50.9s), 052/600 VUs, 462 complete and 0 interrupted iterations
saturation   [  46% ] 052/600 VUs  04m50.8s/10m30s  3.23 iters/s

running (04m51.9s), 054/600 VUs, 464 complete and 0 interrupted iterations
saturation   [  46% ] 054/600 VUs  04m51.8s/10m30s  3.24 iters/s

running (04m52.9s), 057/600 VUs, 464 complete and 0 interrupted iterations
saturation   [  46% ] 057/600 VUs  04m52.8s/10m30s  3.25 iters/s

running (04m53.9s), 055/600 VUs, 469 complete and 0 interrupted iterations
saturation   [  47% ] 055/600 VUs  04m53.8s/10m30s  3.26 iters/s

running (04m54.9s), 058/600 VUs, 469 complete and 0 interrupted iterations
saturation   [  47% ] 058/600 VUs  04m54.8s/10m30s  3.27 iters/s

running (04m55.9s), 062/600 VUs, 469 complete and 0 interrupted iterations
saturation   [  47% ] 062/600 VUs  04m55.8s/10m30s  3.29 iters/s

running (04m56.9s), 061/600 VUs, 473 complete and 0 interrupted iterations
saturation   [  47% ] 061/600 VUs  04m56.8s/10m30s  3.30 iters/s

running (04m57.9s), 064/600 VUs, 473 complete and 0 interrupted iterations
saturation   [  47% ] 064/600 VUs  04m57.8s/10m30s  3.31 iters/s

running (04m58.9s), 068/600 VUs, 473 complete and 0 interrupted iterations
saturation   [  47% ] 068/600 VUs  04m58.8s/10m30s  3.32 iters/s

running (04m59.9s), 071/600 VUs, 473 complete and 0 interrupted iterations
saturation   [  48% ] 071/600 VUs  04m59.8s/10m30s  3.33 iters/s

running (05m00.9s), 069/600 VUs, 478 complete and 0 interrupted iterations
saturation   [  48% ] 069/600 VUs  05m00.8s/10m30s  3.34 iters/s

running (05m01.9s), 071/600 VUs, 480 complete and 0 interrupted iterations
saturation   [  48% ] 071/600 VUs  05m01.8s/10m30s  3.35 iters/s

running (05m02.9s), 073/600 VUs, 481 complete and 0 interrupted iterations
saturation   [  48% ] 073/600 VUs  05m02.8s/10m30s  3.36 iters/s

running (05m03.9s), 076/600 VUs, 481 complete and 0 interrupted iterations
saturation   [  48% ] 076/600 VUs  05m03.8s/10m30s  3.37 iters/s

running (05m04.9s), 075/600 VUs, 486 complete and 0 interrupted iterations
saturation   [  48% ] 075/600 VUs  05m04.8s/10m30s  3.39 iters/s

running (05m05.9s), 078/600 VUs, 486 complete and 0 interrupted iterations
saturation   [  49% ] 078/600 VUs  05m05.8s/10m30s  3.40 iters/s

running (05m06.9s), 079/600 VUs, 489 complete and 0 interrupted iterations
saturation   [  49% ] 079/600 VUs  05m06.8s/10m30s  3.41 iters/s

running (05m07.9s), 080/600 VUs, 491 complete and 0 interrupted iterations
saturation   [  49% ] 080/600 VUs  05m07.8s/10m30s  3.42 iters/s

running (05m08.9s), 083/600 VUs, 491 complete and 0 interrupted iterations
saturation   [  49% ] 083/600 VUs  05m08.8s/10m30s  3.43 iters/s

running (05m09.9s), 084/600 VUs, 494 complete and 0 interrupted iterations
saturation   [  49% ] 084/600 VUs  05m09.8s/10m30s  3.44 iters/s

running (05m10.9s), 084/600 VUs, 497 complete and 0 interrupted iterations
saturation   [  49% ] 084/600 VUs  05m10.8s/10m30s  3.45 iters/s

running (05m11.9s), 086/600 VUs, 499 complete and 0 interrupted iterations
saturation   [  49% ] 086/600 VUs  05m11.8s/10m30s  3.47 iters/s

running (05m12.9s), 086/600 VUs, 502 complete and 0 interrupted iterations
saturation   [  50% ] 086/600 VUs  05m12.8s/10m30s  3.48 iters/s

running (05m13.9s), 090/600 VUs, 502 complete and 0 interrupted iterations
saturation   [  50% ] 090/600 VUs  05m13.8s/10m30s  3.49 iters/s

running (05m14.9s), 093/600 VUs, 502 complete and 0 interrupted iterations
saturation   [  50% ] 093/600 VUs  05m14.8s/10m30s  3.50 iters/s

running (05m15.9s), 097/600 VUs, 502 complete and 0 interrupted iterations
saturation   [  50% ] 097/600 VUs  05m15.8s/10m30s  3.51 iters/s

running (05m16.9s), 098/600 VUs, 504 complete and 0 interrupted iterations
saturation   [  50% ] 098/600 VUs  05m16.8s/10m30s  3.52 iters/s

running (05m17.9s), 098/600 VUs, 508 complete and 0 interrupted iterations
saturation   [  50% ] 098/600 VUs  05m17.8s/10m30s  3.53 iters/s

running (05m18.9s), 100/600 VUs, 509 complete and 0 interrupted iterations
saturation   [  51% ] 100/600 VUs  05m18.8s/10m30s  3.54 iters/s

running (05m19.9s), 101/600 VUs, 512 complete and 0 interrupted iterations
saturation   [  51% ] 101/600 VUs  05m19.8s/10m30s  3.55 iters/s

running (05m20.9s), 104/600 VUs, 512 complete and 0 interrupted iterations
saturation   [  51% ] 104/600 VUs  05m20.8s/10m30s  3.56 iters/s

running (05m21.9s), 108/600 VUs, 512 complete and 0 interrupted iterations
saturation   [  51% ] 108/600 VUs  05m21.8s/10m30s  3.58 iters/s

running (05m22.9s), 111/600 VUs, 513 complete and 0 interrupted iterations
saturation   [  51% ] 111/600 VUs  05m22.8s/10m30s  3.59 iters/s

running (05m23.9s), 110/600 VUs, 517 complete and 0 interrupted iterations
saturation   [  51% ] 110/600 VUs  05m23.8s/10m30s  3.60 iters/s

running (05m24.9s), 111/600 VUs, 520 complete and 0 interrupted iterations
saturation   [  52% ] 111/600 VUs  05m24.8s/10m30s  3.61 iters/s

running (05m25.9s), 114/600 VUs, 520 complete and 0 interrupted iterations
saturation   [  52% ] 114/600 VUs  05m25.8s/10m30s  3.62 iters/s

running (05m26.9s), 116/600 VUs, 522 complete and 0 interrupted iterations
saturation   [  52% ] 116/600 VUs  05m26.8s/10m30s  3.63 iters/s

running (05m27.9s), 120/600 VUs, 522 complete and 0 interrupted iterations
saturation   [  52% ] 120/600 VUs  05m27.8s/10m30s  3.64 iters/s

running (05m28.9s), 123/600 VUs, 522 complete and 0 interrupted iterations
saturation   [  52% ] 123/600 VUs  05m28.8s/10m30s  3.65 iters/s

running (05m29.9s), 126/600 VUs, 523 complete and 0 interrupted iterations
saturation   [  52% ] 126/600 VUs  05m29.8s/10m30s  3.67 iters/s

running (05m30.9s), 128/600 VUs, 525 complete and 0 interrupted iterations
saturation   [  53% ] 128/600 VUs  05m30.8s/10m30s  3.68 iters/s

running (05m31.9s), 129/600 VUs, 527 complete and 0 interrupted iterations
saturation   [  53% ] 129/600 VUs  05m31.8s/10m30s  3.69 iters/s

running (05m32.9s), 130/600 VUs, 530 complete and 0 interrupted iterations
saturation   [  53% ] 130/600 VUs  05m32.8s/10m30s  3.70 iters/s

running (05m33.9s), 133/600 VUs, 531 complete and 0 interrupted iterations
saturation   [  53% ] 133/600 VUs  05m33.8s/10m30s  3.71 iters/s

running (05m34.9s), 136/600 VUs, 531 complete and 0 interrupted iterations
saturation   [  53% ] 136/600 VUs  05m34.8s/10m30s  3.72 iters/s

running (05m35.9s), 140/600 VUs, 531 complete and 0 interrupted iterations
saturation   [  53% ] 140/600 VUs  05m35.8s/10m30s  3.73 iters/s

running (05m36.9s), 142/600 VUs, 533 complete and 0 interrupted iterations
saturation   [  53% ] 142/600 VUs  05m36.8s/10m30s  3.74 iters/s

running (05m37.9s), 144/600 VUs, 535 complete and 0 interrupted iterations
saturation   [  54% ] 144/600 VUs  05m37.8s/10m30s  3.75 iters/s

running (05m38.9s), 147/600 VUs, 535 complete and 0 interrupted iterations
saturation   [  54% ] 147/600 VUs  05m38.8s/10m30s  3.76 iters/s

running (05m39.9s), 151/600 VUs, 535 complete and 0 interrupted iterations
saturation   [  54% ] 151/600 VUs  05m39.8s/10m30s  3.78 iters/s

running (05m40.9s), 155/600 VUs, 535 complete and 0 interrupted iterations
saturation   [  54% ] 155/600 VUs  05m40.8s/10m30s  3.79 iters/s

running (05m41.9s), 159/600 VUs, 535 complete and 0 interrupted iterations
saturation   [  54% ] 159/600 VUs  05m41.8s/10m30s  3.80 iters/s

running (05m42.9s), 162/600 VUs, 535 complete and 0 interrupted iterations
saturation   [  54% ] 162/600 VUs  05m42.8s/10m30s  3.81 iters/s

running (05m43.9s), 166/600 VUs, 535 complete and 0 interrupted iterations
saturation   [  55% ] 166/600 VUs  05m43.8s/10m30s  3.82 iters/s

running (05m44.9s), 166/600 VUs, 539 complete and 0 interrupted iterations
saturation   [  55% ] 166/600 VUs  05m44.8s/10m30s  3.83 iters/s

running (05m45.9s), 169/600 VUs, 540 complete and 0 interrupted iterations
saturation   [  55% ] 169/600 VUs  05m45.8s/10m30s  3.84 iters/s

running (05m46.9s), 172/600 VUs, 541 complete and 0 interrupted iterations
saturation   [  55% ] 172/600 VUs  05m46.8s/10m30s  3.85 iters/s

running (05m47.9s), 173/600 VUs, 544 complete and 0 interrupted iterations
saturation   [  55% ] 173/600 VUs  05m47.8s/10m30s  3.87 iters/s

running (05m48.9s), 168/600 VUs, 553 complete and 0 interrupted iterations
saturation   [  55% ] 168/600 VUs  05m48.8s/10m30s  3.88 iters/s

running (05m49.9s), 167/600 VUs, 557 complete and 0 interrupted iterations
saturation   [  56% ] 167/600 VUs  05m49.8s/10m30s  3.89 iters/s

running (05m50.9s), 167/600 VUs, 561 complete and 0 interrupted iterations
saturation   [  56% ] 167/600 VUs  05m50.8s/10m30s  3.90 iters/s

running (05m51.9s), 171/600 VUs, 561 complete and 0 interrupted iterations
saturation   [  56% ] 171/600 VUs  05m51.8s/10m30s  3.91 iters/s

running (05m52.9s), 173/600 VUs, 563 complete and 0 interrupted iterations
saturation   [  56% ] 173/600 VUs  05m52.8s/10m30s  3.92 iters/s

running (05m53.9s), 167/600 VUs, 573 complete and 0 interrupted iterations
saturation   [  56% ] 167/600 VUs  05m53.8s/10m30s  3.93 iters/s

running (05m54.9s), 169/600 VUs, 575 complete and 0 interrupted iterations
saturation   [  56% ] 169/600 VUs  05m54.8s/10m30s  3.94 iters/s

running (05m55.9s), 167/600 VUs, 581 complete and 0 interrupted iterations
saturation   [  56% ] 167/600 VUs  05m55.9s/10m30s  3.95 iters/s

running (05m56.9s), 169/600 VUs, 583 complete and 0 interrupted iterations
saturation   [  57% ] 169/600 VUs  05m56.8s/10m30s  3.97 iters/s

running (05m57.9s), 167/600 VUs, 589 complete and 0 interrupted iterations
saturation   [  57% ] 167/600 VUs  05m57.8s/10m30s  3.98 iters/s

running (05m58.9s), 170/600 VUs, 590 complete and 0 interrupted iterations
saturation   [  57% ] 170/600 VUs  05m58.8s/10m30s  3.99 iters/s

running (05m59.9s), 170/600 VUs, 594 complete and 0 interrupted iterations
saturation   [  57% ] 170/600 VUs  05m59.8s/10m30s  4.00 iters/s

running (06m00.9s), 171/600 VUs, 597 complete and 0 interrupted iterations
saturation   [  57% ] 171/600 VUs  06m00.8s/10m30s  4.01 iters/s

running (06m01.9s), 172/600 VUs, 600 complete and 0 interrupted iterations
saturation   [  57% ] 172/600 VUs  06m01.8s/10m30s  4.02 iters/s

running (06m02.9s), 174/600 VUs, 602 complete and 0 interrupted iterations
saturation   [  58% ] 174/600 VUs  06m02.8s/10m30s  4.03 iters/s

running (06m03.9s), 175/600 VUs, 605 complete and 0 interrupted iterations
saturation   [  58% ] 175/600 VUs  06m03.8s/10m30s  4.04 iters/s

running (06m04.9s), 174/600 VUs, 610 complete and 0 interrupted iterations
saturation   [  58% ] 174/600 VUs  06m04.8s/10m30s  4.05 iters/s

running (06m05.9s), 176/600 VUs, 612 complete and 0 interrupted iterations
saturation   [  58% ] 176/600 VUs  06m05.8s/10m30s  4.06 iters/s

running (06m06.9s), 179/600 VUs, 613 complete and 0 interrupted iterations
saturation   [  58% ] 179/600 VUs  06m06.8s/10m30s  4.08 iters/s

running (06m07.9s), 180/600 VUs, 616 complete and 0 interrupted iterations
saturation   [  58% ] 180/600 VUs  06m07.8s/10m30s  4.09 iters/s

running (06m08.9s), 174/600 VUs, 626 complete and 0 interrupted iterations
saturation   [  59% ] 174/600 VUs  06m08.8s/10m30s  4.10 iters/s

running (06m09.9s), 178/600 VUs, 626 complete and 0 interrupted iterations
saturation   [  59% ] 178/600 VUs  06m09.8s/10m30s  4.11 iters/s

running (06m10.9s), 175/600 VUs, 634 complete and 0 interrupted iterations
saturation   [  59% ] 175/600 VUs  06m10.8s/10m30s  4.12 iters/s

running (06m11.9s), 177/600 VUs, 636 complete and 0 interrupted iterations
saturation   [  59% ] 177/600 VUs  06m11.8s/10m30s  4.13 iters/s

running (06m12.9s), 176/600 VUs, 641 complete and 0 interrupted iterations
saturation   [  59% ] 176/600 VUs  06m12.8s/10m30s  4.14 iters/s

running (06m13.9s), 179/600 VUs, 642 complete and 0 interrupted iterations
saturation   [  59% ] 179/600 VUs  06m13.8s/10m30s  4.15 iters/s

running (06m14.9s), 180/600 VUs, 645 complete and 0 interrupted iterations
saturation   [  59% ] 180/600 VUs  06m14.8s/10m30s  4.16 iters/s

running (06m15.9s), 181/600 VUs, 648 complete and 0 interrupted iterations
saturation   [  60% ] 181/600 VUs  06m15.8s/10m30s  4.18 iters/s

running (06m16.9s), 182/600 VUs, 651 complete and 0 interrupted iterations
saturation   [  60% ] 182/600 VUs  06m16.8s/10m30s  4.19 iters/s

running (06m17.9s), 184/600 VUs, 654 complete and 0 interrupted iterations
saturation   [  60% ] 184/600 VUs  06m17.8s/10m30s  4.20 iters/s

running (06m18.9s), 184/600 VUs, 658 complete and 0 interrupted iterations
saturation   [  60% ] 184/600 VUs  06m18.8s/10m30s  4.21 iters/s

running (06m19.9s), 187/600 VUs, 659 complete and 0 interrupted iterations
saturation   [  60% ] 187/600 VUs  06m19.8s/10m30s  4.22 iters/s

running (06m20.9s), 187/600 VUs, 663 complete and 0 interrupted iterations
saturation   [  60% ] 187/600 VUs  06m20.8s/10m30s  4.23 iters/s

running (06m21.9s), 189/600 VUs, 666 complete and 0 interrupted iterations
saturation   [  61% ] 189/600 VUs  06m21.8s/10m30s  4.24 iters/s

running (06m22.9s), 193/600 VUs, 666 complete and 0 interrupted iterations
saturation   [  61% ] 193/600 VUs  06m22.8s/10m30s  4.25 iters/s

running (06m23.9s), 192/600 VUs, 671 complete and 0 interrupted iterations
saturation   [  61% ] 192/600 VUs  06m23.8s/10m30s  4.26 iters/s

running (06m24.9s), 193/600 VUs, 674 complete and 0 interrupted iterations
saturation   [  61% ] 193/600 VUs  06m24.8s/10m30s  4.28 iters/s

running (06m25.9s), 196/600 VUs, 676 complete and 0 interrupted iterations
saturation   [  61% ] 196/600 VUs  06m25.9s/10m30s  4.29 iters/s

running (06m26.9s), 197/600 VUs, 679 complete and 0 interrupted iterations
saturation   [  61% ] 197/600 VUs  06m26.8s/10m30s  4.30 iters/s

running (06m27.9s), 198/600 VUs, 682 complete and 0 interrupted iterations
saturation   [  62% ] 198/600 VUs  06m27.8s/10m30s  4.31 iters/s

running (06m28.9s), 200/600 VUs, 684 complete and 0 interrupted iterations
saturation   [  62% ] 200/600 VUs  06m28.8s/10m30s  4.32 iters/s

running (06m29.9s), 202/600 VUs, 687 complete and 0 interrupted iterations
saturation   [  62% ] 202/600 VUs  06m29.8s/10m30s  4.33 iters/s

running (06m30.9s), 202/600 VUs, 691 complete and 0 interrupted iterations
saturation   [  62% ] 202/600 VUs  06m30.8s/10m30s  4.34 iters/s

running (06m31.9s), 205/600 VUs, 692 complete and 0 interrupted iterations
saturation   [  62% ] 205/600 VUs  06m31.8s/10m30s  4.35 iters/s

running (06m32.9s), 207/600 VUs, 695 complete and 0 interrupted iterations
saturation   [  62% ] 207/600 VUs  06m32.8s/10m30s  4.37 iters/s

running (06m33.9s), 209/600 VUs, 697 complete and 0 interrupted iterations
saturation   [  63% ] 209/600 VUs  06m33.8s/10m30s  4.38 iters/s

running (06m34.9s), 209/600 VUs, 702 complete and 0 interrupted iterations
saturation   [  63% ] 209/600 VUs  06m34.8s/10m30s  4.39 iters/s

running (06m35.9s), 212/600 VUs, 703 complete and 0 interrupted iterations
saturation   [  63% ] 212/600 VUs  06m35.8s/10m30s  4.40 iters/s

running (06m36.9s), 212/600 VUs, 707 complete and 0 interrupted iterations
saturation   [  63% ] 212/600 VUs  06m36.8s/10m30s  4.41 iters/s

running (06m37.9s), 215/600 VUs, 709 complete and 0 interrupted iterations
saturation   [  63% ] 215/600 VUs  06m37.8s/10m30s  4.42 iters/s

running (06m38.9s), 217/600 VUs, 711 complete and 0 interrupted iterations
saturation   [  63% ] 217/600 VUs  06m38.8s/10m30s  4.43 iters/s

running (06m39.9s), 221/600 VUs, 712 complete and 0 interrupted iterations
saturation   [  63% ] 221/600 VUs  06m39.8s/10m30s  4.44 iters/s

running (06m40.9s), 221/600 VUs, 716 complete and 0 interrupted iterations
saturation   [  64% ] 221/600 VUs  06m40.8s/10m30s  4.45 iters/s

running (06m41.9s), 223/600 VUs, 719 complete and 0 interrupted iterations
saturation   [  64% ] 223/600 VUs  06m41.8s/10m30s  4.47 iters/s

running (06m42.9s), 224/600 VUs, 722 complete and 0 interrupted iterations
saturation   [  64% ] 224/600 VUs  06m42.8s/10m30s  4.48 iters/s

running (06m43.9s), 226/600 VUs, 725 complete and 0 interrupted iterations
saturation   [  64% ] 226/600 VUs  06m43.8s/10m30s  4.49 iters/s

running (06m44.9s), 227/600 VUs, 728 complete and 0 interrupted iterations
saturation   [  64% ] 227/600 VUs  06m44.8s/10m30s  4.50 iters/s

running (06m45.9s), 228/600 VUs, 732 complete and 0 interrupted iterations
saturation   [  64% ] 228/600 VUs  06m45.8s/10m30s  4.51 iters/s

running (06m46.9s), 231/600 VUs, 733 complete and 0 interrupted iterations
saturation   [  65% ] 231/600 VUs  06m46.8s/10m30s  4.52 iters/s

running (06m47.9s), 233/600 VUs, 736 complete and 0 interrupted iterations
saturation   [  65% ] 233/600 VUs  06m47.8s/10m30s  4.53 iters/s

running (06m48.9s), 234/600 VUs, 739 complete and 0 interrupted iterations
saturation   [  65% ] 234/600 VUs  06m48.8s/10m30s  4.54 iters/s

running (06m49.9s), 237/600 VUs, 741 complete and 0 interrupted iterations
saturation   [  65% ] 237/600 VUs  06m49.8s/10m30s  4.55 iters/s

running (06m50.9s), 238/600 VUs, 744 complete and 0 interrupted iterations
saturation   [  65% ] 238/600 VUs  06m50.8s/10m30s  4.56 iters/s

running (06m51.9s), 238/600 VUs, 749 complete and 0 interrupted iterations
saturation   [  65% ] 238/600 VUs  06m51.8s/10m30s  4.58 iters/s

running (06m52.9s), 241/600 VUs, 750 complete and 0 interrupted iterations
saturation   [  66% ] 241/600 VUs  06m52.8s/10m30s  4.59 iters/s

running (06m53.9s), 245/600 VUs, 751 complete and 0 interrupted iterations
saturation   [  66% ] 245/600 VUs  06m53.8s/10m30s  4.60 iters/s

running (06m54.9s), 245/600 VUs, 756 complete and 0 interrupted iterations
saturation   [  66% ] 245/600 VUs  06m54.8s/10m30s  4.61 iters/s

running (06m55.9s), 246/600 VUs, 759 complete and 0 interrupted iterations
saturation   [  66% ] 246/600 VUs  06m55.8s/10m30s  4.62 iters/s

running (06m56.9s), 249/600 VUs, 761 complete and 0 interrupted iterations
saturation   [  66% ] 249/600 VUs  06m56.8s/10m30s  4.63 iters/s

running (06m57.9s), 250/600 VUs, 764 complete and 0 interrupted iterations
saturation   [  66% ] 250/600 VUs  06m57.8s/10m30s  4.64 iters/s

running (06m58.9s), 250/600 VUs, 769 complete and 0 interrupted iterations
saturation   [  66% ] 250/600 VUs  06m58.8s/10m30s  4.65 iters/s

running (06m59.9s), 254/600 VUs, 770 complete and 0 interrupted iterations
saturation   [  67% ] 254/600 VUs  06m59.8s/10m30s  4.67 iters/s

running (07m00.9s), 257/600 VUs, 771 complete and 0 interrupted iterations
saturation   [  67% ] 257/600 VUs  07m00.8s/10m30s  4.67 iters/s

running (07m01.9s), 258/600 VUs, 775 complete and 0 interrupted iterations
saturation   [  67% ] 258/600 VUs  07m01.8s/10m30s  4.69 iters/s

running (07m02.9s), 262/600 VUs, 776 complete and 0 interrupted iterations
saturation   [  67% ] 262/600 VUs  07m02.8s/10m30s  4.70 iters/s

running (07m03.9s), 263/600 VUs, 779 complete and 0 interrupted iterations
saturation   [  67% ] 263/600 VUs  07m03.8s/10m30s  4.71 iters/s

running (07m04.9s), 264/600 VUs, 783 complete and 0 interrupted iterations
saturation   [  67% ] 264/600 VUs  07m04.8s/10m30s  4.72 iters/s

running (07m05.9s), 268/600 VUs, 784 complete and 0 interrupted iterations
saturation   [  68% ] 268/600 VUs  07m05.8s/10m30s  4.73 iters/s

running (07m06.9s), 268/600 VUs, 789 complete and 0 interrupted iterations
saturation   [  68% ] 268/600 VUs  07m06.8s/10m30s  4.74 iters/s

running (07m07.9s), 271/600 VUs, 790 complete and 0 interrupted iterations
saturation   [  68% ] 271/600 VUs  07m07.8s/10m30s  4.75 iters/s

running (07m08.9s), 271/600 VUs, 795 complete and 0 interrupted iterations
saturation   [  68% ] 271/600 VUs  07m08.8s/10m30s  4.76 iters/s

running (07m09.9s), 275/600 VUs, 796 complete and 0 interrupted iterations
saturation   [  68% ] 275/600 VUs  07m09.8s/10m30s  4.78 iters/s

running (07m10.9s), 276/600 VUs, 800 complete and 0 interrupted iterations
saturation   [  68% ] 276/600 VUs  07m10.8s/10m30s  4.79 iters/s

running (07m11.9s), 278/600 VUs, 803 complete and 0 interrupted iterations
saturation   [  69% ] 278/600 VUs  07m11.8s/10m30s  4.80 iters/s

running (07m12.9s), 279/600 VUs, 806 complete and 0 interrupted iterations
saturation   [  69% ] 279/600 VUs  07m12.8s/10m30s  4.81 iters/s

running (07m13.9s), 279/600 VUs, 811 complete and 0 interrupted iterations
saturation   [  69% ] 279/600 VUs  07m13.8s/10m30s  4.82 iters/s

running (07m14.9s), 282/600 VUs, 813 complete and 0 interrupted iterations
saturation   [  69% ] 282/600 VUs  07m14.8s/10m30s  4.83 iters/s

running (07m15.9s), 286/600 VUs, 814 complete and 0 interrupted iterations
saturation   [  69% ] 286/600 VUs  07m15.8s/10m30s  4.84 iters/s

running (07m16.9s), 286/600 VUs, 819 complete and 0 interrupted iterations
saturation   [  69% ] 286/600 VUs  07m16.8s/10m30s  4.85 iters/s

running (07m17.9s), 289/600 VUs, 821 complete and 0 interrupted iterations
saturation   [  69% ] 289/600 VUs  07m17.8s/10m30s  4.87 iters/s

running (07m18.9s), 291/600 VUs, 823 complete and 0 interrupted iterations
saturation   [  70% ] 291/600 VUs  07m18.8s/10m30s  4.88 iters/s

running (07m19.9s), 294/600 VUs, 825 complete and 0 interrupted iterations
saturation   [  70% ] 294/600 VUs  07m19.8s/10m30s  4.89 iters/s

running (07m20.9s), 295/600 VUs, 829 complete and 0 interrupted iterations
saturation   [  70% ] 295/600 VUs  07m20.8s/10m30s  4.90 iters/s

running (07m21.9s), 295/600 VUs, 834 complete and 0 interrupted iterations
saturation   [  70% ] 295/600 VUs  07m21.8s/10m30s  4.91 iters/s

running (07m22.9s), 299/600 VUs, 835 complete and 0 interrupted iterations
saturation   [  70% ] 299/600 VUs  07m22.8s/10m30s  4.92 iters/s

running (07m23.9s), 300/600 VUs, 839 complete and 0 interrupted iterations
saturation   [  70% ] 300/600 VUs  07m23.8s/10m30s  4.93 iters/s

running (07m24.9s), 302/600 VUs, 842 complete and 0 interrupted iterations
saturation   [  71% ] 302/600 VUs  07m24.8s/10m30s  4.94 iters/s

running (07m25.9s), 303/600 VUs, 846 complete and 0 interrupted iterations
saturation   [  71% ] 303/600 VUs  07m25.8s/10m30s  4.95 iters/s

running (07m26.9s), 307/600 VUs, 847 complete and 0 interrupted iterations
saturation   [  71% ] 307/600 VUs  07m26.8s/10m30s  4.97 iters/s

running (07m27.9s), 309/600 VUs, 850 complete and 0 interrupted iterations
saturation   [  71% ] 309/600 VUs  07m27.8s/10m30s  4.98 iters/s

running (07m28.9s), 310/600 VUs, 854 complete and 0 interrupted iterations
saturation   [  71% ] 310/600 VUs  07m28.8s/10m30s  4.99 iters/s

running (07m29.9s), 313/600 VUs, 856 complete and 0 interrupted iterations
saturation   [  71% ] 313/600 VUs  07m29.8s/10m30s  5.00 iters/s

running (07m30.9s), 314/600 VUs, 860 complete and 0 interrupted iterations
saturation   [  72% ] 314/600 VUs  07m30.8s/10m30s  5.01 iters/s

running (07m31.9s), 317/600 VUs, 862 complete and 0 interrupted iterations
saturation   [  72% ] 317/600 VUs  07m31.8s/10m30s  5.02 iters/s

running (07m32.9s), 318/600 VUs, 866 complete and 0 interrupted iterations
saturation   [  72% ] 318/600 VUs  07m32.8s/10m30s  5.03 iters/s

running (07m33.9s), 321/600 VUs, 868 complete and 0 interrupted iterations
saturation   [  72% ] 321/600 VUs  07m33.8s/10m30s  5.04 iters/s

running (07m34.9s), 321/600 VUs, 873 complete and 0 interrupted iterations
saturation   [  72% ] 321/600 VUs  07m34.8s/10m30s  5.05 iters/s

running (07m35.9s), 325/600 VUs, 874 complete and 0 interrupted iterations
saturation   [  72% ] 325/600 VUs  07m35.8s/10m30s  5.07 iters/s

running (07m36.9s), 327/600 VUs, 877 complete and 0 interrupted iterations
saturation   [  73% ] 327/600 VUs  07m36.8s/10m30s  5.08 iters/s

running (07m37.9s), 328/600 VUs, 881 complete and 0 interrupted iterations
saturation   [  73% ] 328/600 VUs  07m37.8s/10m30s  5.09 iters/s

running (07m38.9s), 330/600 VUs, 884 complete and 0 interrupted iterations
saturation   [  73% ] 330/600 VUs  07m38.8s/10m30s  5.10 iters/s

running (07m39.9s), 333/600 VUs, 886 complete and 0 interrupted iterations
saturation   [  73% ] 333/600 VUs  07m39.8s/10m30s  5.11 iters/s

running (07m40.9s), 334/600 VUs, 890 complete and 0 interrupted iterations
saturation   [  73% ] 334/600 VUs  07m40.8s/10m30s  5.12 iters/s

running (07m41.9s), 337/600 VUs, 892 complete and 0 interrupted iterations
saturation   [  73% ] 337/600 VUs  07m41.8s/10m30s  5.13 iters/s

running (07m42.9s), 339/600 VUs, 896 complete and 0 interrupted iterations
saturation   [  73% ] 339/600 VUs  07m42.8s/10m30s  5.14 iters/s

running (07m43.9s), 343/600 VUs, 897 complete and 0 interrupted iterations
saturation   [  74% ] 343/600 VUs  07m43.8s/10m30s  5.15 iters/s

running (07m44.9s), 343/600 VUs, 902 complete and 0 interrupted iterations
saturation   [  74% ] 343/600 VUs  07m44.8s/10m30s  5.17 iters/s

running (07m45.9s), 346/600 VUs, 904 complete and 0 interrupted iterations
saturation   [  74% ] 346/600 VUs  07m45.8s/10m30s  5.18 iters/s

running (07m46.9s), 348/600 VUs, 907 complete and 0 interrupted iterations
saturation   [  74% ] 348/600 VUs  07m46.8s/10m30s  5.19 iters/s

running (07m47.9s), 348/600 VUs, 912 complete and 0 interrupted iterations
saturation   [  74% ] 348/600 VUs  07m47.8s/10m30s  5.20 iters/s

running (07m48.9s), 352/600 VUs, 914 complete and 0 interrupted iterations
saturation   [  74% ] 352/600 VUs  07m48.8s/10m30s  5.21 iters/s

running (07m49.9s), 353/600 VUs, 918 complete and 0 interrupted iterations
saturation   [  75% ] 353/600 VUs  07m49.8s/10m30s  5.22 iters/s

running (07m50.9s), 356/600 VUs, 920 complete and 0 interrupted iterations
saturation   [  75% ] 356/600 VUs  07m50.8s/10m30s  5.23 iters/s

running (07m51.9s), 357/600 VUs, 924 complete and 0 interrupted iterations
saturation   [  75% ] 357/600 VUs  07m51.8s/10m30s  5.24 iters/s

running (07m52.9s), 361/600 VUs, 926 complete and 0 interrupted iterations
saturation   [  75% ] 361/600 VUs  07m52.8s/10m30s  5.25 iters/s

running (07m53.9s), 365/600 VUs, 927 complete and 0 interrupted iterations
saturation   [  75% ] 365/600 VUs  07m53.8s/10m30s  5.27 iters/s

running (07m54.9s), 366/600 VUs, 931 complete and 0 interrupted iterations
saturation   [  75% ] 366/600 VUs  07m54.8s/10m30s  5.28 iters/s

running (07m55.9s), 368/600 VUs, 934 complete and 0 interrupted iterations
saturation   [  76% ] 368/600 VUs  07m55.8s/10m30s  5.29 iters/s

running (07m56.9s), 372/600 VUs, 936 complete and 0 interrupted iterations
saturation   [  76% ] 372/600 VUs  07m56.8s/10m30s  5.30 iters/s

running (07m57.9s), 374/600 VUs, 939 complete and 0 interrupted iterations
saturation   [  76% ] 374/600 VUs  07m57.8s/10m30s  5.31 iters/s

running (07m58.9s), 375/600 VUs, 943 complete and 0 interrupted iterations
saturation   [  76% ] 375/600 VUs  07m58.8s/10m30s  5.32 iters/s

running (07m59.9s), 379/600 VUs, 945 complete and 0 interrupted iterations
saturation   [  76% ] 379/600 VUs  07m59.8s/10m30s  5.33 iters/s

running (08m00.9s), 381/600 VUs, 948 complete and 0 interrupted iterations
saturation   [  76% ] 381/600 VUs  08m00.8s/10m30s  5.34 iters/s

running (08m01.9s), 382/600 VUs, 952 complete and 0 interrupted iterations
saturation   [  76% ] 382/600 VUs  08m01.8s/10m30s  5.35 iters/s

running (08m02.9s), 386/600 VUs, 954 complete and 0 interrupted iterations
saturation   [  77% ] 386/600 VUs  08m02.8s/10m30s  5.37 iters/s

running (08m03.9s), 388/600 VUs, 957 complete and 0 interrupted iterations
saturation   [  77% ] 388/600 VUs  08m03.8s/10m30s  5.38 iters/s

running (08m04.9s), 390/600 VUs, 960 complete and 0 interrupted iterations
saturation   [  77% ] 390/600 VUs  08m04.8s/10m30s  5.39 iters/s
time="2026-08-10T17:45:22Z" level=warning msg="Request Failed" error="Post \"http://localhost:29010/management/v3/catalog/request\": request timeout"

running (08m05.9s), 392/600 VUs, 964 complete and 0 interrupted iterations
saturation   [  77% ] 392/600 VUs  08m05.8s/10m30s  5.40 iters/s
time="2026-08-10T17:45:23Z" level=warning msg="Request Failed" error="Post \"http://localhost:29010/management/v3/catalog/request\": request timeout"
time="2026-08-10T17:45:23Z" level=warning msg="Request Failed" error="Post \"http://localhost:29010/management/v3/catalog/request\": request timeout"
time="2026-08-10T17:45:23Z" level=warning msg="Request Failed" error="Post \"http://localhost:29010/management/v3/catalog/request\": request timeout"

running (08m06.9s), 391/600 VUs, 970 complete and 0 interrupted iterations
saturation   [  77% ] 391/600 VUs  08m06.8s/10m30s  5.41 iters/s
time="2026-08-10T17:45:24Z" level=warning msg="Request Failed" error="Post \"http://localhost:29010/management/v3/catalog/request\": request timeout"
time="2026-08-10T17:45:24Z" level=warning msg="Request Failed" error="Post \"http://localhost:29010/management/v3/catalog/request\": request timeout"
time="2026-08-10T17:45:24Z" level=warning msg="Request Failed" error="Post \"http://localhost:29010/management/v3/catalog/request\": request timeout"
time="2026-08-10T17:45:24Z" level=warning msg="Request Failed" error="Post \"http://localhost:29010/management/v3/catalog/request\": request timeout"

running (08m07.9s), 391/600 VUs, 976 complete and 0 interrupted iterations
saturation   [  77% ] 391/600 VUs  08m07.8s/10m30s  5.42 iters/s
time="2026-08-10T17:45:25Z" level=warning msg="Request Failed" error="Post \"http://localhost:29010/management/v3/catalog/request\": request timeout"
time="2026-08-10T17:45:25Z" level=warning msg="Request Failed" error="Post \"http://localhost:29010/management/v3/catalog/request\": request timeout"
time="2026-08-10T17:45:25Z" level=warning msg="Request Failed" error="Post \"http://localhost:29010/management/v3/catalog/request\": request timeout"
time="2026-08-10T17:45:25Z" level=warning msg="Request Failed" error="Post \"http://localhost:29010/management/v3/catalog/request\": request timeout"
time="2026-08-10T17:45:25Z" level=warning msg="Request Failed" error="Post \"http://localhost:29010/management/v3/catalog/request\": request timeout"

running (08m08.9s), 386/600 VUs, 986 complete and 0 interrupted iterations
saturation   [  78% ] 386/600 VUs  08m08.8s/10m30s  5.43 iters/s
time="2026-08-10T17:45:26Z" level=warning msg="Request Failed" error="Post \"http://localhost:29010/management/v3/catalog/request\": request timeout"
time="2026-08-10T17:45:26Z" level=warning msg="Request Failed" error="Post \"http://localhost:29010/management/v3/catalog/request\": request timeout"
time="2026-08-10T17:45:26Z" level=warning msg="Request Failed" error="Post \"http://localhost:29010/management/v3/catalog/request\": request timeout"
time="2026-08-10T17:45:26Z" level=warning msg="Request Failed" error="Post \"http://localhost:29010/management/v3/catalog/request\": request timeout"
time="2026-08-10T17:45:26Z" level=warning msg="Request Failed" error="Post \"http://localhost:29010/management/v3/catalog/request\": request timeout"

running (08m09.9s), 384/600 VUs, 994 complete and 0 interrupted iterations
saturation   [  78% ] 384/600 VUs  08m09.8s/10m30s  5.44 iters/s
time="2026-08-10T17:45:27Z" level=warning msg="Request Failed" error="Post \"http://localhost:29010/management/v3/catalog/request\": request timeout"
time="2026-08-10T17:45:27Z" level=warning msg="Request Failed" error="Post \"http://localhost:29010/management/v3/catalog/request\": request timeout"
time="2026-08-10T17:45:27Z" level=warning msg="Request Failed" error="Post \"http://localhost:29010/management/v3/catalog/request\": request timeout"
time="2026-08-10T17:45:27Z" level=warning msg="Request Failed" error="Post \"http://localhost:29010/management/v3/catalog/request\": request timeout"
time="2026-08-10T17:45:27Z" level=warning msg="Request Failed" error="Post \"http://localhost:29010/management/v3/catalog/request\": request timeout"

running (08m10.9s), 381/600 VUs, 1002 complete and 0 interrupted iterations
saturation   [  78% ] 381/600 VUs  08m10.8s/10m30s  5.45 iters/s
time="2026-08-10T17:45:28Z" level=warning msg="Request Failed" error="Post \"http://localhost:29010/management/v3/catalog/request\": request timeout"
time="2026-08-10T17:45:28Z" level=warning msg="Request Failed" error="Post \"http://localhost:29010/management/v3/catalog/request\": request timeout"
time="2026-08-10T17:45:28Z" level=warning msg="Request Failed" error="Post \"http://localhost:29010/management/v3/catalog/request\": request timeout"
time="2026-08-10T17:45:28Z" level=warning msg="Request Failed" error="Post \"http://localhost:29010/management/v3/catalog/request\": request timeout"
time="2026-08-10T17:45:29Z" level=warning msg="Request Failed" error="Post \"http://localhost:29010/management/v3/catalog/request\": request timeout"

running (08m11.9s), 379/600 VUs, 1009 complete and 0 interrupted iterations
saturation   [  78% ] 379/600 VUs  08m11.8s/10m30s  5.46 iters/s
time="2026-08-10T17:45:29Z" level=warning msg="Request Failed" error="Post \"http://localhost:29010/management/v3/catalog/request\": request timeout"
time="2026-08-10T17:45:29Z" level=warning msg="Request Failed" error="Post \"http://localhost:29010/management/v3/catalog/request\": request timeout"
time="2026-08-10T17:45:29Z" level=warning msg="Request Failed" error="Post \"http://localhost:29010/management/v3/catalog/request\": request timeout"
time="2026-08-10T17:45:29Z" level=warning msg="Request Failed" error="Post \"http://localhost:29010/management/v3/catalog/request\": request timeout"

running (08m12.9s), 377/600 VUs, 1017 complete and 0 interrupted iterations
saturation   [  78% ] 377/600 VUs  08m12.8s/10m30s  5.48 iters/s
time="2026-08-10T17:45:30Z" level=warning msg="Request Failed" error="Post \"http://localhost:29010/management/v3/catalog/request\": request timeout"
time="2026-08-10T17:45:30Z" level=warning msg="Request Failed" error="Post \"http://localhost:29010/management/v3/catalog/request\": request timeout"
time="2026-08-10T17:45:30Z" level=warning msg="Request Failed" error="Post \"http://localhost:29010/management/v3/catalog/request\": request timeout"
time="2026-08-10T17:45:30Z" level=warning msg="Request Failed" error="Post \"http://localhost:29010/management/v3/catalog/request\": request timeout"
time="2026-08-10T17:45:30Z" level=warning msg="Request Failed" error="Post \"http://localhost:29010/management/v3/catalog/request\": request timeout"

running (08m13.9s), 375/600 VUs, 1024 complete and 0 interrupted iterations
saturation   [  78% ] 375/600 VUs  08m13.8s/10m30s  5.49 iters/s
time="2026-08-10T17:45:31Z" level=warning msg="Request Failed" error="Post \"http://localhost:29010/management/v3/catalog/request\": request timeout"
time="2026-08-10T17:45:31Z" level=warning msg="Request Failed" error="Post \"http://localhost:29010/management/v3/catalog/request\": request timeout"
time="2026-08-10T17:45:31Z" level=warning msg="Request Failed" error="Post \"http://localhost:29010/management/v3/catalog/request\": request timeout"
time="2026-08-10T17:45:31Z" level=warning msg="Request Failed" error="Post \"http://localhost:29010/management/v3/catalog/request\": request timeout"
time="2026-08-10T17:45:31Z" level=warning msg="Request Failed" error="Post \"http://localhost:29010/management/v3/catalog/request\": request timeout"

running (08m14.9s), 373/600 VUs, 1032 complete and 0 interrupted iterations
saturation   [  79% ] 373/600 VUs  08m14.8s/10m30s  5.50 iters/s
time="2026-08-10T17:45:32Z" level=warning msg="Request Failed" error="Post \"http://localhost:29010/management/v3/catalog/request\": request timeout"
time="2026-08-10T17:45:32Z" level=warning msg="Request Failed" error="Post \"http://localhost:29010/management/v3/catalog/request\": request timeout"
time="2026-08-10T17:45:32Z" level=warning msg="Request Failed" error="Post \"http://localhost:29010/management/v3/catalog/request\": request timeout"
time="2026-08-10T17:45:32Z" level=warning msg="Request Failed" error="Post \"http://localhost:29010/management/v3/catalog/request\": request timeout"

running (08m15.9s), 370/600 VUs, 1040 complete and 0 interrupted iterations
saturation   [  79% ] 370/600 VUs  08m15.8s/10m30s  5.51 iters/s
time="2026-08-10T17:45:33Z" level=warning msg="Request Failed" error="Post \"http://localhost:29010/management/v3/catalog/request\": request timeout"
time="2026-08-10T17:45:33Z" level=warning msg="Request Failed" error="Post \"http://localhost:29010/management/v3/catalog/request\": request timeout"
time="2026-08-10T17:45:33Z" level=warning msg="Request Failed" error="Post \"http://localhost:29010/management/v3/catalog/request\": request timeout"
time="2026-08-10T17:45:33Z" level=warning msg="Request Failed" error="Post \"http://localhost:29010/management/v3/catalog/request\": request timeout"
time="2026-08-10T17:45:33Z" level=warning msg="Request Failed" error="Post \"http://localhost:29010/management/v3/catalog/request\": request timeout"

running (08m16.9s), 368/600 VUs, 1048 complete and 0 interrupted iterations
saturation   [  79% ] 368/600 VUs  08m16.8s/10m30s  5.52 iters/s
time="2026-08-10T17:45:34Z" level=warning msg="Request Failed" error="Post \"http://localhost:29010/management/v3/catalog/request\": request timeout"
time="2026-08-10T17:45:34Z" level=warning msg="Request Failed" error="Post \"http://localhost:29010/management/v3/catalog/request\": request timeout"
time="2026-08-10T17:45:34Z" level=warning msg="Request Failed" error="Post \"http://localhost:29010/management/v3/catalog/request\": request timeout"
time="2026-08-10T17:45:34Z" level=warning msg="Request Failed" error="Post \"http://localhost:29010/management/v3/catalog/request\": request timeout"
time="2026-08-10T17:45:35Z" level=warning msg="Request Failed" error="Post \"http://localhost:29010/management/v3/catalog/request\": request timeout"

running (08m17.9s), 366/600 VUs, 1055 complete and 0 interrupted iterations
saturation   [  79% ] 366/600 VUs  08m17.8s/10m30s  5.53 iters/s
time="2026-08-10T17:45:35Z" level=warning msg="Request Failed" error="Post \"http://localhost:29010/management/v3/catalog/request\": request timeout"
time="2026-08-10T17:45:35Z" level=warning msg="Request Failed" error="Post \"http://localhost:29010/management/v3/catalog/request\": request timeout"
time="2026-08-10T17:45:35Z" level=warning msg="Request Failed" error="Post \"http://localhost:29010/management/v3/catalog/request\": request timeout"

running (08m18.9s), 365/600 VUs, 1062 complete and 0 interrupted iterations
saturation   [  79% ] 365/600 VUs  08m18.8s/10m30s  5.54 iters/s
time="2026-08-10T17:45:36Z" level=warning msg="Request Failed" error="Post \"http://localhost:29010/management/v3/catalog/request\": request timeout"
time="2026-08-10T17:45:36Z" level=warning msg="Request Failed" error="Post \"http://localhost:29010/management/v3/catalog/request\": request timeout"
time="2026-08-10T17:45:36Z" level=warning msg="Request Failed" error="Post \"http://localhost:29010/management/v3/catalog/request\": request timeout"
time="2026-08-10T17:45:36Z" level=warning msg="Request Failed" error="Post \"http://localhost:29010/management/v3/catalog/request\": request timeout"
time="2026-08-10T17:45:36Z" level=warning msg="Request Failed" error="Post \"http://localhost:29010/management/v3/catalog/request\": request timeout"

running (08m19.9s), 363/600 VUs, 1069 complete and 0 interrupted iterations
saturation   [  79% ] 363/600 VUs  08m19.8s/10m30s  5.55 iters/s
time="2026-08-10T17:45:37Z" level=warning msg="Request Failed" error="Post \"http://localhost:29010/management/v3/catalog/request\": request timeout"
time="2026-08-10T17:45:37Z" level=warning msg="Request Failed" error="Post \"http://localhost:29010/management/v3/catalog/request\": request timeout"
time="2026-08-10T17:45:37Z" level=warning msg="Request Failed" error="Post \"http://localhost:29010/management/v3/catalog/request\": request timeout"
time="2026-08-10T17:45:37Z" level=warning msg="Request Failed" error="Post \"http://localhost:29010/management/v3/catalog/request\": request timeout"
time="2026-08-10T17:45:37Z" level=warning msg="Request Failed" error="Post \"http://localhost:29010/management/v3/catalog/request\": request timeout"

running (08m20.9s), 360/600 VUs, 1078 complete and 0 interrupted iterations
saturation   [  79% ] 360/600 VUs  08m20.8s/10m30s  5.56 iters/s
time="2026-08-10T17:45:38Z" level=warning msg="Request Failed" error="Post \"http://localhost:29010/management/v3/catalog/request\": request timeout"
time="2026-08-10T17:45:38Z" level=warning msg="Request Failed" error="Post \"http://localhost:29010/management/v3/catalog/request\": request timeout"
time="2026-08-10T17:45:38Z" level=warning msg="Request Failed" error="Post \"http://localhost:29010/management/v3/catalog/request\": request timeout"
time="2026-08-10T17:45:38Z" level=warning msg="Request Failed" error="Post \"http://localhost:29010/management/v3/catalog/request\": request timeout"
time="2026-08-10T17:45:38Z" level=warning msg="Request Failed" error="Post \"http://localhost:29010/management/v3/catalog/request\": request timeout"

running (08m21.9s), 358/600 VUs, 1086 complete and 0 interrupted iterations
saturation   [  80% ] 358/600 VUs  08m21.8s/10m30s  5.58 iters/s
time="2026-08-10T17:45:39Z" level=warning msg="Request Failed" error="Post \"http://localhost:29010/management/v3/catalog/request\": request timeout"
time="2026-08-10T17:45:39Z" level=warning msg="Request Failed" error="Post \"http://localhost:29010/management/v3/catalog/request\": request timeout"
time="2026-08-10T17:45:39Z" level=warning msg="Request Failed" error="Post \"http://localhost:29010/management/v3/catalog/request\": request timeout"
time="2026-08-10T17:45:39Z" level=warning msg="Request Failed" error="Post \"http://localhost:29010/management/v3/catalog/request\": request timeout"
time="2026-08-10T17:45:39Z" level=warning msg="Request Failed" error="Post \"http://localhost:29010/management/v3/catalog/request\": request timeout"

running (08m22.9s), 355/600 VUs, 1094 complete and 0 interrupted iterations
saturation   [  80% ] 355/600 VUs  08m22.8s/10m30s  5.59 iters/s
time="2026-08-10T17:45:40Z" level=warning msg="Request Failed" error="Post \"http://localhost:29010/management/v3/catalog/request\": request timeout"
time="2026-08-10T17:45:40Z" level=warning msg="Request Failed" error="Post \"http://localhost:29010/management/v3/catalog/request\": request timeout"
time="2026-08-10T17:45:40Z" level=warning msg="Request Failed" error="Post \"http://localhost:29010/management/v3/catalog/request\": request timeout"
time="2026-08-10T17:45:40Z" level=warning msg="Request Failed" error="Post \"http://localhost:29010/management/v3/catalog/request\": request timeout"
time="2026-08-10T17:45:40Z" level=warning msg="Request Failed" error="Post \"http://localhost:29010/management/v3/catalog/request\": request timeout"

running (08m23.9s), 355/600 VUs, 1100 complete and 0 interrupted iterations
saturation   [  80% ] 355/600 VUs  08m23.8s/10m30s  5.60 iters/s
time="2026-08-10T17:45:41Z" level=warning msg="Request Failed" error="Post \"http://localhost:29010/management/v3/catalog/request\": request timeout"
time="2026-08-10T17:45:41Z" level=warning msg="Request Failed" error="Post \"http://localhost:29010/management/v3/catalog/request\": request timeout"
time="2026-08-10T17:45:41Z" level=warning msg="Request Failed" error="Post \"http://localhost:29010/management/v3/catalog/request\": request timeout"
time="2026-08-10T17:45:41Z" level=warning msg="Request Failed" error="Post \"http://localhost:29010/management/v3/catalog/request\": request timeout"
time="2026-08-10T17:45:41Z" level=warning msg="Request Failed" error="Post \"http://localhost:29010/management/v3/catalog/request\": request timeout"

running (08m24.9s), 351/600 VUs, 1109 complete and 0 interrupted iterations
saturation   [  80% ] 351/600 VUs  08m24.8s/10m30s  5.61 iters/s
time="2026-08-10T17:45:42Z" level=warning msg="Request Failed" error="Post \"http://localhost:29010/management/v3/catalog/request\": request timeout"
time="2026-08-10T17:45:42Z" level=warning msg="Request Failed" error="Post \"http://localhost:29010/management/v3/catalog/request\": request timeout"
time="2026-08-10T17:45:42Z" level=warning msg="Request Failed" error="Post \"http://localhost:29010/management/v3/catalog/request\": request timeout"
time="2026-08-10T17:45:42Z" level=warning msg="Request Failed" error="Post \"http://localhost:29010/management/v3/catalog/request\": request timeout"
time="2026-08-10T17:45:42Z" level=warning msg="Request Failed" error="Post \"http://localhost:29010/management/v3/catalog/request\": request timeout"

running (08m25.9s), 350/600 VUs, 1116 complete and 0 interrupted iterations
saturation   [  80% ] 350/600 VUs  08m25.8s/10m30s  5.62 iters/s
time="2026-08-10T17:45:43Z" level=warning msg="Request Failed" error="Post \"http://localhost:29010/management/v3/catalog/request\": request timeout"
time="2026-08-10T17:45:43Z" level=warning msg="Request Failed" error="Post \"http://localhost:29010/management/v3/catalog/request\": request timeout"
time="2026-08-10T17:45:43Z" level=warning msg="Request Failed" error="Post \"http://localhost:29010/management/v3/catalog/request\": request timeout"
time="2026-08-10T17:45:43Z" level=warning msg="Request Failed" error="Post \"http://localhost:29010/management/v3/catalog/request\": request timeout"
time="2026-08-10T17:45:43Z" level=warning msg="Request Failed" error="Post \"http://localhost:29010/management/v3/catalog/request\": request timeout"

running (08m26.9s), 347/600 VUs, 1125 complete and 0 interrupted iterations
saturation   [  80% ] 347/600 VUs  08m26.8s/10m30s  5.63 iters/s
time="2026-08-10T17:45:44Z" level=warning msg="Request Failed" error="Post \"http://localhost:29010/management/v3/catalog/request\": request timeout"
time="2026-08-10T17:45:44Z" level=warning msg="Request Failed" error="Post \"http://localhost:29010/management/v3/catalog/request\": request timeout"
time="2026-08-10T17:45:44Z" level=warning msg="Request Failed" error="Post \"http://localhost:29010/management/v3/catalog/request\": request timeout"
time="2026-08-10T17:45:44Z" level=warning msg="Request Failed" error="Post \"http://localhost:29010/management/v3/catalog/request\": request timeout"
time="2026-08-10T17:45:44Z" level=warning msg="Request Failed" error="Post \"http://localhost:29010/management/v3/catalog/request\": request timeout"

running (08m27.9s), 345/600 VUs, 1132 complete and 0 interrupted iterations
saturation   [  81% ] 345/600 VUs  08m27.8s/10m30s  5.64 iters/s
time="2026-08-10T17:45:45Z" level=warning msg="Request Failed" error="Post \"http://localhost:29010/management/v3/catalog/request\": request timeout"
time="2026-08-10T17:45:45Z" level=warning msg="Request Failed" error="Post \"http://localhost:29010/management/v3/catalog/request\": request timeout"
time="2026-08-10T17:45:45Z" level=warning msg="Request Failed" error="Post \"http://localhost:29010/management/v3/catalog/request\": request timeout"
time="2026-08-10T17:45:45Z" level=warning msg="Request Failed" error="Post \"http://localhost:29010/management/v3/catalog/request\": request timeout"
time="2026-08-10T17:45:45Z" level=warning msg="Request Failed" error="Post \"http://localhost:29010/management/v3/catalog/request\": request timeout"

running (08m28.9s), 342/600 VUs, 1141 complete and 0 interrupted iterations
saturation   [  81% ] 342/600 VUs  08m28.8s/10m30s  5.65 iters/s
time="2026-08-10T17:45:46Z" level=warning msg="Request Failed" error="Post \"http://localhost:29010/management/v3/catalog/request\": request timeout"
time="2026-08-10T17:45:46Z" level=warning msg="Request Failed" error="Post \"http://localhost:29010/management/v3/catalog/request\": request timeout"
time="2026-08-10T17:45:46Z" level=warning msg="Request Failed" error="Post \"http://localhost:29010/management/v3/catalog/request\": request timeout"
time="2026-08-10T17:45:46Z" level=warning msg="Request Failed" error="Post \"http://localhost:29010/management/v3/catalog/request\": request timeout"
time="2026-08-10T17:45:46Z" level=warning msg="Request Failed" error="Post \"http://localhost:29010/management/v3/catalog/request\": request timeout"

running (08m29.9s), 339/600 VUs, 1150 complete and 0 interrupted iterations
saturation   [  81% ] 339/600 VUs  08m29.8s/10m30s  5.67 iters/s

================ DSP benchmark summary ================
-- per-phase latency --
  catalog                    p50=9915.9 ms  p95=60000.3 ms  p99=60000.8 ms  max=60001.0 ms  n=1170
  negotiation init (POST)    p50=42.4 ms  p95=103.9 ms  p99=144.7 ms  max=350.2 ms  n=1056
  time-to-AGREED (async)     p50=3632.5 ms  p95=21532.1 ms  p99=29123.5 ms  max=30218.0 ms  n=574
  transfer init (POST)       p50=51.6 ms  p95=109.4 ms  p99=154.8 ms  max=218.9 ms  n=574
  time-to-EDR (async)        p50=3044.0 ms  p95=19471.0 ms  p99=24481.3 ms  max=25569.0 ms  n=574
  data pull                  p50=25.9 ms  p95=44.1 ms  p99=47.1 ms  max=58.6 ms  n=574
-- end-to-end + throughput --
  e2e transaction            p50=7641.0 ms  p95=48290.4 ms  p99=62600.4 ms  max=65624.0 ms  n=574
  data throughput (MB/s)     p50=0.2  p95=0.2  p99=0.2  max=0.2  n=574
-- outcomes --
  transactions succeeded     count=574  rate=1.126/s
  transactions failed        count=576  rate=1.129/s
  failed rate                rate=50.09%  (pass=576 fail=574)
    of which TERMINATED      (no data)
    of which TIMED OUT       count=462  rate=0.906/s
    of which HTTP-FAILED     count=114  rate=0.224/s
  failure accounting       576/576 classified  (complete)
-- observer effect (poll load) --
  negotiation polls          count=71315  rate=139.843/s
  edr polls                  count=12588  rate=24.684/s
  polls per transaction     negotiation=62.0  edr=10.9  (timeout ceiling=120)
=======================================================
(full summary -> /home/rohitj/edc/benchmarking-factoryx-edc/resources/local-fx-mvd/k6-scripts/results/factoryx/on/saturation-open/2026-08-10T17-35-52Z/k6-summary.json; POLL_INTERVAL_MS=250; IDENTITY_MODE=on)

running (08m30.0s), 000/600 VUs, 1150 complete and 339 interrupted iterations
saturation ✗ [  81% ] 177/600 VUs  08m29.9s/10m30s  5.67 iters/s
time="2026-08-10T17:45:47Z" level=error msg="thresholds on metrics 'dsp_transaction_failed_rate' were crossed; at least one has abortOnFail enabled, stopping test prematurely"
