
         /\      Grafana   /‾‾/  
    /\  /  \     |\  __   /  /   
   /  \/    \    | |/ /  /   ‾‾\ 
  /          \   |   (  |  (‾)  |
 / __________ \  |_|\_\  \_____/ 


     execution: local
        script: /home/rohitj/edc/benchmarking-factoryx-edc/resources/local-fx-mvd/k6-scripts/scenarios/smoke.js
        output: Prometheus remote write (http://localhost:9090/api/v1/write)

     scenarios: (100.00%) 1 scenario, 1 max VUs, 5m30s max duration (incl. graceful stop):
              * smoke: 5 iterations for each of 1 VUs (maxDuration: 5m0s, gracefulStop: 30s)


running (0m01.0s), 1/1 VUs, 0 complete and 0 interrupted iterations
smoke   [   0% ] 1 VUs  0m01.0s/5m0s  0/5 iters, 5 per VU

running (0m02.0s), 1/1 VUs, 0 complete and 0 interrupted iterations
smoke   [   0% ] 1 VUs  0m02.0s/5m0s  0/5 iters, 5 per VU

running (0m03.0s), 1/1 VUs, 0 complete and 0 interrupted iterations
smoke   [   0% ] 1 VUs  0m03.0s/5m0s  0/5 iters, 5 per VU

running (0m04.0s), 1/1 VUs, 1 complete and 0 interrupted iterations
smoke   [  20% ] 1 VUs  0m04.0s/5m0s  1/5 iters, 5 per VU

running (0m05.0s), 1/1 VUs, 1 complete and 0 interrupted iterations
smoke   [  20% ] 1 VUs  0m05.0s/5m0s  1/5 iters, 5 per VU

running (0m06.0s), 1/1 VUs, 1 complete and 0 interrupted iterations
smoke   [  20% ] 1 VUs  0m06.0s/5m0s  1/5 iters, 5 per VU

running (0m07.0s), 1/1 VUs, 1 complete and 0 interrupted iterations
smoke   [  20% ] 1 VUs  0m07.0s/5m0s  1/5 iters, 5 per VU

running (0m08.0s), 1/1 VUs, 1 complete and 0 interrupted iterations
smoke   [  20% ] 1 VUs  0m08.0s/5m0s  1/5 iters, 5 per VU

running (0m09.0s), 1/1 VUs, 2 complete and 0 interrupted iterations
smoke   [  40% ] 1 VUs  0m09.0s/5m0s  2/5 iters, 5 per VU

running (0m10.0s), 1/1 VUs, 2 complete and 0 interrupted iterations
smoke   [  40% ] 1 VUs  0m10.0s/5m0s  2/5 iters, 5 per VU

running (0m11.0s), 1/1 VUs, 2 complete and 0 interrupted iterations
smoke   [  40% ] 1 VUs  0m11.0s/5m0s  2/5 iters, 5 per VU

running (0m12.0s), 1/1 VUs, 2 complete and 0 interrupted iterations
smoke   [  40% ] 1 VUs  0m12.0s/5m0s  2/5 iters, 5 per VU

running (0m13.0s), 1/1 VUs, 3 complete and 0 interrupted iterations
smoke   [  60% ] 1 VUs  0m13.0s/5m0s  3/5 iters, 5 per VU

running (0m14.0s), 1/1 VUs, 3 complete and 0 interrupted iterations
smoke   [  60% ] 1 VUs  0m14.0s/5m0s  3/5 iters, 5 per VU

running (0m15.0s), 1/1 VUs, 3 complete and 0 interrupted iterations
smoke   [  60% ] 1 VUs  0m15.0s/5m0s  3/5 iters, 5 per VU

running (0m16.0s), 1/1 VUs, 3 complete and 0 interrupted iterations
smoke   [  60% ] 1 VUs  0m16.0s/5m0s  3/5 iters, 5 per VU

running (0m17.0s), 1/1 VUs, 3 complete and 0 interrupted iterations
smoke   [  60% ] 1 VUs  0m17.0s/5m0s  3/5 iters, 5 per VU

running (0m18.0s), 1/1 VUs, 3 complete and 0 interrupted iterations
smoke   [  60% ] 1 VUs  0m18.0s/5m0s  3/5 iters, 5 per VU

running (0m19.0s), 1/1 VUs, 4 complete and 0 interrupted iterations
smoke   [  80% ] 1 VUs  0m19.0s/5m0s  4/5 iters, 5 per VU

running (0m20.0s), 1/1 VUs, 4 complete and 0 interrupted iterations
smoke   [  80% ] 1 VUs  0m20.0s/5m0s  4/5 iters, 5 per VU

running (0m21.0s), 1/1 VUs, 4 complete and 0 interrupted iterations
smoke   [  80% ] 1 VUs  0m21.0s/5m0s  4/5 iters, 5 per VU

running (0m22.0s), 1/1 VUs, 4 complete and 0 interrupted iterations
smoke   [  80% ] 1 VUs  0m22.0s/5m0s  4/5 iters, 5 per VU

================ DSP benchmark summary ================
-- per-phase latency --
  catalog                    p50=62.5 ms  p95=135.8 ms  p99=138.9 ms  max=139.7 ms  n=5
  negotiation init (POST)    p50=7.2 ms  p95=78.9 ms  p99=93.2 ms  max=96.8 ms  n=5
  time-to-AGREED (async)     p50=2548.0 ms  p95=3002.0 ms  p99=3042.8 ms  max=3053.0 ms  n=5
  transfer init (POST)       p50=9.2 ms  p95=91.1 ms  p99=93.4 ms  max=94.0 ms  n=5
  time-to-EDR (async)        p50=1526.0 ms  p95=2541.6 ms  p99=2744.3 ms  max=2795.0 ms  n=5
  data pull                  p50=27.2 ms  p95=27.3 ms  p99=27.3 ms  max=27.3 ms  n=5
-- end-to-end + throughput --
  e2e transaction            p50=4259.0 ms  p95=5376.4 ms  p99=5550.5 ms  max=5594.0 ms  n=5
  data throughput (MB/s)     p50=0.2  p95=0.2  p99=0.2  max=0.2  n=5
-- outcomes --
  transactions succeeded     count=5  rate=0.222/s
  transactions failed        (no data)
  failed rate                rate=0.00%  (pass=0 fail=5)
    of which TERMINATED      (no data)
    of which TIMED OUT       (no data)
-- observer effect (poll load) --
  negotiation polls          count=58  rate=2.576/s
  edr polls                  count=37  rate=1.643/s
  polls per transaction     negotiation=11.6  edr=7.4  (timeout ceiling=120)
=======================================================
(full summary -> /home/rohitj/edc/benchmarking-factoryx-edc/resources/local-fx-mvd/k6-scripts/results/factoryx/smoke/2026-07-31T11-26-56Z/k6-summary.json; POLL_INTERVAL_MS=250; IDENTITY_MODE=on)

running (0m22.5s), 0/1 VUs, 5 complete and 0 interrupted iterations
smoke ✓ [ 100% ] 1 VUs  0m22.5s/5m0s  5/5 iters, 5 per VU
