
         /\      Grafana   /‾‾/  
    /\  /  \     |\  __   /  /   
   /  \/    \    | |/ /  /   ‾‾\ 
  /          \   |   (  |  (‾)  |
 / __________ \  |_|\_\  \_____/ 


     execution: local
        script: /home/rohitj/edc/benchmarking-factoryx-edc/resources/local-fx-mvd/k6-scripts/scenarios/catalog-sweep.js
        output: Prometheus remote write (http://localhost:9090/api/v1/write)

     scenarios: (100.00%) 1 scenario, 4 max VUs, 2m0s max duration (incl. graceful stop):
              * catalog: 4 looping VUs for 1m30s (gracefulStop: 30s)


running (0m01.0s), 4/4 VUs, 31 complete and 0 interrupted iterations
catalog   [   1% ] 4 VUs  0m00.9s/1m30s

running (0m02.0s), 4/4 VUs, 67 complete and 0 interrupted iterations
catalog   [   2% ] 4 VUs  0m01.9s/1m30s

running (0m03.0s), 4/4 VUs, 105 complete and 0 interrupted iterations
catalog   [   3% ] 4 VUs  0m02.9s/1m30s

running (0m04.0s), 4/4 VUs, 142 complete and 0 interrupted iterations
catalog   [   4% ] 4 VUs  0m03.9s/1m30s

running (0m05.0s), 4/4 VUs, 175 complete and 0 interrupted iterations
catalog   [   5% ] 4 VUs  0m04.9s/1m30s

running (0m06.0s), 4/4 VUs, 215 complete and 0 interrupted iterations
catalog   [   7% ] 4 VUs  0m05.9s/1m30s

running (0m07.0s), 4/4 VUs, 248 complete and 0 interrupted iterations
catalog   [   8% ] 4 VUs  0m06.9s/1m30s

running (0m08.0s), 4/4 VUs, 284 complete and 0 interrupted iterations
catalog   [   9% ] 4 VUs  0m07.9s/1m30s

running (0m09.0s), 4/4 VUs, 317 complete and 0 interrupted iterations
catalog   [  10% ] 4 VUs  0m08.9s/1m30s

running (0m10.0s), 4/4 VUs, 349 complete and 0 interrupted iterations
catalog   [  11% ] 4 VUs  0m09.9s/1m30s

running (0m11.0s), 4/4 VUs, 389 complete and 0 interrupted iterations
catalog   [  12% ] 4 VUs  0m10.9s/1m30s

running (0m12.0s), 4/4 VUs, 422 complete and 0 interrupted iterations
catalog   [  13% ] 4 VUs  0m11.9s/1m30s

running (0m13.0s), 4/4 VUs, 455 complete and 0 interrupted iterations
catalog   [  14% ] 4 VUs  0m12.9s/1m30s

running (0m14.0s), 4/4 VUs, 492 complete and 0 interrupted iterations
catalog   [  15% ] 4 VUs  0m13.9s/1m30s

running (0m15.0s), 4/4 VUs, 522 complete and 0 interrupted iterations
catalog   [  17% ] 4 VUs  0m14.9s/1m30s

running (0m16.0s), 4/4 VUs, 562 complete and 0 interrupted iterations
catalog   [  18% ] 4 VUs  0m15.9s/1m30s

running (0m17.0s), 4/4 VUs, 595 complete and 0 interrupted iterations
catalog   [  19% ] 4 VUs  0m16.9s/1m30s

running (0m18.0s), 4/4 VUs, 630 complete and 0 interrupted iterations
catalog   [  20% ] 4 VUs  0m17.9s/1m30s

running (0m19.0s), 4/4 VUs, 670 complete and 0 interrupted iterations
catalog   [  21% ] 4 VUs  0m18.9s/1m30s

running (0m20.0s), 4/4 VUs, 708 complete and 0 interrupted iterations
catalog   [  22% ] 4 VUs  0m19.9s/1m30s

running (0m21.0s), 4/4 VUs, 746 complete and 0 interrupted iterations
catalog   [  23% ] 4 VUs  0m20.9s/1m30s

running (0m22.0s), 4/4 VUs, 780 complete and 0 interrupted iterations
catalog   [  24% ] 4 VUs  0m21.9s/1m30s

running (0m23.0s), 4/4 VUs, 818 complete and 0 interrupted iterations
catalog   [  25% ] 4 VUs  0m22.9s/1m30s

running (0m24.0s), 4/4 VUs, 852 complete and 0 interrupted iterations
catalog   [  27% ] 4 VUs  0m23.9s/1m30s

running (0m25.0s), 4/4 VUs, 892 complete and 0 interrupted iterations
catalog   [  28% ] 4 VUs  0m24.9s/1m30s

running (0m26.0s), 4/4 VUs, 928 complete and 0 interrupted iterations
catalog   [  29% ] 4 VUs  0m25.9s/1m30s

running (0m27.0s), 4/4 VUs, 965 complete and 0 interrupted iterations
catalog   [  30% ] 4 VUs  0m26.9s/1m30s

running (0m28.0s), 4/4 VUs, 1001 complete and 0 interrupted iterations
catalog   [  31% ] 4 VUs  0m27.9s/1m30s

running (0m29.0s), 4/4 VUs, 1036 complete and 0 interrupted iterations
catalog   [  32% ] 4 VUs  0m28.9s/1m30s

running (0m30.0s), 4/4 VUs, 1071 complete and 0 interrupted iterations
catalog   [  33% ] 4 VUs  0m29.9s/1m30s

running (0m31.0s), 4/4 VUs, 1110 complete and 0 interrupted iterations
catalog   [  34% ] 4 VUs  0m30.9s/1m30s

running (0m32.0s), 4/4 VUs, 1145 complete and 0 interrupted iterations
catalog   [  35% ] 4 VUs  0m31.9s/1m30s

running (0m33.0s), 4/4 VUs, 1184 complete and 0 interrupted iterations
catalog   [  37% ] 4 VUs  0m32.9s/1m30s

running (0m34.0s), 4/4 VUs, 1220 complete and 0 interrupted iterations
catalog   [  38% ] 4 VUs  0m33.9s/1m30s

running (0m35.0s), 4/4 VUs, 1255 complete and 0 interrupted iterations
catalog   [  39% ] 4 VUs  0m34.9s/1m30s

running (0m36.0s), 4/4 VUs, 1296 complete and 0 interrupted iterations
catalog   [  40% ] 4 VUs  0m35.9s/1m30s

running (0m37.0s), 4/4 VUs, 1330 complete and 0 interrupted iterations
catalog   [  41% ] 4 VUs  0m36.9s/1m30s

running (0m38.0s), 4/4 VUs, 1366 complete and 0 interrupted iterations
catalog   [  42% ] 4 VUs  0m37.9s/1m30s

running (0m39.0s), 4/4 VUs, 1402 complete and 0 interrupted iterations
catalog   [  43% ] 4 VUs  0m38.9s/1m30s

running (0m40.0s), 4/4 VUs, 1438 complete and 0 interrupted iterations
catalog   [  44% ] 4 VUs  0m39.9s/1m30s

running (0m41.0s), 4/4 VUs, 1477 complete and 0 interrupted iterations
catalog   [  45% ] 4 VUs  0m40.9s/1m30s

running (0m42.0s), 4/4 VUs, 1513 complete and 0 interrupted iterations
catalog   [  47% ] 4 VUs  0m41.9s/1m30s

running (0m43.0s), 4/4 VUs, 1549 complete and 0 interrupted iterations
catalog   [  48% ] 4 VUs  0m42.9s/1m30s

running (0m44.0s), 4/4 VUs, 1586 complete and 0 interrupted iterations
catalog   [  49% ] 4 VUs  0m43.9s/1m30s

running (0m45.0s), 4/4 VUs, 1626 complete and 0 interrupted iterations
catalog   [  50% ] 4 VUs  0m44.9s/1m30s

running (0m46.0s), 4/4 VUs, 1660 complete and 0 interrupted iterations
catalog   [  51% ] 4 VUs  0m45.9s/1m30s

running (0m47.0s), 4/4 VUs, 1700 complete and 0 interrupted iterations
catalog   [  52% ] 4 VUs  0m46.9s/1m30s

running (0m48.0s), 4/4 VUs, 1736 complete and 0 interrupted iterations
catalog   [  53% ] 4 VUs  0m47.9s/1m30s

running (0m49.0s), 4/4 VUs, 1780 complete and 0 interrupted iterations
catalog   [  54% ] 4 VUs  0m48.9s/1m30s

running (0m50.0s), 4/4 VUs, 1811 complete and 0 interrupted iterations
catalog   [  55% ] 4 VUs  0m49.9s/1m30s

running (0m51.0s), 4/4 VUs, 1846 complete and 0 interrupted iterations
catalog   [  57% ] 4 VUs  0m50.9s/1m30s

running (0m52.0s), 4/4 VUs, 1887 complete and 0 interrupted iterations
catalog   [  58% ] 4 VUs  0m51.9s/1m30s

running (0m53.0s), 4/4 VUs, 1921 complete and 0 interrupted iterations
catalog   [  59% ] 4 VUs  0m52.9s/1m30s

running (0m54.0s), 4/4 VUs, 1958 complete and 0 interrupted iterations
catalog   [  60% ] 4 VUs  0m53.9s/1m30s

running (0m55.0s), 4/4 VUs, 1993 complete and 0 interrupted iterations
catalog   [  61% ] 4 VUs  0m54.9s/1m30s

running (0m56.0s), 4/4 VUs, 2034 complete and 0 interrupted iterations
catalog   [  62% ] 4 VUs  0m55.9s/1m30s

running (0m57.0s), 4/4 VUs, 2068 complete and 0 interrupted iterations
catalog   [  63% ] 4 VUs  0m56.9s/1m30s

running (0m58.0s), 4/4 VUs, 2101 complete and 0 interrupted iterations
catalog   [  64% ] 4 VUs  0m57.9s/1m30s

running (0m59.0s), 4/4 VUs, 2149 complete and 0 interrupted iterations
catalog   [  65% ] 4 VUs  0m58.9s/1m30s

running (1m00.0s), 4/4 VUs, 2181 complete and 0 interrupted iterations
catalog   [  67% ] 4 VUs  0m59.9s/1m30s

running (1m01.0s), 4/4 VUs, 2214 complete and 0 interrupted iterations
catalog   [  68% ] 4 VUs  1m00.9s/1m30s

running (1m02.0s), 4/4 VUs, 2247 complete and 0 interrupted iterations
catalog   [  69% ] 4 VUs  1m01.9s/1m30s

running (1m03.0s), 4/4 VUs, 2282 complete and 0 interrupted iterations
catalog   [  70% ] 4 VUs  1m02.9s/1m30s

running (1m04.0s), 4/4 VUs, 2320 complete and 0 interrupted iterations
catalog   [  71% ] 4 VUs  1m03.9s/1m30s

running (1m05.0s), 4/4 VUs, 2358 complete and 0 interrupted iterations
catalog   [  72% ] 4 VUs  1m04.9s/1m30s

running (1m06.0s), 4/4 VUs, 2397 complete and 0 interrupted iterations
catalog   [  73% ] 4 VUs  1m05.9s/1m30s

running (1m07.0s), 4/4 VUs, 2431 complete and 0 interrupted iterations
catalog   [  74% ] 4 VUs  1m06.9s/1m30s

running (1m08.0s), 4/4 VUs, 2467 complete and 0 interrupted iterations
catalog   [  75% ] 4 VUs  1m07.9s/1m30s

running (1m09.0s), 4/4 VUs, 2504 complete and 0 interrupted iterations
catalog   [  77% ] 4 VUs  1m08.9s/1m30s

running (1m10.0s), 4/4 VUs, 2543 complete and 0 interrupted iterations
catalog   [  78% ] 4 VUs  1m09.9s/1m30s

running (1m11.0s), 4/4 VUs, 2576 complete and 0 interrupted iterations
catalog   [  79% ] 4 VUs  1m10.9s/1m30s

running (1m12.0s), 4/4 VUs, 2615 complete and 0 interrupted iterations
catalog   [  80% ] 4 VUs  1m11.9s/1m30s

running (1m13.0s), 4/4 VUs, 2653 complete and 0 interrupted iterations
catalog   [  81% ] 4 VUs  1m12.9s/1m30s

running (1m14.0s), 4/4 VUs, 2690 complete and 0 interrupted iterations
catalog   [  82% ] 4 VUs  1m13.9s/1m30s

running (1m15.0s), 4/4 VUs, 2722 complete and 0 interrupted iterations
catalog   [  83% ] 4 VUs  1m14.9s/1m30s

running (1m16.0s), 4/4 VUs, 2761 complete and 0 interrupted iterations
catalog   [  84% ] 4 VUs  1m15.9s/1m30s

running (1m17.0s), 4/4 VUs, 2799 complete and 0 interrupted iterations
catalog   [  85% ] 4 VUs  1m16.9s/1m30s

running (1m18.0s), 4/4 VUs, 2835 complete and 0 interrupted iterations
catalog   [  87% ] 4 VUs  1m17.9s/1m30s

running (1m19.0s), 4/4 VUs, 2872 complete and 0 interrupted iterations
catalog   [  88% ] 4 VUs  1m18.9s/1m30s

running (1m20.0s), 4/4 VUs, 2915 complete and 0 interrupted iterations
catalog   [  89% ] 4 VUs  1m19.9s/1m30s

running (1m21.0s), 4/4 VUs, 2949 complete and 0 interrupted iterations
catalog   [  90% ] 4 VUs  1m20.9s/1m30s

running (1m22.0s), 4/4 VUs, 2987 complete and 0 interrupted iterations
catalog   [  91% ] 4 VUs  1m21.9s/1m30s

running (1m23.0s), 4/4 VUs, 3019 complete and 0 interrupted iterations
catalog   [  92% ] 4 VUs  1m22.9s/1m30s

running (1m24.0s), 4/4 VUs, 3057 complete and 0 interrupted iterations
catalog   [  93% ] 4 VUs  1m23.9s/1m30s

running (1m25.0s), 4/4 VUs, 3091 complete and 0 interrupted iterations
catalog   [  94% ] 4 VUs  1m24.9s/1m30s

running (1m26.0s), 4/4 VUs, 3127 complete and 0 interrupted iterations
catalog   [  95% ] 4 VUs  1m25.9s/1m30s

running (1m27.0s), 4/4 VUs, 3162 complete and 0 interrupted iterations
catalog   [  97% ] 4 VUs  1m26.9s/1m30s

running (1m28.0s), 4/4 VUs, 3196 complete and 0 interrupted iterations
catalog   [  98% ] 4 VUs  1m27.9s/1m30s

running (1m29.0s), 4/4 VUs, 3234 complete and 0 interrupted iterations
catalog   [  99% ] 4 VUs  1m28.9s/1m30s

running (1m30.0s), 4/4 VUs, 3262 complete and 0 interrupted iterations
catalog   [ 100% ] 4 VUs  1m29.9s/1m30s

================ DSP benchmark summary ================
-- per-phase latency --
  catalog                    p50=113.4 ms  p95=157.8 ms  p99=187.1 ms  max=271.5 ms  n=3270
  negotiation init (POST)    (no data)
  time-to-AGREED (async)     (no data)
  transfer init (POST)       (no data)
  time-to-EDR (async)        (no data)
  data pull                  (no data)
-- end-to-end + throughput --
  e2e transaction            (no data)
  data throughput (MB/s)     (no data)
-- outcomes --
  transactions succeeded     count=3270  rate=36.287/s
  transactions failed        (no data)
  failed rate                rate=0.00%  (pass=0 fail=3270)
    of which TERMINATED      (no data)
    of which TIMED OUT       (no data)
    of which HTTP-FAILED     (no data)
  failure accounting       (no failures)
-- observer effect (poll load) --
  negotiation polls          (no data)
  edr polls                  (no data)
  polls per transaction     negotiation=0.0  edr=0.0  (timeout ceiling=120)
=======================================================
(full summary -> /home/rohitj/edc/benchmarking-factoryx-edc/resources/local-fx-mvd/k6-scripts/results/factoryx/on/catalog-sweep/2026-08-10T16-55-38Z/k6-summary.json; POLL_INTERVAL_MS=250; IDENTITY_MODE=on)

running (1m30.1s), 0/4 VUs, 3270 complete and 0 interrupted iterations
catalog ✓ [ 100% ] 4 VUs  1m30s
