
         /\      Grafana   /‾‾/  
    /\  /  \     |\  __   /  /   
   /  \/    \    | |/ /  /   ‾‾\ 
  /          \   |   (  |  (‾)  |
 / __________ \  |_|\_\  \_____/ 


     execution: local
        script: /home/rohitj/edc/benchmarking-factoryx-edc/resources/local-fx-mvd/k6-scripts/scenarios/poll-sensitivity.js
        output: Prometheus remote write (http://localhost:9090/api/v1/write)

     scenarios: (100.00%) 1 scenario, 200 max VUs, 5m30s max duration (incl. graceful stop):
              * pollSensitivity: 1.00 iterations/s for 5m0s (maxVUs: 50-200, gracefulStop: 30s)


running (0m01.0s), 001/050 VUs, 0 complete and 0 interrupted iterations
pollSensitivity   [   0% ] 001/050 VUs  0m01.0s/5m0s  1.00 iters/s

running (0m02.0s), 002/050 VUs, 0 complete and 0 interrupted iterations
pollSensitivity   [   1% ] 002/050 VUs  0m02.0s/5m0s  1.00 iters/s

running (0m03.0s), 003/050 VUs, 0 complete and 0 interrupted iterations
pollSensitivity   [   1% ] 003/050 VUs  0m03.0s/5m0s  1.00 iters/s

running (0m04.0s), 004/050 VUs, 0 complete and 0 interrupted iterations
pollSensitivity   [   1% ] 004/050 VUs  0m04.0s/5m0s  1.00 iters/s

running (0m05.0s), 005/050 VUs, 0 complete and 0 interrupted iterations
pollSensitivity   [   2% ] 005/050 VUs  0m05.0s/5m0s  1.00 iters/s

running (0m06.0s), 005/050 VUs, 1 complete and 0 interrupted iterations
pollSensitivity   [   2% ] 005/050 VUs  0m06.0s/5m0s  1.00 iters/s

running (0m07.0s), 006/050 VUs, 1 complete and 0 interrupted iterations
pollSensitivity   [   2% ] 006/050 VUs  0m07.0s/5m0s  1.00 iters/s

running (0m08.0s), 004/050 VUs, 4 complete and 0 interrupted iterations
pollSensitivity   [   3% ] 004/050 VUs  0m08.0s/5m0s  1.00 iters/s

running (0m09.0s), 005/050 VUs, 4 complete and 0 interrupted iterations
pollSensitivity   [   3% ] 005/050 VUs  0m09.0s/5m0s  1.00 iters/s

running (0m10.0s), 005/050 VUs, 5 complete and 0 interrupted iterations
pollSensitivity   [   3% ] 005/050 VUs  0m10.0s/5m0s  1.00 iters/s

running (0m11.0s), 005/050 VUs, 6 complete and 0 interrupted iterations
pollSensitivity   [   4% ] 005/050 VUs  0m11.0s/5m0s  1.00 iters/s

running (0m12.0s), 004/050 VUs, 8 complete and 0 interrupted iterations
pollSensitivity   [   4% ] 004/050 VUs  0m12.0s/5m0s  1.00 iters/s

running (0m13.0s), 005/050 VUs, 8 complete and 0 interrupted iterations
pollSensitivity   [   4% ] 005/050 VUs  0m13.0s/5m0s  1.00 iters/s

running (0m14.0s), 005/050 VUs, 9 complete and 0 interrupted iterations
pollSensitivity   [   5% ] 005/050 VUs  0m14.0s/5m0s  1.00 iters/s

running (0m15.0s), 006/050 VUs, 9 complete and 0 interrupted iterations
pollSensitivity   [   5% ] 006/050 VUs  0m15.0s/5m0s  1.00 iters/s

running (0m16.0s), 006/050 VUs, 10 complete and 0 interrupted iterations
pollSensitivity   [   5% ] 006/050 VUs  0m16.0s/5m0s  1.00 iters/s

running (0m17.0s), 005/050 VUs, 12 complete and 0 interrupted iterations
pollSensitivity   [   6% ] 005/050 VUs  0m17.0s/5m0s  1.00 iters/s

running (0m18.0s), 004/050 VUs, 14 complete and 0 interrupted iterations
pollSensitivity   [   6% ] 004/050 VUs  0m18.0s/5m0s  1.00 iters/s

running (0m19.0s), 004/050 VUs, 15 complete and 0 interrupted iterations
pollSensitivity   [   6% ] 004/050 VUs  0m19.0s/5m0s  1.00 iters/s

running (0m20.0s), 004/050 VUs, 16 complete and 0 interrupted iterations
pollSensitivity   [   7% ] 004/050 VUs  0m20.0s/5m0s  1.00 iters/s

running (0m21.0s), 005/050 VUs, 16 complete and 0 interrupted iterations
pollSensitivity   [   7% ] 005/050 VUs  0m21.0s/5m0s  1.00 iters/s

running (0m22.0s), 004/050 VUs, 18 complete and 0 interrupted iterations
pollSensitivity   [   7% ] 004/050 VUs  0m22.0s/5m0s  1.00 iters/s

running (0m23.0s), 003/050 VUs, 20 complete and 0 interrupted iterations
pollSensitivity   [   8% ] 003/050 VUs  0m23.0s/5m0s  1.00 iters/s

running (0m24.0s), 004/050 VUs, 20 complete and 0 interrupted iterations
pollSensitivity   [   8% ] 004/050 VUs  0m24.0s/5m0s  1.00 iters/s

running (0m25.0s), 004/050 VUs, 21 complete and 0 interrupted iterations
pollSensitivity   [   8% ] 004/050 VUs  0m25.0s/5m0s  1.00 iters/s

running (0m26.0s), 004/050 VUs, 22 complete and 0 interrupted iterations
pollSensitivity   [   9% ] 004/050 VUs  0m26.0s/5m0s  1.00 iters/s

running (0m27.0s), 005/050 VUs, 22 complete and 0 interrupted iterations
pollSensitivity   [   9% ] 005/050 VUs  0m27.0s/5m0s  1.00 iters/s

running (0m28.0s), 004/050 VUs, 24 complete and 0 interrupted iterations
pollSensitivity   [   9% ] 004/050 VUs  0m28.0s/5m0s  1.00 iters/s

running (0m29.0s), 004/050 VUs, 25 complete and 0 interrupted iterations
pollSensitivity   [  10% ] 004/050 VUs  0m29.0s/5m0s  1.00 iters/s

running (0m30.0s), 004/050 VUs, 26 complete and 0 interrupted iterations
pollSensitivity   [  10% ] 004/050 VUs  0m30.0s/5m0s  1.00 iters/s

running (0m31.0s), 004/050 VUs, 27 complete and 0 interrupted iterations
pollSensitivity   [  10% ] 004/050 VUs  0m31.0s/5m0s  1.00 iters/s

running (0m32.0s), 005/050 VUs, 27 complete and 0 interrupted iterations
pollSensitivity   [  11% ] 005/050 VUs  0m32.0s/5m0s  1.00 iters/s

running (0m33.0s), 005/050 VUs, 28 complete and 0 interrupted iterations
pollSensitivity   [  11% ] 005/050 VUs  0m33.0s/5m0s  1.00 iters/s

running (0m34.0s), 005/050 VUs, 29 complete and 0 interrupted iterations
pollSensitivity   [  11% ] 005/050 VUs  0m34.0s/5m0s  1.00 iters/s

running (0m35.0s), 004/050 VUs, 31 complete and 0 interrupted iterations
pollSensitivity   [  12% ] 004/050 VUs  0m35.0s/5m0s  1.00 iters/s

running (0m36.0s), 004/050 VUs, 32 complete and 0 interrupted iterations
pollSensitivity   [  12% ] 004/050 VUs  0m36.0s/5m0s  1.00 iters/s

running (0m37.0s), 005/050 VUs, 32 complete and 0 interrupted iterations
pollSensitivity   [  12% ] 005/050 VUs  0m37.0s/5m0s  1.00 iters/s

running (0m38.0s), 005/050 VUs, 33 complete and 0 interrupted iterations
pollSensitivity   [  13% ] 005/050 VUs  0m38.0s/5m0s  1.00 iters/s

running (0m39.0s), 004/050 VUs, 35 complete and 0 interrupted iterations
pollSensitivity   [  13% ] 004/050 VUs  0m39.0s/5m0s  1.00 iters/s

running (0m40.0s), 004/050 VUs, 36 complete and 0 interrupted iterations
pollSensitivity   [  13% ] 004/050 VUs  0m40.0s/5m0s  1.00 iters/s

running (0m41.0s), 005/050 VUs, 36 complete and 0 interrupted iterations
pollSensitivity   [  14% ] 005/050 VUs  0m41.0s/5m0s  1.00 iters/s

running (0m42.0s), 005/050 VUs, 37 complete and 0 interrupted iterations
pollSensitivity   [  14% ] 005/050 VUs  0m42.0s/5m0s  1.00 iters/s

running (0m43.0s), 005/050 VUs, 38 complete and 0 interrupted iterations
pollSensitivity   [  14% ] 005/050 VUs  0m43.0s/5m0s  1.00 iters/s

running (0m44.0s), 005/050 VUs, 39 complete and 0 interrupted iterations
pollSensitivity   [  15% ] 005/050 VUs  0m44.0s/5m0s  1.00 iters/s

running (0m45.0s), 004/050 VUs, 41 complete and 0 interrupted iterations
pollSensitivity   [  15% ] 004/050 VUs  0m45.0s/5m0s  1.00 iters/s

running (0m46.0s), 004/050 VUs, 42 complete and 0 interrupted iterations
pollSensitivity   [  15% ] 004/050 VUs  0m46.0s/5m0s  1.00 iters/s

running (0m47.0s), 004/050 VUs, 43 complete and 0 interrupted iterations
pollSensitivity   [  16% ] 004/050 VUs  0m47.0s/5m0s  1.00 iters/s

running (0m48.0s), 004/050 VUs, 44 complete and 0 interrupted iterations
pollSensitivity   [  16% ] 004/050 VUs  0m48.0s/5m0s  1.00 iters/s

running (0m49.0s), 004/050 VUs, 45 complete and 0 interrupted iterations
pollSensitivity   [  16% ] 004/050 VUs  0m49.0s/5m0s  1.00 iters/s

running (0m50.0s), 004/050 VUs, 46 complete and 0 interrupted iterations
pollSensitivity   [  17% ] 004/050 VUs  0m50.0s/5m0s  1.00 iters/s

running (0m51.0s), 004/050 VUs, 47 complete and 0 interrupted iterations
pollSensitivity   [  17% ] 004/050 VUs  0m51.0s/5m0s  1.00 iters/s

running (0m52.0s), 005/050 VUs, 47 complete and 0 interrupted iterations
pollSensitivity   [  17% ] 005/050 VUs  0m52.0s/5m0s  1.00 iters/s

running (0m53.0s), 004/050 VUs, 49 complete and 0 interrupted iterations
pollSensitivity   [  18% ] 004/050 VUs  0m53.0s/5m0s  1.00 iters/s

running (0m54.0s), 004/050 VUs, 50 complete and 0 interrupted iterations
pollSensitivity   [  18% ] 004/050 VUs  0m54.0s/5m0s  1.00 iters/s

running (0m55.0s), 005/050 VUs, 50 complete and 0 interrupted iterations
pollSensitivity   [  18% ] 005/050 VUs  0m55.0s/5m0s  1.00 iters/s

running (0m56.0s), 005/050 VUs, 51 complete and 0 interrupted iterations
pollSensitivity   [  19% ] 005/050 VUs  0m56.0s/5m0s  1.00 iters/s

running (0m57.0s), 004/050 VUs, 53 complete and 0 interrupted iterations
pollSensitivity   [  19% ] 004/050 VUs  0m57.0s/5m0s  1.00 iters/s

running (0m58.0s), 004/050 VUs, 54 complete and 0 interrupted iterations
pollSensitivity   [  19% ] 004/050 VUs  0m58.0s/5m0s  1.00 iters/s

running (0m59.0s), 005/050 VUs, 54 complete and 0 interrupted iterations
pollSensitivity   [  20% ] 005/050 VUs  0m59.0s/5m0s  1.00 iters/s

running (1m00.0s), 005/050 VUs, 55 complete and 0 interrupted iterations
pollSensitivity   [  20% ] 005/050 VUs  1m00.0s/5m0s  1.00 iters/s

running (1m01.0s), 004/050 VUs, 57 complete and 0 interrupted iterations
pollSensitivity   [  20% ] 004/050 VUs  1m01.0s/5m0s  1.00 iters/s

running (1m02.0s), 005/050 VUs, 57 complete and 0 interrupted iterations
pollSensitivity   [  21% ] 005/050 VUs  1m02.0s/5m0s  1.00 iters/s

running (1m03.0s), 006/050 VUs, 57 complete and 0 interrupted iterations
pollSensitivity   [  21% ] 006/050 VUs  1m03.0s/5m0s  1.00 iters/s

running (1m04.0s), 006/050 VUs, 58 complete and 0 interrupted iterations
pollSensitivity   [  21% ] 006/050 VUs  1m04.0s/5m0s  1.00 iters/s

running (1m05.0s), 005/050 VUs, 60 complete and 0 interrupted iterations
pollSensitivity   [  22% ] 005/050 VUs  1m05.0s/5m0s  1.00 iters/s

running (1m06.0s), 004/050 VUs, 62 complete and 0 interrupted iterations
pollSensitivity   [  22% ] 004/050 VUs  1m06.0s/5m0s  1.00 iters/s

running (1m07.0s), 005/050 VUs, 62 complete and 0 interrupted iterations
pollSensitivity   [  22% ] 005/050 VUs  1m07.0s/5m0s  1.00 iters/s

running (1m08.0s), 006/050 VUs, 62 complete and 0 interrupted iterations
pollSensitivity   [  23% ] 006/050 VUs  1m08.0s/5m0s  1.00 iters/s

running (1m09.0s), 007/050 VUs, 62 complete and 0 interrupted iterations
pollSensitivity   [  23% ] 007/050 VUs  1m09.0s/5m0s  1.00 iters/s

running (1m10.0s), 008/050 VUs, 62 complete and 0 interrupted iterations
pollSensitivity   [  23% ] 008/050 VUs  1m10.0s/5m0s  1.00 iters/s

running (1m11.0s), 007/050 VUs, 64 complete and 0 interrupted iterations
pollSensitivity   [  24% ] 007/050 VUs  1m11.0s/5m0s  1.00 iters/s

running (1m12.0s), 008/050 VUs, 64 complete and 0 interrupted iterations
pollSensitivity   [  24% ] 008/050 VUs  1m12.0s/5m0s  1.00 iters/s

running (1m13.0s), 007/050 VUs, 66 complete and 0 interrupted iterations
pollSensitivity   [  24% ] 007/050 VUs  1m13.0s/5m0s  1.00 iters/s

running (1m14.0s), 008/050 VUs, 66 complete and 0 interrupted iterations
pollSensitivity   [  25% ] 008/050 VUs  1m14.0s/5m0s  1.00 iters/s

running (1m15.0s), 006/050 VUs, 69 complete and 0 interrupted iterations
pollSensitivity   [  25% ] 006/050 VUs  1m15.0s/5m0s  1.00 iters/s

running (1m16.0s), 003/050 VUs, 73 complete and 0 interrupted iterations
pollSensitivity   [  25% ] 003/050 VUs  1m16.0s/5m0s  1.00 iters/s

running (1m17.0s), 003/050 VUs, 74 complete and 0 interrupted iterations
pollSensitivity   [  26% ] 003/050 VUs  1m17.0s/5m0s  1.00 iters/s

running (1m18.0s), 004/050 VUs, 74 complete and 0 interrupted iterations
pollSensitivity   [  26% ] 004/050 VUs  1m18.0s/5m0s  1.00 iters/s

running (1m19.0s), 003/050 VUs, 76 complete and 0 interrupted iterations
pollSensitivity   [  26% ] 003/050 VUs  1m19.0s/5m0s  1.00 iters/s

running (1m20.0s), 003/050 VUs, 77 complete and 0 interrupted iterations
pollSensitivity   [  27% ] 003/050 VUs  1m20.0s/5m0s  1.00 iters/s

running (1m21.0s), 004/050 VUs, 77 complete and 0 interrupted iterations
pollSensitivity   [  27% ] 004/050 VUs  1m21.0s/5m0s  1.00 iters/s

running (1m22.0s), 004/050 VUs, 78 complete and 0 interrupted iterations
pollSensitivity   [  27% ] 004/050 VUs  1m22.0s/5m0s  1.00 iters/s

running (1m23.0s), 004/050 VUs, 79 complete and 0 interrupted iterations
pollSensitivity   [  28% ] 004/050 VUs  1m23.0s/5m0s  1.00 iters/s

running (1m24.0s), 003/050 VUs, 81 complete and 0 interrupted iterations
pollSensitivity   [  28% ] 003/050 VUs  1m24.0s/5m0s  1.00 iters/s

running (1m25.0s), 004/050 VUs, 81 complete and 0 interrupted iterations
pollSensitivity   [  28% ] 004/050 VUs  1m25.0s/5m0s  1.00 iters/s

running (1m26.0s), 004/050 VUs, 82 complete and 0 interrupted iterations
pollSensitivity   [  29% ] 004/050 VUs  1m26.0s/5m0s  1.00 iters/s

running (1m27.0s), 003/050 VUs, 84 complete and 0 interrupted iterations
pollSensitivity   [  29% ] 003/050 VUs  1m27.0s/5m0s  1.00 iters/s

running (1m28.0s), 004/050 VUs, 84 complete and 0 interrupted iterations
pollSensitivity   [  29% ] 004/050 VUs  1m28.0s/5m0s  1.00 iters/s

running (1m29.0s), 005/050 VUs, 84 complete and 0 interrupted iterations
pollSensitivity   [  30% ] 005/050 VUs  1m29.0s/5m0s  1.00 iters/s

running (1m30.0s), 005/050 VUs, 85 complete and 0 interrupted iterations
pollSensitivity   [  30% ] 005/050 VUs  1m30.0s/5m0s  1.00 iters/s

running (1m31.0s), 003/050 VUs, 88 complete and 0 interrupted iterations
pollSensitivity   [  30% ] 003/050 VUs  1m31.0s/5m0s  1.00 iters/s

running (1m32.0s), 004/050 VUs, 88 complete and 0 interrupted iterations
pollSensitivity   [  31% ] 004/050 VUs  1m32.0s/5m0s  1.00 iters/s

running (1m33.0s), 004/050 VUs, 89 complete and 0 interrupted iterations
pollSensitivity   [  31% ] 004/050 VUs  1m33.0s/5m0s  1.00 iters/s

running (1m34.0s), 004/050 VUs, 90 complete and 0 interrupted iterations
pollSensitivity   [  31% ] 004/050 VUs  1m34.0s/5m0s  1.00 iters/s

running (1m35.0s), 005/050 VUs, 90 complete and 0 interrupted iterations
pollSensitivity   [  32% ] 005/050 VUs  1m35.0s/5m0s  1.00 iters/s

running (1m36.0s), 004/050 VUs, 92 complete and 0 interrupted iterations
pollSensitivity   [  32% ] 004/050 VUs  1m36.0s/5m0s  1.00 iters/s

running (1m37.0s), 005/050 VUs, 92 complete and 0 interrupted iterations
pollSensitivity   [  32% ] 005/050 VUs  1m37.0s/5m0s  1.00 iters/s

running (1m38.0s), 005/050 VUs, 93 complete and 0 interrupted iterations
pollSensitivity   [  33% ] 005/050 VUs  1m38.0s/5m0s  1.00 iters/s

running (1m39.0s), 004/050 VUs, 95 complete and 0 interrupted iterations
pollSensitivity   [  33% ] 004/050 VUs  1m39.0s/5m0s  1.00 iters/s

running (1m40.0s), 005/050 VUs, 95 complete and 0 interrupted iterations
pollSensitivity   [  33% ] 005/050 VUs  1m40.0s/5m0s  1.00 iters/s

running (1m41.0s), 006/050 VUs, 95 complete and 0 interrupted iterations
pollSensitivity   [  34% ] 006/050 VUs  1m41.0s/5m0s  1.00 iters/s

running (1m42.0s), 004/050 VUs, 98 complete and 0 interrupted iterations
pollSensitivity   [  34% ] 004/050 VUs  1m42.0s/5m0s  1.00 iters/s

running (1m43.0s), 004/050 VUs, 99 complete and 0 interrupted iterations
pollSensitivity   [  34% ] 004/050 VUs  1m43.0s/5m0s  1.00 iters/s

running (1m44.0s), 005/050 VUs, 99 complete and 0 interrupted iterations
pollSensitivity   [  35% ] 005/050 VUs  1m44.0s/5m0s  1.00 iters/s

running (1m45.0s), 005/050 VUs, 100 complete and 0 interrupted iterations
pollSensitivity   [  35% ] 005/050 VUs  1m45.0s/5m0s  1.00 iters/s

running (1m46.0s), 005/050 VUs, 101 complete and 0 interrupted iterations
pollSensitivity   [  35% ] 005/050 VUs  1m46.0s/5m0s  1.00 iters/s

running (1m47.0s), 006/050 VUs, 101 complete and 0 interrupted iterations
pollSensitivity   [  36% ] 006/050 VUs  1m47.0s/5m0s  1.00 iters/s

running (1m48.0s), 004/050 VUs, 104 complete and 0 interrupted iterations
pollSensitivity   [  36% ] 004/050 VUs  1m48.0s/5m0s  1.00 iters/s

running (1m49.0s), 004/050 VUs, 105 complete and 0 interrupted iterations
pollSensitivity   [  36% ] 004/050 VUs  1m49.0s/5m0s  1.00 iters/s

running (1m50.0s), 003/050 VUs, 107 complete and 0 interrupted iterations
pollSensitivity   [  37% ] 003/050 VUs  1m50.0s/5m0s  1.00 iters/s

running (1m51.0s), 003/050 VUs, 108 complete and 0 interrupted iterations
pollSensitivity   [  37% ] 003/050 VUs  1m51.0s/5m0s  1.00 iters/s

running (1m52.0s), 003/050 VUs, 109 complete and 0 interrupted iterations
pollSensitivity   [  37% ] 003/050 VUs  1m52.0s/5m0s  1.00 iters/s

running (1m53.0s), 003/050 VUs, 110 complete and 0 interrupted iterations
pollSensitivity   [  38% ] 003/050 VUs  1m53.0s/5m0s  1.00 iters/s

running (1m54.0s), 004/050 VUs, 110 complete and 0 interrupted iterations
pollSensitivity   [  38% ] 004/050 VUs  1m54.0s/5m0s  1.00 iters/s

running (1m55.0s), 003/050 VUs, 112 complete and 0 interrupted iterations
pollSensitivity   [  38% ] 003/050 VUs  1m55.0s/5m0s  1.00 iters/s

running (1m56.0s), 003/050 VUs, 113 complete and 0 interrupted iterations
pollSensitivity   [  39% ] 003/050 VUs  1m56.0s/5m0s  1.00 iters/s

running (1m57.0s), 004/050 VUs, 113 complete and 0 interrupted iterations
pollSensitivity   [  39% ] 004/050 VUs  1m57.0s/5m0s  1.00 iters/s

running (1m58.0s), 005/050 VUs, 113 complete and 0 interrupted iterations
pollSensitivity   [  39% ] 005/050 VUs  1m58.0s/5m0s  1.00 iters/s

running (1m59.0s), 006/050 VUs, 113 complete and 0 interrupted iterations
pollSensitivity   [  40% ] 006/050 VUs  1m59.0s/5m0s  1.00 iters/s

running (2m00.0s), 004/050 VUs, 116 complete and 0 interrupted iterations
pollSensitivity   [  40% ] 004/050 VUs  2m00.0s/5m0s  1.00 iters/s

running (2m01.0s), 004/050 VUs, 117 complete and 0 interrupted iterations
pollSensitivity   [  40% ] 004/050 VUs  2m01.0s/5m0s  1.00 iters/s

running (2m02.0s), 005/050 VUs, 117 complete and 0 interrupted iterations
pollSensitivity   [  41% ] 005/050 VUs  2m02.0s/5m0s  1.00 iters/s

running (2m03.0s), 005/050 VUs, 118 complete and 0 interrupted iterations
pollSensitivity   [  41% ] 005/050 VUs  2m03.0s/5m0s  1.00 iters/s

running (2m04.0s), 005/050 VUs, 119 complete and 0 interrupted iterations
pollSensitivity   [  41% ] 005/050 VUs  2m04.0s/5m0s  1.00 iters/s

running (2m05.0s), 005/050 VUs, 120 complete and 0 interrupted iterations
pollSensitivity   [  42% ] 005/050 VUs  2m05.0s/5m0s  1.00 iters/s

running (2m06.0s), 004/050 VUs, 122 complete and 0 interrupted iterations
pollSensitivity   [  42% ] 004/050 VUs  2m06.0s/5m0s  1.00 iters/s

running (2m07.0s), 005/050 VUs, 122 complete and 0 interrupted iterations
pollSensitivity   [  42% ] 005/050 VUs  2m07.0s/5m0s  1.00 iters/s

running (2m08.0s), 004/050 VUs, 124 complete and 0 interrupted iterations
pollSensitivity   [  43% ] 004/050 VUs  2m08.0s/5m0s  1.00 iters/s

running (2m09.0s), 004/050 VUs, 125 complete and 0 interrupted iterations
pollSensitivity   [  43% ] 004/050 VUs  2m09.0s/5m0s  1.00 iters/s

running (2m10.0s), 005/050 VUs, 125 complete and 0 interrupted iterations
pollSensitivity   [  43% ] 005/050 VUs  2m10.0s/5m0s  1.00 iters/s

running (2m11.0s), 004/050 VUs, 127 complete and 0 interrupted iterations
pollSensitivity   [  44% ] 004/050 VUs  2m11.0s/5m0s  1.00 iters/s

running (2m12.0s), 004/050 VUs, 128 complete and 0 interrupted iterations
pollSensitivity   [  44% ] 004/050 VUs  2m12.0s/5m0s  1.00 iters/s

running (2m13.0s), 004/050 VUs, 129 complete and 0 interrupted iterations
pollSensitivity   [  44% ] 004/050 VUs  2m13.0s/5m0s  1.00 iters/s

running (2m14.0s), 005/050 VUs, 129 complete and 0 interrupted iterations
pollSensitivity   [  45% ] 005/050 VUs  2m14.0s/5m0s  1.00 iters/s

running (2m15.0s), 005/050 VUs, 130 complete and 0 interrupted iterations
pollSensitivity   [  45% ] 005/050 VUs  2m15.0s/5m0s  1.00 iters/s

running (2m16.0s), 004/050 VUs, 132 complete and 0 interrupted iterations
pollSensitivity   [  45% ] 004/050 VUs  2m16.0s/5m0s  1.00 iters/s

running (2m17.0s), 004/050 VUs, 133 complete and 0 interrupted iterations
pollSensitivity   [  46% ] 004/050 VUs  2m17.0s/5m0s  1.00 iters/s

running (2m18.0s), 004/050 VUs, 134 complete and 0 interrupted iterations
pollSensitivity   [  46% ] 004/050 VUs  2m18.0s/5m0s  1.00 iters/s

running (2m19.0s), 004/050 VUs, 135 complete and 0 interrupted iterations
pollSensitivity   [  46% ] 004/050 VUs  2m19.0s/5m0s  1.00 iters/s

running (2m20.0s), 004/050 VUs, 136 complete and 0 interrupted iterations
pollSensitivity   [  47% ] 004/050 VUs  2m20.0s/5m0s  1.00 iters/s

running (2m21.0s), 004/050 VUs, 137 complete and 0 interrupted iterations
pollSensitivity   [  47% ] 004/050 VUs  2m21.0s/5m0s  1.00 iters/s

running (2m22.0s), 004/050 VUs, 138 complete and 0 interrupted iterations
pollSensitivity   [  47% ] 004/050 VUs  2m22.0s/5m0s  1.00 iters/s

running (2m23.0s), 004/050 VUs, 139 complete and 0 interrupted iterations
pollSensitivity   [  48% ] 004/050 VUs  2m23.0s/5m0s  1.00 iters/s

running (2m24.0s), 004/050 VUs, 140 complete and 0 interrupted iterations
pollSensitivity   [  48% ] 004/050 VUs  2m24.0s/5m0s  1.00 iters/s

running (2m25.0s), 004/050 VUs, 141 complete and 0 interrupted iterations
pollSensitivity   [  48% ] 004/050 VUs  2m25.0s/5m0s  1.00 iters/s

running (2m26.0s), 005/050 VUs, 141 complete and 0 interrupted iterations
pollSensitivity   [  49% ] 005/050 VUs  2m26.0s/5m0s  1.00 iters/s

running (2m27.0s), 004/050 VUs, 143 complete and 0 interrupted iterations
pollSensitivity   [  49% ] 004/050 VUs  2m27.0s/5m0s  1.00 iters/s

running (2m28.0s), 004/050 VUs, 144 complete and 0 interrupted iterations
pollSensitivity   [  49% ] 004/050 VUs  2m28.0s/5m0s  1.00 iters/s

running (2m29.0s), 004/050 VUs, 145 complete and 0 interrupted iterations
pollSensitivity   [  50% ] 004/050 VUs  2m29.0s/5m0s  1.00 iters/s

running (2m30.0s), 005/050 VUs, 145 complete and 0 interrupted iterations
pollSensitivity   [  50% ] 005/050 VUs  2m30.0s/5m0s  1.00 iters/s

running (2m31.0s), 004/050 VUs, 147 complete and 0 interrupted iterations
pollSensitivity   [  50% ] 004/050 VUs  2m31.0s/5m0s  1.00 iters/s

running (2m32.0s), 004/050 VUs, 148 complete and 0 interrupted iterations
pollSensitivity   [  51% ] 004/050 VUs  2m32.0s/5m0s  1.00 iters/s

running (2m33.0s), 004/050 VUs, 149 complete and 0 interrupted iterations
pollSensitivity   [  51% ] 004/050 VUs  2m33.0s/5m0s  1.00 iters/s

running (2m34.0s), 004/050 VUs, 150 complete and 0 interrupted iterations
pollSensitivity   [  51% ] 004/050 VUs  2m34.0s/5m0s  1.00 iters/s

running (2m35.0s), 004/050 VUs, 151 complete and 0 interrupted iterations
pollSensitivity   [  52% ] 004/050 VUs  2m35.0s/5m0s  1.00 iters/s

running (2m36.0s), 004/050 VUs, 152 complete and 0 interrupted iterations
pollSensitivity   [  52% ] 004/050 VUs  2m36.0s/5m0s  1.00 iters/s

running (2m37.0s), 005/050 VUs, 152 complete and 0 interrupted iterations
pollSensitivity   [  52% ] 005/050 VUs  2m37.0s/5m0s  1.00 iters/s

running (2m38.0s), 004/050 VUs, 154 complete and 0 interrupted iterations
pollSensitivity   [  53% ] 004/050 VUs  2m38.0s/5m0s  1.00 iters/s

running (2m39.0s), 004/050 VUs, 155 complete and 0 interrupted iterations
pollSensitivity   [  53% ] 004/050 VUs  2m39.0s/5m0s  1.00 iters/s

running (2m40.0s), 004/050 VUs, 156 complete and 0 interrupted iterations
pollSensitivity   [  53% ] 004/050 VUs  2m40.0s/5m0s  1.00 iters/s

running (2m41.0s), 005/050 VUs, 156 complete and 0 interrupted iterations
pollSensitivity   [  54% ] 005/050 VUs  2m41.0s/5m0s  1.00 iters/s

running (2m42.0s), 004/050 VUs, 158 complete and 0 interrupted iterations
pollSensitivity   [  54% ] 004/050 VUs  2m42.0s/5m0s  1.00 iters/s

running (2m43.0s), 004/050 VUs, 159 complete and 0 interrupted iterations
pollSensitivity   [  54% ] 004/050 VUs  2m43.0s/5m0s  1.00 iters/s

running (2m44.0s), 004/050 VUs, 160 complete and 0 interrupted iterations
pollSensitivity   [  55% ] 004/050 VUs  2m44.0s/5m0s  1.00 iters/s

running (2m45.0s), 004/050 VUs, 161 complete and 0 interrupted iterations
pollSensitivity   [  55% ] 004/050 VUs  2m45.0s/5m0s  1.00 iters/s

running (2m46.0s), 004/050 VUs, 162 complete and 0 interrupted iterations
pollSensitivity   [  55% ] 004/050 VUs  2m46.0s/5m0s  1.00 iters/s

running (2m47.0s), 003/050 VUs, 164 complete and 0 interrupted iterations
pollSensitivity   [  56% ] 003/050 VUs  2m47.0s/5m0s  1.00 iters/s

running (2m48.0s), 004/050 VUs, 164 complete and 0 interrupted iterations
pollSensitivity   [  56% ] 004/050 VUs  2m48.0s/5m0s  1.00 iters/s

running (2m49.0s), 004/050 VUs, 165 complete and 0 interrupted iterations
pollSensitivity   [  56% ] 004/050 VUs  2m49.0s/5m0s  1.00 iters/s

running (2m50.0s), 004/050 VUs, 166 complete and 0 interrupted iterations
pollSensitivity   [  57% ] 004/050 VUs  2m50.0s/5m0s  1.00 iters/s

running (2m51.0s), 004/050 VUs, 167 complete and 0 interrupted iterations
pollSensitivity   [  57% ] 004/050 VUs  2m51.0s/5m0s  1.00 iters/s

running (2m52.0s), 003/050 VUs, 169 complete and 0 interrupted iterations
pollSensitivity   [  57% ] 003/050 VUs  2m52.0s/5m0s  1.00 iters/s

running (2m53.0s), 004/050 VUs, 169 complete and 0 interrupted iterations
pollSensitivity   [  58% ] 004/050 VUs  2m53.0s/5m0s  1.00 iters/s

running (2m54.0s), 004/050 VUs, 170 complete and 0 interrupted iterations
pollSensitivity   [  58% ] 004/050 VUs  2m54.0s/5m0s  1.00 iters/s

running (2m55.0s), 004/050 VUs, 171 complete and 0 interrupted iterations
pollSensitivity   [  58% ] 004/050 VUs  2m55.0s/5m0s  1.00 iters/s

running (2m56.0s), 004/050 VUs, 172 complete and 0 interrupted iterations
pollSensitivity   [  59% ] 004/050 VUs  2m56.0s/5m0s  1.00 iters/s

running (2m57.0s), 004/050 VUs, 173 complete and 0 interrupted iterations
pollSensitivity   [  59% ] 004/050 VUs  2m57.0s/5m0s  1.00 iters/s

running (2m58.0s), 005/050 VUs, 173 complete and 0 interrupted iterations
pollSensitivity   [  59% ] 005/050 VUs  2m58.0s/5m0s  1.00 iters/s

running (2m59.0s), 006/050 VUs, 173 complete and 0 interrupted iterations
pollSensitivity   [  60% ] 006/050 VUs  2m59.0s/5m0s  1.00 iters/s

running (3m00.0s), 004/050 VUs, 176 complete and 0 interrupted iterations
pollSensitivity   [  60% ] 004/050 VUs  3m00.0s/5m0s  1.00 iters/s

running (3m01.0s), 005/050 VUs, 176 complete and 0 interrupted iterations
pollSensitivity   [  60% ] 005/050 VUs  3m01.0s/5m0s  1.00 iters/s

running (3m02.0s), 006/050 VUs, 176 complete and 0 interrupted iterations
pollSensitivity   [  61% ] 006/050 VUs  3m02.0s/5m0s  1.00 iters/s

running (3m03.0s), 004/050 VUs, 179 complete and 0 interrupted iterations
pollSensitivity   [  61% ] 004/050 VUs  3m03.0s/5m0s  1.00 iters/s

running (3m04.0s), 004/050 VUs, 180 complete and 0 interrupted iterations
pollSensitivity   [  61% ] 004/050 VUs  3m04.0s/5m0s  1.00 iters/s

running (3m05.0s), 005/050 VUs, 180 complete and 0 interrupted iterations
pollSensitivity   [  62% ] 005/050 VUs  3m05.0s/5m0s  1.00 iters/s

running (3m06.0s), 005/050 VUs, 181 complete and 0 interrupted iterations
pollSensitivity   [  62% ] 005/050 VUs  3m06.0s/5m0s  1.00 iters/s

running (3m07.0s), 005/050 VUs, 182 complete and 0 interrupted iterations
pollSensitivity   [  62% ] 005/050 VUs  3m07.0s/5m0s  1.00 iters/s

running (3m08.0s), 005/050 VUs, 183 complete and 0 interrupted iterations
pollSensitivity   [  63% ] 005/050 VUs  3m08.0s/5m0s  1.00 iters/s

running (3m09.0s), 006/050 VUs, 183 complete and 0 interrupted iterations
pollSensitivity   [  63% ] 006/050 VUs  3m09.0s/5m0s  1.00 iters/s

running (3m10.0s), 004/050 VUs, 186 complete and 0 interrupted iterations
pollSensitivity   [  63% ] 004/050 VUs  3m10.0s/5m0s  1.00 iters/s

running (3m11.0s), 005/050 VUs, 186 complete and 0 interrupted iterations
pollSensitivity   [  64% ] 005/050 VUs  3m11.0s/5m0s  1.00 iters/s

running (3m12.0s), 005/050 VUs, 187 complete and 0 interrupted iterations
pollSensitivity   [  64% ] 005/050 VUs  3m12.0s/5m0s  1.00 iters/s

running (3m13.0s), 005/050 VUs, 188 complete and 0 interrupted iterations
pollSensitivity   [  64% ] 005/050 VUs  3m13.0s/5m0s  1.00 iters/s

running (3m14.0s), 004/050 VUs, 190 complete and 0 interrupted iterations
pollSensitivity   [  65% ] 004/050 VUs  3m14.0s/5m0s  1.00 iters/s

running (3m15.0s), 005/050 VUs, 190 complete and 0 interrupted iterations
pollSensitivity   [  65% ] 005/050 VUs  3m15.0s/5m0s  1.00 iters/s

running (3m16.0s), 005/050 VUs, 191 complete and 0 interrupted iterations
pollSensitivity   [  65% ] 005/050 VUs  3m16.0s/5m0s  1.00 iters/s

running (3m17.0s), 005/050 VUs, 192 complete and 0 interrupted iterations
pollSensitivity   [  66% ] 005/050 VUs  3m17.0s/5m0s  1.00 iters/s

running (3m18.0s), 005/050 VUs, 193 complete and 0 interrupted iterations
pollSensitivity   [  66% ] 005/050 VUs  3m18.0s/5m0s  1.00 iters/s

running (3m19.0s), 005/050 VUs, 194 complete and 0 interrupted iterations
pollSensitivity   [  66% ] 005/050 VUs  3m19.0s/5m0s  1.00 iters/s

running (3m20.0s), 004/050 VUs, 196 complete and 0 interrupted iterations
pollSensitivity   [  67% ] 004/050 VUs  3m20.0s/5m0s  1.00 iters/s

running (3m21.0s), 003/050 VUs, 198 complete and 0 interrupted iterations
pollSensitivity   [  67% ] 003/050 VUs  3m21.0s/5m0s  1.00 iters/s

running (3m22.0s), 004/050 VUs, 198 complete and 0 interrupted iterations
pollSensitivity   [  67% ] 004/050 VUs  3m22.0s/5m0s  1.00 iters/s

running (3m23.0s), 005/050 VUs, 198 complete and 0 interrupted iterations
pollSensitivity   [  68% ] 005/050 VUs  3m23.0s/5m0s  1.00 iters/s

running (3m24.0s), 003/050 VUs, 201 complete and 0 interrupted iterations
pollSensitivity   [  68% ] 003/050 VUs  3m24.0s/5m0s  1.00 iters/s

running (3m25.0s), 003/050 VUs, 202 complete and 0 interrupted iterations
pollSensitivity   [  68% ] 003/050 VUs  3m25.0s/5m0s  1.00 iters/s

running (3m26.0s), 004/050 VUs, 202 complete and 0 interrupted iterations
pollSensitivity   [  69% ] 004/050 VUs  3m26.0s/5m0s  1.00 iters/s

running (3m27.0s), 005/050 VUs, 202 complete and 0 interrupted iterations
pollSensitivity   [  69% ] 005/050 VUs  3m27.0s/5m0s  1.00 iters/s

running (3m28.0s), 004/050 VUs, 204 complete and 0 interrupted iterations
pollSensitivity   [  69% ] 004/050 VUs  3m28.0s/5m0s  1.00 iters/s

running (3m29.0s), 004/050 VUs, 205 complete and 0 interrupted iterations
pollSensitivity   [  70% ] 004/050 VUs  3m29.0s/5m0s  1.00 iters/s

running (3m30.0s), 003/050 VUs, 207 complete and 0 interrupted iterations
pollSensitivity   [  70% ] 003/050 VUs  3m30.0s/5m0s  1.00 iters/s

running (3m31.0s), 004/050 VUs, 207 complete and 0 interrupted iterations
pollSensitivity   [  70% ] 004/050 VUs  3m31.0s/5m0s  1.00 iters/s

running (3m32.0s), 003/050 VUs, 209 complete and 0 interrupted iterations
pollSensitivity   [  71% ] 003/050 VUs  3m32.0s/5m0s  1.00 iters/s

running (3m33.0s), 003/050 VUs, 210 complete and 0 interrupted iterations
pollSensitivity   [  71% ] 003/050 VUs  3m33.0s/5m0s  1.00 iters/s

running (3m34.0s), 003/050 VUs, 211 complete and 0 interrupted iterations
pollSensitivity   [  71% ] 003/050 VUs  3m34.0s/5m0s  1.00 iters/s

running (3m35.0s), 004/050 VUs, 211 complete and 0 interrupted iterations
pollSensitivity   [  72% ] 004/050 VUs  3m35.0s/5m0s  1.00 iters/s

running (3m36.0s), 005/050 VUs, 211 complete and 0 interrupted iterations
pollSensitivity   [  72% ] 005/050 VUs  3m36.0s/5m0s  1.00 iters/s

running (3m37.0s), 003/050 VUs, 214 complete and 0 interrupted iterations
pollSensitivity   [  72% ] 003/050 VUs  3m37.0s/5m0s  1.00 iters/s

running (3m38.0s), 004/050 VUs, 214 complete and 0 interrupted iterations
pollSensitivity   [  73% ] 004/050 VUs  3m38.0s/5m0s  1.00 iters/s

running (3m39.0s), 004/050 VUs, 215 complete and 0 interrupted iterations
pollSensitivity   [  73% ] 004/050 VUs  3m39.0s/5m0s  1.00 iters/s

running (3m40.0s), 005/050 VUs, 215 complete and 0 interrupted iterations
pollSensitivity   [  73% ] 005/050 VUs  3m40.0s/5m0s  1.00 iters/s

running (3m41.0s), 004/050 VUs, 217 complete and 0 interrupted iterations
pollSensitivity   [  74% ] 004/050 VUs  3m41.0s/5m0s  1.00 iters/s

running (3m42.0s), 005/050 VUs, 217 complete and 0 interrupted iterations
pollSensitivity   [  74% ] 005/050 VUs  3m42.0s/5m0s  1.00 iters/s

running (3m43.0s), 005/050 VUs, 218 complete and 0 interrupted iterations
pollSensitivity   [  74% ] 005/050 VUs  3m43.0s/5m0s  1.00 iters/s

running (3m44.0s), 003/050 VUs, 221 complete and 0 interrupted iterations
pollSensitivity   [  75% ] 003/050 VUs  3m44.0s/5m0s  1.00 iters/s

running (3m45.0s), 003/050 VUs, 222 complete and 0 interrupted iterations
pollSensitivity   [  75% ] 003/050 VUs  3m45.0s/5m0s  1.00 iters/s

running (3m46.0s), 004/050 VUs, 222 complete and 0 interrupted iterations
pollSensitivity   [  75% ] 004/050 VUs  3m46.0s/5m0s  1.00 iters/s

running (3m47.0s), 005/050 VUs, 222 complete and 0 interrupted iterations
pollSensitivity   [  76% ] 005/050 VUs  3m47.0s/5m0s  1.00 iters/s

running (3m48.0s), 004/050 VUs, 224 complete and 0 interrupted iterations
pollSensitivity   [  76% ] 004/050 VUs  3m48.0s/5m0s  1.00 iters/s

running (3m49.0s), 004/050 VUs, 225 complete and 0 interrupted iterations
pollSensitivity   [  76% ] 004/050 VUs  3m49.0s/5m0s  1.00 iters/s

running (3m50.0s), 005/050 VUs, 225 complete and 0 interrupted iterations
pollSensitivity   [  77% ] 005/050 VUs  3m50.0s/5m0s  1.00 iters/s

running (3m51.0s), 004/050 VUs, 227 complete and 0 interrupted iterations
pollSensitivity   [  77% ] 004/050 VUs  3m51.0s/5m0s  1.00 iters/s

running (3m52.0s), 005/050 VUs, 227 complete and 0 interrupted iterations
pollSensitivity   [  77% ] 005/050 VUs  3m52.0s/5m0s  1.00 iters/s

running (3m53.0s), 004/050 VUs, 229 complete and 0 interrupted iterations
pollSensitivity   [  78% ] 004/050 VUs  3m53.0s/5m0s  1.00 iters/s

running (3m54.0s), 004/050 VUs, 230 complete and 0 interrupted iterations
pollSensitivity   [  78% ] 004/050 VUs  3m54.0s/5m0s  1.00 iters/s

running (3m55.0s), 005/050 VUs, 230 complete and 0 interrupted iterations
pollSensitivity   [  78% ] 005/050 VUs  3m55.0s/5m0s  1.00 iters/s

running (3m56.0s), 005/050 VUs, 231 complete and 0 interrupted iterations
pollSensitivity   [  79% ] 005/050 VUs  3m56.0s/5m0s  1.00 iters/s

running (3m57.0s), 005/050 VUs, 232 complete and 0 interrupted iterations
pollSensitivity   [  79% ] 005/050 VUs  3m57.0s/5m0s  1.00 iters/s

running (3m58.0s), 005/050 VUs, 233 complete and 0 interrupted iterations
pollSensitivity   [  79% ] 005/050 VUs  3m58.0s/5m0s  1.00 iters/s

running (3m59.0s), 004/050 VUs, 235 complete and 0 interrupted iterations
pollSensitivity   [  80% ] 004/050 VUs  3m59.0s/5m0s  1.00 iters/s

running (4m00.0s), 004/050 VUs, 236 complete and 0 interrupted iterations
pollSensitivity   [  80% ] 004/050 VUs  4m00.0s/5m0s  1.00 iters/s

running (4m01.0s), 004/050 VUs, 237 complete and 0 interrupted iterations
pollSensitivity   [  80% ] 004/050 VUs  4m01.0s/5m0s  1.00 iters/s

running (4m02.0s), 005/050 VUs, 237 complete and 0 interrupted iterations
pollSensitivity   [  81% ] 005/050 VUs  4m02.0s/5m0s  1.00 iters/s

running (4m03.0s), 004/050 VUs, 239 complete and 0 interrupted iterations
pollSensitivity   [  81% ] 004/050 VUs  4m03.0s/5m0s  1.00 iters/s

running (4m04.0s), 004/050 VUs, 240 complete and 0 interrupted iterations
pollSensitivity   [  81% ] 004/050 VUs  4m04.0s/5m0s  1.00 iters/s

running (4m05.0s), 004/050 VUs, 241 complete and 0 interrupted iterations
pollSensitivity   [  82% ] 004/050 VUs  4m05.0s/5m0s  1.00 iters/s

running (4m06.0s), 005/050 VUs, 241 complete and 0 interrupted iterations
pollSensitivity   [  82% ] 005/050 VUs  4m06.0s/5m0s  1.00 iters/s

running (4m07.0s), 005/050 VUs, 242 complete and 0 interrupted iterations
pollSensitivity   [  82% ] 005/050 VUs  4m07.0s/5m0s  1.00 iters/s

running (4m08.0s), 005/050 VUs, 243 complete and 0 interrupted iterations
pollSensitivity   [  83% ] 005/050 VUs  4m08.0s/5m0s  1.00 iters/s

running (4m09.0s), 006/050 VUs, 243 complete and 0 interrupted iterations
pollSensitivity   [  83% ] 006/050 VUs  4m09.0s/5m0s  1.00 iters/s

running (4m10.0s), 004/050 VUs, 246 complete and 0 interrupted iterations
pollSensitivity   [  83% ] 004/050 VUs  4m10.0s/5m0s  1.00 iters/s

running (4m11.0s), 004/050 VUs, 247 complete and 0 interrupted iterations
pollSensitivity   [  84% ] 004/050 VUs  4m11.0s/5m0s  1.00 iters/s

running (4m12.0s), 005/050 VUs, 247 complete and 0 interrupted iterations
pollSensitivity   [  84% ] 005/050 VUs  4m12.0s/5m0s  1.00 iters/s

running (4m13.0s), 005/050 VUs, 248 complete and 0 interrupted iterations
pollSensitivity   [  84% ] 005/050 VUs  4m13.0s/5m0s  1.00 iters/s

running (4m14.0s), 004/050 VUs, 250 complete and 0 interrupted iterations
pollSensitivity   [  85% ] 004/050 VUs  4m14.0s/5m0s  1.00 iters/s

running (4m15.0s), 004/050 VUs, 251 complete and 0 interrupted iterations
pollSensitivity   [  85% ] 004/050 VUs  4m15.0s/5m0s  1.00 iters/s

running (4m16.0s), 005/050 VUs, 251 complete and 0 interrupted iterations
pollSensitivity   [  85% ] 005/050 VUs  4m16.0s/5m0s  1.00 iters/s

running (4m17.0s), 005/050 VUs, 252 complete and 0 interrupted iterations
pollSensitivity   [  86% ] 005/050 VUs  4m17.0s/5m0s  1.00 iters/s

running (4m18.0s), 004/050 VUs, 254 complete and 0 interrupted iterations
pollSensitivity   [  86% ] 004/050 VUs  4m18.0s/5m0s  1.00 iters/s

running (4m19.0s), 004/050 VUs, 255 complete and 0 interrupted iterations
pollSensitivity   [  86% ] 004/050 VUs  4m19.0s/5m0s  1.00 iters/s

running (4m20.0s), 005/050 VUs, 255 complete and 0 interrupted iterations
pollSensitivity   [  87% ] 005/050 VUs  4m20.0s/5m0s  1.00 iters/s

running (4m21.0s), 004/050 VUs, 257 complete and 0 interrupted iterations
pollSensitivity   [  87% ] 004/050 VUs  4m21.0s/5m0s  1.00 iters/s

running (4m22.0s), 003/050 VUs, 259 complete and 0 interrupted iterations
pollSensitivity   [  87% ] 003/050 VUs  4m22.0s/5m0s  1.00 iters/s

running (4m23.0s), 004/050 VUs, 259 complete and 0 interrupted iterations
pollSensitivity   [  88% ] 004/050 VUs  4m23.0s/5m0s  1.00 iters/s

running (4m24.0s), 004/050 VUs, 260 complete and 0 interrupted iterations
pollSensitivity   [  88% ] 004/050 VUs  4m24.0s/5m0s  1.00 iters/s

running (4m25.0s), 004/050 VUs, 261 complete and 0 interrupted iterations
pollSensitivity   [  88% ] 004/050 VUs  4m25.0s/5m0s  1.00 iters/s

running (4m26.0s), 004/050 VUs, 262 complete and 0 interrupted iterations
pollSensitivity   [  89% ] 004/050 VUs  4m26.0s/5m0s  1.00 iters/s

running (4m27.0s), 004/050 VUs, 263 complete and 0 interrupted iterations
pollSensitivity   [  89% ] 004/050 VUs  4m27.0s/5m0s  1.00 iters/s

running (4m28.0s), 003/050 VUs, 265 complete and 0 interrupted iterations
pollSensitivity   [  89% ] 003/050 VUs  4m28.0s/5m0s  1.00 iters/s

running (4m29.0s), 003/050 VUs, 266 complete and 0 interrupted iterations
pollSensitivity   [  90% ] 003/050 VUs  4m29.0s/5m0s  1.00 iters/s

running (4m30.0s), 003/050 VUs, 267 complete and 0 interrupted iterations
pollSensitivity   [  90% ] 003/050 VUs  4m30.0s/5m0s  1.00 iters/s

running (4m31.0s), 004/050 VUs, 267 complete and 0 interrupted iterations
pollSensitivity   [  90% ] 004/050 VUs  4m31.0s/5m0s  1.00 iters/s

running (4m32.0s), 004/050 VUs, 268 complete and 0 interrupted iterations
pollSensitivity   [  91% ] 004/050 VUs  4m32.0s/5m0s  1.00 iters/s

running (4m33.0s), 003/050 VUs, 270 complete and 0 interrupted iterations
pollSensitivity   [  91% ] 003/050 VUs  4m33.0s/5m0s  1.00 iters/s

running (4m34.0s), 003/050 VUs, 271 complete and 0 interrupted iterations
pollSensitivity   [  91% ] 003/050 VUs  4m34.0s/5m0s  1.00 iters/s

running (4m35.0s), 003/050 VUs, 272 complete and 0 interrupted iterations
pollSensitivity   [  92% ] 003/050 VUs  4m35.0s/5m0s  1.00 iters/s

running (4m36.0s), 004/050 VUs, 272 complete and 0 interrupted iterations
pollSensitivity   [  92% ] 004/050 VUs  4m36.0s/5m0s  1.00 iters/s

running (4m37.0s), 003/050 VUs, 274 complete and 0 interrupted iterations
pollSensitivity   [  92% ] 003/050 VUs  4m37.0s/5m0s  1.00 iters/s

running (4m38.0s), 004/050 VUs, 274 complete and 0 interrupted iterations
pollSensitivity   [  93% ] 004/050 VUs  4m38.0s/5m0s  1.00 iters/s

running (4m39.0s), 004/050 VUs, 275 complete and 0 interrupted iterations
pollSensitivity   [  93% ] 004/050 VUs  4m39.0s/5m0s  1.00 iters/s

running (4m40.0s), 003/050 VUs, 277 complete and 0 interrupted iterations
pollSensitivity   [  93% ] 003/050 VUs  4m40.0s/5m0s  1.00 iters/s

running (4m41.0s), 003/050 VUs, 278 complete and 0 interrupted iterations
pollSensitivity   [  94% ] 003/050 VUs  4m41.0s/5m0s  1.00 iters/s

running (4m42.0s), 003/050 VUs, 279 complete and 0 interrupted iterations
pollSensitivity   [  94% ] 003/050 VUs  4m42.0s/5m0s  1.00 iters/s

running (4m43.0s), 004/050 VUs, 279 complete and 0 interrupted iterations
pollSensitivity   [  94% ] 004/050 VUs  4m43.0s/5m0s  1.00 iters/s

running (4m44.0s), 005/050 VUs, 279 complete and 0 interrupted iterations
pollSensitivity   [  95% ] 005/050 VUs  4m44.0s/5m0s  1.00 iters/s

running (4m45.0s), 005/050 VUs, 280 complete and 0 interrupted iterations
pollSensitivity   [  95% ] 005/050 VUs  4m45.0s/5m0s  1.00 iters/s

running (4m46.0s), 003/050 VUs, 283 complete and 0 interrupted iterations
pollSensitivity   [  95% ] 003/050 VUs  4m46.0s/5m0s  1.00 iters/s

running (4m47.0s), 004/050 VUs, 283 complete and 0 interrupted iterations
pollSensitivity   [  96% ] 004/050 VUs  4m47.0s/5m0s  1.00 iters/s

running (4m48.0s), 005/050 VUs, 283 complete and 0 interrupted iterations
pollSensitivity   [  96% ] 005/050 VUs  4m48.0s/5m0s  1.00 iters/s

running (4m49.0s), 004/050 VUs, 285 complete and 0 interrupted iterations
pollSensitivity   [  96% ] 004/050 VUs  4m49.0s/5m0s  1.00 iters/s

running (4m50.0s), 005/050 VUs, 285 complete and 0 interrupted iterations
pollSensitivity   [  97% ] 005/050 VUs  4m50.0s/5m0s  1.00 iters/s

running (4m51.0s), 005/050 VUs, 286 complete and 0 interrupted iterations
pollSensitivity   [  97% ] 005/050 VUs  4m51.0s/5m0s  1.00 iters/s

running (4m52.0s), 003/050 VUs, 289 complete and 0 interrupted iterations
pollSensitivity   [  97% ] 003/050 VUs  4m52.0s/5m0s  1.00 iters/s

running (4m53.0s), 004/050 VUs, 289 complete and 0 interrupted iterations
pollSensitivity   [  98% ] 004/050 VUs  4m53.0s/5m0s  1.00 iters/s

running (4m54.0s), 004/050 VUs, 290 complete and 0 interrupted iterations
pollSensitivity   [  98% ] 004/050 VUs  4m54.0s/5m0s  1.00 iters/s

running (4m55.0s), 004/050 VUs, 291 complete and 0 interrupted iterations
pollSensitivity   [  98% ] 004/050 VUs  4m55.0s/5m0s  1.00 iters/s

running (4m56.0s), 004/050 VUs, 292 complete and 0 interrupted iterations
pollSensitivity   [  99% ] 004/050 VUs  4m56.0s/5m0s  1.00 iters/s

running (4m57.0s), 004/050 VUs, 293 complete and 0 interrupted iterations
pollSensitivity   [  99% ] 004/050 VUs  4m57.0s/5m0s  1.00 iters/s

running (4m58.0s), 004/050 VUs, 294 complete and 0 interrupted iterations
pollSensitivity   [  99% ] 004/050 VUs  4m58.0s/5m0s  1.00 iters/s

running (4m59.0s), 004/050 VUs, 295 complete and 0 interrupted iterations
pollSensitivity   [ 100% ] 004/050 VUs  4m59.0s/5m0s  1.00 iters/s

running (5m00.0s), 005/050 VUs, 295 complete and 0 interrupted iterations
pollSensitivity   [ 100% ] 005/050 VUs  5m00.0s/5m0s  1.00 iters/s

running (5m01.0s), 004/050 VUs, 297 complete and 0 interrupted iterations
pollSensitivity ↓ [ 100% ] 006/050 VUs  5m0s  1.00 iters/s

running (5m02.0s), 003/050 VUs, 298 complete and 0 interrupted iterations
pollSensitivity ↓ [ 100% ] 006/050 VUs  5m0s  1.00 iters/s

running (5m03.0s), 002/050 VUs, 299 complete and 0 interrupted iterations
pollSensitivity ↓ [ 100% ] 006/050 VUs  5m0s  1.00 iters/s

running (5m04.0s), 002/050 VUs, 299 complete and 0 interrupted iterations
pollSensitivity ↓ [ 100% ] 006/050 VUs  5m0s  1.00 iters/s

================ DSP benchmark summary ================
-- per-phase latency --
  catalog                    p50=78.3 ms  p95=150.4 ms  p99=307.6 ms  max=431.2 ms  n=301
  negotiation init (POST)    p50=6.8 ms  p95=101.1 ms  p99=221.1 ms  max=324.1 ms  n=301
  time-to-AGREED (async)     p50=2790.0 ms  p95=3566.0 ms  p99=4592.0 ms  max=5400.0 ms  n=301
  transfer init (POST)       p50=41.6 ms  p95=105.3 ms  p99=166.5 ms  max=307.9 ms  n=301
  time-to-EDR (async)        p50=1779.0 ms  p95=2556.0 ms  p99=2796.0 ms  max=5830.0 ms  n=301
  data pull                  p50=29.8 ms  p95=48.3 ms  p99=52.7 ms  max=53.2 ms  n=301
-- end-to-end + throughput --
  e2e transaction            p50=4729.0 ms  p95=6242.0 ms  p99=7973.0 ms  max=8731.0 ms  n=301
  data throughput (MB/s)     p50=0.2  p95=0.2  p99=0.2  max=0.2  n=301
-- outcomes --
  transactions succeeded     count=301  rate=0.990/s
  transactions failed        (no data)
  failed rate                rate=0.00%  (pass=0 fail=301)
    of which TERMINATED      (no data)
    of which TIMED OUT       (no data)
    of which HTTP-FAILED     (no data)
  failure accounting       (no failures)
-- observer effect (poll load) --
  negotiation polls          count=3546  rate=11.662/s
  edr polls                  count=2490  rate=8.189/s
  polls per transaction     negotiation=11.8  edr=8.3  (timeout ceiling=120)
=======================================================
(full summary -> /home/rohitj/edc/benchmarking-factoryx-edc/resources/local-fx-mvd/k6-scripts/results/factoryx/on/poll-sensitivity/2026-08-10T16-20-35Z/k6-summary.json; POLL_INTERVAL_MS=250; IDENTITY_MODE=on)

running (5m04.1s), 000/050 VUs, 301 complete and 0 interrupted iterations
pollSensitivity ✓ [ 100% ] 000/050 VUs  5m0s  1.00 iters/s
