
         /\      Grafana   /‾‾/  
    /\  /  \     |\  __   /  /   
   /  \/    \    | |/ /  /   ‾‾\ 
  /          \   |   (  |  (‾)  |
 / __________ \  |_|\_\  \_____/ 


     execution: local
        script: /home/rohitj/edc/benchmarking-factoryx-edc/resources/local-fx-mvd/k6-scripts/scenarios/payload-sweep.js
        output: Prometheus remote write (http://localhost:9090/api/v1/write)

     scenarios: (100.00%) 1 scenario, 4 max VUs, 1m30s max duration (incl. graceful stop):
              * pull: 4 looping VUs for 1m0s (gracefulStop: 30s)


Run    [ 100% ] setup()
pull   [   0% ]

Run    [ 100% ] setup()
pull   [   0% ]

Run    [ 100% ] setup()
pull   [   0% ]

Run    [ 100% ] setup()
pull   [   0% ]

running (0m05.0s), 4/4 VUs, 94 complete and 0 interrupted iterations
pull   [   1% ] 4 VUs  0m00.7s/1m0s

running (0m06.0s), 4/4 VUs, 243 complete and 0 interrupted iterations
pull   [   3% ] 4 VUs  0m01.7s/1m0s

running (0m07.0s), 4/4 VUs, 390 complete and 0 interrupted iterations
pull   [   5% ] 4 VUs  0m02.7s/1m0s

running (0m08.0s), 4/4 VUs, 537 complete and 0 interrupted iterations
pull   [   6% ] 4 VUs  0m03.7s/1m0s

running (0m09.0s), 4/4 VUs, 683 complete and 0 interrupted iterations
pull   [   8% ] 4 VUs  0m04.7s/1m0s

running (0m10.0s), 4/4 VUs, 835 complete and 0 interrupted iterations
pull   [  10% ] 4 VUs  0m05.7s/1m0s

running (0m11.0s), 4/4 VUs, 985 complete and 0 interrupted iterations
pull   [  11% ] 4 VUs  0m06.7s/1m0s

running (0m12.0s), 4/4 VUs, 1137 complete and 0 interrupted iterations
pull   [  13% ] 4 VUs  0m07.7s/1m0s

running (0m13.0s), 4/4 VUs, 1285 complete and 0 interrupted iterations
pull   [  15% ] 4 VUs  0m08.7s/1m0s

running (0m14.0s), 4/4 VUs, 1437 complete and 0 interrupted iterations
pull   [  16% ] 4 VUs  0m09.7s/1m0s

running (0m15.0s), 4/4 VUs, 1587 complete and 0 interrupted iterations
pull   [  18% ] 4 VUs  0m10.7s/1m0s

running (0m16.0s), 4/4 VUs, 1738 complete and 0 interrupted iterations
pull   [  20% ] 4 VUs  0m11.7s/1m0s

running (0m17.0s), 4/4 VUs, 1889 complete and 0 interrupted iterations
pull   [  21% ] 4 VUs  0m12.7s/1m0s

running (0m18.0s), 4/4 VUs, 2041 complete and 0 interrupted iterations
pull   [  23% ] 4 VUs  0m13.7s/1m0s

running (0m19.0s), 4/4 VUs, 2192 complete and 0 interrupted iterations
pull   [  25% ] 4 VUs  0m14.7s/1m0s

running (0m20.0s), 4/4 VUs, 2344 complete and 0 interrupted iterations
pull   [  26% ] 4 VUs  0m15.7s/1m0s

running (0m21.0s), 4/4 VUs, 2496 complete and 0 interrupted iterations
pull   [  28% ] 4 VUs  0m16.7s/1m0s

running (0m22.0s), 4/4 VUs, 2643 complete and 0 interrupted iterations
pull   [  30% ] 4 VUs  0m17.7s/1m0s

running (0m23.0s), 4/4 VUs, 2795 complete and 0 interrupted iterations
pull   [  31% ] 4 VUs  0m18.7s/1m0s

running (0m24.0s), 4/4 VUs, 2947 complete and 0 interrupted iterations
pull   [  33% ] 4 VUs  0m19.7s/1m0s

running (0m25.0s), 4/4 VUs, 3098 complete and 0 interrupted iterations
pull   [  35% ] 4 VUs  0m20.7s/1m0s

running (0m26.0s), 4/4 VUs, 3245 complete and 0 interrupted iterations
pull   [  36% ] 4 VUs  0m21.7s/1m0s

running (0m27.0s), 4/4 VUs, 3397 complete and 0 interrupted iterations
pull   [  38% ] 4 VUs  0m22.7s/1m0s

running (0m28.0s), 4/4 VUs, 3548 complete and 0 interrupted iterations
pull   [  40% ] 4 VUs  0m23.7s/1m0s

running (0m29.0s), 4/4 VUs, 3699 complete and 0 interrupted iterations
pull   [  41% ] 4 VUs  0m24.7s/1m0s

running (0m30.0s), 4/4 VUs, 3853 complete and 0 interrupted iterations
pull   [  43% ] 4 VUs  0m25.7s/1m0s

running (0m31.0s), 4/4 VUs, 4003 complete and 0 interrupted iterations
pull   [  45% ] 4 VUs  0m26.7s/1m0s

running (0m32.0s), 4/4 VUs, 4154 complete and 0 interrupted iterations
pull   [  46% ] 4 VUs  0m27.7s/1m0s

running (0m33.0s), 4/4 VUs, 4307 complete and 0 interrupted iterations
pull   [  48% ] 4 VUs  0m28.7s/1m0s

running (0m34.0s), 4/4 VUs, 4458 complete and 0 interrupted iterations
pull   [  50% ] 4 VUs  0m29.7s/1m0s

running (0m35.0s), 4/4 VUs, 4605 complete and 0 interrupted iterations
pull   [  51% ] 4 VUs  0m30.7s/1m0s

running (0m36.0s), 4/4 VUs, 4756 complete and 0 interrupted iterations
pull   [  53% ] 4 VUs  0m31.7s/1m0s

running (0m37.0s), 4/4 VUs, 4908 complete and 0 interrupted iterations
pull   [  55% ] 4 VUs  0m32.7s/1m0s

running (0m38.0s), 4/4 VUs, 5057 complete and 0 interrupted iterations
pull   [  56% ] 4 VUs  0m33.7s/1m0s

running (0m39.0s), 4/4 VUs, 5208 complete and 0 interrupted iterations
pull   [  58% ] 4 VUs  0m34.7s/1m0s

running (0m40.0s), 4/4 VUs, 5360 complete and 0 interrupted iterations
pull   [  60% ] 4 VUs  0m35.7s/1m0s

running (0m41.0s), 4/4 VUs, 5511 complete and 0 interrupted iterations
pull   [  61% ] 4 VUs  0m36.7s/1m0s

running (0m42.0s), 4/4 VUs, 5661 complete and 0 interrupted iterations
pull   [  63% ] 4 VUs  0m37.7s/1m0s

running (0m43.0s), 4/4 VUs, 5812 complete and 0 interrupted iterations
pull   [  65% ] 4 VUs  0m38.7s/1m0s

running (0m44.0s), 4/4 VUs, 5961 complete and 0 interrupted iterations
pull   [  66% ] 4 VUs  0m39.7s/1m0s

running (0m45.0s), 4/4 VUs, 6111 complete and 0 interrupted iterations
pull   [  68% ] 4 VUs  0m40.7s/1m0s

running (0m46.0s), 4/4 VUs, 6263 complete and 0 interrupted iterations
pull   [  70% ] 4 VUs  0m41.7s/1m0s

running (0m47.0s), 4/4 VUs, 6411 complete and 0 interrupted iterations
pull   [  71% ] 4 VUs  0m42.7s/1m0s

running (0m48.0s), 4/4 VUs, 6564 complete and 0 interrupted iterations
pull   [  73% ] 4 VUs  0m43.7s/1m0s

running (0m49.0s), 4/4 VUs, 6717 complete and 0 interrupted iterations
pull   [  75% ] 4 VUs  0m44.7s/1m0s

running (0m50.0s), 4/4 VUs, 6867 complete and 0 interrupted iterations
pull   [  76% ] 4 VUs  0m45.7s/1m0s

running (0m51.0s), 4/4 VUs, 7015 complete and 0 interrupted iterations
pull   [  78% ] 4 VUs  0m46.7s/1m0s

running (0m52.0s), 4/4 VUs, 7166 complete and 0 interrupted iterations
pull   [  80% ] 4 VUs  0m47.7s/1m0s

running (0m53.0s), 4/4 VUs, 7314 complete and 0 interrupted iterations
pull   [  81% ] 4 VUs  0m48.7s/1m0s

running (0m54.0s), 4/4 VUs, 7463 complete and 0 interrupted iterations
pull   [  83% ] 4 VUs  0m49.7s/1m0s

running (0m55.0s), 4/4 VUs, 7615 complete and 0 interrupted iterations
pull   [  85% ] 4 VUs  0m50.7s/1m0s

running (0m56.0s), 4/4 VUs, 7767 complete and 0 interrupted iterations
pull   [  86% ] 4 VUs  0m51.7s/1m0s

running (0m57.0s), 4/4 VUs, 7917 complete and 0 interrupted iterations
pull   [  88% ] 4 VUs  0m52.7s/1m0s

running (0m58.0s), 4/4 VUs, 8068 complete and 0 interrupted iterations
pull   [  90% ] 4 VUs  0m53.7s/1m0s

running (0m59.0s), 4/4 VUs, 8219 complete and 0 interrupted iterations
pull   [  91% ] 4 VUs  0m54.7s/1m0s

running (1m00.0s), 4/4 VUs, 8372 complete and 0 interrupted iterations
pull   [  93% ] 4 VUs  0m55.7s/1m0s

running (1m01.0s), 4/4 VUs, 8524 complete and 0 interrupted iterations
pull   [  95% ] 4 VUs  0m56.7s/1m0s

running (1m02.0s), 4/4 VUs, 8675 complete and 0 interrupted iterations
pull   [  96% ] 4 VUs  0m57.7s/1m0s

running (1m03.0s), 4/4 VUs, 8825 complete and 0 interrupted iterations
pull   [  98% ] 4 VUs  0m58.7s/1m0s

running (1m04.0s), 4/4 VUs, 8976 complete and 0 interrupted iterations
pull   [ 100% ] 4 VUs  0m59.7s/1m0s

================ DSP benchmark summary ================
-- per-phase latency --
  catalog                    p50=63.4 ms  p95=63.4 ms  p99=63.4 ms  max=63.4 ms  n=1
  negotiation init (POST)    p50=7.2 ms  p95=7.2 ms  p99=7.2 ms  max=7.2 ms  n=1
  time-to-AGREED (async)     p50=1783.0 ms  p95=1783.0 ms  p99=1783.0 ms  max=1783.0 ms  n=1
  transfer init (POST)       p50=10.0 ms  p95=10.0 ms  p99=10.0 ms  max=10.0 ms  n=1
  time-to-EDR (async)        p50=2289.0 ms  p95=2289.0 ms  p99=2289.0 ms  max=2289.0 ms  n=1
  data pull                  p50=26.0 ms  p95=30.6 ms  p99=33.5 ms  max=55.4 ms  n=9024
-- end-to-end + throughput --
  e2e transaction            (no data)
  data throughput (MB/s)     p50=403.3  p95=459.2  p99=480.3  max=524.4  n=9024
-- outcomes --
  transactions succeeded     (no data)
  transactions failed        (no data)
  failed rate                rate=0.00%  (pass=0 fail=0)
    of which TERMINATED      (no data)
    of which TIMED OUT       (no data)
    of which HTTP-FAILED     (no data)
  failure accounting       (no failures)
-- observer effect (poll load) --
  negotiation polls          count=8  rate=0.124/s
  edr polls                  count=10  rate=0.156/s
  polls per transaction     (no data)
=======================================================
(full summary -> /home/rohitj/edc/benchmarking-factoryx-edc/resources/local-fx-mvd/k6-scripts/results/factoryx/on/payload-sweep/2026-08-10T11-21-51Z/k6-summary.json; POLL_INTERVAL_MS=250; IDENTITY_MODE=on)

running (1m04.3s), 0/4 VUs, 9024 complete and 0 interrupted iterations
pull ✓ [ 100% ] 4 VUs  1m0s
