
         /\      Grafana   /‾‾/  
    /\  /  \     |\  __   /  /   
   /  \/    \    | |/ /  /   ‾‾\ 
  /          \   |   (  |  (‾)  |
 / __________ \  |_|\_\  \_____/ 


     execution: local
        script: /home/rohitj/edc/benchmarking-factoryx-edc/resources/local-fx-mvd/k6-scripts/scenarios/catalog-sweep.js
        output: Prometheus remote write (http://localhost:9090/api/v1/write)

     scenarios: (100.00%) 1 scenario, 4 max VUs, 2m0s max duration (incl. graceful stop):
              * catalog: 4 looping VUs for 1m30s (gracefulStop: 30s)


running (0m01.0s), 4/4 VUs, 0 complete and 0 interrupted iterations
catalog   [   1% ] 4 VUs  0m00.7s/1m30s

running (0m02.0s), 4/4 VUs, 4 complete and 0 interrupted iterations
catalog   [   2% ] 4 VUs  0m01.7s/1m30s

running (0m03.0s), 4/4 VUs, 8 complete and 0 interrupted iterations
catalog   [   3% ] 4 VUs  0m02.7s/1m30s

running (0m04.0s), 4/4 VUs, 10 complete and 0 interrupted iterations
catalog   [   4% ] 4 VUs  0m03.7s/1m30s

running (0m05.0s), 4/4 VUs, 14 complete and 0 interrupted iterations
catalog   [   5% ] 4 VUs  0m04.7s/1m30s

running (0m06.0s), 4/4 VUs, 16 complete and 0 interrupted iterations
catalog   [   6% ] 4 VUs  0m05.7s/1m30s

running (0m07.0s), 4/4 VUs, 20 complete and 0 interrupted iterations
catalog   [   7% ] 4 VUs  0m06.7s/1m30s

running (0m08.0s), 4/4 VUs, 24 complete and 0 interrupted iterations
catalog   [   9% ] 4 VUs  0m07.7s/1m30s

running (0m09.0s), 4/4 VUs, 27 complete and 0 interrupted iterations
catalog   [  10% ] 4 VUs  0m08.7s/1m30s

running (0m10.0s), 4/4 VUs, 30 complete and 0 interrupted iterations
catalog   [  11% ] 4 VUs  0m09.7s/1m30s

running (0m11.0s), 4/4 VUs, 33 complete and 0 interrupted iterations
catalog   [  12% ] 4 VUs  0m10.7s/1m30s

running (0m12.0s), 4/4 VUs, 36 complete and 0 interrupted iterations
catalog   [  13% ] 4 VUs  0m11.7s/1m30s

running (0m13.0s), 4/4 VUs, 40 complete and 0 interrupted iterations
catalog   [  14% ] 4 VUs  0m12.7s/1m30s

running (0m14.0s), 4/4 VUs, 44 complete and 0 interrupted iterations
catalog   [  15% ] 4 VUs  0m13.7s/1m30s

running (0m15.0s), 4/4 VUs, 46 complete and 0 interrupted iterations
catalog   [  16% ] 4 VUs  0m14.7s/1m30s

running (0m16.0s), 4/4 VUs, 49 complete and 0 interrupted iterations
catalog   [  17% ] 4 VUs  0m15.7s/1m30s

running (0m17.0s), 4/4 VUs, 53 complete and 0 interrupted iterations
catalog   [  19% ] 4 VUs  0m16.7s/1m30s

running (0m18.0s), 4/4 VUs, 56 complete and 0 interrupted iterations
catalog   [  20% ] 4 VUs  0m17.7s/1m30s

running (0m19.0s), 4/4 VUs, 59 complete and 0 interrupted iterations
catalog   [  21% ] 4 VUs  0m18.7s/1m30s

running (0m20.0s), 4/4 VUs, 62 complete and 0 interrupted iterations
catalog   [  22% ] 4 VUs  0m19.7s/1m30s

running (0m21.0s), 4/4 VUs, 66 complete and 0 interrupted iterations
catalog   [  23% ] 4 VUs  0m20.7s/1m30s

running (0m22.0s), 4/4 VUs, 69 complete and 0 interrupted iterations
catalog   [  24% ] 4 VUs  0m21.7s/1m30s

running (0m23.0s), 4/4 VUs, 72 complete and 0 interrupted iterations
catalog   [  25% ] 4 VUs  0m22.7s/1m30s

running (0m24.0s), 4/4 VUs, 76 complete and 0 interrupted iterations
catalog   [  26% ] 4 VUs  0m23.7s/1m30s

running (0m25.0s), 4/4 VUs, 80 complete and 0 interrupted iterations
catalog   [  27% ] 4 VUs  0m24.7s/1m30s

running (0m26.0s), 4/4 VUs, 83 complete and 0 interrupted iterations
catalog   [  29% ] 4 VUs  0m25.7s/1m30s

running (0m27.0s), 4/4 VUs, 85 complete and 0 interrupted iterations
catalog   [  30% ] 4 VUs  0m26.7s/1m30s

running (0m28.0s), 4/4 VUs, 89 complete and 0 interrupted iterations
catalog   [  31% ] 4 VUs  0m27.7s/1m30s

running (0m29.0s), 4/4 VUs, 93 complete and 0 interrupted iterations
catalog   [  32% ] 4 VUs  0m28.7s/1m30s

running (0m30.0s), 4/4 VUs, 97 complete and 0 interrupted iterations
catalog   [  33% ] 4 VUs  0m29.7s/1m30s

running (0m31.0s), 4/4 VUs, 99 complete and 0 interrupted iterations
catalog   [  34% ] 4 VUs  0m30.7s/1m30s

running (0m32.0s), 4/4 VUs, 103 complete and 0 interrupted iterations
catalog   [  35% ] 4 VUs  0m31.7s/1m30s

running (0m33.0s), 4/4 VUs, 106 complete and 0 interrupted iterations
catalog   [  36% ] 4 VUs  0m32.7s/1m30s

running (0m34.0s), 4/4 VUs, 109 complete and 0 interrupted iterations
catalog   [  37% ] 4 VUs  0m33.7s/1m30s

running (0m35.0s), 4/4 VUs, 113 complete and 0 interrupted iterations
catalog   [  39% ] 4 VUs  0m34.7s/1m30s

running (0m36.0s), 4/4 VUs, 116 complete and 0 interrupted iterations
catalog   [  40% ] 4 VUs  0m35.7s/1m30s

running (0m37.0s), 4/4 VUs, 119 complete and 0 interrupted iterations
catalog   [  41% ] 4 VUs  0m36.7s/1m30s

running (0m38.0s), 4/4 VUs, 123 complete and 0 interrupted iterations
catalog   [  42% ] 4 VUs  0m37.7s/1m30s

running (0m39.0s), 4/4 VUs, 126 complete and 0 interrupted iterations
catalog   [  43% ] 4 VUs  0m38.7s/1m30s

running (0m40.0s), 4/4 VUs, 129 complete and 0 interrupted iterations
catalog   [  44% ] 4 VUs  0m39.7s/1m30s

running (0m41.0s), 4/4 VUs, 133 complete and 0 interrupted iterations
catalog   [  45% ] 4 VUs  0m40.7s/1m30s

running (0m42.0s), 4/4 VUs, 136 complete and 0 interrupted iterations
catalog   [  46% ] 4 VUs  0m41.7s/1m30s

running (0m43.0s), 4/4 VUs, 139 complete and 0 interrupted iterations
catalog   [  47% ] 4 VUs  0m42.7s/1m30s

running (0m44.0s), 4/4 VUs, 141 complete and 0 interrupted iterations
catalog   [  49% ] 4 VUs  0m43.7s/1m30s

running (0m45.0s), 4/4 VUs, 145 complete and 0 interrupted iterations
catalog   [  50% ] 4 VUs  0m44.7s/1m30s

running (0m46.0s), 4/4 VUs, 148 complete and 0 interrupted iterations
catalog   [  51% ] 4 VUs  0m45.7s/1m30s

running (0m47.0s), 4/4 VUs, 151 complete and 0 interrupted iterations
catalog   [  52% ] 4 VUs  0m46.7s/1m30s

running (0m48.0s), 4/4 VUs, 155 complete and 0 interrupted iterations
catalog   [  53% ] 4 VUs  0m47.7s/1m30s

running (0m49.0s), 4/4 VUs, 158 complete and 0 interrupted iterations
catalog   [  54% ] 4 VUs  0m48.7s/1m30s

running (0m50.0s), 4/4 VUs, 161 complete and 0 interrupted iterations
catalog   [  55% ] 4 VUs  0m49.7s/1m30s

running (0m51.0s), 4/4 VUs, 164 complete and 0 interrupted iterations
catalog   [  56% ] 4 VUs  0m50.7s/1m30s

running (0m52.0s), 4/4 VUs, 168 complete and 0 interrupted iterations
catalog   [  57% ] 4 VUs  0m51.7s/1m30s

running (0m53.0s), 4/4 VUs, 171 complete and 0 interrupted iterations
catalog   [  59% ] 4 VUs  0m52.7s/1m30s

running (0m54.0s), 4/4 VUs, 175 complete and 0 interrupted iterations
catalog   [  60% ] 4 VUs  0m53.7s/1m30s

running (0m55.0s), 4/4 VUs, 178 complete and 0 interrupted iterations
catalog   [  61% ] 4 VUs  0m54.7s/1m30s

running (0m56.0s), 4/4 VUs, 180 complete and 0 interrupted iterations
catalog   [  62% ] 4 VUs  0m55.7s/1m30s

running (0m57.0s), 4/4 VUs, 183 complete and 0 interrupted iterations
catalog   [  63% ] 4 VUs  0m56.7s/1m30s

running (0m58.0s), 4/4 VUs, 187 complete and 0 interrupted iterations
catalog   [  64% ] 4 VUs  0m57.7s/1m30s

running (0m59.0s), 4/4 VUs, 190 complete and 0 interrupted iterations
catalog   [  65% ] 4 VUs  0m58.7s/1m30s

running (1m00.0s), 4/4 VUs, 192 complete and 0 interrupted iterations
catalog   [  66% ] 4 VUs  0m59.7s/1m30s

running (1m01.0s), 4/4 VUs, 196 complete and 0 interrupted iterations
catalog   [  67% ] 4 VUs  1m00.7s/1m30s

running (1m02.0s), 4/4 VUs, 200 complete and 0 interrupted iterations
catalog   [  69% ] 4 VUs  1m01.7s/1m30s

running (1m03.0s), 4/4 VUs, 203 complete and 0 interrupted iterations
catalog   [  70% ] 4 VUs  1m02.7s/1m30s

running (1m04.0s), 4/4 VUs, 205 complete and 0 interrupted iterations
catalog   [  71% ] 4 VUs  1m03.7s/1m30s

running (1m05.0s), 4/4 VUs, 209 complete and 0 interrupted iterations
catalog   [  72% ] 4 VUs  1m04.7s/1m30s

running (1m06.0s), 4/4 VUs, 213 complete and 0 interrupted iterations
catalog   [  73% ] 4 VUs  1m05.7s/1m30s

running (1m07.0s), 4/4 VUs, 215 complete and 0 interrupted iterations
catalog   [  74% ] 4 VUs  1m06.7s/1m30s

running (1m08.0s), 4/4 VUs, 219 complete and 0 interrupted iterations
catalog   [  75% ] 4 VUs  1m07.7s/1m30s

running (1m09.0s), 4/4 VUs, 222 complete and 0 interrupted iterations
catalog   [  76% ] 4 VUs  1m08.7s/1m30s

running (1m10.0s), 4/4 VUs, 224 complete and 0 interrupted iterations
catalog   [  77% ] 4 VUs  1m09.7s/1m30s

running (1m11.0s), 4/4 VUs, 228 complete and 0 interrupted iterations
catalog   [  79% ] 4 VUs  1m10.7s/1m30s

running (1m12.0s), 4/4 VUs, 231 complete and 0 interrupted iterations
catalog   [  80% ] 4 VUs  1m11.7s/1m30s

running (1m13.0s), 4/4 VUs, 234 complete and 0 interrupted iterations
catalog   [  81% ] 4 VUs  1m12.7s/1m30s

running (1m14.0s), 4/4 VUs, 237 complete and 0 interrupted iterations
catalog   [  82% ] 4 VUs  1m13.7s/1m30s

running (1m15.0s), 4/4 VUs, 241 complete and 0 interrupted iterations
catalog   [  83% ] 4 VUs  1m14.7s/1m30s

running (1m16.0s), 4/4 VUs, 243 complete and 0 interrupted iterations
catalog   [  84% ] 4 VUs  1m15.7s/1m30s

running (1m17.0s), 4/4 VUs, 247 complete and 0 interrupted iterations
catalog   [  85% ] 4 VUs  1m16.7s/1m30s

running (1m18.0s), 4/4 VUs, 250 complete and 0 interrupted iterations
catalog   [  86% ] 4 VUs  1m17.7s/1m30s

running (1m19.0s), 4/4 VUs, 253 complete and 0 interrupted iterations
catalog   [  87% ] 4 VUs  1m18.7s/1m30s

running (1m20.0s), 4/4 VUs, 256 complete and 0 interrupted iterations
catalog   [  89% ] 4 VUs  1m19.7s/1m30s

running (1m21.0s), 4/4 VUs, 259 complete and 0 interrupted iterations
catalog   [  90% ] 4 VUs  1m20.7s/1m30s

running (1m22.0s), 4/4 VUs, 262 complete and 0 interrupted iterations
catalog   [  91% ] 4 VUs  1m21.7s/1m30s

running (1m23.0s), 4/4 VUs, 266 complete and 0 interrupted iterations
catalog   [  92% ] 4 VUs  1m22.7s/1m30s

running (1m24.0s), 4/4 VUs, 267 complete and 0 interrupted iterations
catalog   [  93% ] 4 VUs  1m23.7s/1m30s

running (1m25.0s), 4/4 VUs, 271 complete and 0 interrupted iterations
catalog   [  94% ] 4 VUs  1m24.7s/1m30s

running (1m26.0s), 4/4 VUs, 274 complete and 0 interrupted iterations
catalog   [  95% ] 4 VUs  1m25.7s/1m30s

running (1m27.0s), 4/4 VUs, 277 complete and 0 interrupted iterations
catalog   [  96% ] 4 VUs  1m26.7s/1m30s

running (1m28.0s), 4/4 VUs, 280 complete and 0 interrupted iterations
catalog   [  97% ] 4 VUs  1m27.7s/1m30s

running (1m29.0s), 4/4 VUs, 283 complete and 0 interrupted iterations
catalog   [  99% ] 4 VUs  1m28.7s/1m30s

running (1m30.0s), 4/4 VUs, 287 complete and 0 interrupted iterations
catalog   [ 100% ] 4 VUs  1m29.7s/1m30s

running (1m31.0s), 2/4 VUs, 289 complete and 0 interrupted iterations
catalog ↓ [ 100% ] 4 VUs  1m30s

================ DSP benchmark summary ================
-- per-phase latency --
  catalog                    p50=1121.7 ms  p95=1443.3 ms  p99=1523.8 ms  max=1573.6 ms  n=291
  negotiation init (POST)    (no data)
  time-to-AGREED (async)     (no data)
  transfer init (POST)       (no data)
  time-to-EDR (async)        (no data)
  data pull                  (no data)
-- end-to-end + throughput --
  e2e transaction            (no data)
  data throughput (MB/s)     (no data)
-- outcomes --
  transactions succeeded     count=291  rate=3.191/s
  transactions failed        (no data)
  failed rate                rate=0.00%  (pass=0 fail=291)
    of which TERMINATED      (no data)
    of which TIMED OUT       (no data)
    of which HTTP-FAILED     (no data)
  failure accounting       (no failures)
-- observer effect (poll load) --
  negotiation polls          (no data)
  edr polls                  (no data)
  polls per transaction     negotiation=0.0  edr=0.0  (timeout ceiling=120)
=======================================================
(full summary -> /home/rohitj/edc/benchmarking-factoryx-edc/resources/local-fx-mvd/k6-scripts/results/factoryx/off/catalog-sweep/2026-08-10T20-00-10Z/k6-summary.json; POLL_INTERVAL_MS=250; IDENTITY_MODE=off)

running (1m31.2s), 0/4 VUs, 291 complete and 0 interrupted iterations
catalog ✓ [ 100% ] 4 VUs  1m30s
