
         /\      Grafana   /‾‾/  
    /\  /  \     |\  __   /  /   
   /  \/    \    | |/ /  /   ‾‾\ 
  /          \   |   (  |  (‾)  |
 / __________ \  |_|\_\  \_____/ 


     execution: local
        script: /home/rohitj/edc/benchmarking-factoryx-edc/resources/local-fx-mvd/k6-scripts/scenarios/steady.js
        output: -

     scenarios: (100.00%) 1 scenario, 200 max VUs, 10m30s max duration (incl. graceful stop):
              * steady: 5.00 iterations/s for 10m0s (maxVUs: 50-200, gracefulStop: 30s)


running (00m01.0s), 005/050 VUs, 0 complete and 0 interrupted iterations
steady   [   0% ] 005/050 VUs  00m01.0s/10m0s  5.00 iters/s

running (00m02.0s), 010/050 VUs, 0 complete and 0 interrupted iterations
steady   [   0% ] 010/050 VUs  00m02.0s/10m0s  5.00 iters/s

running (00m03.0s), 015/050 VUs, 0 complete and 0 interrupted iterations
steady   [   0% ] 015/050 VUs  00m03.0s/10m0s  5.00 iters/s

running (00m04.0s), 020/050 VUs, 0 complete and 0 interrupted iterations
steady   [   1% ] 020/050 VUs  00m04.0s/10m0s  5.00 iters/s

running (00m05.0s), 025/050 VUs, 0 complete and 0 interrupted iterations
steady   [   1% ] 025/050 VUs  00m05.0s/10m0s  5.00 iters/s

running (00m06.0s), 030/050 VUs, 0 complete and 0 interrupted iterations
steady   [   1% ] 030/050 VUs  00m06.0s/10m0s  5.00 iters/s

running (00m07.0s), 035/050 VUs, 0 complete and 0 interrupted iterations
steady   [   1% ] 035/050 VUs  00m07.0s/10m0s  5.00 iters/s

running (00m08.0s), 040/050 VUs, 0 complete and 0 interrupted iterations
steady   [   1% ] 040/050 VUs  00m08.0s/10m0s  5.00 iters/s

running (00m09.0s), 045/050 VUs, 0 complete and 0 interrupted iterations
steady   [   1% ] 045/050 VUs  00m09.0s/10m0s  5.00 iters/s

running (00m10.0s), 050/050 VUs, 0 complete and 0 interrupted iterations
steady   [   2% ] 050/050 VUs  00m10.0s/10m0s  5.00 iters/s

running (00m11.0s), 052/053 VUs, 0 complete and 0 interrupted iterations
steady   [   2% ] 052/053 VUs  00m11.0s/10m0s  5.00 iters/s

running (00m12.0s), 055/055 VUs, 0 complete and 0 interrupted iterations
steady   [   2% ] 055/055 VUs  00m12.0s/10m0s  5.00 iters/s

running (00m13.0s), 057/058 VUs, 0 complete and 0 interrupted iterations
steady   [   2% ] 057/058 VUs  00m13.0s/10m0s  5.00 iters/s

running (00m14.0s), 060/060 VUs, 0 complete and 0 interrupted iterations
steady   [   2% ] 060/060 VUs  00m14.0s/10m0s  5.00 iters/s

running (00m15.0s), 062/063 VUs, 0 complete and 0 interrupted iterations
steady   [   2% ] 062/063 VUs  00m15.0s/10m0s  5.00 iters/s

running (00m16.0s), 065/065 VUs, 0 complete and 0 interrupted iterations
steady   [   3% ] 065/065 VUs  00m16.0s/10m0s  5.00 iters/s

running (00m17.0s), 067/068 VUs, 0 complete and 0 interrupted iterations
steady   [   3% ] 067/068 VUs  00m17.0s/10m0s  5.00 iters/s

running (00m18.0s), 070/070 VUs, 0 complete and 0 interrupted iterations
steady   [   3% ] 070/070 VUs  00m18.0s/10m0s  5.00 iters/s

running (00m19.0s), 072/073 VUs, 0 complete and 0 interrupted iterations
steady   [   3% ] 072/073 VUs  00m19.0s/10m0s  5.00 iters/s

running (00m20.0s), 075/075 VUs, 0 complete and 0 interrupted iterations
steady   [   3% ] 075/075 VUs  00m20.0s/10m0s  5.00 iters/s

running (00m21.0s), 077/078 VUs, 0 complete and 0 interrupted iterations
steady   [   3% ] 077/078 VUs  00m21.0s/10m0s  5.00 iters/s

running (00m22.0s), 080/080 VUs, 0 complete and 0 interrupted iterations
steady   [   4% ] 080/080 VUs  00m22.0s/10m0s  5.00 iters/s

running (00m23.0s), 082/083 VUs, 0 complete and 0 interrupted iterations
steady   [   4% ] 082/083 VUs  00m23.0s/10m0s  5.00 iters/s

running (00m24.0s), 085/085 VUs, 0 complete and 0 interrupted iterations
steady   [   4% ] 085/085 VUs  00m24.0s/10m0s  5.00 iters/s

running (00m25.0s), 087/088 VUs, 0 complete and 0 interrupted iterations
steady   [   4% ] 087/088 VUs  00m25.0s/10m0s  5.00 iters/s

running (00m26.0s), 090/090 VUs, 0 complete and 0 interrupted iterations
steady   [   4% ] 090/090 VUs  00m26.0s/10m0s  5.00 iters/s

running (00m27.0s), 092/093 VUs, 0 complete and 0 interrupted iterations
steady   [   4% ] 092/093 VUs  00m27.0s/10m0s  5.00 iters/s

running (00m28.0s), 095/095 VUs, 0 complete and 0 interrupted iterations
steady   [   5% ] 095/095 VUs  00m28.0s/10m0s  5.00 iters/s

running (00m29.0s), 097/098 VUs, 0 complete and 0 interrupted iterations
steady   [   5% ] 097/098 VUs  00m29.0s/10m0s  5.00 iters/s

running (00m30.0s), 100/100 VUs, 0 complete and 0 interrupted iterations
steady   [   5% ] 100/100 VUs  00m30.0s/10m0s  5.00 iters/s

running (00m31.0s), 102/103 VUs, 0 complete and 0 interrupted iterations
steady   [   5% ] 102/103 VUs  00m31.0s/10m0s  5.00 iters/s

running (00m32.0s), 105/105 VUs, 0 complete and 0 interrupted iterations
steady   [   5% ] 105/105 VUs  00m32.0s/10m0s  5.00 iters/s

running (00m33.0s), 107/108 VUs, 0 complete and 0 interrupted iterations
steady   [   5% ] 107/108 VUs  00m33.0s/10m0s  5.00 iters/s

running (00m34.0s), 110/110 VUs, 0 complete and 0 interrupted iterations
steady   [   6% ] 110/110 VUs  00m34.0s/10m0s  5.00 iters/s

running (00m35.0s), 109/112 VUs, 4 complete and 0 interrupted iterations
steady   [   6% ] 109/112 VUs  00m35.0s/10m0s  5.00 iters/s

running (00m36.0s), 113/113 VUs, 4 complete and 0 interrupted iterations
steady   [   6% ] 113/113 VUs  00m36.0s/10m0s  5.00 iters/s

running (00m37.0s), 110/115 VUs, 10 complete and 0 interrupted iterations
steady   [   6% ] 110/115 VUs  00m37.0s/10m0s  5.00 iters/s

running (00m38.0s), 108/115 VUs, 17 complete and 0 interrupted iterations
steady   [   6% ] 108/115 VUs  00m38.0s/10m0s  5.00 iters/s

running (00m39.0s), 107/115 VUs, 23 complete and 0 interrupted iterations
steady   [   6% ] 107/115 VUs  00m39.0s/10m0s  5.00 iters/s

running (00m40.0s), 103/115 VUs, 32 complete and 0 interrupted iterations
steady   [   7% ] 103/115 VUs  00m40.0s/10m0s  5.00 iters/s

running (00m41.0s), 101/115 VUs, 39 complete and 0 interrupted iterations
steady   [   7% ] 101/115 VUs  00m41.0s/10m0s  5.00 iters/s

running (00m42.0s), 100/115 VUs, 45 complete and 0 interrupted iterations
steady   [   7% ] 100/115 VUs  00m42.0s/10m0s  5.00 iters/s

running (00m43.0s), 101/115 VUs, 49 complete and 0 interrupted iterations
steady   [   7% ] 101/115 VUs  00m43.0s/10m0s  5.00 iters/s

running (00m44.0s), 106/115 VUs, 49 complete and 0 interrupted iterations
steady   [   7% ] 106/115 VUs  00m44.0s/10m0s  5.00 iters/s

running (00m45.0s), 107/115 VUs, 53 complete and 0 interrupted iterations
steady   [   7% ] 107/115 VUs  00m45.0s/10m0s  5.00 iters/s

running (00m46.0s), 110/115 VUs, 55 complete and 0 interrupted iterations
steady   [   8% ] 110/115 VUs  00m46.0s/10m0s  5.00 iters/s

running (00m47.0s), 110/115 VUs, 60 complete and 0 interrupted iterations
steady   [   8% ] 110/115 VUs  00m47.0s/10m0s  5.00 iters/s

running (00m48.0s), 112/115 VUs, 63 complete and 0 interrupted iterations
steady   [   8% ] 112/115 VUs  00m48.0s/10m0s  5.00 iters/s

running (00m49.0s), 115/115 VUs, 65 complete and 0 interrupted iterations
steady   [   8% ] 115/115 VUs  00m49.0s/10m0s  5.00 iters/s

running (00m50.0s), 117/118 VUs, 65 complete and 0 interrupted iterations
steady   [   8% ] 117/118 VUs  00m50.0s/10m0s  5.00 iters/s

running (00m51.0s), 118/118 VUs, 69 complete and 0 interrupted iterations
steady   [   8% ] 118/118 VUs  00m51.0s/10m0s  5.00 iters/s

running (00m52.0s), 120/121 VUs, 69 complete and 0 interrupted iterations
steady   [   9% ] 120/121 VUs  00m52.0s/10m0s  5.00 iters/s

running (00m53.0s), 120/121 VUs, 74 complete and 0 interrupted iterations
steady   [   9% ] 120/121 VUs  00m53.0s/10m0s  5.00 iters/s

running (00m54.0s), 122/122 VUs, 76 complete and 0 interrupted iterations
steady   [   9% ] 122/122 VUs  00m54.0s/10m0s  5.00 iters/s

running (00m55.0s), 124/125 VUs, 76 complete and 0 interrupted iterations
steady   [   9% ] 124/125 VUs  00m55.0s/10m0s  5.00 iters/s

running (00m56.0s), 125/125 VUs, 80 complete and 0 interrupted iterations
steady   [   9% ] 125/125 VUs  00m56.0s/10m0s  5.00 iters/s

running (00m57.0s), 123/128 VUs, 84 complete and 0 interrupted iterations
steady   [   9% ] 123/128 VUs  00m57.0s/10m0s  5.00 iters/s

running (00m58.0s), 128/128 VUs, 84 complete and 0 interrupted iterations
steady   [  10% ] 128/128 VUs  00m58.0s/10m0s  5.00 iters/s

running (00m59.0s), 125/129 VUs, 91 complete and 0 interrupted iterations
steady   [  10% ] 125/129 VUs  00m59.0s/10m0s  5.00 iters/s

running (01m00.0s), 126/129 VUs, 95 complete and 0 interrupted iterations
steady   [  10% ] 126/129 VUs  01m00.0s/10m0s  5.00 iters/s

running (01m01.0s), 130/130 VUs, 95 complete and 0 interrupted iterations
steady   [  10% ] 130/130 VUs  01m01.0s/10m0s  5.00 iters/s

running (01m02.0s), 132/133 VUs, 95 complete and 0 interrupted iterations
steady   [  10% ] 132/133 VUs  01m02.0s/10m0s  5.00 iters/s

running (01m03.0s), 130/134 VUs, 101 complete and 0 interrupted iterations
steady   [  10% ] 130/134 VUs  01m03.0s/10m0s  5.00 iters/s

running (01m04.0s), 123/134 VUs, 113 complete and 0 interrupted iterations
steady   [  11% ] 123/134 VUs  01m04.0s/10m0s  5.00 iters/s

running (01m05.0s), 126/134 VUs, 115 complete and 0 interrupted iterations
steady   [  11% ] 126/134 VUs  01m05.0s/10m0s  5.00 iters/s

running (01m06.0s), 131/134 VUs, 115 complete and 0 interrupted iterations
steady   [  11% ] 131/134 VUs  01m06.0s/10m0s  5.00 iters/s

running (01m07.0s), 132/134 VUs, 119 complete and 0 interrupted iterations
steady   [  11% ] 132/134 VUs  01m07.0s/10m0s  5.00 iters/s

running (01m08.0s), 125/134 VUs, 131 complete and 0 interrupted iterations
steady   [  11% ] 125/134 VUs  01m08.0s/10m0s  5.00 iters/s

running (01m09.0s), 126/134 VUs, 135 complete and 0 interrupted iterations
steady   [  11% ] 126/134 VUs  01m09.0s/10m0s  5.00 iters/s

running (01m10.0s), 131/134 VUs, 135 complete and 0 interrupted iterations
steady   [  12% ] 131/134 VUs  01m10.0s/10m0s  5.00 iters/s

running (01m11.0s), 129/135 VUs, 141 complete and 0 interrupted iterations
steady   [  12% ] 129/135 VUs  01m11.0s/10m0s  5.00 iters/s

running (01m12.0s), 126/135 VUs, 149 complete and 0 interrupted iterations
steady   [  12% ] 126/135 VUs  01m12.0s/10m0s  5.00 iters/s

running (01m13.0s), 125/135 VUs, 155 complete and 0 interrupted iterations
steady   [  12% ] 125/135 VUs  01m13.0s/10m0s  5.00 iters/s

running (01m14.0s), 130/135 VUs, 155 complete and 0 interrupted iterations
steady   [  12% ] 130/135 VUs  01m14.0s/10m0s  5.00 iters/s

running (01m15.0s), 135/135 VUs, 155 complete and 0 interrupted iterations
steady   [  12% ] 135/135 VUs  01m15.0s/10m0s  5.00 iters/s

running (01m16.0s), 131/136 VUs, 163 complete and 0 interrupted iterations
steady   [  13% ] 131/136 VUs  01m16.0s/10m0s  5.00 iters/s

running (01m17.0s), 126/136 VUs, 173 complete and 0 interrupted iterations
steady   [  13% ] 126/136 VUs  01m17.0s/10m0s  5.00 iters/s

running (01m18.0s), 129/136 VUs, 175 complete and 0 interrupted iterations
steady   [  13% ] 129/136 VUs  01m18.0s/10m0s  5.00 iters/s

running (01m19.0s), 134/136 VUs, 175 complete and 0 interrupted iterations
steady   [  13% ] 134/136 VUs  01m19.0s/10m0s  5.00 iters/s

running (01m20.0s), 135/137 VUs, 178 complete and 0 interrupted iterations
steady   [  13% ] 135/137 VUs  01m20.0s/10m0s  5.00 iters/s

running (01m21.0s), 131/137 VUs, 187 complete and 0 interrupted iterations
steady   [  13% ] 131/137 VUs  01m21.0s/10m0s  5.00 iters/s

running (01m22.0s), 128/137 VUs, 195 complete and 0 interrupted iterations
steady   [  14% ] 128/137 VUs  01m22.0s/10m0s  5.00 iters/s

running (01m23.0s), 133/137 VUs, 195 complete and 0 interrupted iterations
steady   [  14% ] 133/137 VUs  01m23.0s/10m0s  5.00 iters/s

running (01m24.0s), 135/138 VUs, 197 complete and 0 interrupted iterations
steady   [  14% ] 135/138 VUs  01m24.0s/10m0s  5.00 iters/s

running (01m25.0s), 132/138 VUs, 205 complete and 0 interrupted iterations
steady   [  14% ] 132/138 VUs  01m25.0s/10m0s  5.00 iters/s

running (01m26.0s), 127/138 VUs, 215 complete and 0 interrupted iterations
steady   [  14% ] 127/138 VUs  01m26.0s/10m0s  5.00 iters/s

running (01m27.0s), 132/138 VUs, 215 complete and 0 interrupted iterations
steady   [  14% ] 132/138 VUs  01m27.0s/10m0s  5.00 iters/s

running (01m28.0s), 137/138 VUs, 215 complete and 0 interrupted iterations
steady   [  15% ] 137/138 VUs  01m28.0s/10m0s  5.00 iters/s

running (01m29.0s), 135/139 VUs, 221 complete and 0 interrupted iterations
steady   [  15% ] 135/139 VUs  01m29.0s/10m0s  5.00 iters/s

running (01m30.0s), 134/139 VUs, 227 complete and 0 interrupted iterations
steady   [  15% ] 134/139 VUs  01m30.0s/10m0s  5.00 iters/s

running (01m31.0s), 135/139 VUs, 231 complete and 0 interrupted iterations
steady   [  15% ] 135/139 VUs  01m31.0s/10m0s  5.00 iters/s

running (01m32.0s), 136/139 VUs, 235 complete and 0 interrupted iterations
steady   [  15% ] 136/139 VUs  01m32.0s/10m0s  5.00 iters/s

running (01m33.0s), 140/140 VUs, 235 complete and 0 interrupted iterations
steady   [  15% ] 140/140 VUs  01m33.0s/10m0s  5.00 iters/s

running (01m34.0s), 142/143 VUs, 235 complete and 0 interrupted iterations
steady   [  16% ] 142/143 VUs  01m34.0s/10m0s  5.00 iters/s

running (01m35.0s), 141/144 VUs, 240 complete and 0 interrupted iterations
steady   [  16% ] 141/144 VUs  01m35.0s/10m0s  5.00 iters/s

running (01m36.0s), 140/144 VUs, 246 complete and 0 interrupted iterations
steady   [  16% ] 140/144 VUs  01m36.0s/10m0s  5.00 iters/s

running (01m37.0s), 136/144 VUs, 255 complete and 0 interrupted iterations
steady   [  16% ] 136/144 VUs  01m37.0s/10m0s  5.00 iters/s

running (01m38.0s), 141/144 VUs, 255 complete and 0 interrupted iterations
steady   [  16% ] 141/144 VUs  01m38.0s/10m0s  5.00 iters/s

running (01m39.0s), 145/145 VUs, 255 complete and 0 interrupted iterations
steady   [  16% ] 145/145 VUs  01m39.0s/10m0s  5.00 iters/s

running (01m40.0s), 143/147 VUs, 260 complete and 0 interrupted iterations
steady   [  17% ] 143/147 VUs  01m40.0s/10m0s  5.00 iters/s

running (01m41.0s), 139/147 VUs, 269 complete and 0 interrupted iterations
steady   [  17% ] 139/147 VUs  01m41.0s/10m0s  5.00 iters/s

running (01m42.0s), 138/147 VUs, 275 complete and 0 interrupted iterations
steady   [  17% ] 138/147 VUs  01m42.0s/10m0s  5.00 iters/s

running (01m43.0s), 143/147 VUs, 275 complete and 0 interrupted iterations
steady   [  17% ] 143/147 VUs  01m43.0s/10m0s  5.00 iters/s

running (01m44.0s), 147/148 VUs, 275 complete and 0 interrupted iterations
steady   [  17% ] 147/148 VUs  01m44.0s/10m0s  5.00 iters/s

running (01m45.0s), 147/149 VUs, 279 complete and 0 interrupted iterations
steady   [  17% ] 147/149 VUs  01m45.0s/10m0s  5.00 iters/s

running (01m46.0s), 141/149 VUs, 290 complete and 0 interrupted iterations
steady   [  18% ] 141/149 VUs  01m46.0s/10m0s  5.00 iters/s

running (01m47.0s), 141/149 VUs, 295 complete and 0 interrupted iterations
steady   [  18% ] 141/149 VUs  01m47.0s/10m0s  5.00 iters/s

running (01m48.0s), 146/149 VUs, 295 complete and 0 interrupted iterations
steady   [  18% ] 146/149 VUs  01m48.0s/10m0s  5.00 iters/s

running (01m49.0s), 150/150 VUs, 295 complete and 0 interrupted iterations
steady   [  18% ] 150/150 VUs  01m49.0s/10m0s  5.00 iters/s

running (01m50.0s), 148/152 VUs, 300 complete and 0 interrupted iterations
steady   [  18% ] 148/152 VUs  01m50.0s/10m0s  5.00 iters/s

running (01m51.0s), 143/152 VUs, 310 complete and 0 interrupted iterations
steady   [  18% ] 143/152 VUs  01m51.0s/10m0s  5.00 iters/s

running (01m52.0s), 143/152 VUs, 315 complete and 0 interrupted iterations
steady   [  19% ] 143/152 VUs  01m52.0s/10m0s  5.00 iters/s

running (01m53.0s), 148/152 VUs, 315 complete and 0 interrupted iterations
steady   [  19% ] 148/152 VUs  01m53.0s/10m0s  5.00 iters/s

running (01m54.0s), 149/152 VUs, 319 complete and 0 interrupted iterations
steady   [  19% ] 149/152 VUs  01m54.0s/10m0s  5.00 iters/s

running (01m55.0s), 152/153 VUs, 320 complete and 0 interrupted iterations
steady   [  19% ] 152/153 VUs  01m55.0s/10m0s  5.00 iters/s

running (01m56.0s), 148/153 VUs, 329 complete and 0 interrupted iterations
steady   [  19% ] 148/153 VUs  01m56.0s/10m0s  5.00 iters/s

running (01m57.0s), 147/153 VUs, 335 complete and 0 interrupted iterations
steady   [  19% ] 147/153 VUs  01m57.0s/10m0s  5.00 iters/s

running (01m58.0s), 145/153 VUs, 342 complete and 0 interrupted iterations
steady   [  20% ] 145/153 VUs  01m58.0s/10m0s  5.00 iters/s

running (01m59.0s), 147/153 VUs, 345 complete and 0 interrupted iterations
steady   [  20% ] 147/153 VUs  01m59.0s/10m0s  5.00 iters/s

running (02m00.0s), 149/153 VUs, 348 complete and 0 interrupted iterations
steady   [  20% ] 149/153 VUs  02m00.0s/10m0s  5.00 iters/s

running (02m01.0s), 153/154 VUs, 348 complete and 0 interrupted iterations
steady   [  20% ] 153/154 VUs  02m01.0s/10m0s  5.00 iters/s

running (02m02.0s), 152/154 VUs, 354 complete and 0 interrupted iterations
steady   [  20% ] 152/154 VUs  02m02.0s/10m0s  5.00 iters/s

running (02m03.0s), 154/155 VUs, 356 complete and 0 interrupted iterations
steady   [  20% ] 154/155 VUs  02m03.0s/10m0s  5.00 iters/s

running (02m04.0s), 150/157 VUs, 363 complete and 0 interrupted iterations
steady   [  21% ] 150/157 VUs  02m04.0s/10m0s  5.00 iters/s

running (02m05.0s), 145/157 VUs, 373 complete and 0 interrupted iterations
steady   [  21% ] 145/157 VUs  02m05.0s/10m0s  5.00 iters/s

running (02m06.0s), 147/157 VUs, 376 complete and 0 interrupted iterations
steady   [  21% ] 147/157 VUs  02m06.0s/10m0s  5.00 iters/s

running (02m07.0s), 150/157 VUs, 378 complete and 0 interrupted iterations
steady   [  21% ] 150/157 VUs  02m07.0s/10m0s  5.00 iters/s

running (02m08.0s), 150/157 VUs, 383 complete and 0 interrupted iterations
steady   [  21% ] 150/157 VUs  02m08.0s/10m0s  5.00 iters/s

running (02m09.0s), 151/157 VUs, 387 complete and 0 interrupted iterations
steady   [  21% ] 151/157 VUs  02m09.0s/10m0s  5.00 iters/s

running (02m10.0s), 151/157 VUs, 392 complete and 0 interrupted iterations
steady   [  22% ] 151/157 VUs  02m10.0s/10m0s  5.00 iters/s

running (02m11.0s), 154/157 VUs, 394 complete and 0 interrupted iterations
steady   [  22% ] 154/157 VUs  02m11.0s/10m0s  5.00 iters/s

running (02m12.0s), 158/158 VUs, 394 complete and 0 interrupted iterations
steady   [  22% ] 158/158 VUs  02m12.0s/10m0s  5.00 iters/s

running (02m13.0s), 155/159 VUs, 401 complete and 0 interrupted iterations
steady   [  22% ] 155/159 VUs  02m13.0s/10m0s  5.00 iters/s

running (02m14.0s), 159/160 VUs, 401 complete and 0 interrupted iterations
steady   [  22% ] 159/160 VUs  02m14.0s/10m0s  5.00 iters/s

running (02m15.0s), 156/162 VUs, 407 complete and 0 interrupted iterations
steady   [  22% ] 156/162 VUs  02m15.0s/10m0s  5.00 iters/s

running (02m16.0s), 161/162 VUs, 407 complete and 0 interrupted iterations
steady   [  23% ] 161/162 VUs  02m16.0s/10m0s  5.00 iters/s

running (02m17.0s), 164/164 VUs, 407 complete and 0 interrupted iterations
steady   [  23% ] 164/164 VUs  02m17.0s/10m0s  5.00 iters/s

running (02m18.0s), 158/165 VUs, 417 complete and 0 interrupted iterations
steady   [  23% ] 158/165 VUs  02m18.0s/10m0s  5.00 iters/s

running (02m19.0s), 157/165 VUs, 423 complete and 0 interrupted iterations
steady   [  23% ] 157/165 VUs  02m19.0s/10m0s  5.00 iters/s

running (02m20.0s), 162/165 VUs, 423 complete and 0 interrupted iterations
steady   [  23% ] 162/165 VUs  02m20.0s/10m0s  5.00 iters/s

running (02m21.0s), 166/166 VUs, 423 complete and 0 interrupted iterations
steady   [  23% ] 166/166 VUs  02m21.0s/10m0s  5.00 iters/s

running (02m22.0s), 167/168 VUs, 425 complete and 0 interrupted iterations
steady   [  24% ] 167/168 VUs  02m22.0s/10m0s  5.00 iters/s

running (02m23.0s), 155/168 VUs, 442 complete and 0 interrupted iterations
steady   [  24% ] 155/168 VUs  02m23.0s/10m0s  5.00 iters/s

running (02m24.0s), 156/168 VUs, 446 complete and 0 interrupted iterations
steady   [  24% ] 156/168 VUs  02m24.0s/10m0s  5.00 iters/s

running (02m25.0s), 161/168 VUs, 446 complete and 0 interrupted iterations
steady   [  24% ] 161/168 VUs  02m25.0s/10m0s  5.00 iters/s

running (02m26.0s), 166/168 VUs, 446 complete and 0 interrupted iterations
steady   [  24% ] 166/168 VUs  02m26.0s/10m0s  5.00 iters/s

running (02m27.0s), 169/169 VUs, 447 complete and 0 interrupted iterations
steady   [  24% ] 169/169 VUs  02m27.0s/10m0s  5.00 iters/s

running (02m28.0s), 156/170 VUs, 464 complete and 0 interrupted iterations
steady   [  25% ] 156/170 VUs  02m28.0s/10m0s  5.00 iters/s

running (02m29.0s), 153/170 VUs, 472 complete and 0 interrupted iterations
steady   [  25% ] 153/170 VUs  02m29.0s/10m0s  5.00 iters/s

running (02m30.0s), 150/170 VUs, 480 complete and 0 interrupted iterations
steady   [  25% ] 150/170 VUs  02m30.0s/10m0s  5.00 iters/s

running (02m31.0s), 151/170 VUs, 484 complete and 0 interrupted iterations
steady   [  25% ] 151/170 VUs  02m31.0s/10m0s  5.00 iters/s

running (02m32.0s), 156/170 VUs, 484 complete and 0 interrupted iterations
steady   [  25% ] 156/170 VUs  02m32.0s/10m0s  5.00 iters/s

running (02m33.0s), 156/170 VUs, 489 complete and 0 interrupted iterations
steady   [  25% ] 156/170 VUs  02m33.0s/10m0s  5.00 iters/s

running (02m34.0s), 152/170 VUs, 498 complete and 0 interrupted iterations
steady   [  26% ] 152/170 VUs  02m34.0s/10m0s  5.00 iters/s

running (02m35.0s), 157/170 VUs, 498 complete and 0 interrupted iterations
steady   [  26% ] 157/170 VUs  02m35.0s/10m0s  5.00 iters/s

running (02m36.0s), 162/170 VUs, 498 complete and 0 interrupted iterations
steady   [  26% ] 162/170 VUs  02m36.0s/10m0s  5.00 iters/s

running (02m37.0s), 160/170 VUs, 505 complete and 0 interrupted iterations
steady   [  26% ] 160/170 VUs  02m37.0s/10m0s  5.00 iters/s

running (02m38.0s), 158/170 VUs, 512 complete and 0 interrupted iterations
steady   [  26% ] 158/170 VUs  02m38.0s/10m0s  5.00 iters/s

running (02m39.0s), 163/170 VUs, 512 complete and 0 interrupted iterations
steady   [  26% ] 163/170 VUs  02m39.0s/10m0s  5.00 iters/s

running (02m40.0s), 159/170 VUs, 521 complete and 0 interrupted iterations
steady   [  27% ] 159/170 VUs  02m40.0s/10m0s  5.00 iters/s

running (02m41.0s), 157/170 VUs, 528 complete and 0 interrupted iterations
steady   [  27% ] 157/170 VUs  02m41.0s/10m0s  5.00 iters/s

running (02m42.0s), 158/170 VUs, 532 complete and 0 interrupted iterations
steady   [  27% ] 158/170 VUs  02m42.0s/10m0s  5.00 iters/s

running (02m43.0s), 158/170 VUs, 537 complete and 0 interrupted iterations
steady   [  27% ] 158/170 VUs  02m43.0s/10m0s  5.00 iters/s

running (02m44.0s), 163/170 VUs, 537 complete and 0 interrupted iterations
steady   [  27% ] 163/170 VUs  02m44.0s/10m0s  5.00 iters/s

running (02m45.0s), 159/170 VUs, 546 complete and 0 interrupted iterations
steady   [  27% ] 159/170 VUs  02m45.0s/10m0s  5.00 iters/s

running (02m46.0s), 158/170 VUs, 552 complete and 0 interrupted iterations
steady   [  28% ] 158/170 VUs  02m46.0s/10m0s  5.00 iters/s

running (02m47.0s), 159/170 VUs, 556 complete and 0 interrupted iterations
steady   [  28% ] 159/170 VUs  02m47.0s/10m0s  5.00 iters/s

running (02m48.0s), 157/170 VUs, 563 complete and 0 interrupted iterations
steady   [  28% ] 157/170 VUs  02m48.0s/10m0s  5.00 iters/s

running (02m49.0s), 157/170 VUs, 568 complete and 0 interrupted iterations
steady   [  28% ] 157/170 VUs  02m49.0s/10m0s  5.00 iters/s

running (02m50.0s), 160/170 VUs, 570 complete and 0 interrupted iterations
steady   [  28% ] 160/170 VUs  02m50.0s/10m0s  5.00 iters/s

running (02m51.0s), 161/170 VUs, 574 complete and 0 interrupted iterations
steady   [  28% ] 161/170 VUs  02m51.0s/10m0s  5.00 iters/s

running (02m52.0s), 160/170 VUs, 580 complete and 0 interrupted iterations
steady   [  29% ] 160/170 VUs  02m52.0s/10m0s  5.00 iters/s

running (02m53.0s), 159/170 VUs, 586 complete and 0 interrupted iterations
steady   [  29% ] 159/170 VUs  02m53.0s/10m0s  5.00 iters/s

running (02m54.0s), 158/170 VUs, 592 complete and 0 interrupted iterations
steady   [  29% ] 158/170 VUs  02m54.0s/10m0s  5.00 iters/s

running (02m55.0s), 160/170 VUs, 595 complete and 0 interrupted iterations
steady   [  29% ] 160/170 VUs  02m55.0s/10m0s  5.00 iters/s

running (02m56.0s), 160/170 VUs, 600 complete and 0 interrupted iterations
steady   [  29% ] 160/170 VUs  02m56.0s/10m0s  5.00 iters/s

running (02m57.0s), 165/170 VUs, 600 complete and 0 interrupted iterations
steady   [  29% ] 165/170 VUs  02m57.0s/10m0s  5.00 iters/s

running (02m58.0s), 165/170 VUs, 605 complete and 0 interrupted iterations
steady   [  30% ] 165/170 VUs  02m58.0s/10m0s  5.00 iters/s

running (02m59.0s), 168/170 VUs, 607 complete and 0 interrupted iterations
steady   [  30% ] 168/170 VUs  02m59.0s/10m0s  5.00 iters/s

running (03m00.0s), 171/172 VUs, 607 complete and 0 interrupted iterations
steady   [  30% ] 171/172 VUs  03m00.0s/10m0s  5.00 iters/s

running (03m01.0s), 169/172 VUs, 614 complete and 0 interrupted iterations
steady   [  30% ] 169/172 VUs  03m01.0s/10m0s  5.00 iters/s

running (03m02.0s), 169/173 VUs, 618 complete and 0 interrupted iterations
steady   [  30% ] 169/173 VUs  03m02.0s/10m0s  5.00 iters/s

running (03m03.0s), 172/174 VUs, 619 complete and 0 interrupted iterations
steady   [  30% ] 172/174 VUs  03m03.0s/10m0s  5.00 iters/s

running (03m04.0s), 171/174 VUs, 625 complete and 0 interrupted iterations
steady   [  31% ] 171/174 VUs  03m04.0s/10m0s  5.00 iters/s

running (03m05.0s), 168/175 VUs, 632 complete and 0 interrupted iterations
steady   [  31% ] 168/175 VUs  03m05.0s/10m0s  5.00 iters/s

running (03m06.0s), 169/175 VUs, 636 complete and 0 interrupted iterations
steady   [  31% ] 169/175 VUs  03m06.0s/10m0s  5.00 iters/s

running (03m07.0s), 170/175 VUs, 640 complete and 0 interrupted iterations
steady   [  31% ] 170/175 VUs  03m07.0s/10m0s  5.00 iters/s

running (03m08.0s), 169/175 VUs, 646 complete and 0 interrupted iterations
steady   [  31% ] 169/175 VUs  03m08.0s/10m0s  5.00 iters/s

running (03m09.0s), 174/175 VUs, 646 complete and 0 interrupted iterations
steady   [  31% ] 174/175 VUs  03m09.0s/10m0s  5.00 iters/s

running (03m10.0s), 164/176 VUs, 660 complete and 0 interrupted iterations
steady   [  32% ] 164/176 VUs  03m10.0s/10m0s  5.00 iters/s

running (03m11.0s), 168/176 VUs, 661 complete and 0 interrupted iterations
steady   [  32% ] 168/176 VUs  03m11.0s/10m0s  5.00 iters/s

running (03m12.0s), 173/176 VUs, 661 complete and 0 interrupted iterations
steady   [  32% ] 173/176 VUs  03m12.0s/10m0s  5.00 iters/s

running (03m13.0s), 168/176 VUs, 671 complete and 0 interrupted iterations
steady   [  32% ] 168/176 VUs  03m13.0s/10m0s  5.00 iters/s

running (03m14.0s), 173/176 VUs, 671 complete and 0 interrupted iterations
steady   [  32% ] 173/176 VUs  03m14.0s/10m0s  5.00 iters/s

running (03m15.0s), 177/177 VUs, 671 complete and 0 interrupted iterations
steady   [  32% ] 177/177 VUs  03m15.0s/10m0s  5.00 iters/s

running (03m16.0s), 175/179 VUs, 676 complete and 0 interrupted iterations
steady   [  33% ] 175/179 VUs  03m16.0s/10m0s  5.00 iters/s

running (03m17.0s), 171/179 VUs, 685 complete and 0 interrupted iterations
steady   [  33% ] 171/179 VUs  03m17.0s/10m0s  5.00 iters/s

running (03m18.0s), 170/179 VUs, 691 complete and 0 interrupted iterations
steady   [  33% ] 170/179 VUs  03m18.0s/10m0s  5.00 iters/s

running (03m19.0s), 175/179 VUs, 691 complete and 0 interrupted iterations
steady   [  33% ] 175/179 VUs  03m19.0s/10m0s  5.00 iters/s

running (03m20.0s), 179/180 VUs, 691 complete and 0 interrupted iterations
steady   [  33% ] 179/180 VUs  03m20.0s/10m0s  5.00 iters/s

running (03m21.0s), 171/181 VUs, 703 complete and 0 interrupted iterations
steady   [  33% ] 171/181 VUs  03m21.0s/10m0s  5.00 iters/s

running (03m22.0s), 167/181 VUs, 712 complete and 0 interrupted iterations
steady   [  34% ] 167/181 VUs  03m22.0s/10m0s  5.00 iters/s

running (03m23.0s), 166/181 VUs, 718 complete and 0 interrupted iterations
steady   [  34% ] 166/181 VUs  03m23.0s/10m0s  5.00 iters/s

running (03m24.0s), 162/181 VUs, 727 complete and 0 interrupted iterations
steady   [  34% ] 162/181 VUs  03m24.0s/10m0s  5.00 iters/s

running (03m25.0s), 165/181 VUs, 729 complete and 0 interrupted iterations
steady   [  34% ] 165/181 VUs  03m25.0s/10m0s  5.00 iters/s

running (03m26.0s), 163/181 VUs, 736 complete and 0 interrupted iterations
steady   [  34% ] 163/181 VUs  03m26.0s/10m0s  5.00 iters/s

running (03m27.0s), 168/181 VUs, 736 complete and 0 interrupted iterations
steady   [  34% ] 168/181 VUs  03m27.0s/10m0s  5.00 iters/s

running (03m28.0s), 166/181 VUs, 743 complete and 0 interrupted iterations
steady   [  35% ] 166/181 VUs  03m28.0s/10m0s  5.00 iters/s

running (03m29.0s), 171/181 VUs, 743 complete and 0 interrupted iterations
steady   [  35% ] 171/181 VUs  03m29.0s/10m0s  5.00 iters/s

running (03m30.0s), 163/181 VUs, 756 complete and 0 interrupted iterations
steady   [  35% ] 163/181 VUs  03m30.0s/10m0s  5.00 iters/s

running (03m31.0s), 163/181 VUs, 761 complete and 0 interrupted iterations
steady   [  35% ] 163/181 VUs  03m31.0s/10m0s  5.00 iters/s

running (03m32.0s), 168/181 VUs, 761 complete and 0 interrupted iterations
steady   [  35% ] 168/181 VUs  03m32.0s/10m0s  5.00 iters/s

running (03m33.0s), 173/181 VUs, 761 complete and 0 interrupted iterations
steady   [  35% ] 173/181 VUs  03m33.0s/10m0s  5.00 iters/s

running (03m34.0s), 162/181 VUs, 777 complete and 0 interrupted iterations
steady   [  36% ] 162/181 VUs  03m34.0s/10m0s  5.00 iters/s

running (03m35.0s), 164/181 VUs, 780 complete and 0 interrupted iterations
steady   [  36% ] 164/181 VUs  03m35.0s/10m0s  5.00 iters/s

running (03m36.0s), 169/181 VUs, 780 complete and 0 interrupted iterations
steady   [  36% ] 169/181 VUs  03m36.0s/10m0s  5.00 iters/s

running (03m37.0s), 166/181 VUs, 788 complete and 0 interrupted iterations
steady   [  36% ] 166/181 VUs  03m37.0s/10m0s  5.00 iters/s

running (03m38.0s), 162/181 VUs, 797 complete and 0 interrupted iterations
steady   [  36% ] 162/181 VUs  03m38.0s/10m0s  5.00 iters/s

running (03m39.0s), 163/181 VUs, 801 complete and 0 interrupted iterations
steady   [  36% ] 163/181 VUs  03m39.0s/10m0s  5.00 iters/s

running (03m40.0s), 168/181 VUs, 801 complete and 0 interrupted iterations
steady   [  37% ] 168/181 VUs  03m40.0s/10m0s  5.00 iters/s

running (03m41.0s), 167/181 VUs, 807 complete and 0 interrupted iterations
steady   [  37% ] 167/181 VUs  03m41.0s/10m0s  5.00 iters/s

running (03m42.0s), 172/181 VUs, 807 complete and 0 interrupted iterations
steady   [  37% ] 172/181 VUs  03m42.0s/10m0s  5.00 iters/s

running (03m43.0s), 167/181 VUs, 817 complete and 0 interrupted iterations
steady   [  37% ] 167/181 VUs  03m43.0s/10m0s  5.00 iters/s

running (03m44.0s), 167/181 VUs, 822 complete and 0 interrupted iterations
steady   [  37% ] 167/181 VUs  03m44.0s/10m0s  5.00 iters/s

running (03m45.0s), 162/181 VUs, 832 complete and 0 interrupted iterations
steady   [  37% ] 162/181 VUs  03m45.0s/10m0s  5.00 iters/s

running (03m46.0s), 157/181 VUs, 842 complete and 0 interrupted iterations
steady   [  38% ] 157/181 VUs  03m46.0s/10m0s  5.00 iters/s

running (03m47.0s), 162/181 VUs, 842 complete and 0 interrupted iterations
steady   [  38% ] 162/181 VUs  03m47.0s/10m0s  5.00 iters/s

running (03m48.0s), 164/181 VUs, 845 complete and 0 interrupted iterations
steady   [  38% ] 164/181 VUs  03m48.0s/10m0s  5.00 iters/s

running (03m49.0s), 163/181 VUs, 851 complete and 0 interrupted iterations
steady   [  38% ] 163/181 VUs  03m49.0s/10m0s  5.00 iters/s

running (03m50.0s), 166/181 VUs, 853 complete and 0 interrupted iterations
steady   [  38% ] 166/181 VUs  03m50.0s/10m0s  5.00 iters/s

running (03m51.0s), 171/181 VUs, 853 complete and 0 interrupted iterations
steady   [  38% ] 171/181 VUs  03m51.0s/10m0s  5.00 iters/s

running (03m52.0s), 169/181 VUs, 860 complete and 0 interrupted iterations
steady   [  39% ] 169/181 VUs  03m52.0s/10m0s  5.00 iters/s

running (03m53.0s), 174/181 VUs, 860 complete and 0 interrupted iterations
steady   [  39% ] 174/181 VUs  03m53.0s/10m0s  5.00 iters/s

running (03m54.0s), 170/181 VUs, 869 complete and 0 interrupted iterations
steady   [  39% ] 170/181 VUs  03m54.0s/10m0s  5.00 iters/s

running (03m55.0s), 172/181 VUs, 872 complete and 0 interrupted iterations
steady   [  39% ] 172/181 VUs  03m55.0s/10m0s  5.00 iters/s

running (03m56.0s), 177/181 VUs, 872 complete and 0 interrupted iterations
steady   [  39% ] 177/181 VUs  03m56.0s/10m0s  5.00 iters/s

running (03m57.0s), 172/181 VUs, 882 complete and 0 interrupted iterations
steady   [  39% ] 172/181 VUs  03m57.0s/10m0s  5.00 iters/s

running (03m58.0s), 170/181 VUs, 889 complete and 0 interrupted iterations
steady   [  40% ] 170/181 VUs  03m58.0s/10m0s  5.00 iters/s

running (03m59.0s), 169/181 VUs, 895 complete and 0 interrupted iterations
steady   [  40% ] 169/181 VUs  03m59.0s/10m0s  5.00 iters/s

running (04m00.0s), 167/181 VUs, 902 complete and 0 interrupted iterations
steady   [  40% ] 167/181 VUs  04m00.0s/10m0s  5.00 iters/s

running (04m01.0s), 171/181 VUs, 903 complete and 0 interrupted iterations
steady   [  40% ] 171/181 VUs  04m01.0s/10m0s  5.00 iters/s

running (04m02.0s), 170/181 VUs, 909 complete and 0 interrupted iterations
steady   [  40% ] 170/181 VUs  04m02.0s/10m0s  5.00 iters/s

running (04m03.0s), 174/181 VUs, 910 complete and 0 interrupted iterations
steady   [  40% ] 174/181 VUs  04m03.0s/10m0s  5.00 iters/s

running (04m04.0s), 179/181 VUs, 910 complete and 0 interrupted iterations
steady   [  41% ] 179/181 VUs  04m04.0s/10m0s  5.00 iters/s

running (04m05.0s), 178/182 VUs, 915 complete and 0 interrupted iterations
steady   [  41% ] 178/182 VUs  04m05.0s/10m0s  5.00 iters/s

running (04m06.0s), 178/183 VUs, 919 complete and 0 interrupted iterations
steady   [  41% ] 178/183 VUs  04m06.0s/10m0s  5.00 iters/s

running (04m07.0s), 179/183 VUs, 923 complete and 0 interrupted iterations
steady   [  41% ] 179/183 VUs  04m07.0s/10m0s  5.00 iters/s

running (04m08.0s), 183/184 VUs, 923 complete and 0 interrupted iterations
steady   [  41% ] 183/184 VUs  04m08.0s/10m0s  5.00 iters/s

running (04m09.0s), 186/186 VUs, 923 complete and 0 interrupted iterations
steady   [  41% ] 186/186 VUs  04m09.0s/10m0s  5.00 iters/s

running (04m10.0s), 181/188 VUs, 931 complete and 0 interrupted iterations
steady   [  42% ] 181/188 VUs  04m10.0s/10m0s  5.00 iters/s

running (04m11.0s), 174/188 VUs, 943 complete and 0 interrupted iterations
steady   [  42% ] 174/188 VUs  04m11.0s/10m0s  5.00 iters/s

running (04m12.0s), 169/188 VUs, 953 complete and 0 interrupted iterations
steady   [  42% ] 169/188 VUs  04m12.0s/10m0s  5.00 iters/s

running (04m13.0s), 163/188 VUs, 964 complete and 0 interrupted iterations
steady   [  42% ] 163/188 VUs  04m13.0s/10m0s  5.00 iters/s

running (04m14.0s), 163/188 VUs, 969 complete and 0 interrupted iterations
steady   [  42% ] 163/188 VUs  04m14.0s/10m0s  5.00 iters/s

running (04m15.0s), 159/188 VUs, 978 complete and 0 interrupted iterations
steady   [  42% ] 159/188 VUs  04m15.0s/10m0s  5.00 iters/s

running (04m16.0s), 160/188 VUs, 982 complete and 0 interrupted iterations
steady   [  43% ] 160/188 VUs  04m16.0s/10m0s  5.00 iters/s

running (04m17.0s), 165/188 VUs, 982 complete and 0 interrupted iterations
steady   [  43% ] 165/188 VUs  04m17.0s/10m0s  5.00 iters/s

running (04m18.0s), 170/188 VUs, 982 complete and 0 interrupted iterations
steady   [  43% ] 170/188 VUs  04m18.0s/10m0s  5.00 iters/s

running (04m19.0s), 166/188 VUs, 991 complete and 0 interrupted iterations
steady   [  43% ] 166/188 VUs  04m19.0s/10m0s  5.00 iters/s

running (04m20.0s), 171/188 VUs, 991 complete and 0 interrupted iterations
steady   [  43% ] 171/188 VUs  04m20.0s/10m0s  5.00 iters/s

running (04m21.0s), 166/188 VUs, 1001 complete and 0 interrupted iterations
steady   [  43% ] 166/188 VUs  04m21.0s/10m0s  5.00 iters/s

running (04m22.0s), 161/188 VUs, 1011 complete and 0 interrupted iterations
steady   [  44% ] 161/188 VUs  04m22.0s/10m0s  5.00 iters/s

running (04m23.0s), 159/188 VUs, 1018 complete and 0 interrupted iterations
steady   [  44% ] 159/188 VUs  04m23.0s/10m0s  5.00 iters/s

running (04m24.0s), 158/188 VUs, 1024 complete and 0 interrupted iterations
steady   [  44% ] 158/188 VUs  04m24.0s/10m0s  5.00 iters/s

running (04m25.0s), 160/188 VUs, 1027 complete and 0 interrupted iterations
steady   [  44% ] 160/188 VUs  04m25.0s/10m0s  5.00 iters/s

running (04m26.0s), 165/188 VUs, 1027 complete and 0 interrupted iterations
steady   [  44% ] 165/188 VUs  04m26.0s/10m0s  5.00 iters/s

running (04m27.0s), 160/188 VUs, 1037 complete and 0 interrupted iterations
steady   [  44% ] 160/188 VUs  04m27.0s/10m0s  5.00 iters/s

running (04m28.0s), 165/188 VUs, 1037 complete and 0 interrupted iterations
steady   [  45% ] 165/188 VUs  04m28.0s/10m0s  5.00 iters/s

running (04m29.0s), 165/188 VUs, 1042 complete and 0 interrupted iterations
steady   [  45% ] 165/188 VUs  04m29.0s/10m0s  5.00 iters/s

running (04m30.0s), 163/188 VUs, 1049 complete and 0 interrupted iterations
steady   [  45% ] 163/188 VUs  04m30.0s/10m0s  5.00 iters/s

running (04m31.0s), 164/188 VUs, 1053 complete and 0 interrupted iterations
steady   [  45% ] 164/188 VUs  04m31.0s/10m0s  5.00 iters/s

running (04m32.0s), 160/188 VUs, 1062 complete and 0 interrupted iterations
steady   [  45% ] 160/188 VUs  04m32.0s/10m0s  5.00 iters/s

running (04m33.0s), 156/188 VUs, 1071 complete and 0 interrupted iterations
steady   [  45% ] 156/188 VUs  04m33.0s/10m0s  5.00 iters/s

running (04m34.0s), 158/188 VUs, 1074 complete and 0 interrupted iterations
steady   [  46% ] 158/188 VUs  04m34.0s/10m0s  5.00 iters/s

running (04m35.0s), 157/188 VUs, 1080 complete and 0 interrupted iterations
steady   [  46% ] 157/188 VUs  04m35.0s/10m0s  5.00 iters/s

running (04m36.0s), 156/188 VUs, 1086 complete and 0 interrupted iterations
steady   [  46% ] 156/188 VUs  04m36.0s/10m0s  5.00 iters/s

running (04m37.0s), 161/188 VUs, 1086 complete and 0 interrupted iterations
steady   [  46% ] 161/188 VUs  04m37.0s/10m0s  5.00 iters/s

running (04m38.0s), 160/188 VUs, 1092 complete and 0 interrupted iterations
steady   [  46% ] 160/188 VUs  04m38.0s/10m0s  5.00 iters/s

running (04m39.0s), 163/188 VUs, 1094 complete and 0 interrupted iterations
steady   [  46% ] 163/188 VUs  04m39.0s/10m0s  5.00 iters/s

running (04m40.0s), 162/188 VUs, 1100 complete and 0 interrupted iterations
steady   [  47% ] 162/188 VUs  04m40.0s/10m0s  5.00 iters/s

running (04m41.0s), 167/188 VUs, 1100 complete and 0 interrupted iterations
steady   [  47% ] 167/188 VUs  04m41.0s/10m0s  5.00 iters/s

running (04m42.0s), 164/188 VUs, 1108 complete and 0 interrupted iterations
steady   [  47% ] 164/188 VUs  04m42.0s/10m0s  5.00 iters/s

running (04m43.0s), 169/188 VUs, 1108 complete and 0 interrupted iterations
steady   [  47% ] 169/188 VUs  04m43.0s/10m0s  5.00 iters/s

running (04m44.0s), 166/188 VUs, 1116 complete and 0 interrupted iterations
steady   [  47% ] 166/188 VUs  04m44.0s/10m0s  5.00 iters/s

running (04m45.0s), 165/188 VUs, 1122 complete and 0 interrupted iterations
steady   [  47% ] 165/188 VUs  04m45.0s/10m0s  5.00 iters/s

running (04m46.0s), 168/188 VUs, 1124 complete and 0 interrupted iterations
steady   [  48% ] 168/188 VUs  04m46.0s/10m0s  5.00 iters/s

running (04m47.0s), 173/188 VUs, 1124 complete and 0 interrupted iterations
steady   [  48% ] 173/188 VUs  04m47.0s/10m0s  5.00 iters/s

running (04m48.0s), 169/188 VUs, 1133 complete and 0 interrupted iterations
steady   [  48% ] 169/188 VUs  04m48.0s/10m0s  5.00 iters/s

running (04m49.0s), 174/188 VUs, 1133 complete and 0 interrupted iterations
steady   [  48% ] 174/188 VUs  04m49.0s/10m0s  5.00 iters/s

running (04m50.0s), 173/188 VUs, 1139 complete and 0 interrupted iterations
steady   [  48% ] 173/188 VUs  04m50.0s/10m0s  5.00 iters/s

running (04m51.0s), 173/188 VUs, 1144 complete and 0 interrupted iterations
steady   [  48% ] 173/188 VUs  04m51.0s/10m0s  5.00 iters/s

running (04m52.0s), 170/188 VUs, 1152 complete and 0 interrupted iterations
steady   [  49% ] 170/188 VUs  04m52.0s/10m0s  5.00 iters/s

running (04m53.0s), 163/188 VUs, 1164 complete and 0 interrupted iterations
steady   [  49% ] 163/188 VUs  04m53.0s/10m0s  5.00 iters/s

running (04m54.0s), 164/188 VUs, 1168 complete and 0 interrupted iterations
steady   [  49% ] 164/188 VUs  04m54.0s/10m0s  5.00 iters/s

running (04m55.0s), 162/188 VUs, 1175 complete and 0 interrupted iterations
steady   [  49% ] 162/188 VUs  04m55.0s/10m0s  5.00 iters/s

running (04m56.0s), 163/188 VUs, 1179 complete and 0 interrupted iterations
steady   [  49% ] 163/188 VUs  04m56.0s/10m0s  5.00 iters/s

running (04m57.0s), 168/188 VUs, 1179 complete and 0 interrupted iterations
steady   [  49% ] 168/188 VUs  04m57.0s/10m0s  5.00 iters/s

running (04m58.0s), 166/188 VUs, 1186 complete and 0 interrupted iterations
steady   [  50% ] 166/188 VUs  04m58.0s/10m0s  5.00 iters/s

running (04m59.0s), 165/188 VUs, 1192 complete and 0 interrupted iterations
steady   [  50% ] 165/188 VUs  04m59.0s/10m0s  5.00 iters/s

running (05m00.0s), 166/188 VUs, 1196 complete and 0 interrupted iterations
steady   [  50% ] 166/188 VUs  05m00.0s/10m0s  5.00 iters/s

running (05m01.0s), 167/188 VUs, 1200 complete and 0 interrupted iterations
steady   [  50% ] 167/188 VUs  05m01.0s/10m0s  5.00 iters/s

running (05m02.0s), 169/188 VUs, 1203 complete and 0 interrupted iterations
steady   [  50% ] 169/188 VUs  05m02.0s/10m0s  5.00 iters/s

running (05m03.0s), 171/188 VUs, 1206 complete and 0 interrupted iterations
steady   [  50% ] 171/188 VUs  05m03.0s/10m0s  5.00 iters/s

running (05m04.0s), 169/188 VUs, 1213 complete and 0 interrupted iterations
steady   [  51% ] 169/188 VUs  05m04.0s/10m0s  5.00 iters/s

running (05m05.0s), 165/188 VUs, 1222 complete and 0 interrupted iterations
steady   [  51% ] 165/188 VUs  05m05.0s/10m0s  5.00 iters/s

running (05m06.0s), 162/188 VUs, 1230 complete and 0 interrupted iterations
steady   [  51% ] 162/188 VUs  05m06.0s/10m0s  5.00 iters/s

running (05m07.0s), 163/188 VUs, 1234 complete and 0 interrupted iterations
steady   [  51% ] 163/188 VUs  05m07.0s/10m0s  5.00 iters/s

running (05m08.0s), 162/188 VUs, 1240 complete and 0 interrupted iterations
steady   [  51% ] 162/188 VUs  05m08.0s/10m0s  5.00 iters/s

running (05m09.0s), 167/188 VUs, 1240 complete and 0 interrupted iterations
steady   [  51% ] 167/188 VUs  05m09.0s/10m0s  5.00 iters/s

running (05m10.0s), 164/188 VUs, 1248 complete and 0 interrupted iterations
steady   [  52% ] 164/188 VUs  05m10.0s/10m0s  5.00 iters/s

running (05m11.0s), 169/188 VUs, 1248 complete and 0 interrupted iterations
steady   [  52% ] 169/188 VUs  05m11.0s/10m0s  5.00 iters/s

running (05m12.0s), 169/188 VUs, 1253 complete and 0 interrupted iterations
steady   [  52% ] 169/188 VUs  05m12.0s/10m0s  5.00 iters/s

running (05m13.0s), 174/188 VUs, 1253 complete and 0 interrupted iterations
steady   [  52% ] 174/188 VUs  05m13.0s/10m0s  5.00 iters/s

running (05m14.0s), 175/188 VUs, 1257 complete and 0 interrupted iterations
steady   [  52% ] 175/188 VUs  05m14.0s/10m0s  5.00 iters/s

running (05m15.0s), 168/188 VUs, 1269 complete and 0 interrupted iterations
steady   [  52% ] 168/188 VUs  05m15.0s/10m0s  5.00 iters/s

running (05m16.0s), 164/188 VUs, 1278 complete and 0 interrupted iterations
steady   [  53% ] 164/188 VUs  05m16.0s/10m0s  5.00 iters/s

running (05m17.0s), 160/188 VUs, 1287 complete and 0 interrupted iterations
steady   [  53% ] 160/188 VUs  05m17.0s/10m0s  5.00 iters/s

running (05m18.0s), 159/188 VUs, 1293 complete and 0 interrupted iterations
steady   [  53% ] 159/188 VUs  05m18.0s/10m0s  5.00 iters/s

running (05m19.0s), 162/188 VUs, 1295 complete and 0 interrupted iterations
steady   [  53% ] 162/188 VUs  05m19.0s/10m0s  5.00 iters/s

running (05m20.0s), 167/188 VUs, 1295 complete and 0 interrupted iterations
steady   [  53% ] 167/188 VUs  05m20.0s/10m0s  5.00 iters/s

running (05m21.0s), 166/188 VUs, 1301 complete and 0 interrupted iterations
steady   [  53% ] 166/188 VUs  05m21.0s/10m0s  5.00 iters/s

running (05m22.0s), 171/188 VUs, 1301 complete and 0 interrupted iterations
steady   [  54% ] 171/188 VUs  05m22.0s/10m0s  5.00 iters/s

running (05m23.0s), 175/188 VUs, 1302 complete and 0 interrupted iterations
steady   [  54% ] 175/188 VUs  05m23.0s/10m0s  5.00 iters/s

running (05m24.0s), 169/188 VUs, 1313 complete and 0 interrupted iterations
steady   [  54% ] 169/188 VUs  05m24.0s/10m0s  5.00 iters/s

running (05m25.0s), 167/188 VUs, 1320 complete and 0 interrupted iterations
steady   [  54% ] 167/188 VUs  05m25.0s/10m0s  5.00 iters/s

running (05m26.0s), 167/188 VUs, 1325 complete and 0 interrupted iterations
steady   [  54% ] 167/188 VUs  05m26.0s/10m0s  5.00 iters/s

running (05m27.0s), 170/188 VUs, 1327 complete and 0 interrupted iterations
steady   [  54% ] 170/188 VUs  05m27.0s/10m0s  5.00 iters/s

running (05m28.0s), 168/188 VUs, 1334 complete and 0 interrupted iterations
steady   [  55% ] 168/188 VUs  05m28.0s/10m0s  5.00 iters/s

running (05m29.0s), 166/188 VUs, 1341 complete and 0 interrupted iterations
steady   [  55% ] 166/188 VUs  05m29.0s/10m0s  5.00 iters/s

running (05m30.0s), 167/188 VUs, 1345 complete and 0 interrupted iterations
steady   [  55% ] 167/188 VUs  05m30.0s/10m0s  5.00 iters/s

running (05m31.0s), 165/188 VUs, 1352 complete and 0 interrupted iterations
steady   [  55% ] 165/188 VUs  05m31.0s/10m0s  5.00 iters/s

running (05m32.0s), 167/188 VUs, 1355 complete and 0 interrupted iterations
steady   [  55% ] 167/188 VUs  05m32.0s/10m0s  5.00 iters/s

running (05m33.0s), 166/188 VUs, 1361 complete and 0 interrupted iterations
steady   [  55% ] 166/188 VUs  05m33.0s/10m0s  5.00 iters/s

running (05m34.0s), 171/188 VUs, 1361 complete and 0 interrupted iterations
steady   [  56% ] 171/188 VUs  05m34.0s/10m0s  5.00 iters/s

running (05m35.0s), 170/188 VUs, 1367 complete and 0 interrupted iterations
steady   [  56% ] 170/188 VUs  05m35.0s/10m0s  5.00 iters/s

running (05m36.0s), 174/188 VUs, 1368 complete and 0 interrupted iterations
steady   [  56% ] 174/188 VUs  05m36.0s/10m0s  5.00 iters/s

running (05m37.0s), 174/188 VUs, 1373 complete and 0 interrupted iterations
steady   [  56% ] 174/188 VUs  05m37.0s/10m0s  5.00 iters/s

running (05m38.0s), 171/188 VUs, 1381 complete and 0 interrupted iterations
steady   [  56% ] 171/188 VUs  05m38.0s/10m0s  5.00 iters/s

running (05m39.0s), 171/188 VUs, 1386 complete and 0 interrupted iterations
steady   [  56% ] 171/188 VUs  05m39.0s/10m0s  5.00 iters/s

running (05m40.0s), 169/188 VUs, 1393 complete and 0 interrupted iterations
steady   [  57% ] 169/188 VUs  05m40.0s/10m0s  5.00 iters/s

running (05m41.0s), 169/188 VUs, 1398 complete and 0 interrupted iterations
steady   [  57% ] 169/188 VUs  05m41.0s/10m0s  5.00 iters/s

running (05m42.0s), 169/188 VUs, 1403 complete and 0 interrupted iterations
steady   [  57% ] 169/188 VUs  05m42.0s/10m0s  5.00 iters/s

running (05m43.0s), 169/188 VUs, 1408 complete and 0 interrupted iterations
steady   [  57% ] 169/188 VUs  05m43.0s/10m0s  5.00 iters/s

running (05m44.0s), 170/188 VUs, 1412 complete and 0 interrupted iterations
steady   [  57% ] 170/188 VUs  05m44.0s/10m0s  5.00 iters/s

running (05m45.0s), 168/188 VUs, 1419 complete and 0 interrupted iterations
steady   [  57% ] 168/188 VUs  05m45.0s/10m0s  5.00 iters/s

running (05m46.0s), 171/188 VUs, 1421 complete and 0 interrupted iterations
steady   [  58% ] 171/188 VUs  05m46.0s/10m0s  5.00 iters/s

running (05m47.0s), 165/188 VUs, 1432 complete and 0 interrupted iterations
steady   [  58% ] 165/188 VUs  05m47.0s/10m0s  5.00 iters/s

running (05m48.0s), 167/188 VUs, 1435 complete and 0 interrupted iterations
steady   [  58% ] 167/188 VUs  05m48.0s/10m0s  5.00 iters/s

running (05m49.0s), 166/188 VUs, 1441 complete and 0 interrupted iterations
steady   [  58% ] 166/188 VUs  05m49.0s/10m0s  5.00 iters/s

running (05m50.0s), 162/188 VUs, 1450 complete and 0 interrupted iterations
steady   [  58% ] 162/188 VUs  05m50.0s/10m0s  5.00 iters/s

running (05m51.0s), 164/188 VUs, 1453 complete and 0 interrupted iterations
steady   [  58% ] 164/188 VUs  05m51.0s/10m0s  5.00 iters/s

running (05m52.0s), 169/188 VUs, 1453 complete and 0 interrupted iterations
steady   [  59% ] 169/188 VUs  05m52.0s/10m0s  5.00 iters/s

running (05m53.0s), 169/188 VUs, 1458 complete and 0 interrupted iterations
steady   [  59% ] 169/188 VUs  05m53.0s/10m0s  5.00 iters/s

running (05m54.0s), 169/188 VUs, 1463 complete and 0 interrupted iterations
steady   [  59% ] 169/188 VUs  05m54.0s/10m0s  5.00 iters/s

running (05m55.0s), 167/188 VUs, 1470 complete and 0 interrupted iterations
steady   [  59% ] 167/188 VUs  05m55.0s/10m0s  5.00 iters/s

running (05m56.0s), 171/188 VUs, 1471 complete and 0 interrupted iterations
steady   [  59% ] 171/188 VUs  05m56.0s/10m0s  5.00 iters/s

running (05m57.0s), 176/188 VUs, 1471 complete and 0 interrupted iterations
steady   [  59% ] 176/188 VUs  05m57.0s/10m0s  5.00 iters/s

running (05m58.0s), 172/188 VUs, 1480 complete and 0 interrupted iterations
steady   [  60% ] 172/188 VUs  05m58.0s/10m0s  5.00 iters/s

running (05m59.0s), 169/188 VUs, 1488 complete and 0 interrupted iterations
steady   [  60% ] 169/188 VUs  05m59.0s/10m0s  5.00 iters/s

running (06m00.0s), 174/188 VUs, 1488 complete and 0 interrupted iterations
steady   [  60% ] 174/188 VUs  06m00.0s/10m0s  5.00 iters/s

running (06m01.0s), 179/188 VUs, 1488 complete and 0 interrupted iterations
steady   [  60% ] 179/188 VUs  06m01.0s/10m0s  5.00 iters/s

running (06m02.0s), 175/188 VUs, 1497 complete and 0 interrupted iterations
steady   [  60% ] 175/188 VUs  06m02.0s/10m0s  5.00 iters/s

running (06m03.0s), 177/188 VUs, 1500 complete and 0 interrupted iterations
steady   [  60% ] 177/188 VUs  06m03.0s/10m0s  5.00 iters/s

running (06m04.0s), 179/188 VUs, 1503 complete and 0 interrupted iterations
steady   [  61% ] 179/188 VUs  06m04.0s/10m0s  5.00 iters/s

running (06m05.0s), 184/188 VUs, 1503 complete and 0 interrupted iterations
steady   [  61% ] 184/188 VUs  06m05.0s/10m0s  5.00 iters/s

running (06m06.0s), 183/188 VUs, 1509 complete and 0 interrupted iterations
steady   [  61% ] 183/188 VUs  06m06.0s/10m0s  5.00 iters/s

running (06m07.0s), 181/188 VUs, 1516 complete and 0 interrupted iterations
steady   [  61% ] 181/188 VUs  06m07.0s/10m0s  5.00 iters/s

running (06m08.0s), 185/188 VUs, 1517 complete and 0 interrupted iterations
steady   [  61% ] 185/188 VUs  06m08.0s/10m0s  5.00 iters/s

running (06m09.0s), 178/188 VUs, 1529 complete and 0 interrupted iterations
steady   [  61% ] 178/188 VUs  06m09.0s/10m0s  5.00 iters/s

running (06m10.0s), 174/188 VUs, 1538 complete and 0 interrupted iterations
steady   [  62% ] 174/188 VUs  06m10.0s/10m0s  5.00 iters/s

running (06m11.0s), 171/188 VUs, 1546 complete and 0 interrupted iterations
steady   [  62% ] 171/188 VUs  06m11.0s/10m0s  5.00 iters/s

running (06m12.0s), 170/188 VUs, 1552 complete and 0 interrupted iterations
steady   [  62% ] 170/188 VUs  06m12.0s/10m0s  5.00 iters/s

running (06m13.0s), 167/188 VUs, 1560 complete and 0 interrupted iterations
steady   [  62% ] 167/188 VUs  06m13.0s/10m0s  5.00 iters/s

running (06m14.0s), 166/188 VUs, 1566 complete and 0 interrupted iterations
steady   [  62% ] 166/188 VUs  06m14.0s/10m0s  5.00 iters/s

running (06m15.0s), 171/188 VUs, 1566 complete and 0 interrupted iterations
steady   [  62% ] 171/188 VUs  06m15.0s/10m0s  5.00 iters/s

running (06m16.0s), 171/188 VUs, 1571 complete and 0 interrupted iterations
steady   [  63% ] 171/188 VUs  06m16.0s/10m0s  5.00 iters/s

running (06m17.0s), 168/188 VUs, 1579 complete and 0 interrupted iterations
steady   [  63% ] 168/188 VUs  06m17.0s/10m0s  5.00 iters/s

running (06m18.0s), 170/188 VUs, 1582 complete and 0 interrupted iterations
steady   [  63% ] 170/188 VUs  06m18.0s/10m0s  5.00 iters/s

running (06m19.0s), 167/188 VUs, 1590 complete and 0 interrupted iterations
steady   [  63% ] 167/188 VUs  06m19.0s/10m0s  5.00 iters/s

running (06m20.0s), 168/188 VUs, 1594 complete and 0 interrupted iterations
steady   [  63% ] 168/188 VUs  06m20.0s/10m0s  5.00 iters/s

running (06m21.0s), 170/188 VUs, 1597 complete and 0 interrupted iterations
steady   [  63% ] 170/188 VUs  06m21.0s/10m0s  5.00 iters/s

running (06m22.0s), 175/188 VUs, 1597 complete and 0 interrupted iterations
steady   [  64% ] 175/188 VUs  06m22.0s/10m0s  5.00 iters/s

running (06m23.0s), 170/188 VUs, 1607 complete and 0 interrupted iterations
steady   [  64% ] 170/188 VUs  06m23.0s/10m0s  5.00 iters/s

running (06m24.0s), 171/188 VUs, 1611 complete and 0 interrupted iterations
steady   [  64% ] 171/188 VUs  06m24.0s/10m0s  5.00 iters/s

running (06m25.0s), 170/188 VUs, 1617 complete and 0 interrupted iterations
steady   [  64% ] 170/188 VUs  06m25.0s/10m0s  5.00 iters/s

running (06m26.0s), 167/188 VUs, 1625 complete and 0 interrupted iterations
steady   [  64% ] 167/188 VUs  06m26.0s/10m0s  5.00 iters/s

running (06m27.0s), 170/188 VUs, 1627 complete and 0 interrupted iterations
steady   [  64% ] 170/188 VUs  06m27.0s/10m0s  5.00 iters/s

running (06m28.0s), 170/188 VUs, 1632 complete and 0 interrupted iterations
steady   [  65% ] 170/188 VUs  06m28.0s/10m0s  5.00 iters/s

running (06m29.0s), 170/188 VUs, 1637 complete and 0 interrupted iterations
steady   [  65% ] 170/188 VUs  06m29.0s/10m0s  5.00 iters/s

running (06m30.0s), 169/188 VUs, 1643 complete and 0 interrupted iterations
steady   [  65% ] 169/188 VUs  06m30.0s/10m0s  5.00 iters/s

running (06m31.0s), 169/188 VUs, 1648 complete and 0 interrupted iterations
steady   [  65% ] 169/188 VUs  06m31.0s/10m0s  5.00 iters/s

running (06m32.0s), 171/188 VUs, 1651 complete and 0 interrupted iterations
steady   [  65% ] 171/188 VUs  06m32.0s/10m0s  5.00 iters/s

running (06m33.0s), 176/188 VUs, 1651 complete and 0 interrupted iterations
steady   [  65% ] 176/188 VUs  06m33.0s/10m0s  5.00 iters/s

running (06m34.0s), 176/188 VUs, 1656 complete and 0 interrupted iterations
steady   [  66% ] 176/188 VUs  06m34.0s/10m0s  5.00 iters/s

running (06m35.0s), 175/188 VUs, 1662 complete and 0 interrupted iterations
steady   [  66% ] 175/188 VUs  06m35.0s/10m0s  5.00 iters/s

running (06m36.0s), 175/188 VUs, 1667 complete and 0 interrupted iterations
steady   [  66% ] 175/188 VUs  06m36.0s/10m0s  5.00 iters/s

running (06m37.0s), 180/188 VUs, 1667 complete and 0 interrupted iterations
steady   [  66% ] 180/188 VUs  06m37.0s/10m0s  5.00 iters/s

running (06m38.0s), 185/188 VUs, 1667 complete and 0 interrupted iterations
steady   [  66% ] 185/188 VUs  06m38.0s/10m0s  5.00 iters/s

running (06m39.0s), 189/189 VUs, 1667 complete and 0 interrupted iterations
steady   [  66% ] 189/189 VUs  06m39.0s/10m0s  5.00 iters/s

running (06m40.0s), 179/189 VUs, 1682 complete and 0 interrupted iterations
steady   [  67% ] 179/189 VUs  06m40.0s/10m0s  5.00 iters/s

running (06m41.0s), 176/189 VUs, 1690 complete and 0 interrupted iterations
steady   [  67% ] 176/189 VUs  06m41.0s/10m0s  5.00 iters/s

running (06m42.0s), 181/189 VUs, 1690 complete and 0 interrupted iterations
steady   [  67% ] 181/189 VUs  06m42.0s/10m0s  5.00 iters/s

running (06m43.0s), 186/189 VUs, 1690 complete and 0 interrupted iterations
steady   [  67% ] 186/189 VUs  06m43.0s/10m0s  5.00 iters/s

running (06m44.0s), 179/189 VUs, 1702 complete and 0 interrupted iterations
steady   [  67% ] 179/189 VUs  06m44.0s/10m0s  5.00 iters/s

running (06m45.0s), 173/189 VUs, 1713 complete and 0 interrupted iterations
steady   [  67% ] 173/189 VUs  06m45.0s/10m0s  5.00 iters/s

running (06m46.0s), 178/189 VUs, 1713 complete and 0 interrupted iterations
steady   [  68% ] 178/189 VUs  06m46.0s/10m0s  5.00 iters/s

running (06m47.0s), 177/189 VUs, 1719 complete and 0 interrupted iterations
steady   [  68% ] 177/189 VUs  06m47.0s/10m0s  5.00 iters/s

running (06m48.0s), 175/189 VUs, 1726 complete and 0 interrupted iterations
steady   [  68% ] 175/189 VUs  06m48.0s/10m0s  5.00 iters/s

running (06m49.0s), 180/189 VUs, 1726 complete and 0 interrupted iterations
steady   [  68% ] 180/189 VUs  06m49.0s/10m0s  5.00 iters/s

running (06m50.0s), 172/189 VUs, 1739 complete and 0 interrupted iterations
steady   [  68% ] 172/189 VUs  06m50.0s/10m0s  5.00 iters/s

running (06m51.0s), 174/189 VUs, 1742 complete and 0 interrupted iterations
steady   [  68% ] 174/189 VUs  06m51.0s/10m0s  5.00 iters/s

running (06m52.0s), 179/189 VUs, 1742 complete and 0 interrupted iterations
steady   [  69% ] 179/189 VUs  06m52.0s/10m0s  5.00 iters/s

running (06m53.0s), 173/189 VUs, 1753 complete and 0 interrupted iterations
steady   [  69% ] 173/189 VUs  06m53.0s/10m0s  5.00 iters/s

running (06m54.0s), 172/189 VUs, 1759 complete and 0 interrupted iterations
steady   [  69% ] 172/189 VUs  06m54.0s/10m0s  5.00 iters/s

running (06m55.0s), 177/189 VUs, 1759 complete and 0 interrupted iterations
steady   [  69% ] 177/189 VUs  06m55.0s/10m0s  5.00 iters/s

running (06m56.0s), 170/189 VUs, 1771 complete and 0 interrupted iterations
steady   [  69% ] 170/189 VUs  06m56.0s/10m0s  5.00 iters/s

running (06m57.0s), 167/189 VUs, 1779 complete and 0 interrupted iterations
steady   [  69% ] 167/189 VUs  06m57.0s/10m0s  5.00 iters/s

running (06m58.0s), 166/189 VUs, 1785 complete and 0 interrupted iterations
steady   [  70% ] 166/189 VUs  06m58.0s/10m0s  5.00 iters/s

running (06m59.0s), 163/189 VUs, 1793 complete and 0 interrupted iterations
steady   [  70% ] 163/189 VUs  06m59.0s/10m0s  5.00 iters/s

running (07m00.0s), 162/189 VUs, 1799 complete and 0 interrupted iterations
steady   [  70% ] 162/189 VUs  07m00.0s/10m0s  5.00 iters/s

running (07m01.0s), 167/189 VUs, 1799 complete and 0 interrupted iterations
steady   [  70% ] 167/189 VUs  07m01.0s/10m0s  5.00 iters/s

running (07m02.0s), 168/189 VUs, 1803 complete and 0 interrupted iterations
steady   [  70% ] 168/189 VUs  07m02.0s/10m0s  5.00 iters/s

running (07m03.0s), 173/189 VUs, 1803 complete and 0 interrupted iterations
steady   [  70% ] 173/189 VUs  07m03.0s/10m0s  5.00 iters/s

running (07m04.0s), 173/189 VUs, 1808 complete and 0 interrupted iterations
steady   [  71% ] 173/189 VUs  07m04.0s/10m0s  5.00 iters/s

running (07m05.0s), 178/189 VUs, 1808 complete and 0 interrupted iterations
steady   [  71% ] 178/189 VUs  07m05.0s/10m0s  5.00 iters/s

running (07m06.0s), 179/189 VUs, 1812 complete and 0 interrupted iterations
steady   [  71% ] 179/189 VUs  07m06.0s/10m0s  5.00 iters/s

running (07m07.0s), 175/189 VUs, 1821 complete and 0 interrupted iterations
steady   [  71% ] 175/189 VUs  07m07.0s/10m0s  5.00 iters/s

running (07m08.0s), 176/189 VUs, 1825 complete and 0 interrupted iterations
steady   [  71% ] 176/189 VUs  07m08.0s/10m0s  5.00 iters/s

running (07m09.0s), 176/189 VUs, 1830 complete and 0 interrupted iterations
steady   [  71% ] 176/189 VUs  07m09.0s/10m0s  5.00 iters/s

running (07m10.0s), 168/189 VUs, 1843 complete and 0 interrupted iterations
steady   [  72% ] 168/189 VUs  07m10.0s/10m0s  5.00 iters/s

running (07m11.0s), 168/189 VUs, 1848 complete and 0 interrupted iterations
steady   [  72% ] 168/189 VUs  07m11.0s/10m0s  5.00 iters/s

running (07m12.0s), 173/189 VUs, 1848 complete and 0 interrupted iterations
steady   [  72% ] 173/189 VUs  07m12.0s/10m0s  5.00 iters/s

running (07m13.0s), 169/189 VUs, 1857 complete and 0 interrupted iterations
steady   [  72% ] 169/189 VUs  07m13.0s/10m0s  5.00 iters/s

running (07m14.0s), 167/189 VUs, 1864 complete and 0 interrupted iterations
steady   [  72% ] 167/189 VUs  07m14.0s/10m0s  5.00 iters/s

running (07m15.0s), 168/189 VUs, 1868 complete and 0 interrupted iterations
steady   [  72% ] 168/189 VUs  07m15.0s/10m0s  5.00 iters/s

running (07m16.0s), 173/189 VUs, 1868 complete and 0 interrupted iterations
steady   [  73% ] 173/189 VUs  07m16.0s/10m0s  5.00 iters/s

running (07m17.0s), 178/189 VUs, 1868 complete and 0 interrupted iterations
steady   [  73% ] 178/189 VUs  07m17.0s/10m0s  5.00 iters/s

running (07m18.0s), 171/189 VUs, 1880 complete and 0 interrupted iterations
steady   [  73% ] 171/189 VUs  07m18.0s/10m0s  5.00 iters/s

running (07m19.0s), 176/189 VUs, 1880 complete and 0 interrupted iterations
steady   [  73% ] 176/189 VUs  07m19.0s/10m0s  5.00 iters/s

running (07m20.0s), 181/189 VUs, 1880 complete and 0 interrupted iterations
steady   [  73% ] 181/189 VUs  07m20.0s/10m0s  5.00 iters/s

running (07m21.0s), 176/189 VUs, 1890 complete and 0 interrupted iterations
steady   [  73% ] 176/189 VUs  07m21.0s/10m0s  5.00 iters/s

running (07m22.0s), 179/189 VUs, 1892 complete and 0 interrupted iterations
steady   [  74% ] 179/189 VUs  07m22.0s/10m0s  5.00 iters/s

running (07m23.0s), 173/189 VUs, 1903 complete and 0 interrupted iterations
steady   [  74% ] 173/189 VUs  07m23.0s/10m0s  5.00 iters/s

running (07m24.0s), 174/189 VUs, 1907 complete and 0 interrupted iterations
steady   [  74% ] 174/189 VUs  07m24.0s/10m0s  5.00 iters/s

running (07m25.0s), 171/189 VUs, 1915 complete and 0 interrupted iterations
steady   [  74% ] 171/189 VUs  07m25.0s/10m0s  5.00 iters/s

running (07m26.0s), 171/189 VUs, 1920 complete and 0 interrupted iterations
steady   [  74% ] 171/189 VUs  07m26.0s/10m0s  5.00 iters/s

running (07m27.0s), 170/189 VUs, 1926 complete and 0 interrupted iterations
steady   [  74% ] 170/189 VUs  07m27.0s/10m0s  5.00 iters/s

running (07m28.0s), 169/189 VUs, 1932 complete and 0 interrupted iterations
steady   [  75% ] 169/189 VUs  07m28.0s/10m0s  5.00 iters/s

running (07m29.0s), 168/189 VUs, 1938 complete and 0 interrupted iterations
steady   [  75% ] 168/189 VUs  07m29.0s/10m0s  5.00 iters/s

running (07m30.0s), 169/189 VUs, 1942 complete and 0 interrupted iterations
steady   [  75% ] 169/189 VUs  07m30.0s/10m0s  5.00 iters/s

running (07m31.0s), 169/189 VUs, 1947 complete and 0 interrupted iterations
steady   [  75% ] 169/189 VUs  07m31.0s/10m0s  5.00 iters/s

running (07m32.0s), 174/189 VUs, 1947 complete and 0 interrupted iterations
steady   [  75% ] 174/189 VUs  07m32.0s/10m0s  5.00 iters/s

running (07m33.0s), 174/189 VUs, 1952 complete and 0 interrupted iterations
steady   [  75% ] 174/189 VUs  07m33.0s/10m0s  5.00 iters/s

running (07m34.0s), 173/189 VUs, 1958 complete and 0 interrupted iterations
steady   [  76% ] 173/189 VUs  07m34.0s/10m0s  5.00 iters/s

running (07m35.0s), 168/189 VUs, 1968 complete and 0 interrupted iterations
steady   [  76% ] 168/189 VUs  07m35.0s/10m0s  5.00 iters/s

running (07m36.0s), 169/189 VUs, 1972 complete and 0 interrupted iterations
steady   [  76% ] 169/189 VUs  07m36.0s/10m0s  5.00 iters/s

running (07m37.0s), 172/189 VUs, 1974 complete and 0 interrupted iterations
steady   [  76% ] 172/189 VUs  07m37.0s/10m0s  5.00 iters/s

running (07m38.0s), 177/189 VUs, 1974 complete and 0 interrupted iterations
steady   [  76% ] 177/189 VUs  07m38.0s/10m0s  5.00 iters/s

running (07m39.0s), 173/189 VUs, 1983 complete and 0 interrupted iterations
steady   [  76% ] 173/189 VUs  07m39.0s/10m0s  5.00 iters/s

running (07m40.0s), 171/189 VUs, 1990 complete and 0 interrupted iterations
steady   [  77% ] 171/189 VUs  07m40.0s/10m0s  5.00 iters/s

running (07m41.0s), 171/189 VUs, 1995 complete and 0 interrupted iterations
steady   [  77% ] 171/189 VUs  07m41.0s/10m0s  5.00 iters/s

running (07m42.0s), 172/189 VUs, 1999 complete and 0 interrupted iterations
steady   [  77% ] 172/189 VUs  07m42.0s/10m0s  5.00 iters/s

running (07m43.0s), 177/189 VUs, 1999 complete and 0 interrupted iterations
steady   [  77% ] 177/189 VUs  07m43.0s/10m0s  5.00 iters/s

running (07m44.0s), 181/189 VUs, 2000 complete and 0 interrupted iterations
steady   [  77% ] 181/189 VUs  07m44.0s/10m0s  5.00 iters/s

running (07m45.0s), 167/189 VUs, 2019 complete and 0 interrupted iterations
steady   [  77% ] 167/189 VUs  07m45.0s/10m0s  5.00 iters/s

running (07m46.0s), 170/189 VUs, 2021 complete and 0 interrupted iterations
steady   [  78% ] 170/189 VUs  07m46.0s/10m0s  5.00 iters/s

running (07m47.0s), 166/189 VUs, 2030 complete and 0 interrupted iterations
steady   [  78% ] 166/189 VUs  07m47.0s/10m0s  5.00 iters/s

running (07m48.0s), 165/189 VUs, 2036 complete and 0 interrupted iterations
steady   [  78% ] 165/189 VUs  07m48.0s/10m0s  5.00 iters/s

running (07m49.0s), 169/189 VUs, 2037 complete and 0 interrupted iterations
steady   [  78% ] 169/189 VUs  07m49.0s/10m0s  5.00 iters/s

running (07m50.0s), 170/189 VUs, 2041 complete and 0 interrupted iterations
steady   [  78% ] 170/189 VUs  07m50.0s/10m0s  5.00 iters/s

running (07m51.0s), 174/189 VUs, 2042 complete and 0 interrupted iterations
steady   [  78% ] 174/189 VUs  07m51.0s/10m0s  5.00 iters/s

running (07m52.0s), 179/189 VUs, 2042 complete and 0 interrupted iterations
steady   [  79% ] 179/189 VUs  07m52.0s/10m0s  5.00 iters/s

running (07m53.0s), 184/189 VUs, 2042 complete and 0 interrupted iterations
steady   [  79% ] 184/189 VUs  07m53.0s/10m0s  5.00 iters/s

running (07m54.0s), 178/189 VUs, 2053 complete and 0 interrupted iterations
steady   [  79% ] 178/189 VUs  07m54.0s/10m0s  5.00 iters/s

running (07m55.0s), 171/189 VUs, 2065 complete and 0 interrupted iterations
steady   [  79% ] 171/189 VUs  07m55.0s/10m0s  5.00 iters/s

running (07m56.0s), 176/189 VUs, 2065 complete and 0 interrupted iterations
steady   [  79% ] 176/189 VUs  07m56.0s/10m0s  5.00 iters/s

running (07m57.0s), 175/189 VUs, 2071 complete and 0 interrupted iterations
steady   [  79% ] 175/189 VUs  07m57.0s/10m0s  5.00 iters/s

running (07m58.0s), 167/189 VUs, 2084 complete and 0 interrupted iterations
steady   [  80% ] 167/189 VUs  07m58.0s/10m0s  5.00 iters/s

running (07m59.0s), 172/189 VUs, 2084 complete and 0 interrupted iterations
steady   [  80% ] 172/189 VUs  07m59.0s/10m0s  5.00 iters/s

running (08m00.0s), 177/189 VUs, 2084 complete and 0 interrupted iterations
steady   [  80% ] 177/189 VUs  08m00.0s/10m0s  5.00 iters/s

running (08m01.0s), 175/189 VUs, 2091 complete and 0 interrupted iterations
steady   [  80% ] 175/189 VUs  08m01.0s/10m0s  5.00 iters/s

running (08m02.0s), 176/189 VUs, 2095 complete and 0 interrupted iterations
steady   [  80% ] 176/189 VUs  08m02.0s/10m0s  5.00 iters/s

running (08m03.0s), 176/189 VUs, 2100 complete and 0 interrupted iterations
steady   [  80% ] 176/189 VUs  08m03.0s/10m0s  5.00 iters/s

running (08m04.0s), 181/189 VUs, 2100 complete and 0 interrupted iterations
steady   [  81% ] 181/189 VUs  08m04.0s/10m0s  5.00 iters/s

running (08m05.0s), 182/189 VUs, 2104 complete and 0 interrupted iterations
steady   [  81% ] 182/189 VUs  08m05.0s/10m0s  5.00 iters/s

running (08m06.0s), 184/189 VUs, 2107 complete and 0 interrupted iterations
steady   [  81% ] 184/189 VUs  08m06.0s/10m0s  5.00 iters/s

running (08m07.0s), 184/189 VUs, 2112 complete and 0 interrupted iterations
steady   [  81% ] 184/189 VUs  08m07.0s/10m0s  5.00 iters/s

running (08m08.0s), 184/189 VUs, 2117 complete and 0 interrupted iterations
steady   [  81% ] 184/189 VUs  08m08.0s/10m0s  5.00 iters/s

running (08m09.0s), 184/189 VUs, 2122 complete and 0 interrupted iterations
steady   [  81% ] 184/189 VUs  08m09.0s/10m0s  5.00 iters/s

running (08m10.0s), 185/189 VUs, 2126 complete and 0 interrupted iterations
steady   [  82% ] 185/189 VUs  08m10.0s/10m0s  5.00 iters/s

running (08m11.0s), 185/189 VUs, 2131 complete and 0 interrupted iterations
steady   [  82% ] 185/189 VUs  08m11.0s/10m0s  5.00 iters/s

running (08m12.0s), 187/189 VUs, 2134 complete and 0 interrupted iterations
steady   [  82% ] 187/189 VUs  08m12.0s/10m0s  5.00 iters/s

running (08m13.0s), 182/189 VUs, 2144 complete and 0 interrupted iterations
steady   [  82% ] 182/189 VUs  08m13.0s/10m0s  5.00 iters/s

running (08m14.0s), 179/189 VUs, 2152 complete and 0 interrupted iterations
steady   [  82% ] 179/189 VUs  08m14.0s/10m0s  5.00 iters/s

running (08m15.0s), 184/189 VUs, 2152 complete and 0 interrupted iterations
steady   [  82% ] 184/189 VUs  08m15.0s/10m0s  5.00 iters/s

running (08m16.0s), 189/189 VUs, 2152 complete and 0 interrupted iterations
steady   [  83% ] 189/189 VUs  08m16.0s/10m0s  5.00 iters/s

running (08m17.0s), 189/192 VUs, 2154 complete and 0 interrupted iterations
steady   [  83% ] 189/192 VUs  08m17.0s/10m0s  5.00 iters/s

running (08m18.0s), 177/192 VUs, 2171 complete and 0 interrupted iterations
steady   [  83% ] 177/192 VUs  08m18.0s/10m0s  5.00 iters/s

running (08m19.0s), 176/192 VUs, 2177 complete and 0 interrupted iterations
steady   [  83% ] 176/192 VUs  08m19.0s/10m0s  5.00 iters/s

running (08m20.0s), 177/192 VUs, 2181 complete and 0 interrupted iterations
steady   [  83% ] 177/192 VUs  08m20.0s/10m0s  5.00 iters/s

running (08m21.0s), 171/192 VUs, 2192 complete and 0 interrupted iterations
steady   [  83% ] 171/192 VUs  08m21.0s/10m0s  5.00 iters/s

running (08m22.0s), 165/192 VUs, 2203 complete and 0 interrupted iterations
steady   [  84% ] 165/192 VUs  08m22.0s/10m0s  5.00 iters/s

running (08m23.0s), 170/192 VUs, 2203 complete and 0 interrupted iterations
steady   [  84% ] 170/192 VUs  08m23.0s/10m0s  5.00 iters/s

running (08m24.0s), 174/192 VUs, 2204 complete and 0 interrupted iterations
steady   [  84% ] 174/192 VUs  08m24.0s/10m0s  5.00 iters/s

running (08m25.0s), 170/192 VUs, 2213 complete and 0 interrupted iterations
steady   [  84% ] 170/192 VUs  08m25.0s/10m0s  5.00 iters/s

running (08m26.0s), 170/192 VUs, 2218 complete and 0 interrupted iterations
steady   [  84% ] 170/192 VUs  08m26.0s/10m0s  5.00 iters/s

running (08m27.0s), 170/192 VUs, 2223 complete and 0 interrupted iterations
steady   [  84% ] 170/192 VUs  08m27.0s/10m0s  5.00 iters/s

running (08m28.0s), 175/192 VUs, 2223 complete and 0 interrupted iterations
steady   [  85% ] 175/192 VUs  08m28.0s/10m0s  5.00 iters/s

running (08m29.0s), 172/192 VUs, 2231 complete and 0 interrupted iterations
steady   [  85% ] 172/192 VUs  08m29.0s/10m0s  5.00 iters/s

running (08m30.0s), 177/192 VUs, 2231 complete and 0 interrupted iterations
steady   [  85% ] 177/192 VUs  08m30.0s/10m0s  5.00 iters/s

running (08m31.0s), 182/192 VUs, 2231 complete and 0 interrupted iterations
steady   [  85% ] 182/192 VUs  08m31.0s/10m0s  5.00 iters/s

running (08m32.0s), 187/192 VUs, 2231 complete and 0 interrupted iterations
steady   [  85% ] 187/192 VUs  08m32.0s/10m0s  5.00 iters/s

running (08m33.0s), 173/192 VUs, 2250 complete and 0 interrupted iterations
steady   [  85% ] 173/192 VUs  08m33.0s/10m0s  5.00 iters/s

running (08m34.0s), 174/192 VUs, 2254 complete and 0 interrupted iterations
steady   [  86% ] 174/192 VUs  08m34.0s/10m0s  5.00 iters/s

running (08m35.0s), 173/192 VUs, 2260 complete and 0 interrupted iterations
steady   [  86% ] 173/192 VUs  08m35.0s/10m0s  5.00 iters/s

running (08m36.0s), 168/192 VUs, 2270 complete and 0 interrupted iterations
steady   [  86% ] 168/192 VUs  08m36.0s/10m0s  5.00 iters/s

running (08m37.0s), 168/192 VUs, 2275 complete and 0 interrupted iterations
steady   [  86% ] 168/192 VUs  08m37.0s/10m0s  5.00 iters/s

running (08m38.0s), 169/192 VUs, 2279 complete and 0 interrupted iterations
steady   [  86% ] 169/192 VUs  08m38.0s/10m0s  5.00 iters/s

running (08m39.0s), 171/192 VUs, 2282 complete and 0 interrupted iterations
steady   [  86% ] 171/192 VUs  08m39.0s/10m0s  5.00 iters/s

running (08m40.0s), 167/192 VUs, 2291 complete and 0 interrupted iterations
steady   [  87% ] 167/192 VUs  08m40.0s/10m0s  5.00 iters/s

running (08m41.0s), 164/192 VUs, 2299 complete and 0 interrupted iterations
steady   [  87% ] 164/192 VUs  08m41.0s/10m0s  5.00 iters/s

running (08m42.0s), 162/192 VUs, 2306 complete and 0 interrupted iterations
steady   [  87% ] 162/192 VUs  08m42.0s/10m0s  5.00 iters/s

running (08m43.0s), 161/192 VUs, 2312 complete and 0 interrupted iterations
steady   [  87% ] 161/192 VUs  08m43.0s/10m0s  5.00 iters/s

running (08m44.0s), 159/192 VUs, 2319 complete and 0 interrupted iterations
steady   [  87% ] 159/192 VUs  08m44.0s/10m0s  5.00 iters/s

running (08m45.0s), 164/192 VUs, 2319 complete and 0 interrupted iterations
steady   [  87% ] 164/192 VUs  08m45.0s/10m0s  5.00 iters/s

running (08m46.0s), 165/192 VUs, 2323 complete and 0 interrupted iterations
steady   [  88% ] 165/192 VUs  08m46.0s/10m0s  5.00 iters/s

running (08m47.0s), 165/192 VUs, 2328 complete and 0 interrupted iterations
steady   [  88% ] 165/192 VUs  08m47.0s/10m0s  5.00 iters/s

running (08m48.0s), 165/192 VUs, 2333 complete and 0 interrupted iterations
steady   [  88% ] 165/192 VUs  08m48.0s/10m0s  5.00 iters/s

running (08m49.0s), 169/192 VUs, 2334 complete and 0 interrupted iterations
steady   [  88% ] 169/192 VUs  08m49.0s/10m0s  5.00 iters/s

running (08m50.0s), 174/192 VUs, 2334 complete and 0 interrupted iterations
steady   [  88% ] 174/192 VUs  08m50.0s/10m0s  5.00 iters/s

running (08m51.0s), 172/192 VUs, 2341 complete and 0 interrupted iterations
steady   [  88% ] 172/192 VUs  08m51.0s/10m0s  5.00 iters/s

running (08m52.0s), 177/192 VUs, 2341 complete and 0 interrupted iterations
steady   [  89% ] 177/192 VUs  08m52.0s/10m0s  5.00 iters/s

running (08m53.0s), 172/192 VUs, 2351 complete and 0 interrupted iterations
steady   [  89% ] 172/192 VUs  08m53.0s/10m0s  5.00 iters/s

running (08m54.0s), 169/192 VUs, 2359 complete and 0 interrupted iterations
steady   [  89% ] 169/192 VUs  08m54.0s/10m0s  5.00 iters/s

running (08m55.0s), 167/192 VUs, 2366 complete and 0 interrupted iterations
steady   [  89% ] 167/192 VUs  08m55.0s/10m0s  5.00 iters/s

running (08m56.0s), 163/192 VUs, 2375 complete and 0 interrupted iterations
steady   [  89% ] 163/192 VUs  08m56.0s/10m0s  5.00 iters/s

running (08m57.0s), 164/192 VUs, 2379 complete and 0 interrupted iterations
steady   [  89% ] 164/192 VUs  08m57.0s/10m0s  5.00 iters/s

running (08m58.0s), 164/192 VUs, 2384 complete and 0 interrupted iterations
steady   [  90% ] 164/192 VUs  08m58.0s/10m0s  5.00 iters/s

running (08m59.0s), 164/192 VUs, 2389 complete and 0 interrupted iterations
steady   [  90% ] 164/192 VUs  08m59.0s/10m0s  5.00 iters/s

running (09m00.0s), 167/192 VUs, 2391 complete and 0 interrupted iterations
steady   [  90% ] 167/192 VUs  09m00.0s/10m0s  5.00 iters/s

running (09m01.0s), 166/192 VUs, 2397 complete and 0 interrupted iterations
steady   [  90% ] 166/192 VUs  09m01.0s/10m0s  5.00 iters/s

running (09m02.0s), 170/192 VUs, 2398 complete and 0 interrupted iterations
steady   [  90% ] 170/192 VUs  09m02.0s/10m0s  5.00 iters/s

running (09m03.0s), 173/192 VUs, 2400 complete and 0 interrupted iterations
steady   [  90% ] 173/192 VUs  09m03.0s/10m0s  5.00 iters/s

running (09m04.0s), 174/192 VUs, 2404 complete and 0 interrupted iterations
steady   [  91% ] 174/192 VUs  09m04.0s/10m0s  5.00 iters/s

running (09m05.0s), 179/192 VUs, 2404 complete and 0 interrupted iterations
steady   [  91% ] 179/192 VUs  09m05.0s/10m0s  5.00 iters/s

running (09m06.0s), 184/192 VUs, 2404 complete and 0 interrupted iterations
steady   [  91% ] 184/192 VUs  09m06.0s/10m0s  5.00 iters/s

running (09m07.0s), 180/192 VUs, 2413 complete and 0 interrupted iterations
steady   [  91% ] 180/192 VUs  09m07.0s/10m0s  5.00 iters/s

running (09m08.0s), 185/192 VUs, 2413 complete and 0 interrupted iterations
steady   [  91% ] 185/192 VUs  09m08.0s/10m0s  5.00 iters/s

running (09m09.0s), 181/192 VUs, 2422 complete and 0 interrupted iterations
steady   [  91% ] 181/192 VUs  09m09.0s/10m0s  5.00 iters/s

running (09m10.0s), 182/192 VUs, 2426 complete and 0 interrupted iterations
steady   [  92% ] 182/192 VUs  09m10.0s/10m0s  5.00 iters/s

running (09m11.0s), 174/192 VUs, 2439 complete and 0 interrupted iterations
steady   [  92% ] 174/192 VUs  09m11.0s/10m0s  5.00 iters/s

running (09m12.0s), 176/192 VUs, 2442 complete and 0 interrupted iterations
steady   [  92% ] 176/192 VUs  09m12.0s/10m0s  5.00 iters/s

running (09m13.0s), 178/192 VUs, 2445 complete and 0 interrupted iterations
steady   [  92% ] 178/192 VUs  09m13.0s/10m0s  5.00 iters/s

running (09m14.0s), 169/192 VUs, 2459 complete and 0 interrupted iterations
steady   [  92% ] 169/192 VUs  09m14.0s/10m0s  5.00 iters/s

running (09m15.0s), 167/192 VUs, 2466 complete and 0 interrupted iterations
steady   [  92% ] 167/192 VUs  09m15.0s/10m0s  5.00 iters/s

running (09m16.0s), 165/192 VUs, 2473 complete and 0 interrupted iterations
steady   [  93% ] 165/192 VUs  09m16.0s/10m0s  5.00 iters/s

running (09m17.0s), 166/192 VUs, 2477 complete and 0 interrupted iterations
steady   [  93% ] 166/192 VUs  09m17.0s/10m0s  5.00 iters/s

running (09m18.0s), 167/192 VUs, 2481 complete and 0 interrupted iterations
steady   [  93% ] 167/192 VUs  09m18.0s/10m0s  5.00 iters/s

running (09m19.0s), 172/192 VUs, 2481 complete and 0 interrupted iterations
steady   [  93% ] 172/192 VUs  09m19.0s/10m0s  5.00 iters/s

running (09m20.0s), 177/192 VUs, 2481 complete and 0 interrupted iterations
steady   [  93% ] 177/192 VUs  09m20.0s/10m0s  5.00 iters/s

running (09m21.0s), 182/192 VUs, 2481 complete and 0 interrupted iterations
steady   [  93% ] 182/192 VUs  09m21.0s/10m0s  5.00 iters/s

running (09m22.0s), 182/192 VUs, 2486 complete and 0 interrupted iterations
steady   [  94% ] 182/192 VUs  09m22.0s/10m0s  5.00 iters/s

running (09m23.0s), 175/192 VUs, 2498 complete and 0 interrupted iterations
steady   [  94% ] 175/192 VUs  09m23.0s/10m0s  5.00 iters/s

running (09m24.0s), 171/192 VUs, 2507 complete and 0 interrupted iterations
steady   [  94% ] 171/192 VUs  09m24.0s/10m0s  5.00 iters/s

running (09m25.0s), 171/192 VUs, 2512 complete and 0 interrupted iterations
steady   [  94% ] 171/192 VUs  09m25.0s/10m0s  5.00 iters/s

running (09m26.0s), 173/192 VUs, 2515 complete and 0 interrupted iterations
steady   [  94% ] 173/192 VUs  09m26.0s/10m0s  5.00 iters/s

running (09m27.0s), 178/192 VUs, 2515 complete and 0 interrupted iterations
steady   [  94% ] 178/192 VUs  09m27.0s/10m0s  5.00 iters/s

running (09m28.0s), 171/192 VUs, 2527 complete and 0 interrupted iterations
steady   [  95% ] 171/192 VUs  09m28.0s/10m0s  5.00 iters/s

running (09m29.0s), 172/192 VUs, 2531 complete and 0 interrupted iterations
steady   [  95% ] 172/192 VUs  09m29.0s/10m0s  5.00 iters/s

running (09m30.0s), 177/192 VUs, 2531 complete and 0 interrupted iterations
steady   [  95% ] 177/192 VUs  09m30.0s/10m0s  5.00 iters/s

running (09m31.0s), 181/192 VUs, 2532 complete and 0 interrupted iterations
steady   [  95% ] 181/192 VUs  09m31.0s/10m0s  5.00 iters/s

running (09m32.0s), 175/192 VUs, 2543 complete and 0 interrupted iterations
steady   [  95% ] 175/192 VUs  09m32.0s/10m0s  5.00 iters/s

running (09m33.0s), 180/192 VUs, 2543 complete and 0 interrupted iterations
steady   [  95% ] 180/192 VUs  09m33.0s/10m0s  5.00 iters/s

running (09m34.0s), 177/192 VUs, 2551 complete and 0 interrupted iterations
steady   [  96% ] 177/192 VUs  09m34.0s/10m0s  5.00 iters/s

running (09m35.0s), 173/192 VUs, 2560 complete and 0 interrupted iterations
steady   [  96% ] 173/192 VUs  09m35.0s/10m0s  5.00 iters/s

running (09m36.0s), 173/192 VUs, 2565 complete and 0 interrupted iterations
steady   [  96% ] 173/192 VUs  09m36.0s/10m0s  5.00 iters/s

running (09m37.0s), 170/192 VUs, 2573 complete and 0 interrupted iterations
steady   [  96% ] 170/192 VUs  09m37.0s/10m0s  5.00 iters/s

running (09m38.0s), 169/192 VUs, 2579 complete and 0 interrupted iterations
steady   [  96% ] 169/192 VUs  09m38.0s/10m0s  5.00 iters/s

running (09m39.0s), 174/192 VUs, 2579 complete and 0 interrupted iterations
steady   [  96% ] 174/192 VUs  09m39.0s/10m0s  5.00 iters/s

running (09m40.0s), 179/192 VUs, 2579 complete and 0 interrupted iterations
steady   [  97% ] 179/192 VUs  09m40.0s/10m0s  5.00 iters/s

running (09m41.0s), 171/192 VUs, 2592 complete and 0 interrupted iterations
steady   [  97% ] 171/192 VUs  09m41.0s/10m0s  5.00 iters/s

running (09m42.0s), 169/192 VUs, 2599 complete and 0 interrupted iterations
steady   [  97% ] 169/192 VUs  09m42.0s/10m0s  5.00 iters/s

running (09m43.0s), 169/192 VUs, 2604 complete and 0 interrupted iterations
steady   [  97% ] 169/192 VUs  09m43.0s/10m0s  5.00 iters/s

running (09m44.0s), 166/192 VUs, 2612 complete and 0 interrupted iterations
steady   [  97% ] 166/192 VUs  09m44.0s/10m0s  5.00 iters/s

running (09m45.0s), 166/192 VUs, 2617 complete and 0 interrupted iterations
steady   [  97% ] 166/192 VUs  09m45.0s/10m0s  5.00 iters/s

running (09m46.0s), 164/192 VUs, 2624 complete and 0 interrupted iterations
steady   [  98% ] 164/192 VUs  09m46.0s/10m0s  5.00 iters/s

running (09m47.0s), 164/192 VUs, 2629 complete and 0 interrupted iterations
steady   [  98% ] 164/192 VUs  09m47.0s/10m0s  5.00 iters/s

running (09m48.0s), 163/192 VUs, 2635 complete and 0 interrupted iterations
steady   [  98% ] 163/192 VUs  09m48.0s/10m0s  5.00 iters/s

running (09m49.0s), 163/192 VUs, 2640 complete and 0 interrupted iterations
steady   [  98% ] 163/192 VUs  09m49.0s/10m0s  5.00 iters/s

running (09m50.0s), 163/192 VUs, 2645 complete and 0 interrupted iterations
steady   [  98% ] 163/192 VUs  09m50.0s/10m0s  5.00 iters/s

running (09m51.0s), 168/192 VUs, 2645 complete and 0 interrupted iterations
steady   [  98% ] 168/192 VUs  09m51.0s/10m0s  5.00 iters/s

running (09m52.0s), 166/192 VUs, 2652 complete and 0 interrupted iterations
steady   [  99% ] 166/192 VUs  09m52.0s/10m0s  5.00 iters/s

running (09m53.0s), 171/192 VUs, 2652 complete and 0 interrupted iterations
steady   [  99% ] 171/192 VUs  09m53.0s/10m0s  5.00 iters/s

running (09m54.0s), 168/192 VUs, 2660 complete and 0 interrupted iterations
steady   [  99% ] 168/192 VUs  09m54.0s/10m0s  5.00 iters/s

running (09m55.0s), 167/192 VUs, 2666 complete and 0 interrupted iterations
steady   [  99% ] 167/192 VUs  09m55.0s/10m0s  5.00 iters/s

running (09m56.0s), 162/192 VUs, 2676 complete and 0 interrupted iterations
steady   [  99% ] 162/192 VUs  09m56.0s/10m0s  5.00 iters/s

running (09m57.0s), 161/192 VUs, 2682 complete and 0 interrupted iterations
steady   [  99% ] 161/192 VUs  09m57.0s/10m0s  5.00 iters/s

running (09m58.0s), 162/192 VUs, 2686 complete and 0 interrupted iterations
steady   [ 100% ] 162/192 VUs  09m58.0s/10m0s  5.00 iters/s

running (09m59.0s), 161/192 VUs, 2692 complete and 0 interrupted iterations
steady   [ 100% ] 161/192 VUs  09m59.0s/10m0s  5.00 iters/s

running (10m00.0s), 163/192 VUs, 2695 complete and 0 interrupted iterations
steady   [ 100% ] 163/192 VUs  10m00.0s/10m0s  5.00 iters/s

running (10m01.0s), 159/192 VUs, 2700 complete and 0 interrupted iterations
steady ↓ [ 100% ] 164/192 VUs  10m0s  5.00 iters/s

running (10m02.0s), 159/192 VUs, 2700 complete and 0 interrupted iterations
steady ↓ [ 100% ] 164/192 VUs  10m0s  5.00 iters/s

running (10m03.0s), 156/192 VUs, 2703 complete and 0 interrupted iterations
steady ↓ [ 100% ] 164/192 VUs  10m0s  5.00 iters/s

running (10m04.0s), 155/192 VUs, 2704 complete and 0 interrupted iterations
steady ↓ [ 100% ] 164/192 VUs  10m0s  5.00 iters/s

running (10m05.0s), 152/192 VUs, 2707 complete and 0 interrupted iterations
steady ↓ [ 100% ] 164/192 VUs  10m0s  5.00 iters/s

running (10m06.0s), 149/192 VUs, 2710 complete and 0 interrupted iterations
steady ↓ [ 100% ] 164/192 VUs  10m0s  5.00 iters/s

running (10m07.0s), 146/192 VUs, 2713 complete and 0 interrupted iterations
steady ↓ [ 100% ] 164/192 VUs  10m0s  5.00 iters/s

running (10m08.0s), 140/192 VUs, 2719 complete and 0 interrupted iterations
steady ↓ [ 100% ] 164/192 VUs  10m0s  5.00 iters/s

running (10m09.0s), 134/192 VUs, 2725 complete and 0 interrupted iterations
steady ↓ [ 100% ] 164/192 VUs  10m0s  5.00 iters/s

running (10m10.0s), 126/192 VUs, 2733 complete and 0 interrupted iterations
steady ↓ [ 100% ] 164/192 VUs  10m0s  5.00 iters/s

running (10m11.0s), 120/192 VUs, 2739 complete and 0 interrupted iterations
steady ↓ [ 100% ] 164/192 VUs  10m0s  5.00 iters/s

running (10m12.0s), 115/192 VUs, 2744 complete and 0 interrupted iterations
steady ↓ [ 100% ] 164/192 VUs  10m0s  5.00 iters/s

running (10m13.0s), 106/192 VUs, 2753 complete and 0 interrupted iterations
steady ↓ [ 100% ] 164/192 VUs  10m0s  5.00 iters/s

running (10m14.0s), 098/192 VUs, 2761 complete and 0 interrupted iterations
steady ↓ [ 100% ] 164/192 VUs  10m0s  5.00 iters/s

running (10m15.0s), 097/192 VUs, 2762 complete and 0 interrupted iterations
steady ↓ [ 100% ] 164/192 VUs  10m0s  5.00 iters/s

running (10m16.0s), 091/192 VUs, 2768 complete and 0 interrupted iterations
steady ↓ [ 100% ] 164/192 VUs  10m0s  5.00 iters/s

running (10m17.0s), 086/192 VUs, 2773 complete and 0 interrupted iterations
steady ↓ [ 100% ] 164/192 VUs  10m0s  5.00 iters/s

running (10m18.0s), 081/192 VUs, 2778 complete and 0 interrupted iterations
steady ↓ [ 100% ] 164/192 VUs  10m0s  5.00 iters/s

running (10m19.0s), 076/192 VUs, 2783 complete and 0 interrupted iterations
steady ↓ [ 100% ] 164/192 VUs  10m0s  5.00 iters/s

running (10m20.0s), 071/192 VUs, 2788 complete and 0 interrupted iterations
steady ↓ [ 100% ] 164/192 VUs  10m0s  5.00 iters/s

running (10m21.0s), 071/192 VUs, 2788 complete and 0 interrupted iterations
steady ↓ [ 100% ] 164/192 VUs  10m0s  5.00 iters/s

running (10m22.0s), 068/192 VUs, 2791 complete and 0 interrupted iterations
steady ↓ [ 100% ] 164/192 VUs  10m0s  5.00 iters/s

running (10m23.0s), 056/192 VUs, 2803 complete and 0 interrupted iterations
steady ↓ [ 100% ] 164/192 VUs  10m0s  5.00 iters/s

running (10m24.0s), 048/192 VUs, 2811 complete and 0 interrupted iterations
steady ↓ [ 100% ] 164/192 VUs  10m0s  5.00 iters/s

running (10m25.0s), 041/192 VUs, 2818 complete and 0 interrupted iterations
steady ↓ [ 100% ] 164/192 VUs  10m0s  5.00 iters/s

running (10m26.0s), 036/192 VUs, 2823 complete and 0 interrupted iterations
steady ↓ [ 100% ] 164/192 VUs  10m0s  5.00 iters/s

running (10m27.0s), 036/192 VUs, 2823 complete and 0 interrupted iterations
steady ↓ [ 100% ] 164/192 VUs  10m0s  5.00 iters/s

running (10m28.0s), 036/192 VUs, 2823 complete and 0 interrupted iterations
steady ↓ [ 100% ] 164/192 VUs  10m0s  5.00 iters/s

running (10m29.0s), 028/192 VUs, 2831 complete and 0 interrupted iterations
steady ↓ [ 100% ] 164/192 VUs  10m0s  5.00 iters/s

running (10m30.0s), 020/192 VUs, 2839 complete and 0 interrupted iterations
steady ↓ [ 100% ] 164/192 VUs  10m0s  5.00 iters/s

================ DSP benchmark summary ================
-- per-phase latency --
  catalog                    p50=121.7 ms  p95=428.4 ms  p99=688.8 ms  max=1263.3 ms  n=2859
  negotiation init (POST)    p50=46.7 ms  p95=153.8 ms  p99=199.0 ms  max=356.5 ms  n=2859
  time-to-AGREED (async)     p50=3913.0 ms  p95=6279.0 ms  p99=7262.8 ms  max=8562.0 ms  n=2859
  transfer init (POST)       p50=81.8 ms  p95=190.2 ms  p99=276.9 ms  max=422.5 ms  n=2859
  time-to-EDR (async)        p50=26789.0 ms  p95=30069.0 ms  p99=30099.9 ms  max=30140.0 ms  n=265
  data pull                  p50=25.1 ms  p95=44.6 ms  p99=46.7 ms  max=62.1 ms  n=265
-- end-to-end + throughput --
  e2e transaction            p50=30574.0 ms  p95=36026.0 ms  p99=37075.3 ms  max=37899.0 ms  n=265
  data throughput (MB/s)     p50=0.2  p95=0.2  p99=0.2  max=0.2  n=265
-- outcomes --
  transactions succeeded     count=265  rate=0.421/s
  transactions failed        count=2574  rate=4.086/s
  failed rate                rate=90.67%  (pass=2574 fail=265)
-- observer effect (poll load) --
  negotiation polls          count=46721  rate=74.159/s
  edr polls                  count=339575  rate=538.998/s
=======================================================
(full summary -> /home/rohitj/edc/benchmarking-factoryx-edc/resources/local-fx-mvd/k6-scripts/results/factoryx/steady/2026-07-29T17-28-48Z/k6-summary.json; POLL_INTERVAL_MS=250; IDENTITY_MODE=on)

running (10m30.0s), 000/192 VUs, 2839 complete and 20 interrupted iterations
steady ✓ [ 100% ] 020/192 VUs  10m0s  5.00 iters/s
time="2026-07-29T17:40:49Z" level=error msg="thresholds on metrics 'dsp_transaction_failed_rate, e2e_transaction_duration, time_to_edr' have been crossed"
