
         /\      Grafana   /‾‾/  
    /\  /  \     |\  __   /  /   
   /  \/    \    | |/ /  /   ‾‾\ 
  /          \   |   (  |  (‾)  |
 / __________ \  |_|\_\  \_____/ 


     execution: local
        script: /home/rohitj/edc/benchmarking-factoryx-edc/resources/local-fx-mvd/k6-scripts/scenarios/catalog-sweep.js
        output: Prometheus remote write (http://localhost:9090/api/v1/write)

     scenarios: (100.00%) 1 scenario, 4 max VUs, 2m0s max duration (incl. graceful stop):
              * catalog: 4 looping VUs for 1m30s (gracefulStop: 30s)


running (0m01.0s), 4/4 VUs, 0 complete and 0 interrupted iterations
catalog   [   1% ] 4 VUs  0m00.8s/1m30s

running (0m02.0s), 4/4 VUs, 4 complete and 0 interrupted iterations
catalog   [   2% ] 4 VUs  0m01.8s/1m30s

running (0m03.0s), 4/4 VUs, 4 complete and 0 interrupted iterations
catalog   [   3% ] 4 VUs  0m02.8s/1m30s

running (0m04.0s), 4/4 VUs, 8 complete and 0 interrupted iterations
catalog   [   4% ] 4 VUs  0m03.8s/1m30s

running (0m05.0s), 4/4 VUs, 12 complete and 0 interrupted iterations
catalog   [   5% ] 4 VUs  0m04.8s/1m30s

running (0m06.0s), 4/4 VUs, 14 complete and 0 interrupted iterations
catalog   [   6% ] 4 VUs  0m05.8s/1m30s

running (0m07.0s), 4/4 VUs, 16 complete and 0 interrupted iterations
catalog   [   8% ] 4 VUs  0m06.8s/1m30s

running (0m08.0s), 4/4 VUs, 20 complete and 0 interrupted iterations
catalog   [   9% ] 4 VUs  0m07.8s/1m30s

running (0m09.0s), 4/4 VUs, 24 complete and 0 interrupted iterations
catalog   [  10% ] 4 VUs  0m08.8s/1m30s

running (0m10.0s), 4/4 VUs, 27 complete and 0 interrupted iterations
catalog   [  11% ] 4 VUs  0m09.8s/1m30s

running (0m11.0s), 4/4 VUs, 29 complete and 0 interrupted iterations
catalog   [  12% ] 4 VUs  0m10.8s/1m30s

running (0m12.0s), 4/4 VUs, 33 complete and 0 interrupted iterations
catalog   [  13% ] 4 VUs  0m11.8s/1m30s

running (0m13.0s), 4/4 VUs, 37 complete and 0 interrupted iterations
catalog   [  14% ] 4 VUs  0m12.8s/1m30s

running (0m14.0s), 4/4 VUs, 40 complete and 0 interrupted iterations
catalog   [  15% ] 4 VUs  0m13.8s/1m30s

running (0m15.0s), 4/4 VUs, 44 complete and 0 interrupted iterations
catalog   [  16% ] 4 VUs  0m14.8s/1m30s

running (0m16.0s), 4/4 VUs, 47 complete and 0 interrupted iterations
catalog   [  18% ] 4 VUs  0m15.8s/1m30s

running (0m17.0s), 4/4 VUs, 51 complete and 0 interrupted iterations
catalog   [  19% ] 4 VUs  0m16.8s/1m30s

running (0m18.0s), 4/4 VUs, 53 complete and 0 interrupted iterations
catalog   [  20% ] 4 VUs  0m17.8s/1m30s

running (0m19.0s), 4/4 VUs, 57 complete and 0 interrupted iterations
catalog   [  21% ] 4 VUs  0m18.8s/1m30s

running (0m20.0s), 4/4 VUs, 61 complete and 0 interrupted iterations
catalog   [  22% ] 4 VUs  0m19.8s/1m30s

running (0m21.0s), 4/4 VUs, 63 complete and 0 interrupted iterations
catalog   [  23% ] 4 VUs  0m20.8s/1m30s

running (0m22.0s), 4/4 VUs, 65 complete and 0 interrupted iterations
catalog   [  24% ] 4 VUs  0m21.8s/1m30s

running (0m23.0s), 4/4 VUs, 69 complete and 0 interrupted iterations
catalog   [  25% ] 4 VUs  0m22.8s/1m30s

running (0m24.0s), 4/4 VUs, 73 complete and 0 interrupted iterations
catalog   [  26% ] 4 VUs  0m23.8s/1m30s

running (0m25.0s), 4/4 VUs, 75 complete and 0 interrupted iterations
catalog   [  28% ] 4 VUs  0m24.8s/1m30s

running (0m26.0s), 4/4 VUs, 79 complete and 0 interrupted iterations
catalog   [  29% ] 4 VUs  0m25.8s/1m30s

running (0m27.0s), 4/4 VUs, 81 complete and 0 interrupted iterations
catalog   [  30% ] 4 VUs  0m26.8s/1m30s

running (0m28.0s), 4/4 VUs, 84 complete and 0 interrupted iterations
catalog   [  31% ] 4 VUs  0m27.8s/1m30s

running (0m29.0s), 4/4 VUs, 87 complete and 0 interrupted iterations
catalog   [  32% ] 4 VUs  0m28.8s/1m30s

running (0m30.0s), 4/4 VUs, 90 complete and 0 interrupted iterations
catalog   [  33% ] 4 VUs  0m29.8s/1m30s

running (0m31.0s), 4/4 VUs, 93 complete and 0 interrupted iterations
catalog   [  34% ] 4 VUs  0m30.8s/1m30s

running (0m32.0s), 4/4 VUs, 95 complete and 0 interrupted iterations
catalog   [  35% ] 4 VUs  0m31.8s/1m30s

running (0m33.0s), 4/4 VUs, 99 complete and 0 interrupted iterations
catalog   [  36% ] 4 VUs  0m32.8s/1m30s

running (0m34.0s), 4/4 VUs, 102 complete and 0 interrupted iterations
catalog   [  38% ] 4 VUs  0m33.8s/1m30s

running (0m35.0s), 4/4 VUs, 106 complete and 0 interrupted iterations
catalog   [  39% ] 4 VUs  0m34.8s/1m30s

running (0m36.0s), 4/4 VUs, 108 complete and 0 interrupted iterations
catalog   [  40% ] 4 VUs  0m35.8s/1m30s

running (0m37.0s), 4/4 VUs, 111 complete and 0 interrupted iterations
catalog   [  41% ] 4 VUs  0m36.8s/1m30s

running (0m38.0s), 4/4 VUs, 114 complete and 0 interrupted iterations
catalog   [  42% ] 4 VUs  0m37.8s/1m30s

running (0m39.0s), 4/4 VUs, 118 complete and 0 interrupted iterations
catalog   [  43% ] 4 VUs  0m38.8s/1m30s

running (0m40.0s), 4/4 VUs, 120 complete and 0 interrupted iterations
catalog   [  44% ] 4 VUs  0m39.8s/1m30s

running (0m41.0s), 4/4 VUs, 123 complete and 0 interrupted iterations
catalog   [  45% ] 4 VUs  0m40.8s/1m30s

running (0m42.0s), 4/4 VUs, 126 complete and 0 interrupted iterations
catalog   [  46% ] 4 VUs  0m41.8s/1m30s

running (0m43.0s), 4/4 VUs, 130 complete and 0 interrupted iterations
catalog   [  48% ] 4 VUs  0m42.8s/1m30s

running (0m44.0s), 4/4 VUs, 132 complete and 0 interrupted iterations
catalog   [  49% ] 4 VUs  0m43.8s/1m30s

running (0m45.0s), 4/4 VUs, 136 complete and 0 interrupted iterations
catalog   [  50% ] 4 VUs  0m44.8s/1m30s

running (0m46.0s), 4/4 VUs, 138 complete and 0 interrupted iterations
catalog   [  51% ] 4 VUs  0m45.8s/1m30s

running (0m47.0s), 4/4 VUs, 142 complete and 0 interrupted iterations
catalog   [  52% ] 4 VUs  0m46.8s/1m30s

running (0m48.0s), 4/4 VUs, 146 complete and 0 interrupted iterations
catalog   [  53% ] 4 VUs  0m47.8s/1m30s

running (0m49.0s), 4/4 VUs, 148 complete and 0 interrupted iterations
catalog   [  54% ] 4 VUs  0m48.8s/1m30s

running (0m50.0s), 4/4 VUs, 152 complete and 0 interrupted iterations
catalog   [  55% ] 4 VUs  0m49.8s/1m30s

running (0m51.0s), 4/4 VUs, 154 complete and 0 interrupted iterations
catalog   [  56% ] 4 VUs  0m50.8s/1m30s

running (0m52.0s), 4/4 VUs, 157 complete and 0 interrupted iterations
catalog   [  58% ] 4 VUs  0m51.8s/1m30s

running (0m53.0s), 4/4 VUs, 160 complete and 0 interrupted iterations
catalog   [  59% ] 4 VUs  0m52.8s/1m30s

running (0m54.0s), 4/4 VUs, 164 complete and 0 interrupted iterations
catalog   [  60% ] 4 VUs  0m53.8s/1m30s

running (0m55.0s), 4/4 VUs, 166 complete and 0 interrupted iterations
catalog   [  61% ] 4 VUs  0m54.8s/1m30s

running (0m56.0s), 4/4 VUs, 169 complete and 0 interrupted iterations
catalog   [  62% ] 4 VUs  0m55.8s/1m30s

running (0m57.0s), 4/4 VUs, 173 complete and 0 interrupted iterations
catalog   [  63% ] 4 VUs  0m56.8s/1m30s

running (0m58.0s), 4/4 VUs, 175 complete and 0 interrupted iterations
catalog   [  64% ] 4 VUs  0m57.8s/1m30s

running (0m59.0s), 4/4 VUs, 178 complete and 0 interrupted iterations
catalog   [  65% ] 4 VUs  0m58.8s/1m30s

running (1m00.0s), 4/4 VUs, 181 complete and 0 interrupted iterations
catalog   [  66% ] 4 VUs  0m59.8s/1m30s

running (1m01.0s), 4/4 VUs, 185 complete and 0 interrupted iterations
catalog   [  68% ] 4 VUs  1m00.8s/1m30s

running (1m02.0s), 4/4 VUs, 186 complete and 0 interrupted iterations
catalog   [  69% ] 4 VUs  1m01.8s/1m30s

running (1m03.0s), 4/4 VUs, 190 complete and 0 interrupted iterations
catalog   [  70% ] 4 VUs  1m02.8s/1m30s

running (1m04.0s), 4/4 VUs, 191 complete and 0 interrupted iterations
catalog   [  71% ] 4 VUs  1m03.8s/1m30s

running (1m05.0s), 4/4 VUs, 195 complete and 0 interrupted iterations
catalog   [  72% ] 4 VUs  1m04.8s/1m30s

running (1m06.0s), 4/4 VUs, 199 complete and 0 interrupted iterations
catalog   [  73% ] 4 VUs  1m05.8s/1m30s

running (1m07.0s), 4/4 VUs, 202 complete and 0 interrupted iterations
catalog   [  74% ] 4 VUs  1m06.8s/1m30s

running (1m08.0s), 4/4 VUs, 206 complete and 0 interrupted iterations
catalog   [  75% ] 4 VUs  1m07.8s/1m30s

running (1m09.0s), 4/4 VUs, 207 complete and 0 interrupted iterations
catalog   [  76% ] 4 VUs  1m08.8s/1m30s

running (1m10.0s), 4/4 VUs, 211 complete and 0 interrupted iterations
catalog   [  78% ] 4 VUs  1m09.8s/1m30s

running (1m11.0s), 4/4 VUs, 215 complete and 0 interrupted iterations
catalog   [  79% ] 4 VUs  1m10.8s/1m30s

running (1m12.0s), 4/4 VUs, 218 complete and 0 interrupted iterations
catalog   [  80% ] 4 VUs  1m11.8s/1m30s

running (1m13.0s), 4/4 VUs, 222 complete and 0 interrupted iterations
catalog   [  81% ] 4 VUs  1m12.8s/1m30s

running (1m14.0s), 4/4 VUs, 225 complete and 0 interrupted iterations
catalog   [  82% ] 4 VUs  1m13.8s/1m30s

running (1m15.0s), 4/4 VUs, 227 complete and 0 interrupted iterations
catalog   [  83% ] 4 VUs  1m14.8s/1m30s

running (1m16.0s), 4/4 VUs, 231 complete and 0 interrupted iterations
catalog   [  84% ] 4 VUs  1m15.8s/1m30s

running (1m17.0s), 4/4 VUs, 235 complete and 0 interrupted iterations
catalog   [  85% ] 4 VUs  1m16.8s/1m30s

running (1m18.0s), 4/4 VUs, 237 complete and 0 interrupted iterations
catalog   [  86% ] 4 VUs  1m17.8s/1m30s

running (1m19.0s), 4/4 VUs, 240 complete and 0 interrupted iterations
catalog   [  88% ] 4 VUs  1m18.8s/1m30s

running (1m20.0s), 4/4 VUs, 243 complete and 0 interrupted iterations
catalog   [  89% ] 4 VUs  1m19.8s/1m30s

running (1m21.0s), 4/4 VUs, 247 complete and 0 interrupted iterations
catalog   [  90% ] 4 VUs  1m20.8s/1m30s

running (1m22.0s), 4/4 VUs, 249 complete and 0 interrupted iterations
catalog   [  91% ] 4 VUs  1m21.8s/1m30s

running (1m23.0s), 4/4 VUs, 253 complete and 0 interrupted iterations
catalog   [  92% ] 4 VUs  1m22.8s/1m30s

running (1m24.0s), 4/4 VUs, 257 complete and 0 interrupted iterations
catalog   [  93% ] 4 VUs  1m23.8s/1m30s

running (1m25.0s), 4/4 VUs, 258 complete and 0 interrupted iterations
catalog   [  94% ] 4 VUs  1m24.8s/1m30s

running (1m26.0s), 4/4 VUs, 262 complete and 0 interrupted iterations
catalog   [  95% ] 4 VUs  1m25.8s/1m30s

running (1m27.0s), 4/4 VUs, 266 complete and 0 interrupted iterations
catalog   [  96% ] 4 VUs  1m26.8s/1m30s

running (1m28.0s), 4/4 VUs, 269 complete and 0 interrupted iterations
catalog   [  98% ] 4 VUs  1m27.8s/1m30s

running (1m29.0s), 4/4 VUs, 272 complete and 0 interrupted iterations
catalog   [  99% ] 4 VUs  1m28.8s/1m30s

running (1m30.0s), 4/4 VUs, 275 complete and 0 interrupted iterations
catalog   [ 100% ] 4 VUs  1m29.8s/1m30s

running (1m31.0s), 1/4 VUs, 279 complete and 0 interrupted iterations
catalog ↓ [ 100% ] 4 VUs  1m30s

================ DSP benchmark summary ================
-- per-phase latency --
  catalog                    p50=1193.3 ms  p95=1537.2 ms  p99=1681.6 ms  max=1770.6 ms  n=280
  negotiation init (POST)    (no data)
  time-to-AGREED (async)     (no data)
  transfer init (POST)       (no data)
  time-to-EDR (async)        (no data)
  data pull                  (no data)
-- end-to-end + throughput --
  e2e transaction            (no data)
  data throughput (MB/s)     (no data)
-- outcomes --
  transactions succeeded     count=280  rate=3.068/s
  transactions failed        (no data)
  failed rate                rate=0.00%  (pass=0 fail=280)
    of which TERMINATED      (no data)
    of which TIMED OUT       (no data)
    of which HTTP-FAILED     (no data)
  failure accounting       (no failures)
-- observer effect (poll load) --
  negotiation polls          (no data)
  edr polls                  (no data)
  polls per transaction     negotiation=0.0  edr=0.0  (timeout ceiling=120)
=======================================================
(full summary -> /home/rohitj/edc/benchmarking-factoryx-edc/resources/local-fx-mvd/k6-scripts/results/factoryx/on/catalog-sweep/2026-08-10T11-48-47Z/k6-summary.json; POLL_INTERVAL_MS=250; IDENTITY_MODE=on)

running (1m31.3s), 0/4 VUs, 280 complete and 0 interrupted iterations
catalog ✓ [ 100% ] 4 VUs  1m30s
