
         /\      Grafana   /‾‾/  
    /\  /  \     |\  __   /  /   
   /  \/    \    | |/ /  /   ‾‾\ 
  /          \   |   (  |  (‾)  |
 / __________ \  |_|\_\  \_____/ 


     execution: local
        script: /home/rohitj/edc/benchmarking-factoryx-edc/resources/local-fx-mvd/k6-scripts/scenarios/smoke.js
        output: Prometheus remote write (http://localhost:9090/api/v1/write)

     scenarios: (100.00%) 1 scenario, 1 max VUs, 5m30s max duration (incl. graceful stop):
              * smoke: 5 iterations for each of 1 VUs (maxDuration: 5m0s, gracefulStop: 30s)


running (0m01.0s), 1/1 VUs, 0 complete and 0 interrupted iterations
smoke   [   0% ] 1 VUs  0m01.0s/5m0s  0/5 iters, 5 per VU

running (0m02.0s), 1/1 VUs, 0 complete and 0 interrupted iterations
smoke   [   0% ] 1 VUs  0m02.0s/5m0s  0/5 iters, 5 per VU

running (0m03.0s), 1/1 VUs, 0 complete and 0 interrupted iterations
smoke   [   0% ] 1 VUs  0m03.0s/5m0s  0/5 iters, 5 per VU

running (0m04.0s), 1/1 VUs, 0 complete and 0 interrupted iterations
smoke   [   0% ] 1 VUs  0m04.0s/5m0s  0/5 iters, 5 per VU

running (0m05.0s), 1/1 VUs, 0 complete and 0 interrupted iterations
smoke   [   0% ] 1 VUs  0m05.0s/5m0s  0/5 iters, 5 per VU

running (0m06.0s), 1/1 VUs, 1 complete and 0 interrupted iterations
smoke   [  20% ] 1 VUs  0m06.0s/5m0s  1/5 iters, 5 per VU

running (0m07.0s), 1/1 VUs, 1 complete and 0 interrupted iterations
smoke   [  20% ] 1 VUs  0m07.0s/5m0s  1/5 iters, 5 per VU

running (0m08.0s), 1/1 VUs, 1 complete and 0 interrupted iterations
smoke   [  20% ] 1 VUs  0m08.0s/5m0s  1/5 iters, 5 per VU

running (0m09.0s), 1/1 VUs, 1 complete and 0 interrupted iterations
smoke   [  20% ] 1 VUs  0m09.0s/5m0s  1/5 iters, 5 per VU

running (0m10.0s), 1/1 VUs, 1 complete and 0 interrupted iterations
smoke   [  20% ] 1 VUs  0m10.0s/5m0s  1/5 iters, 5 per VU

running (0m11.0s), 1/1 VUs, 1 complete and 0 interrupted iterations
smoke   [  20% ] 1 VUs  0m11.0s/5m0s  1/5 iters, 5 per VU

running (0m12.0s), 1/1 VUs, 1 complete and 0 interrupted iterations
smoke   [  20% ] 1 VUs  0m12.0s/5m0s  1/5 iters, 5 per VU

running (0m13.0s), 1/1 VUs, 2 complete and 0 interrupted iterations
smoke   [  40% ] 1 VUs  0m13.0s/5m0s  2/5 iters, 5 per VU

running (0m14.0s), 1/1 VUs, 2 complete and 0 interrupted iterations
smoke   [  40% ] 1 VUs  0m14.0s/5m0s  2/5 iters, 5 per VU

running (0m15.0s), 1/1 VUs, 2 complete and 0 interrupted iterations
smoke   [  40% ] 1 VUs  0m15.0s/5m0s  2/5 iters, 5 per VU

running (0m16.0s), 1/1 VUs, 2 complete and 0 interrupted iterations
smoke   [  40% ] 1 VUs  0m16.0s/5m0s  2/5 iters, 5 per VU

running (0m17.0s), 1/1 VUs, 2 complete and 0 interrupted iterations
smoke   [  40% ] 1 VUs  0m17.0s/5m0s  2/5 iters, 5 per VU

running (0m18.0s), 1/1 VUs, 3 complete and 0 interrupted iterations
smoke   [  60% ] 1 VUs  0m18.0s/5m0s  3/5 iters, 5 per VU

running (0m19.0s), 1/1 VUs, 3 complete and 0 interrupted iterations
smoke   [  60% ] 1 VUs  0m19.0s/5m0s  3/5 iters, 5 per VU

running (0m20.0s), 1/1 VUs, 3 complete and 0 interrupted iterations
smoke   [  60% ] 1 VUs  0m20.0s/5m0s  3/5 iters, 5 per VU

running (0m21.0s), 1/1 VUs, 3 complete and 0 interrupted iterations
smoke   [  60% ] 1 VUs  0m21.0s/5m0s  3/5 iters, 5 per VU

running (0m22.0s), 1/1 VUs, 4 complete and 0 interrupted iterations
smoke   [  80% ] 1 VUs  0m22.0s/5m0s  4/5 iters, 5 per VU

running (0m23.0s), 1/1 VUs, 4 complete and 0 interrupted iterations
smoke   [  80% ] 1 VUs  0m23.0s/5m0s  4/5 iters, 5 per VU

running (0m24.0s), 1/1 VUs, 4 complete and 0 interrupted iterations
smoke   [  80% ] 1 VUs  0m24.0s/5m0s  4/5 iters, 5 per VU

running (0m25.0s), 1/1 VUs, 4 complete and 0 interrupted iterations
smoke   [  80% ] 1 VUs  0m25.0s/5m0s  4/5 iters, 5 per VU

running (0m26.0s), 1/1 VUs, 4 complete and 0 interrupted iterations
smoke   [  80% ] 1 VUs  0m26.0s/5m0s  4/5 iters, 5 per VU

running (0m27.0s), 1/1 VUs, 4 complete and 0 interrupted iterations
smoke   [  80% ] 1 VUs  0m27.0s/5m0s  4/5 iters, 5 per VU

================ DSP benchmark summary ================
-- per-phase latency --
  catalog                    p50=81.9 ms  p95=123.9 ms  p99=130.9 ms  max=132.6 ms  n=5
  negotiation init (POST)    p50=8.0 ms  p95=8.4 ms  p99=8.4 ms  max=8.4 ms  n=5
  time-to-AGREED (async)     p50=3060.0 ms  p95=4030.6 ms  p99=4070.9 ms  max=4081.0 ms  n=5
  transfer init (POST)       p50=41.6 ms  p95=60.8 ms  p99=63.6 ms  max=64.2 ms  n=5
  time-to-EDR (async)        p50=2043.0 ms  p95=2447.0 ms  p99=2527.8 ms  max=2548.0 ms  n=5
  data pull                  p50=31.7 ms  p95=35.8 ms  p99=36.5 ms  max=36.6 ms  n=5
-- end-to-end + throughput --
  e2e transaction            p50=5471.0 ms  p95=6198.4 ms  p99=6278.1 ms  max=6298.0 ms  n=5
  data throughput (MB/s)     p50=0.2  p95=0.2  p99=0.2  max=0.2  n=5
-- outcomes --
  transactions succeeded     count=5  rate=0.184/s
  transactions failed        (no data)
  failed rate                rate=0.00%  (pass=0 fail=5)
    of which TERMINATED      (no data)
    of which TIMED OUT       (no data)
    of which HTTP-FAILED     (no data)
  failure accounting       (no failures)
-- observer effect (poll load) --
  negotiation polls          count=67  rate=2.467/s
  edr polls                  count=46  rate=1.694/s
  polls per transaction     negotiation=13.4  edr=9.2  (timeout ceiling=120)
=======================================================
(full summary -> /home/rohitj/edc/benchmarking-factoryx-edc/resources/local-fx-mvd/k6-scripts/results/factoryx/on/smoke/2026-08-02T14-32-42Z/k6-summary.json; POLL_INTERVAL_MS=250; IDENTITY_MODE=on)

running (0m27.2s), 0/1 VUs, 5 complete and 0 interrupted iterations
smoke ✓ [ 100% ] 1 VUs  0m27.1s/5m0s  5/5 iters, 5 per VU
