
         /\      Grafana   /‾‾/  
    /\  /  \     |\  __   /  /   
   /  \/    \    | |/ /  /   ‾‾\ 
  /          \   |   (  |  (‾)  |
 / __________ \  |_|\_\  \_____/ 


     execution: local
        script: /home/rohitj/edc/benchmarking-factoryx-edc/resources/local-fx-mvd/k6-scripts/scenarios/concurrency-closed.js
        output: -

     scenarios: (100.00%) 1 scenario, 200 max VUs, 10m30s max duration (incl. graceful stop):
              * concurrency: Up to 200 looping VUs for 10m0s over 5 stages (gracefulRampDown: 30s, gracefulStop: 30s)


running (00m01.0s), 001/200 VUs, 0 complete and 0 interrupted iterations
concurrency   [   0% ] 001/200 VUs  00m00.9s/10m00.0s

running (00m02.0s), 001/200 VUs, 0 complete and 0 interrupted iterations
concurrency   [   0% ] 001/200 VUs  00m01.9s/10m00.0s

running (00m03.0s), 001/200 VUs, 0 complete and 0 interrupted iterations
concurrency   [   0% ] 001/200 VUs  00m02.9s/10m00.0s

running (00m04.0s), 001/200 VUs, 0 complete and 0 interrupted iterations
concurrency   [   1% ] 001/200 VUs  00m03.9s/10m00.0s

running (00m05.0s), 001/200 VUs, 1 complete and 0 interrupted iterations
concurrency   [   1% ] 001/200 VUs  00m04.9s/10m00.0s

running (00m06.0s), 001/200 VUs, 1 complete and 0 interrupted iterations
concurrency   [   1% ] 001/200 VUs  00m05.9s/10m00.0s

running (00m07.0s), 001/200 VUs, 1 complete and 0 interrupted iterations
concurrency   [   1% ] 001/200 VUs  00m06.9s/10m00.0s

running (00m08.0s), 001/200 VUs, 1 complete and 0 interrupted iterations
concurrency   [   1% ] 001/200 VUs  00m07.9s/10m00.0s

running (00m09.0s), 001/200 VUs, 2 complete and 0 interrupted iterations
concurrency   [   1% ] 001/200 VUs  00m08.9s/10m00.0s

running (00m10.0s), 001/200 VUs, 2 complete and 0 interrupted iterations
concurrency   [   2% ] 001/200 VUs  00m09.9s/10m00.0s

running (00m11.0s), 001/200 VUs, 2 complete and 0 interrupted iterations
concurrency   [   2% ] 001/200 VUs  00m10.9s/10m00.0s

running (00m12.0s), 001/200 VUs, 2 complete and 0 interrupted iterations
concurrency   [   2% ] 001/200 VUs  00m11.9s/10m00.0s

running (00m13.0s), 001/200 VUs, 3 complete and 0 interrupted iterations
concurrency   [   2% ] 001/200 VUs  00m12.9s/10m00.0s

running (00m14.0s), 002/200 VUs, 3 complete and 0 interrupted iterations
concurrency   [   2% ] 002/200 VUs  00m13.9s/10m00.0s

running (00m15.0s), 002/200 VUs, 3 complete and 0 interrupted iterations
concurrency   [   2% ] 002/200 VUs  00m14.9s/10m00.0s

running (00m16.0s), 002/200 VUs, 3 complete and 0 interrupted iterations
concurrency   [   3% ] 002/200 VUs  00m15.9s/10m00.0s

running (00m17.0s), 002/200 VUs, 4 complete and 0 interrupted iterations
concurrency   [   3% ] 002/200 VUs  00m16.9s/10m00.0s

running (00m18.0s), 002/200 VUs, 4 complete and 0 interrupted iterations
concurrency   [   3% ] 002/200 VUs  00m17.9s/10m00.0s

running (00m19.0s), 002/200 VUs, 5 complete and 0 interrupted iterations
concurrency   [   3% ] 002/200 VUs  00m18.9s/10m00.0s

running (00m20.0s), 002/200 VUs, 5 complete and 0 interrupted iterations
concurrency   [   3% ] 002/200 VUs  00m19.9s/10m00.0s

running (00m21.0s), 002/200 VUs, 5 complete and 0 interrupted iterations
concurrency   [   3% ] 002/200 VUs  00m20.9s/10m00.0s

running (00m22.0s), 002/200 VUs, 6 complete and 0 interrupted iterations
concurrency   [   4% ] 002/200 VUs  00m21.9s/10m00.0s

running (00m23.0s), 002/200 VUs, 7 complete and 0 interrupted iterations
concurrency   [   4% ] 002/200 VUs  00m22.9s/10m00.0s

running (00m24.0s), 002/200 VUs, 7 complete and 0 interrupted iterations
concurrency   [   4% ] 002/200 VUs  00m23.9s/10m00.0s

running (00m25.0s), 002/200 VUs, 7 complete and 0 interrupted iterations
concurrency   [   4% ] 002/200 VUs  00m24.9s/10m00.0s

running (00m26.0s), 002/200 VUs, 7 complete and 0 interrupted iterations
concurrency   [   4% ] 002/200 VUs  00m25.9s/10m00.0s

running (00m27.0s), 003/200 VUs, 9 complete and 0 interrupted iterations
concurrency   [   4% ] 003/200 VUs  00m26.9s/10m00.0s

running (00m28.0s), 003/200 VUs, 9 complete and 0 interrupted iterations
concurrency   [   5% ] 003/200 VUs  00m27.9s/10m00.0s

running (00m29.0s), 003/200 VUs, 9 complete and 0 interrupted iterations
concurrency   [   5% ] 003/200 VUs  00m28.9s/10m00.0s

running (00m30.0s), 003/200 VUs, 10 complete and 0 interrupted iterations
concurrency   [   5% ] 003/200 VUs  00m29.9s/10m00.0s

running (00m31.0s), 003/200 VUs, 11 complete and 0 interrupted iterations
concurrency   [   5% ] 003/200 VUs  00m30.9s/10m00.0s

running (00m32.0s), 003/200 VUs, 12 complete and 0 interrupted iterations
concurrency   [   5% ] 003/200 VUs  00m31.9s/10m00.0s

running (00m33.0s), 003/200 VUs, 12 complete and 0 interrupted iterations
concurrency   [   5% ] 003/200 VUs  00m32.9s/10m00.0s

running (00m34.0s), 003/200 VUs, 12 complete and 0 interrupted iterations
concurrency   [   6% ] 003/200 VUs  00m33.9s/10m00.0s

running (00m35.0s), 003/200 VUs, 13 complete and 0 interrupted iterations
concurrency   [   6% ] 003/200 VUs  00m34.9s/10m00.0s

running (00m36.0s), 003/200 VUs, 15 complete and 0 interrupted iterations
concurrency   [   6% ] 003/200 VUs  00m35.9s/10m00.0s

running (00m37.0s), 003/200 VUs, 15 complete and 0 interrupted iterations
concurrency   [   6% ] 003/200 VUs  00m36.9s/10m00.0s

running (00m38.0s), 003/200 VUs, 15 complete and 0 interrupted iterations
concurrency   [   6% ] 003/200 VUs  00m37.9s/10m00.0s

running (00m39.0s), 003/200 VUs, 15 complete and 0 interrupted iterations
concurrency   [   6% ] 003/200 VUs  00m38.9s/10m00.0s

running (00m40.0s), 003/200 VUs, 16 complete and 0 interrupted iterations
concurrency   [   7% ] 003/200 VUs  00m39.9s/10m00.0s

running (00m41.0s), 004/200 VUs, 18 complete and 0 interrupted iterations
concurrency   [   7% ] 004/200 VUs  00m40.9s/10m00.0s

running (00m42.0s), 004/200 VUs, 18 complete and 0 interrupted iterations
concurrency   [   7% ] 004/200 VUs  00m41.9s/10m00.0s

running (00m43.0s), 004/200 VUs, 18 complete and 0 interrupted iterations
concurrency   [   7% ] 004/200 VUs  00m42.9s/10m00.0s

running (00m44.0s), 004/200 VUs, 19 complete and 0 interrupted iterations
concurrency   [   7% ] 004/200 VUs  00m43.9s/10m00.0s

running (00m45.0s), 004/200 VUs, 19 complete and 0 interrupted iterations
concurrency   [   7% ] 004/200 VUs  00m44.9s/10m00.0s

running (00m46.0s), 004/200 VUs, 22 complete and 0 interrupted iterations
concurrency   [   8% ] 004/200 VUs  00m45.9s/10m00.0s

running (00m47.0s), 004/200 VUs, 22 complete and 0 interrupted iterations
concurrency   [   8% ] 004/200 VUs  00m46.9s/10m00.0s

running (00m48.0s), 004/200 VUs, 23 complete and 0 interrupted iterations
concurrency   [   8% ] 004/200 VUs  00m47.9s/10m00.0s

running (00m49.0s), 004/200 VUs, 23 complete and 0 interrupted iterations
concurrency   [   8% ] 004/200 VUs  00m48.9s/10m00.0s

running (00m50.0s), 004/200 VUs, 23 complete and 0 interrupted iterations
concurrency   [   8% ] 004/200 VUs  00m49.9s/10m00.0s

running (00m51.0s), 004/200 VUs, 26 complete and 0 interrupted iterations
concurrency   [   8% ] 004/200 VUs  00m50.9s/10m00.0s

running (00m52.0s), 004/200 VUs, 27 complete and 0 interrupted iterations
concurrency   [   9% ] 004/200 VUs  00m51.9s/10m00.0s

running (00m53.0s), 004/200 VUs, 27 complete and 0 interrupted iterations
concurrency   [   9% ] 004/200 VUs  00m52.9s/10m00.0s

running (00m54.0s), 005/200 VUs, 27 complete and 0 interrupted iterations
concurrency   [   9% ] 005/200 VUs  00m53.9s/10m00.0s

running (00m55.0s), 005/200 VUs, 27 complete and 0 interrupted iterations
concurrency   [   9% ] 005/200 VUs  00m54.9s/10m00.0s

running (00m56.0s), 005/200 VUs, 30 complete and 0 interrupted iterations
concurrency   [   9% ] 005/200 VUs  00m55.9s/10m00.0s

running (00m57.0s), 005/200 VUs, 31 complete and 0 interrupted iterations
concurrency   [   9% ] 005/200 VUs  00m56.9s/10m00.0s

running (00m58.0s), 005/200 VUs, 32 complete and 0 interrupted iterations
concurrency   [  10% ] 005/200 VUs  00m57.9s/10m00.0s

running (00m59.0s), 005/200 VUs, 32 complete and 0 interrupted iterations
concurrency   [  10% ] 005/200 VUs  00m58.9s/10m00.0s

running (01m00.0s), 005/200 VUs, 32 complete and 0 interrupted iterations
concurrency   [  10% ] 005/200 VUs  00m59.9s/10m00.0s

running (01m01.0s), 005/200 VUs, 36 complete and 0 interrupted iterations
concurrency   [  10% ] 005/200 VUs  01m00.9s/10m00.0s

running (01m02.0s), 005/200 VUs, 37 complete and 0 interrupted iterations
concurrency   [  10% ] 005/200 VUs  01m01.9s/10m00.0s

running (01m03.0s), 005/200 VUs, 37 complete and 0 interrupted iterations
concurrency   [  10% ] 005/200 VUs  01m02.9s/10m00.0s

running (01m04.0s), 005/200 VUs, 37 complete and 0 interrupted iterations
concurrency   [  11% ] 005/200 VUs  01m03.9s/10m00.0s

running (01m05.0s), 005/200 VUs, 40 complete and 0 interrupted iterations
concurrency   [  11% ] 005/200 VUs  01m04.9s/10m00.0s

running (01m06.0s), 005/200 VUs, 40 complete and 0 interrupted iterations
concurrency   [  11% ] 005/200 VUs  01m05.9s/10m00.0s

running (01m07.0s), 006/200 VUs, 42 complete and 0 interrupted iterations
concurrency   [  11% ] 006/200 VUs  01m06.9s/10m00.0s

running (01m08.0s), 006/200 VUs, 42 complete and 0 interrupted iterations
concurrency   [  11% ] 006/200 VUs  01m07.9s/10m00.0s

running (01m09.0s), 006/200 VUs, 42 complete and 0 interrupted iterations
concurrency   [  11% ] 006/200 VUs  01m08.9s/10m00.0s

running (01m10.0s), 006/200 VUs, 45 complete and 0 interrupted iterations
concurrency   [  12% ] 006/200 VUs  01m09.9s/10m00.0s

running (01m11.0s), 006/200 VUs, 47 complete and 0 interrupted iterations
concurrency   [  12% ] 006/200 VUs  01m10.9s/10m00.0s

running (01m12.0s), 006/200 VUs, 48 complete and 0 interrupted iterations
concurrency   [  12% ] 006/200 VUs  01m11.9s/10m00.0s

running (01m13.0s), 006/200 VUs, 48 complete and 0 interrupted iterations
concurrency   [  12% ] 006/200 VUs  01m12.9s/10m00.0s

running (01m14.0s), 006/200 VUs, 48 complete and 0 interrupted iterations
concurrency   [  12% ] 006/200 VUs  01m13.9s/10m00.0s

running (01m15.0s), 006/200 VUs, 48 complete and 0 interrupted iterations
concurrency   [  12% ] 006/200 VUs  01m14.9s/10m00.0s

running (01m16.0s), 006/200 VUs, 48 complete and 0 interrupted iterations
concurrency   [  13% ] 006/200 VUs  01m15.9s/10m00.0s

running (01m17.0s), 006/200 VUs, 54 complete and 0 interrupted iterations
concurrency   [  13% ] 006/200 VUs  01m16.9s/10m00.0s

running (01m18.0s), 006/200 VUs, 54 complete and 0 interrupted iterations
concurrency   [  13% ] 006/200 VUs  01m17.9s/10m00.0s

running (01m19.0s), 006/200 VUs, 54 complete and 0 interrupted iterations
concurrency   [  13% ] 006/200 VUs  01m18.9s/10m00.0s

running (01m20.0s), 006/200 VUs, 54 complete and 0 interrupted iterations
concurrency   [  13% ] 006/200 VUs  01m19.9s/10m00.0s

running (01m21.0s), 007/200 VUs, 54 complete and 0 interrupted iterations
concurrency   [  13% ] 007/200 VUs  01m20.9s/10m00.0s

running (01m22.0s), 007/200 VUs, 59 complete and 0 interrupted iterations
concurrency   [  14% ] 007/200 VUs  01m21.9s/10m00.0s

running (01m23.0s), 007/200 VUs, 60 complete and 0 interrupted iterations
concurrency   [  14% ] 007/200 VUs  01m22.9s/10m00.0s

running (01m24.0s), 007/200 VUs, 61 complete and 0 interrupted iterations
concurrency   [  14% ] 007/200 VUs  01m23.9s/10m00.0s

running (01m25.0s), 007/200 VUs, 61 complete and 0 interrupted iterations
concurrency   [  14% ] 007/200 VUs  01m24.9s/10m00.0s

running (01m26.0s), 007/200 VUs, 64 complete and 0 interrupted iterations
concurrency   [  14% ] 007/200 VUs  01m25.9s/10m00.0s

running (01m27.0s), 007/200 VUs, 66 complete and 0 interrupted iterations
concurrency   [  14% ] 007/200 VUs  01m26.9s/10m00.0s

running (01m28.0s), 007/200 VUs, 67 complete and 0 interrupted iterations
concurrency   [  15% ] 007/200 VUs  01m27.9s/10m00.0s

running (01m29.0s), 007/200 VUs, 68 complete and 0 interrupted iterations
concurrency   [  15% ] 007/200 VUs  01m28.9s/10m00.0s

running (01m30.0s), 007/200 VUs, 68 complete and 0 interrupted iterations
concurrency   [  15% ] 007/200 VUs  01m29.9s/10m00.0s

running (01m31.0s), 007/200 VUs, 68 complete and 0 interrupted iterations
concurrency   [  15% ] 007/200 VUs  01m30.9s/10m00.0s

running (01m32.0s), 007/200 VUs, 71 complete and 0 interrupted iterations
concurrency   [  15% ] 007/200 VUs  01m31.9s/10m00.0s

running (01m33.0s), 007/200 VUs, 75 complete and 0 interrupted iterations
concurrency   [  15% ] 007/200 VUs  01m32.9s/10m00.0s

running (01m34.0s), 008/200 VUs, 75 complete and 0 interrupted iterations
concurrency   [  16% ] 008/200 VUs  01m33.9s/10m00.0s

running (01m35.0s), 008/200 VUs, 75 complete and 0 interrupted iterations
concurrency   [  16% ] 008/200 VUs  01m34.9s/10m00.0s

running (01m36.0s), 008/200 VUs, 76 complete and 0 interrupted iterations
concurrency   [  16% ] 008/200 VUs  01m35.9s/10m00.0s

running (01m37.0s), 008/200 VUs, 76 complete and 0 interrupted iterations
concurrency   [  16% ] 008/200 VUs  01m36.9s/10m00.0s

running (01m38.0s), 008/200 VUs, 80 complete and 0 interrupted iterations
concurrency   [  16% ] 008/200 VUs  01m37.9s/10m00.0s

running (01m39.0s), 008/200 VUs, 83 complete and 0 interrupted iterations
concurrency   [  16% ] 008/200 VUs  01m38.9s/10m00.0s

running (01m40.0s), 008/200 VUs, 83 complete and 0 interrupted iterations
concurrency   [  17% ] 008/200 VUs  01m39.9s/10m00.0s

running (01m41.0s), 008/200 VUs, 83 complete and 0 interrupted iterations
concurrency   [  17% ] 008/200 VUs  01m40.9s/10m00.0s

running (01m42.0s), 008/200 VUs, 84 complete and 0 interrupted iterations
concurrency   [  17% ] 008/200 VUs  01m41.9s/10m00.0s

running (01m43.0s), 008/200 VUs, 86 complete and 0 interrupted iterations
concurrency   [  17% ] 008/200 VUs  01m42.9s/10m00.0s

running (01m44.0s), 008/200 VUs, 86 complete and 0 interrupted iterations
concurrency   [  17% ] 008/200 VUs  01m43.9s/10m00.0s

running (01m45.0s), 008/200 VUs, 88 complete and 0 interrupted iterations
concurrency   [  17% ] 008/200 VUs  01m44.9s/10m00.0s

running (01m46.0s), 008/200 VUs, 92 complete and 0 interrupted iterations
concurrency   [  18% ] 008/200 VUs  01m45.9s/10m00.0s

running (01m47.0s), 009/200 VUs, 92 complete and 0 interrupted iterations
concurrency   [  18% ] 009/200 VUs  01m46.9s/10m00.0s

running (01m48.0s), 009/200 VUs, 94 complete and 0 interrupted iterations
concurrency   [  18% ] 009/200 VUs  01m47.9s/10m00.0s

running (01m49.0s), 009/200 VUs, 94 complete and 0 interrupted iterations
concurrency   [  18% ] 009/200 VUs  01m48.9s/10m00.0s

running (01m50.0s), 009/200 VUs, 95 complete and 0 interrupted iterations
concurrency   [  18% ] 009/200 VUs  01m49.9s/10m00.0s

running (01m51.0s), 009/200 VUs, 100 complete and 0 interrupted iterations
concurrency   [  18% ] 009/200 VUs  01m50.9s/10m00.0s

running (01m52.0s), 009/200 VUs, 101 complete and 0 interrupted iterations
concurrency   [  19% ] 009/200 VUs  01m51.9s/10m00.0s

running (01m53.0s), 009/200 VUs, 103 complete and 0 interrupted iterations
concurrency   [  19% ] 009/200 VUs  01m52.9s/10m00.0s

running (01m54.0s), 009/200 VUs, 103 complete and 0 interrupted iterations
concurrency   [  19% ] 009/200 VUs  01m53.9s/10m00.0s

running (01m55.0s), 009/200 VUs, 105 complete and 0 interrupted iterations
concurrency   [  19% ] 009/200 VUs  01m54.9s/10m00.0s

running (01m56.0s), 009/200 VUs, 108 complete and 0 interrupted iterations
concurrency   [  19% ] 009/200 VUs  01m55.9s/10m00.0s

running (01m57.0s), 009/200 VUs, 110 complete and 0 interrupted iterations
concurrency   [  19% ] 009/200 VUs  01m56.9s/10m00.0s

running (01m58.0s), 009/200 VUs, 112 complete and 0 interrupted iterations
concurrency   [  20% ] 009/200 VUs  01m57.9s/10m00.0s

running (01m59.0s), 009/200 VUs, 112 complete and 0 interrupted iterations
concurrency   [  20% ] 009/200 VUs  01m58.9s/10m00.0s

running (02m00.0s), 009/200 VUs, 112 complete and 0 interrupted iterations
concurrency   [  20% ] 009/200 VUs  01m59.9s/10m00.0s

running (02m01.0s), 010/200 VUs, 112 complete and 0 interrupted iterations
concurrency   [  20% ] 010/200 VUs  02m00.9s/10m00.0s

running (02m02.0s), 010/200 VUs, 119 complete and 0 interrupted iterations
concurrency   [  20% ] 010/200 VUs  02m01.9s/10m00.0s

running (02m03.0s), 010/200 VUs, 121 complete and 0 interrupted iterations
concurrency   [  20% ] 010/200 VUs  02m02.9s/10m00.0s

running (02m04.0s), 011/200 VUs, 121 complete and 0 interrupted iterations
concurrency   [  21% ] 011/200 VUs  02m03.9s/10m00.0s

running (02m05.0s), 011/200 VUs, 121 complete and 0 interrupted iterations
concurrency   [  21% ] 011/200 VUs  02m04.9s/10m00.0s

running (02m06.0s), 011/200 VUs, 123 complete and 0 interrupted iterations
concurrency   [  21% ] 011/200 VUs  02m05.9s/10m00.0s

running (02m07.0s), 012/200 VUs, 124 complete and 0 interrupted iterations
concurrency   [  21% ] 012/200 VUs  02m06.9s/10m00.0s

running (02m08.0s), 012/200 VUs, 127 complete and 0 interrupted iterations
concurrency   [  21% ] 012/200 VUs  02m07.9s/10m00.0s

running (02m09.0s), 012/200 VUs, 132 complete and 0 interrupted iterations
concurrency   [  21% ] 012/200 VUs  02m08.9s/10m00.0s

running (02m10.0s), 013/200 VUs, 132 complete and 0 interrupted iterations
concurrency   [  22% ] 013/200 VUs  02m09.9s/10m00.0s

running (02m11.0s), 013/200 VUs, 132 complete and 0 interrupted iterations
concurrency   [  22% ] 013/200 VUs  02m10.9s/10m00.0s

running (02m12.0s), 013/200 VUs, 136 complete and 0 interrupted iterations
concurrency   [  22% ] 013/200 VUs  02m11.9s/10m00.0s

running (02m13.0s), 014/200 VUs, 136 complete and 0 interrupted iterations
concurrency   [  22% ] 014/200 VUs  02m12.9s/10m00.0s

running (02m14.0s), 014/200 VUs, 136 complete and 0 interrupted iterations
concurrency   [  22% ] 014/200 VUs  02m13.9s/10m00.0s

running (02m15.0s), 014/200 VUs, 141 complete and 0 interrupted iterations
concurrency   [  22% ] 014/200 VUs  02m14.9s/10m00.0s

running (02m16.0s), 015/200 VUs, 145 complete and 0 interrupted iterations
concurrency   [  23% ] 015/200 VUs  02m15.9s/10m00.0s

running (02m17.0s), 015/200 VUs, 145 complete and 0 interrupted iterations
concurrency   [  23% ] 015/200 VUs  02m16.9s/10m00.0s

running (02m18.0s), 015/200 VUs, 146 complete and 0 interrupted iterations
concurrency   [  23% ] 015/200 VUs  02m17.9s/10m00.0s

running (02m19.0s), 016/200 VUs, 150 complete and 0 interrupted iterations
concurrency   [  23% ] 016/200 VUs  02m18.9s/10m00.0s

running (02m20.0s), 016/200 VUs, 150 complete and 0 interrupted iterations
concurrency   [  23% ] 016/200 VUs  02m19.9s/10m00.0s

running (02m21.0s), 016/200 VUs, 150 complete and 0 interrupted iterations
concurrency   [  23% ] 016/200 VUs  02m20.9s/10m00.0s

running (02m22.0s), 017/200 VUs, 150 complete and 0 interrupted iterations
concurrency   [  24% ] 017/200 VUs  02m21.9s/10m00.0s

running (02m23.0s), 017/200 VUs, 150 complete and 0 interrupted iterations
concurrency   [  24% ] 017/200 VUs  02m22.9s/10m00.0s

running (02m24.0s), 017/200 VUs, 155 complete and 0 interrupted iterations
concurrency   [  24% ] 017/200 VUs  02m23.9s/10m00.0s

running (02m25.0s), 018/200 VUs, 160 complete and 0 interrupted iterations
concurrency   [  24% ] 018/200 VUs  02m24.9s/10m00.0s

running (02m26.0s), 018/200 VUs, 166 complete and 0 interrupted iterations
concurrency   [  24% ] 018/200 VUs  02m25.9s/10m00.0s

running (02m27.0s), 018/200 VUs, 167 complete and 0 interrupted iterations
concurrency   [  24% ] 018/200 VUs  02m26.9s/10m00.0s

running (02m28.0s), 019/200 VUs, 167 complete and 0 interrupted iterations
concurrency   [  25% ] 019/200 VUs  02m27.9s/10m00.0s

running (02m29.0s), 019/200 VUs, 167 complete and 0 interrupted iterations
concurrency   [  25% ] 019/200 VUs  02m28.9s/10m00.0s

running (02m30.0s), 019/200 VUs, 167 complete and 0 interrupted iterations
concurrency   [  25% ] 019/200 VUs  02m29.9s/10m00.0s

running (02m31.0s), 020/200 VUs, 167 complete and 0 interrupted iterations
concurrency   [  25% ] 020/200 VUs  02m30.9s/10m00.0s

running (02m32.0s), 020/200 VUs, 176 complete and 0 interrupted iterations
concurrency   [  25% ] 020/200 VUs  02m31.9s/10m00.0s

running (02m33.0s), 020/200 VUs, 178 complete and 0 interrupted iterations
concurrency   [  25% ] 020/200 VUs  02m32.9s/10m00.0s

running (02m34.0s), 021/200 VUs, 186 complete and 0 interrupted iterations
concurrency   [  26% ] 021/200 VUs  02m33.9s/10m00.0s

running (02m35.0s), 021/200 VUs, 186 complete and 0 interrupted iterations
concurrency   [  26% ] 021/200 VUs  02m34.9s/10m00.0s

running (02m36.0s), 021/200 VUs, 187 complete and 0 interrupted iterations
concurrency   [  26% ] 021/200 VUs  02m35.9s/10m00.0s

running (02m37.0s), 022/200 VUs, 187 complete and 0 interrupted iterations
concurrency   [  26% ] 022/200 VUs  02m36.9s/10m00.0s

running (02m38.0s), 022/200 VUs, 188 complete and 0 interrupted iterations
concurrency   [  26% ] 022/200 VUs  02m37.9s/10m00.0s

running (02m39.0s), 022/200 VUs, 192 complete and 0 interrupted iterations
concurrency   [  26% ] 022/200 VUs  02m38.9s/10m00.0s

running (02m40.0s), 023/200 VUs, 198 complete and 0 interrupted iterations
concurrency   [  27% ] 023/200 VUs  02m39.9s/10m00.0s

running (02m41.0s), 023/200 VUs, 198 complete and 0 interrupted iterations
concurrency   [  27% ] 023/200 VUs  02m40.9s/10m00.0s

running (02m42.0s), 023/200 VUs, 198 complete and 0 interrupted iterations
concurrency   [  27% ] 023/200 VUs  02m41.9s/10m00.0s

running (02m43.0s), 024/200 VUs, 205 complete and 0 interrupted iterations
concurrency   [  27% ] 024/200 VUs  02m42.9s/10m00.0s

running (02m44.0s), 024/200 VUs, 209 complete and 0 interrupted iterations
concurrency   [  27% ] 024/200 VUs  02m43.9s/10m00.0s

running (02m45.0s), 024/200 VUs, 213 complete and 0 interrupted iterations
concurrency   [  27% ] 024/200 VUs  02m44.9s/10m00.0s

running (02m46.0s), 025/200 VUs, 214 complete and 0 interrupted iterations
concurrency   [  28% ] 025/200 VUs  02m45.9s/10m00.0s

running (02m47.0s), 025/200 VUs, 214 complete and 0 interrupted iterations
concurrency   [  28% ] 025/200 VUs  02m46.9s/10m00.0s

running (02m48.0s), 025/200 VUs, 217 complete and 0 interrupted iterations
concurrency   [  28% ] 025/200 VUs  02m47.9s/10m00.0s

running (02m49.0s), 026/200 VUs, 224 complete and 0 interrupted iterations
concurrency   [  28% ] 026/200 VUs  02m48.9s/10m00.0s

running (02m50.0s), 026/200 VUs, 224 complete and 0 interrupted iterations
concurrency   [  28% ] 026/200 VUs  02m49.9s/10m00.0s

running (02m51.0s), 026/200 VUs, 224 complete and 0 interrupted iterations
concurrency   [  28% ] 026/200 VUs  02m50.9s/10m00.0s

running (02m52.0s), 027/200 VUs, 233 complete and 0 interrupted iterations
concurrency   [  29% ] 027/200 VUs  02m51.9s/10m00.0s

running (02m53.0s), 027/200 VUs, 233 complete and 0 interrupted iterations
concurrency   [  29% ] 027/200 VUs  02m52.9s/10m00.0s

running (02m54.0s), 027/200 VUs, 239 complete and 0 interrupted iterations
concurrency   [  29% ] 027/200 VUs  02m53.9s/10m00.0s

running (02m55.0s), 028/200 VUs, 242 complete and 0 interrupted iterations
concurrency   [  29% ] 028/200 VUs  02m54.9s/10m00.0s

running (02m56.0s), 028/200 VUs, 247 complete and 0 interrupted iterations
concurrency   [  29% ] 028/200 VUs  02m55.9s/10m00.0s

running (02m57.0s), 028/200 VUs, 250 complete and 0 interrupted iterations
concurrency   [  29% ] 028/200 VUs  02m56.9s/10m00.0s

running (02m58.0s), 029/200 VUs, 250 complete and 0 interrupted iterations
concurrency   [  30% ] 029/200 VUs  02m57.9s/10m00.0s

running (02m59.0s), 029/200 VUs, 256 complete and 0 interrupted iterations
concurrency   [  30% ] 029/200 VUs  02m58.9s/10m00.0s

running (03m00.0s), 029/200 VUs, 261 complete and 0 interrupted iterations
concurrency   [  30% ] 029/200 VUs  02m59.9s/10m00.0s

running (03m01.0s), 030/200 VUs, 264 complete and 0 interrupted iterations
concurrency   [  30% ] 030/200 VUs  03m00.9s/10m00.0s

running (03m02.0s), 030/200 VUs, 270 complete and 0 interrupted iterations
concurrency   [  30% ] 030/200 VUs  03m01.9s/10m00.0s

running (03m03.0s), 030/200 VUs, 278 complete and 0 interrupted iterations
concurrency   [  30% ] 030/200 VUs  03m02.9s/10m00.0s

running (03m04.0s), 031/200 VUs, 279 complete and 0 interrupted iterations
concurrency   [  31% ] 031/200 VUs  03m03.9s/10m00.0s

running (03m05.0s), 031/200 VUs, 279 complete and 0 interrupted iterations
concurrency   [  31% ] 031/200 VUs  03m04.9s/10m00.0s

running (03m06.0s), 031/200 VUs, 279 complete and 0 interrupted iterations
concurrency   [  31% ] 031/200 VUs  03m05.9s/10m00.0s

running (03m07.0s), 032/200 VUs, 285 complete and 0 interrupted iterations
concurrency   [  31% ] 032/200 VUs  03m06.9s/10m00.0s

running (03m08.0s), 032/200 VUs, 285 complete and 0 interrupted iterations
concurrency   [  31% ] 032/200 VUs  03m07.9s/10m00.0s

running (03m09.0s), 032/200 VUs, 285 complete and 0 interrupted iterations
concurrency   [  31% ] 032/200 VUs  03m08.9s/10m00.0s

running (03m10.0s), 033/200 VUs, 293 complete and 0 interrupted iterations
concurrency   [  32% ] 033/200 VUs  03m09.9s/10m00.0s

running (03m11.0s), 033/200 VUs, 298 complete and 0 interrupted iterations
concurrency   [  32% ] 033/200 VUs  03m10.9s/10m00.0s

running (03m12.0s), 033/200 VUs, 299 complete and 0 interrupted iterations
concurrency   [  32% ] 033/200 VUs  03m11.9s/10m00.0s

running (03m13.0s), 034/200 VUs, 310 complete and 0 interrupted iterations
concurrency   [  32% ] 034/200 VUs  03m12.9s/10m00.0s

running (03m14.0s), 034/200 VUs, 311 complete and 0 interrupted iterations
concurrency   [  32% ] 034/200 VUs  03m13.9s/10m00.0s

running (03m15.0s), 034/200 VUs, 317 complete and 0 interrupted iterations
concurrency   [  32% ] 034/200 VUs  03m14.9s/10m00.0s

running (03m16.0s), 035/200 VUs, 321 complete and 0 interrupted iterations
concurrency   [  33% ] 035/200 VUs  03m15.9s/10m00.0s

running (03m17.0s), 035/200 VUs, 321 complete and 0 interrupted iterations
concurrency   [  33% ] 035/200 VUs  03m16.9s/10m00.0s

running (03m18.0s), 035/200 VUs, 331 complete and 0 interrupted iterations
concurrency   [  33% ] 035/200 VUs  03m17.9s/10m00.0s

running (03m19.0s), 036/200 VUs, 331 complete and 0 interrupted iterations
concurrency   [  33% ] 036/200 VUs  03m18.9s/10m00.0s

running (03m20.0s), 036/200 VUs, 336 complete and 0 interrupted iterations
concurrency   [  33% ] 036/200 VUs  03m19.9s/10m00.0s

running (03m21.0s), 036/200 VUs, 338 complete and 0 interrupted iterations
concurrency   [  33% ] 036/200 VUs  03m20.9s/10m00.0s

running (03m22.0s), 037/200 VUs, 340 complete and 0 interrupted iterations
concurrency   [  34% ] 037/200 VUs  03m21.9s/10m00.0s

running (03m23.0s), 037/200 VUs, 347 complete and 0 interrupted iterations
concurrency   [  34% ] 037/200 VUs  03m22.9s/10m00.0s

running (03m24.0s), 037/200 VUs, 347 complete and 0 interrupted iterations
concurrency   [  34% ] 037/200 VUs  03m23.9s/10m00.0s

running (03m25.0s), 038/200 VUs, 356 complete and 0 interrupted iterations
concurrency   [  34% ] 038/200 VUs  03m24.9s/10m00.0s

running (03m26.0s), 038/200 VUs, 356 complete and 0 interrupted iterations
concurrency   [  34% ] 038/200 VUs  03m25.9s/10m00.0s

running (03m27.0s), 038/200 VUs, 362 complete and 0 interrupted iterations
concurrency   [  34% ] 038/200 VUs  03m26.9s/10m00.0s

running (03m28.0s), 039/200 VUs, 369 complete and 0 interrupted iterations
concurrency   [  35% ] 039/200 VUs  03m27.9s/10m00.0s

running (03m29.0s), 039/200 VUs, 373 complete and 0 interrupted iterations
concurrency   [  35% ] 039/200 VUs  03m28.9s/10m00.0s

running (03m30.0s), 039/200 VUs, 373 complete and 0 interrupted iterations
concurrency   [  35% ] 039/200 VUs  03m29.9s/10m00.0s

running (03m31.0s), 040/200 VUs, 373 complete and 0 interrupted iterations
concurrency   [  35% ] 040/200 VUs  03m30.9s/10m00.0s

running (03m32.0s), 040/200 VUs, 379 complete and 0 interrupted iterations
concurrency   [  35% ] 040/200 VUs  03m31.9s/10m00.0s

running (03m33.0s), 040/200 VUs, 386 complete and 0 interrupted iterations
concurrency   [  35% ] 040/200 VUs  03m32.9s/10m00.0s

running (03m34.0s), 041/200 VUs, 386 complete and 0 interrupted iterations
concurrency   [  36% ] 041/200 VUs  03m33.9s/10m00.0s

running (03m35.0s), 041/200 VUs, 394 complete and 0 interrupted iterations
concurrency   [  36% ] 041/200 VUs  03m34.9s/10m00.0s

running (03m36.0s), 041/200 VUs, 399 complete and 0 interrupted iterations
concurrency   [  36% ] 041/200 VUs  03m35.9s/10m00.0s

running (03m37.0s), 042/200 VUs, 399 complete and 0 interrupted iterations
concurrency   [  36% ] 042/200 VUs  03m36.9s/10m00.0s

running (03m38.0s), 042/200 VUs, 409 complete and 0 interrupted iterations
concurrency   [  36% ] 042/200 VUs  03m37.9s/10m00.0s

running (03m39.0s), 042/200 VUs, 413 complete and 0 interrupted iterations
concurrency   [  36% ] 042/200 VUs  03m38.9s/10m00.0s

running (03m40.0s), 043/200 VUs, 413 complete and 0 interrupted iterations
concurrency   [  37% ] 043/200 VUs  03m39.9s/10m00.0s

running (03m41.0s), 043/200 VUs, 415 complete and 0 interrupted iterations
concurrency   [  37% ] 043/200 VUs  03m40.9s/10m00.0s

running (03m42.0s), 043/200 VUs, 424 complete and 0 interrupted iterations
concurrency   [  37% ] 043/200 VUs  03m41.9s/10m00.0s

running (03m43.0s), 044/200 VUs, 427 complete and 0 interrupted iterations
concurrency   [  37% ] 044/200 VUs  03m42.9s/10m00.0s

running (03m44.0s), 044/200 VUs, 429 complete and 0 interrupted iterations
concurrency   [  37% ] 044/200 VUs  03m43.9s/10m00.0s

running (03m45.0s), 044/200 VUs, 439 complete and 0 interrupted iterations
concurrency   [  37% ] 044/200 VUs  03m44.9s/10m00.0s

running (03m46.0s), 045/200 VUs, 441 complete and 0 interrupted iterations
concurrency   [  38% ] 045/200 VUs  03m45.9s/10m00.0s

running (03m47.0s), 045/200 VUs, 441 complete and 0 interrupted iterations
concurrency   [  38% ] 045/200 VUs  03m46.9s/10m00.0s

running (03m48.0s), 045/200 VUs, 453 complete and 0 interrupted iterations
concurrency   [  38% ] 045/200 VUs  03m47.9s/10m00.0s

running (03m49.0s), 046/200 VUs, 456 complete and 0 interrupted iterations
concurrency   [  38% ] 046/200 VUs  03m48.9s/10m00.0s

running (03m50.0s), 046/200 VUs, 456 complete and 0 interrupted iterations
concurrency   [  38% ] 046/200 VUs  03m49.9s/10m00.0s

running (03m51.0s), 046/200 VUs, 456 complete and 0 interrupted iterations
concurrency   [  38% ] 046/200 VUs  03m50.9s/10m00.0s

running (03m52.0s), 047/200 VUs, 456 complete and 0 interrupted iterations
concurrency   [  39% ] 047/200 VUs  03m51.9s/10m00.0s

running (03m53.0s), 047/200 VUs, 456 complete and 0 interrupted iterations
concurrency   [  39% ] 047/200 VUs  03m52.9s/10m00.0s

running (03m54.0s), 047/200 VUs, 465 complete and 0 interrupted iterations
concurrency   [  39% ] 047/200 VUs  03m53.9s/10m00.0s

running (03m55.0s), 048/200 VUs, 474 complete and 0 interrupted iterations
concurrency   [  39% ] 048/200 VUs  03m54.9s/10m00.0s

running (03m56.0s), 048/200 VUs, 474 complete and 0 interrupted iterations
concurrency   [  39% ] 048/200 VUs  03m55.9s/10m00.0s

running (03m57.0s), 048/200 VUs, 476 complete and 0 interrupted iterations
concurrency   [  39% ] 048/200 VUs  03m56.9s/10m00.0s

running (03m58.0s), 049/200 VUs, 487 complete and 0 interrupted iterations
concurrency   [  40% ] 049/200 VUs  03m57.9s/10m00.0s

running (03m59.0s), 049/200 VUs, 487 complete and 0 interrupted iterations
concurrency   [  40% ] 049/200 VUs  03m58.9s/10m00.0s

running (04m00.0s), 049/200 VUs, 487 complete and 0 interrupted iterations
concurrency   [  40% ] 049/200 VUs  03m59.9s/10m00.0s

running (04m01.0s), 050/200 VUs, 497 complete and 0 interrupted iterations
concurrency   [  40% ] 050/200 VUs  04m00.9s/10m00.0s

running (04m02.0s), 050/200 VUs, 504 complete and 0 interrupted iterations
concurrency   [  40% ] 050/200 VUs  04m01.9s/10m00.0s

running (04m03.0s), 051/200 VUs, 504 complete and 0 interrupted iterations
concurrency   [  40% ] 051/200 VUs  04m02.9s/10m00.0s

running (04m04.0s), 051/200 VUs, 510 complete and 0 interrupted iterations
concurrency   [  41% ] 051/200 VUs  04m03.9s/10m00.0s

running (04m05.0s), 052/200 VUs, 516 complete and 0 interrupted iterations
concurrency   [  41% ] 052/200 VUs  04m04.9s/10m00.0s

running (04m06.0s), 052/200 VUs, 516 complete and 0 interrupted iterations
concurrency   [  41% ] 052/200 VUs  04m05.9s/10m00.0s

running (04m07.0s), 052/200 VUs, 516 complete and 0 interrupted iterations
concurrency   [  41% ] 052/200 VUs  04m06.9s/10m00.0s

running (04m08.0s), 053/200 VUs, 525 complete and 0 interrupted iterations
concurrency   [  41% ] 053/200 VUs  04m07.9s/10m00.0s

running (04m09.0s), 053/200 VUs, 533 complete and 0 interrupted iterations
concurrency   [  41% ] 053/200 VUs  04m08.9s/10m00.0s

running (04m10.0s), 054/200 VUs, 536 complete and 0 interrupted iterations
concurrency   [  42% ] 054/200 VUs  04m09.9s/10m00.0s

running (04m11.0s), 054/200 VUs, 536 complete and 0 interrupted iterations
concurrency   [  42% ] 054/200 VUs  04m10.9s/10m00.0s

running (04m12.0s), 054/200 VUs, 542 complete and 0 interrupted iterations
concurrency   [  42% ] 054/200 VUs  04m11.9s/10m00.0s

running (04m13.0s), 055/200 VUs, 552 complete and 0 interrupted iterations
concurrency   [  42% ] 055/200 VUs  04m12.9s/10m00.0s

running (04m14.0s), 055/200 VUs, 556 complete and 0 interrupted iterations
concurrency   [  42% ] 055/200 VUs  04m13.9s/10m00.0s

running (04m15.0s), 056/200 VUs, 559 complete and 0 interrupted iterations
concurrency   [  42% ] 056/200 VUs  04m14.9s/10m00.0s

running (04m16.0s), 056/200 VUs, 568 complete and 0 interrupted iterations
concurrency   [  43% ] 056/200 VUs  04m15.9s/10m00.0s

running (04m17.0s), 057/200 VUs, 568 complete and 0 interrupted iterations
concurrency   [  43% ] 057/200 VUs  04m16.9s/10m00.0s

running (04m18.0s), 057/200 VUs, 570 complete and 0 interrupted iterations
concurrency   [  43% ] 057/200 VUs  04m17.9s/10m00.0s

running (04m19.0s), 057/200 VUs, 580 complete and 0 interrupted iterations
concurrency   [  43% ] 057/200 VUs  04m18.9s/10m00.0s

running (04m20.0s), 058/200 VUs, 581 complete and 0 interrupted iterations
concurrency   [  43% ] 058/200 VUs  04m19.9s/10m00.0s

running (04m21.0s), 058/200 VUs, 581 complete and 0 interrupted iterations
concurrency   [  43% ] 058/200 VUs  04m20.9s/10m00.0s

running (04m22.0s), 059/200 VUs, 586 complete and 0 interrupted iterations
concurrency   [  44% ] 059/200 VUs  04m21.9s/10m00.0s

running (04m23.0s), 059/200 VUs, 594 complete and 0 interrupted iterations
concurrency   [  44% ] 059/200 VUs  04m22.9s/10m00.0s

running (04m24.0s), 059/200 VUs, 600 complete and 0 interrupted iterations
concurrency   [  44% ] 059/200 VUs  04m23.9s/10m00.0s

running (04m25.0s), 060/200 VUs, 600 complete and 0 interrupted iterations
concurrency   [  44% ] 060/200 VUs  04m24.9s/10m00.0s

running (04m26.0s), 060/200 VUs, 601 complete and 0 interrupted iterations
concurrency   [  44% ] 060/200 VUs  04m25.9s/10m00.0s

running (04m27.0s), 061/200 VUs, 611 complete and 0 interrupted iterations
concurrency   [  44% ] 061/200 VUs  04m26.9s/10m00.0s

running (04m28.0s), 061/200 VUs, 619 complete and 0 interrupted iterations
concurrency   [  45% ] 061/200 VUs  04m27.9s/10m00.0s

running (04m29.0s), 062/200 VUs, 620 complete and 0 interrupted iterations
concurrency   [  45% ] 062/200 VUs  04m28.9s/10m00.0s

running (04m30.0s), 062/200 VUs, 620 complete and 0 interrupted iterations
concurrency   [  45% ] 062/200 VUs  04m29.9s/10m00.0s

running (04m31.0s), 062/200 VUs, 627 complete and 0 interrupted iterations
concurrency   [  45% ] 062/200 VUs  04m30.9s/10m00.0s

running (04m32.0s), 063/200 VUs, 639 complete and 0 interrupted iterations
concurrency   [  45% ] 063/200 VUs  04m31.9s/10m00.0s

running (04m33.0s), 063/200 VUs, 640 complete and 0 interrupted iterations
concurrency   [  45% ] 063/200 VUs  04m32.9s/10m00.0s

running (04m34.0s), 064/200 VUs, 640 complete and 0 interrupted iterations
concurrency   [  46% ] 064/200 VUs  04m33.9s/10m00.0s

running (04m35.0s), 064/200 VUs, 643 complete and 0 interrupted iterations
concurrency   [  46% ] 064/200 VUs  04m34.9s/10m00.0s

running (04m36.0s), 064/200 VUs, 654 complete and 0 interrupted iterations
concurrency   [  46% ] 064/200 VUs  04m35.9s/10m00.0s

running (04m37.0s), 065/200 VUs, 660 complete and 0 interrupted iterations
concurrency   [  46% ] 065/200 VUs  04m36.9s/10m00.0s

running (04m38.0s), 065/200 VUs, 660 complete and 0 interrupted iterations
concurrency   [  46% ] 065/200 VUs  04m37.9s/10m00.0s

running (04m39.0s), 066/200 VUs, 660 complete and 0 interrupted iterations
concurrency   [  46% ] 066/200 VUs  04m38.9s/10m00.0s

running (04m40.0s), 066/200 VUs, 669 complete and 0 interrupted iterations
concurrency   [  47% ] 066/200 VUs  04m39.9s/10m00.0s

running (04m41.0s), 067/200 VUs, 676 complete and 0 interrupted iterations
concurrency   [  47% ] 067/200 VUs  04m40.9s/10m00.0s

running (04m42.0s), 067/200 VUs, 680 complete and 0 interrupted iterations
concurrency   [  47% ] 067/200 VUs  04m41.9s/10m00.0s

running (04m43.0s), 067/200 VUs, 680 complete and 0 interrupted iterations
concurrency   [  47% ] 067/200 VUs  04m42.9s/10m00.0s

running (04m44.0s), 068/200 VUs, 685 complete and 0 interrupted iterations
concurrency   [  47% ] 068/200 VUs  04m43.9s/10m00.0s

running (04m45.0s), 068/200 VUs, 695 complete and 0 interrupted iterations
concurrency   [  47% ] 068/200 VUs  04m44.9s/10m00.0s

running (04m46.0s), 069/200 VUs, 700 complete and 0 interrupted iterations
concurrency   [  48% ] 069/200 VUs  04m45.9s/10m00.0s

running (04m47.0s), 069/200 VUs, 700 complete and 0 interrupted iterations
concurrency   [  48% ] 069/200 VUs  04m46.9s/10m00.0s

running (04m48.0s), 069/200 VUs, 705 complete and 0 interrupted iterations
concurrency   [  48% ] 069/200 VUs  04m47.9s/10m00.0s

running (04m49.0s), 070/200 VUs, 715 complete and 0 interrupted iterations
concurrency   [  48% ] 070/200 VUs  04m48.9s/10m00.0s

running (04m50.0s), 070/200 VUs, 720 complete and 0 interrupted iterations
concurrency   [  48% ] 070/200 VUs  04m49.9s/10m00.0s

running (04m51.0s), 071/200 VUs, 720 complete and 0 interrupted iterations
concurrency   [  48% ] 071/200 VUs  04m50.9s/10m00.0s

running (04m52.0s), 071/200 VUs, 723 complete and 0 interrupted iterations
concurrency   [  49% ] 071/200 VUs  04m51.9s/10m00.0s

running (04m53.0s), 072/200 VUs, 734 complete and 0 interrupted iterations
concurrency   [  49% ] 072/200 VUs  04m52.9s/10m00.0s

running (04m54.0s), 072/200 VUs, 740 complete and 0 interrupted iterations
concurrency   [  49% ] 072/200 VUs  04m53.9s/10m00.0s

running (04m55.0s), 072/200 VUs, 740 complete and 0 interrupted iterations
concurrency   [  49% ] 072/200 VUs  04m54.9s/10m00.0s

running (04m56.0s), 073/200 VUs, 740 complete and 0 interrupted iterations
concurrency   [  49% ] 073/200 VUs  04m55.9s/10m00.0s

running (04m57.0s), 073/200 VUs, 750 complete and 0 interrupted iterations
concurrency   [  49% ] 073/200 VUs  04m56.9s/10m00.0s

running (04m58.0s), 074/200 VUs, 760 complete and 0 interrupted iterations
concurrency   [  50% ] 074/200 VUs  04m57.9s/10m00.0s

running (04m59.0s), 074/200 VUs, 760 complete and 0 interrupted iterations
concurrency   [  50% ] 074/200 VUs  04m58.9s/10m00.0s

running (05m00.0s), 074/200 VUs, 760 complete and 0 interrupted iterations
concurrency   [  50% ] 074/200 VUs  04m59.9s/10m00.0s

running (05m01.0s), 075/200 VUs, 770 complete and 0 interrupted iterations
concurrency   [  50% ] 075/200 VUs  05m00.9s/10m00.0s

running (05m02.0s), 075/200 VUs, 778 complete and 0 interrupted iterations
concurrency   [  50% ] 075/200 VUs  05m01.9s/10m00.0s

running (05m03.0s), 076/200 VUs, 780 complete and 0 interrupted iterations
concurrency   [  50% ] 076/200 VUs  05m02.9s/10m00.0s

running (05m04.0s), 076/200 VUs, 785 complete and 0 interrupted iterations
concurrency   [  51% ] 076/200 VUs  05m03.9s/10m00.0s

running (05m05.0s), 077/200 VUs, 791 complete and 0 interrupted iterations
concurrency   [  51% ] 077/200 VUs  05m04.9s/10m00.0s

running (05m06.0s), 077/200 VUs, 791 complete and 0 interrupted iterations
concurrency   [  51% ] 077/200 VUs  05m05.9s/10m00.0s

running (05m07.0s), 077/200 VUs, 792 complete and 0 interrupted iterations
concurrency   [  51% ] 077/200 VUs  05m06.9s/10m00.0s

running (05m08.0s), 078/200 VUs, 800 complete and 0 interrupted iterations
concurrency   [  51% ] 078/200 VUs  05m07.9s/10m00.0s

running (05m09.0s), 078/200 VUs, 808 complete and 0 interrupted iterations
concurrency   [  51% ] 078/200 VUs  05m08.9s/10m00.0s

running (05m10.0s), 079/200 VUs, 811 complete and 0 interrupted iterations
concurrency   [  52% ] 079/200 VUs  05m09.9s/10m00.0s

running (05m11.0s), 079/200 VUs, 811 complete and 0 interrupted iterations
concurrency   [  52% ] 079/200 VUs  05m10.9s/10m00.0s

running (05m12.0s), 079/200 VUs, 814 complete and 0 interrupted iterations
concurrency   [  52% ] 079/200 VUs  05m11.9s/10m00.0s

running (05m13.0s), 080/200 VUs, 822 complete and 0 interrupted iterations
concurrency   [  52% ] 080/200 VUs  05m12.9s/10m00.0s

running (05m14.0s), 080/200 VUs, 829 complete and 0 interrupted iterations
concurrency   [  52% ] 080/200 VUs  05m13.9s/10m00.0s

running (05m15.0s), 081/200 VUs, 831 complete and 0 interrupted iterations
concurrency   [  52% ] 081/200 VUs  05m14.9s/10m00.0s

running (05m16.0s), 081/200 VUs, 831 complete and 0 interrupted iterations
concurrency   [  53% ] 081/200 VUs  05m15.9s/10m00.0s

running (05m17.0s), 082/200 VUs, 836 complete and 0 interrupted iterations
concurrency   [  53% ] 082/200 VUs  05m16.9s/10m00.0s

running (05m18.0s), 082/200 VUs, 844 complete and 0 interrupted iterations
concurrency   [  53% ] 082/200 VUs  05m17.9s/10m00.0s

running (05m19.0s), 082/200 VUs, 851 complete and 0 interrupted iterations
concurrency   [  53% ] 082/200 VUs  05m18.9s/10m00.0s

running (05m20.0s), 083/200 VUs, 851 complete and 0 interrupted iterations
concurrency   [  53% ] 083/200 VUs  05m19.9s/10m00.0s

running (05m21.0s), 083/200 VUs, 853 complete and 0 interrupted iterations
concurrency   [  53% ] 083/200 VUs  05m20.9s/10m00.0s

running (05m22.0s), 084/200 VUs, 862 complete and 0 interrupted iterations
concurrency   [  54% ] 084/200 VUs  05m21.9s/10m00.0s

running (05m23.0s), 084/200 VUs, 870 complete and 0 interrupted iterations
concurrency   [  54% ] 084/200 VUs  05m22.9s/10m00.0s

running (05m24.0s), 084/200 VUs, 871 complete and 0 interrupted iterations
concurrency   [  54% ] 084/200 VUs  05m23.9s/10m00.0s

running (05m25.0s), 085/200 VUs, 871 complete and 0 interrupted iterations
concurrency   [  54% ] 085/200 VUs  05m24.9s/10m00.0s

running (05m26.0s), 085/200 VUs, 874 complete and 0 interrupted iterations
concurrency   [  54% ] 085/200 VUs  05m25.9s/10m00.0s

running (05m27.0s), 086/200 VUs, 881 complete and 0 interrupted iterations
concurrency   [  54% ] 086/200 VUs  05m26.9s/10m00.0s

running (05m28.0s), 086/200 VUs, 891 complete and 0 interrupted iterations
concurrency   [  55% ] 086/200 VUs  05m27.9s/10m00.0s

running (05m29.0s), 087/200 VUs, 891 complete and 0 interrupted iterations
concurrency   [  55% ] 087/200 VUs  05m28.9s/10m00.0s

running (05m30.0s), 087/200 VUs, 891 complete and 0 interrupted iterations
concurrency   [  55% ] 087/200 VUs  05m29.9s/10m00.0s

running (05m31.0s), 087/200 VUs, 898 complete and 0 interrupted iterations
concurrency   [  55% ] 087/200 VUs  05m30.9s/10m00.0s

running (05m32.0s), 088/200 VUs, 906 complete and 0 interrupted iterations
concurrency   [  55% ] 088/200 VUs  05m31.9s/10m00.0s

running (05m33.0s), 088/200 VUs, 911 complete and 0 interrupted iterations
concurrency   [  55% ] 088/200 VUs  05m32.9s/10m00.0s

running (05m34.0s), 089/200 VUs, 911 complete and 0 interrupted iterations
concurrency   [  56% ] 089/200 VUs  05m33.9s/10m00.0s

running (05m35.0s), 089/200 VUs, 911 complete and 0 interrupted iterations
concurrency   [  56% ] 089/200 VUs  05m34.9s/10m00.0s

running (05m36.0s), 089/200 VUs, 923 complete and 0 interrupted iterations
concurrency   [  56% ] 089/200 VUs  05m35.9s/10m00.0s

running (05m37.0s), 090/200 VUs, 931 complete and 0 interrupted iterations
concurrency   [  56% ] 090/200 VUs  05m36.9s/10m00.0s

running (05m38.0s), 090/200 VUs, 931 complete and 0 interrupted iterations
concurrency   [  56% ] 090/200 VUs  05m37.9s/10m00.0s

running (05m39.0s), 091/200 VUs, 931 complete and 0 interrupted iterations
concurrency   [  56% ] 091/200 VUs  05m38.9s/10m00.0s

running (05m40.0s), 091/200 VUs, 940 complete and 0 interrupted iterations
concurrency   [  57% ] 091/200 VUs  05m39.9s/10m00.0s

running (05m41.0s), 092/200 VUs, 946 complete and 0 interrupted iterations
concurrency   [  57% ] 092/200 VUs  05m40.9s/10m00.0s

running (05m42.0s), 092/200 VUs, 951 complete and 0 interrupted iterations
concurrency   [  57% ] 092/200 VUs  05m41.9s/10m00.0s

running (05m43.0s), 092/200 VUs, 951 complete and 0 interrupted iterations
concurrency   [  57% ] 092/200 VUs  05m42.9s/10m00.0s

running (05m44.0s), 093/200 VUs, 955 complete and 0 interrupted iterations
concurrency   [  57% ] 093/200 VUs  05m43.9s/10m00.0s

running (05m45.0s), 093/200 VUs, 961 complete and 0 interrupted iterations
concurrency   [  57% ] 093/200 VUs  05m44.9s/10m00.0s

running (05m46.0s), 094/200 VUs, 971 complete and 0 interrupted iterations
concurrency   [  58% ] 094/200 VUs  05m45.9s/10m00.0s

running (05m47.0s), 094/200 VUs, 971 complete and 0 interrupted iterations
concurrency   [  58% ] 094/200 VUs  05m46.9s/10m00.0s

running (05m48.0s), 094/200 VUs, 971 complete and 0 interrupted iterations
concurrency   [  58% ] 094/200 VUs  05m47.9s/10m00.0s

running (05m49.0s), 095/200 VUs, 979 complete and 0 interrupted iterations
concurrency   [  58% ] 095/200 VUs  05m48.9s/10m00.0s

running (05m50.0s), 095/200 VUs, 987 complete and 0 interrupted iterations
concurrency   [  58% ] 095/200 VUs  05m49.9s/10m00.0s

running (05m51.0s), 096/200 VUs, 991 complete and 0 interrupted iterations
concurrency   [  58% ] 096/200 VUs  05m50.9s/10m00.0s

running (05m52.0s), 096/200 VUs, 991 complete and 0 interrupted iterations
concurrency   [  59% ] 096/200 VUs  05m51.9s/10m00.0s

running (05m53.0s), 097/200 VUs, 994 complete and 0 interrupted iterations
concurrency   [  59% ] 097/200 VUs  05m52.9s/10m00.0s

running (05m54.0s), 097/200 VUs, 1003 complete and 0 interrupted iterations
concurrency   [  59% ] 097/200 VUs  05m53.9s/10m00.0s

running (05m55.0s), 097/200 VUs, 1011 complete and 0 interrupted iterations
concurrency   [  59% ] 097/200 VUs  05m54.9s/10m00.0s

running (05m56.0s), 098/200 VUs, 1011 complete and 0 interrupted iterations
concurrency   [  59% ] 098/200 VUs  05m55.9s/10m00.0s

running (05m57.0s), 098/200 VUs, 1011 complete and 0 interrupted iterations
concurrency   [  59% ] 098/200 VUs  05m56.9s/10m00.0s

running (05m58.0s), 099/200 VUs, 1019 complete and 0 interrupted iterations
concurrency   [  60% ] 099/200 VUs  05m57.9s/10m00.0s

running (05m59.0s), 099/200 VUs, 1026 complete and 0 interrupted iterations
concurrency   [  60% ] 099/200 VUs  05m58.9s/10m00.0s

running (06m00.0s), 099/200 VUs, 1031 complete and 0 interrupted iterations
concurrency   [  60% ] 099/200 VUs  05m59.9s/10m00.0s

running (06m01.0s), 100/200 VUs, 1031 complete and 0 interrupted iterations
concurrency   [  60% ] 100/200 VUs  06m00.9s/10m00.0s

running (06m02.0s), 101/200 VUs, 1032 complete and 0 interrupted iterations
concurrency   [  60% ] 101/200 VUs  06m01.9s/10m00.0s

running (06m03.0s), 102/200 VUs, 1041 complete and 0 interrupted iterations
concurrency   [  60% ] 102/200 VUs  06m02.9s/10m00.0s

running (06m04.0s), 103/200 VUs, 1051 complete and 0 interrupted iterations
concurrency   [  61% ] 103/200 VUs  06m03.9s/10m00.0s

running (06m05.0s), 104/200 VUs, 1051 complete and 0 interrupted iterations
concurrency   [  61% ] 104/200 VUs  06m04.9s/10m00.0s

running (06m06.0s), 104/200 VUs, 1051 complete and 0 interrupted iterations
concurrency   [  61% ] 104/200 VUs  06m05.9s/10m00.0s

running (06m07.0s), 105/200 VUs, 1055 complete and 0 interrupted iterations
concurrency   [  61% ] 105/200 VUs  06m06.9s/10m00.0s

running (06m08.0s), 106/200 VUs, 1063 complete and 0 interrupted iterations
concurrency   [  61% ] 106/200 VUs  06m07.9s/10m00.0s

running (06m09.0s), 107/200 VUs, 1071 complete and 0 interrupted iterations
concurrency   [  61% ] 107/200 VUs  06m08.9s/10m00.0s

running (06m10.0s), 108/200 VUs, 1071 complete and 0 interrupted iterations
concurrency   [  62% ] 108/200 VUs  06m09.9s/10m00.0s

running (06m11.0s), 109/200 VUs, 1071 complete and 0 interrupted iterations
concurrency   [  62% ] 109/200 VUs  06m10.9s/10m00.0s

running (06m12.0s), 109/200 VUs, 1079 complete and 0 interrupted iterations
concurrency   [  62% ] 109/200 VUs  06m11.9s/10m00.0s

running (06m13.0s), 110/200 VUs, 1087 complete and 0 interrupted iterations
concurrency   [  62% ] 110/200 VUs  06m12.9s/10m00.0s

running (06m14.0s), 111/200 VUs, 1091 complete and 0 interrupted iterations
concurrency   [  62% ] 111/200 VUs  06m13.9s/10m00.0s

running (06m15.0s), 112/200 VUs, 1091 complete and 0 interrupted iterations
concurrency   [  62% ] 112/200 VUs  06m14.9s/10m00.0s

running (06m16.0s), 113/200 VUs, 1094 complete and 0 interrupted iterations
concurrency   [  63% ] 113/200 VUs  06m15.9s/10m00.0s

running (06m17.0s), 114/200 VUs, 1102 complete and 0 interrupted iterations
concurrency   [  63% ] 114/200 VUs  06m16.9s/10m00.0s

running (06m18.0s), 114/200 VUs, 1111 complete and 0 interrupted iterations
concurrency   [  63% ] 114/200 VUs  06m17.9s/10m00.0s

running (06m19.0s), 115/200 VUs, 1111 complete and 0 interrupted iterations
concurrency   [  63% ] 115/200 VUs  06m18.9s/10m00.0s

running (06m20.0s), 116/200 VUs, 1111 complete and 0 interrupted iterations
concurrency   [  63% ] 116/200 VUs  06m19.9s/10m00.0s

running (06m21.0s), 117/200 VUs, 1117 complete and 0 interrupted iterations
concurrency   [  63% ] 117/200 VUs  06m20.9s/10m00.0s

running (06m22.0s), 118/200 VUs, 1127 complete and 0 interrupted iterations
concurrency   [  64% ] 118/200 VUs  06m21.9s/10m00.0s

running (06m23.0s), 119/200 VUs, 1131 complete and 0 interrupted iterations
concurrency   [  64% ] 119/200 VUs  06m22.9s/10m00.0s

running (06m24.0s), 119/200 VUs, 1131 complete and 0 interrupted iterations
concurrency   [  64% ] 119/200 VUs  06m23.9s/10m00.0s

running (06m25.0s), 120/200 VUs, 1131 complete and 0 interrupted iterations
concurrency   [  64% ] 120/200 VUs  06m24.9s/10m00.0s

running (06m26.0s), 121/200 VUs, 1140 complete and 0 interrupted iterations
concurrency   [  64% ] 121/200 VUs  06m25.9s/10m00.0s

running (06m27.0s), 122/200 VUs, 1149 complete and 0 interrupted iterations
concurrency   [  64% ] 122/200 VUs  06m26.9s/10m00.0s

running (06m28.0s), 123/200 VUs, 1151 complete and 0 interrupted iterations
concurrency   [  65% ] 123/200 VUs  06m27.9s/10m00.0s

running (06m29.0s), 124/200 VUs, 1151 complete and 0 interrupted iterations
concurrency   [  65% ] 124/200 VUs  06m28.9s/10m00.0s

running (06m30.0s), 124/200 VUs, 1152 complete and 0 interrupted iterations
concurrency   [  65% ] 124/200 VUs  06m29.9s/10m00.0s

running (06m31.0s), 125/200 VUs, 1159 complete and 0 interrupted iterations
concurrency   [  65% ] 125/200 VUs  06m30.9s/10m00.0s

running (06m32.0s), 126/200 VUs, 1171 complete and 0 interrupted iterations
concurrency   [  65% ] 126/200 VUs  06m31.9s/10m00.0s

running (06m33.0s), 127/200 VUs, 1171 complete and 0 interrupted iterations
concurrency   [  65% ] 127/200 VUs  06m32.9s/10m00.0s

running (06m34.0s), 128/200 VUs, 1171 complete and 0 interrupted iterations
concurrency   [  66% ] 128/200 VUs  06m33.9s/10m00.0s

running (06m35.0s), 129/200 VUs, 1177 complete and 0 interrupted iterations
concurrency   [  66% ] 129/200 VUs  06m34.9s/10m00.0s

running (06m36.0s), 129/200 VUs, 1188 complete and 0 interrupted iterations
concurrency   [  66% ] 129/200 VUs  06m35.9s/10m00.0s

running (06m37.0s), 130/200 VUs, 1191 complete and 0 interrupted iterations
concurrency   [  66% ] 130/200 VUs  06m36.9s/10m00.0s

running (06m38.0s), 131/200 VUs, 1191 complete and 0 interrupted iterations
concurrency   [  66% ] 131/200 VUs  06m37.9s/10m00.0s

running (06m39.0s), 132/200 VUs, 1195 complete and 0 interrupted iterations
concurrency   [  66% ] 132/200 VUs  06m38.9s/10m00.0s

running (06m40.0s), 133/200 VUs, 1204 complete and 0 interrupted iterations
concurrency   [  67% ] 133/200 VUs  06m39.9s/10m00.0s

running (06m41.0s), 134/200 VUs, 1211 complete and 0 interrupted iterations
concurrency   [  67% ] 134/200 VUs  06m40.9s/10m00.0s

running (06m42.0s), 134/200 VUs, 1211 complete and 0 interrupted iterations
concurrency   [  67% ] 134/200 VUs  06m41.9s/10m00.0s

running (06m43.0s), 135/200 VUs, 1213 complete and 0 interrupted iterations
concurrency   [  67% ] 135/200 VUs  06m42.9s/10m00.0s

running (06m44.0s), 136/200 VUs, 1221 complete and 0 interrupted iterations
concurrency   [  67% ] 136/200 VUs  06m43.9s/10m00.0s

running (06m45.0s), 137/200 VUs, 1231 complete and 0 interrupted iterations
concurrency   [  67% ] 137/200 VUs  06m44.9s/10m00.0s

running (06m46.0s), 138/200 VUs, 1231 complete and 0 interrupted iterations
concurrency   [  68% ] 138/200 VUs  06m45.9s/10m00.0s

running (06m47.0s), 139/200 VUs, 1231 complete and 0 interrupted iterations
concurrency   [  68% ] 139/200 VUs  06m46.9s/10m00.0s

running (06m48.0s), 139/200 VUs, 1242 complete and 0 interrupted iterations
concurrency   [  68% ] 139/200 VUs  06m47.9s/10m00.0s

running (06m49.0s), 140/200 VUs, 1250 complete and 0 interrupted iterations
concurrency   [  68% ] 140/200 VUs  06m48.9s/10m00.0s

running (06m50.0s), 141/200 VUs, 1251 complete and 0 interrupted iterations
concurrency   [  68% ] 141/200 VUs  06m49.9s/10m00.0s

running (06m51.0s), 142/200 VUs, 1251 complete and 0 interrupted iterations
concurrency   [  68% ] 142/200 VUs  06m50.9s/10m00.0s

running (06m52.0s), 143/200 VUs, 1253 complete and 0 interrupted iterations
concurrency   [  69% ] 143/200 VUs  06m51.9s/10m00.0s

running (06m53.0s), 144/200 VUs, 1263 complete and 0 interrupted iterations
concurrency   [  69% ] 144/200 VUs  06m52.9s/10m00.0s

running (06m54.0s), 144/200 VUs, 1269 complete and 0 interrupted iterations
concurrency   [  69% ] 144/200 VUs  06m53.9s/10m00.0s

running (06m55.0s), 145/200 VUs, 1271 complete and 0 interrupted iterations
concurrency   [  69% ] 145/200 VUs  06m54.9s/10m00.0s

running (06m56.0s), 146/200 VUs, 1271 complete and 0 interrupted iterations
concurrency   [  69% ] 146/200 VUs  06m55.9s/10m00.0s

running (06m57.0s), 147/200 VUs, 1272 complete and 0 interrupted iterations
concurrency   [  69% ] 147/200 VUs  06m56.9s/10m00.0s

running (06m58.0s), 148/200 VUs, 1284 complete and 0 interrupted iterations
concurrency   [  70% ] 148/200 VUs  06m57.9s/10m00.0s

running (06m59.0s), 149/200 VUs, 1291 complete and 0 interrupted iterations
concurrency   [  70% ] 149/200 VUs  06m58.9s/10m00.0s

running (07m00.0s), 149/200 VUs, 1291 complete and 0 interrupted iterations
concurrency   [  70% ] 149/200 VUs  06m59.9s/10m00.0s

running (07m01.0s), 150/200 VUs, 1291 complete and 0 interrupted iterations
concurrency   [  70% ] 150/200 VUs  07m00.9s/10m00.0s

running (07m02.0s), 151/200 VUs, 1295 complete and 0 interrupted iterations
concurrency   [  70% ] 151/200 VUs  07m01.9s/10m00.0s

running (07m03.0s), 152/200 VUs, 1306 complete and 0 interrupted iterations
concurrency   [  70% ] 152/200 VUs  07m02.9s/10m00.0s

running (07m04.0s), 153/200 VUs, 1311 complete and 0 interrupted iterations
concurrency   [  71% ] 153/200 VUs  07m03.9s/10m00.0s

running (07m05.0s), 154/200 VUs, 1311 complete and 0 interrupted iterations
concurrency   [  71% ] 154/200 VUs  07m04.9s/10m00.0s

running (07m06.0s), 154/200 VUs, 1312 complete and 0 interrupted iterations
concurrency   [  71% ] 154/200 VUs  07m05.9s/10m00.0s

running (07m07.0s), 155/200 VUs, 1323 complete and 0 interrupted iterations
concurrency   [  71% ] 155/200 VUs  07m06.9s/10m00.0s

running (07m08.0s), 156/200 VUs, 1331 complete and 0 interrupted iterations
concurrency   [  71% ] 156/200 VUs  07m07.9s/10m00.0s

running (07m09.0s), 157/200 VUs, 1331 complete and 0 interrupted iterations
concurrency   [  71% ] 157/200 VUs  07m08.9s/10m00.0s

running (07m10.0s), 158/200 VUs, 1331 complete and 0 interrupted iterations
concurrency   [  72% ] 158/200 VUs  07m09.9s/10m00.0s

running (07m11.0s), 159/200 VUs, 1343 complete and 0 interrupted iterations
concurrency   [  72% ] 159/200 VUs  07m10.9s/10m00.0s

running (07m12.0s), 159/200 VUs, 1351 complete and 0 interrupted iterations
concurrency   [  72% ] 159/200 VUs  07m11.9s/10m00.0s

running (07m13.0s), 160/200 VUs, 1351 complete and 0 interrupted iterations
concurrency   [  72% ] 160/200 VUs  07m12.9s/10m00.0s

running (07m14.0s), 161/200 VUs, 1356 complete and 0 interrupted iterations
concurrency   [  72% ] 161/200 VUs  07m13.9s/10m00.0s

running (07m15.0s), 162/200 VUs, 1368 complete and 0 interrupted iterations
concurrency   [  72% ] 162/200 VUs  07m14.9s/10m00.0s

running (07m16.0s), 163/200 VUs, 1371 complete and 0 interrupted iterations
concurrency   [  73% ] 163/200 VUs  07m15.9s/10m00.0s

running (07m17.0s), 164/200 VUs, 1371 complete and 0 interrupted iterations
concurrency   [  73% ] 164/200 VUs  07m16.9s/10m00.0s

running (07m18.0s), 164/200 VUs, 1373 complete and 0 interrupted iterations
concurrency   [  73% ] 164/200 VUs  07m17.9s/10m00.0s

running (07m19.0s), 165/200 VUs, 1382 complete and 0 interrupted iterations
concurrency   [  73% ] 165/200 VUs  07m18.9s/10m00.0s

running (07m20.0s), 166/200 VUs, 1391 complete and 0 interrupted iterations
concurrency   [  73% ] 166/200 VUs  07m19.9s/10m00.0s

running (07m21.0s), 167/200 VUs, 1391 complete and 0 interrupted iterations
concurrency   [  73% ] 167/200 VUs  07m20.9s/10m00.0s

running (07m22.0s), 168/200 VUs, 1392 complete and 0 interrupted iterations
concurrency   [  74% ] 168/200 VUs  07m21.9s/10m00.0s

running (07m23.0s), 169/200 VUs, 1399 complete and 0 interrupted iterations
concurrency   [  74% ] 169/200 VUs  07m22.9s/10m00.0s

running (07m24.0s), 169/200 VUs, 1411 complete and 0 interrupted iterations
concurrency   [  74% ] 169/200 VUs  07m23.9s/10m00.0s

running (07m25.0s), 170/200 VUs, 1411 complete and 0 interrupted iterations
concurrency   [  74% ] 170/200 VUs  07m24.9s/10m00.0s

running (07m26.0s), 171/200 VUs, 1411 complete and 0 interrupted iterations
concurrency   [  74% ] 171/200 VUs  07m25.9s/10m00.0s

running (07m27.0s), 172/200 VUs, 1420 complete and 0 interrupted iterations
concurrency   [  74% ] 172/200 VUs  07m26.9s/10m00.0s

running (07m28.0s), 173/200 VUs, 1431 complete and 0 interrupted iterations
concurrency   [  75% ] 173/200 VUs  07m27.9s/10m00.0s

running (07m29.0s), 174/200 VUs, 1431 complete and 0 interrupted iterations
concurrency   [  75% ] 174/200 VUs  07m28.9s/10m00.0s

running (07m30.0s), 174/200 VUs, 1431 complete and 0 interrupted iterations
concurrency   [  75% ] 174/200 VUs  07m29.9s/10m00.0s

running (07m31.0s), 175/200 VUs, 1440 complete and 0 interrupted iterations
concurrency   [  75% ] 175/200 VUs  07m30.9s/10m00.0s

running (07m32.0s), 176/200 VUs, 1448 complete and 0 interrupted iterations
concurrency   [  75% ] 176/200 VUs  07m31.9s/10m00.0s

running (07m33.0s), 177/200 VUs, 1451 complete and 0 interrupted iterations
concurrency   [  75% ] 177/200 VUs  07m32.9s/10m00.0s

running (07m34.0s), 178/200 VUs, 1451 complete and 0 interrupted iterations
concurrency   [  76% ] 178/200 VUs  07m33.9s/10m00.0s

running (07m35.0s), 179/200 VUs, 1454 complete and 0 interrupted iterations
concurrency   [  76% ] 179/200 VUs  07m34.9s/10m00.0s

running (07m36.0s), 179/200 VUs, 1464 complete and 0 interrupted iterations
concurrency   [  76% ] 179/200 VUs  07m35.9s/10m00.0s

running (07m37.0s), 180/200 VUs, 1471 complete and 0 interrupted iterations
concurrency   [  76% ] 180/200 VUs  07m36.9s/10m00.0s

running (07m38.0s), 181/200 VUs, 1471 complete and 0 interrupted iterations
concurrency   [  76% ] 181/200 VUs  07m37.9s/10m00.0s

running (07m39.0s), 182/200 VUs, 1471 complete and 0 interrupted iterations
concurrency   [  76% ] 182/200 VUs  07m38.9s/10m00.0s

running (07m40.0s), 183/200 VUs, 1478 complete and 0 interrupted iterations
concurrency   [  77% ] 183/200 VUs  07m39.9s/10m00.0s

running (07m41.0s), 184/200 VUs, 1487 complete and 0 interrupted iterations
concurrency   [  77% ] 184/200 VUs  07m40.9s/10m00.0s

running (07m42.0s), 184/200 VUs, 1491 complete and 0 interrupted iterations
concurrency   [  77% ] 184/200 VUs  07m41.9s/10m00.0s

running (07m43.0s), 185/200 VUs, 1491 complete and 0 interrupted iterations
concurrency   [  77% ] 185/200 VUs  07m42.9s/10m00.0s

running (07m44.0s), 186/200 VUs, 1491 complete and 0 interrupted iterations
concurrency   [  77% ] 186/200 VUs  07m43.9s/10m00.0s

running (07m45.0s), 187/200 VUs, 1502 complete and 0 interrupted iterations
concurrency   [  77% ] 187/200 VUs  07m44.9s/10m00.0s

running (07m46.0s), 188/200 VUs, 1511 complete and 0 interrupted iterations
concurrency   [  78% ] 188/200 VUs  07m45.9s/10m00.0s

running (07m47.0s), 189/200 VUs, 1514 complete and 0 interrupted iterations
concurrency   [  78% ] 189/200 VUs  07m46.9s/10m00.0s

running (07m48.0s), 189/200 VUs, 1516 complete and 0 interrupted iterations
concurrency   [  78% ] 189/200 VUs  07m47.9s/10m00.0s

running (07m49.0s), 190/200 VUs, 1520 complete and 0 interrupted iterations
concurrency   [  78% ] 190/200 VUs  07m48.9s/10m00.0s

running (07m50.0s), 191/200 VUs, 1534 complete and 0 interrupted iterations
concurrency   [  78% ] 191/200 VUs  07m49.9s/10m00.0s

running (07m51.0s), 192/200 VUs, 1535 complete and 0 interrupted iterations
concurrency   [  78% ] 192/200 VUs  07m50.9s/10m00.0s

running (07m52.0s), 193/200 VUs, 1535 complete and 0 interrupted iterations
concurrency   [  79% ] 193/200 VUs  07m51.9s/10m00.0s

running (07m53.0s), 194/200 VUs, 1539 complete and 0 interrupted iterations
concurrency   [  79% ] 194/200 VUs  07m52.9s/10m00.0s

running (07m54.0s), 194/200 VUs, 1550 complete and 0 interrupted iterations
concurrency   [  79% ] 194/200 VUs  07m53.9s/10m00.0s

running (07m55.0s), 195/200 VUs, 1551 complete and 0 interrupted iterations
concurrency   [  79% ] 195/200 VUs  07m54.9s/10m00.0s

running (07m56.0s), 196/200 VUs, 1555 complete and 0 interrupted iterations
concurrency   [  79% ] 196/200 VUs  07m55.9s/10m00.0s

running (07m57.0s), 197/200 VUs, 1565 complete and 0 interrupted iterations
concurrency   [  79% ] 197/200 VUs  07m56.9s/10m00.0s

running (07m58.0s), 198/200 VUs, 1569 complete and 0 interrupted iterations
concurrency   [  80% ] 198/200 VUs  07m57.9s/10m00.0s

running (07m59.0s), 199/200 VUs, 1572 complete and 0 interrupted iterations
concurrency   [  80% ] 199/200 VUs  07m58.9s/10m00.0s

running (08m00.0s), 199/200 VUs, 1586 complete and 0 interrupted iterations
concurrency   [  80% ] 199/200 VUs  07m59.9s/10m00.0s

running (08m01.0s), 200/200 VUs, 1586 complete and 0 interrupted iterations
concurrency   [  80% ] 200/200 VUs  08m00.9s/10m00.0s

running (08m02.0s), 200/200 VUs, 1588 complete and 0 interrupted iterations
concurrency   [  80% ] 200/200 VUs  08m01.9s/10m00.0s

running (08m03.0s), 200/200 VUs, 1604 complete and 0 interrupted iterations
concurrency   [  80% ] 200/200 VUs  08m02.9s/10m00.0s

running (08m04.0s), 200/200 VUs, 1604 complete and 0 interrupted iterations
concurrency   [  81% ] 200/200 VUs  08m03.9s/10m00.0s

running (08m05.0s), 200/200 VUs, 1609 complete and 0 interrupted iterations
concurrency   [  81% ] 200/200 VUs  08m04.9s/10m00.0s

running (08m06.0s), 200/200 VUs, 1609 complete and 0 interrupted iterations
concurrency   [  81% ] 200/200 VUs  08m05.9s/10m00.0s

running (08m07.0s), 200/200 VUs, 1610 complete and 0 interrupted iterations
concurrency   [  81% ] 200/200 VUs  08m06.9s/10m00.0s

running (08m08.0s), 200/200 VUs, 1627 complete and 0 interrupted iterations
concurrency   [  81% ] 200/200 VUs  08m07.9s/10m00.0s

running (08m09.0s), 200/200 VUs, 1632 complete and 0 interrupted iterations
concurrency   [  81% ] 200/200 VUs  08m08.9s/10m00.0s

running (08m10.0s), 200/200 VUs, 1632 complete and 0 interrupted iterations
concurrency   [  82% ] 200/200 VUs  08m09.9s/10m00.0s

running (08m11.0s), 200/200 VUs, 1637 complete and 0 interrupted iterations
concurrency   [  82% ] 200/200 VUs  08m10.9s/10m00.0s

running (08m12.0s), 200/200 VUs, 1653 complete and 0 interrupted iterations
concurrency   [  82% ] 200/200 VUs  08m11.9s/10m00.0s

running (08m13.0s), 200/200 VUs, 1658 complete and 0 interrupted iterations
concurrency   [  82% ] 200/200 VUs  08m12.9s/10m00.0s

running (08m14.0s), 200/200 VUs, 1665 complete and 0 interrupted iterations
concurrency   [  82% ] 200/200 VUs  08m13.9s/10m00.0s

running (08m15.0s), 200/200 VUs, 1676 complete and 0 interrupted iterations
concurrency   [  82% ] 200/200 VUs  08m14.9s/10m00.0s

running (08m16.0s), 200/200 VUs, 1676 complete and 0 interrupted iterations
concurrency   [  83% ] 200/200 VUs  08m15.9s/10m00.0s

running (08m17.0s), 200/200 VUs, 1676 complete and 0 interrupted iterations
concurrency   [  83% ] 200/200 VUs  08m16.9s/10m00.0s

running (08m18.0s), 200/200 VUs, 1677 complete and 0 interrupted iterations
concurrency   [  83% ] 200/200 VUs  08m17.9s/10m00.0s

running (08m19.0s), 200/200 VUs, 1677 complete and 0 interrupted iterations
concurrency   [  83% ] 200/200 VUs  08m18.9s/10m00.0s

running (08m20.0s), 200/200 VUs, 1677 complete and 0 interrupted iterations
concurrency   [  83% ] 200/200 VUs  08m19.9s/10m00.0s

running (08m21.0s), 200/200 VUs, 1695 complete and 0 interrupted iterations
concurrency   [  83% ] 200/200 VUs  08m20.9s/10m00.0s

running (08m22.0s), 200/200 VUs, 1706 complete and 0 interrupted iterations
concurrency   [  84% ] 200/200 VUs  08m21.9s/10m00.0s

running (08m23.0s), 200/200 VUs, 1706 complete and 0 interrupted iterations
concurrency   [  84% ] 200/200 VUs  08m22.9s/10m00.0s

running (08m24.0s), 200/200 VUs, 1709 complete and 0 interrupted iterations
concurrency   [  84% ] 200/200 VUs  08m23.9s/10m00.0s

running (08m25.0s), 200/200 VUs, 1725 complete and 0 interrupted iterations
concurrency   [  84% ] 200/200 VUs  08m24.9s/10m00.0s

running (08m26.0s), 200/200 VUs, 1729 complete and 0 interrupted iterations
concurrency   [  84% ] 200/200 VUs  08m25.9s/10m00.0s

running (08m27.0s), 200/200 VUs, 1729 complete and 0 interrupted iterations
concurrency   [  84% ] 200/200 VUs  08m26.9s/10m00.0s

running (08m28.0s), 200/200 VUs, 1729 complete and 0 interrupted iterations
concurrency   [  85% ] 200/200 VUs  08m27.9s/10m00.0s

running (08m29.0s), 200/200 VUs, 1729 complete and 0 interrupted iterations
concurrency   [  85% ] 200/200 VUs  08m28.9s/10m00.0s

running (08m30.0s), 200/200 VUs, 1741 complete and 0 interrupted iterations
concurrency   [  85% ] 200/200 VUs  08m29.9s/10m00.0s

running (08m31.0s), 200/200 VUs, 1751 complete and 0 interrupted iterations
concurrency   [  85% ] 200/200 VUs  08m30.9s/10m00.0s

running (08m32.0s), 200/200 VUs, 1751 complete and 0 interrupted iterations
concurrency   [  85% ] 200/200 VUs  08m31.9s/10m00.0s

running (08m33.0s), 200/200 VUs, 1752 complete and 0 interrupted iterations
concurrency   [  85% ] 200/200 VUs  08m32.9s/10m00.0s

running (08m34.0s), 200/200 VUs, 1773 complete and 0 interrupted iterations
concurrency   [  86% ] 200/200 VUs  08m33.9s/10m00.0s

running (08m35.0s), 200/200 VUs, 1781 complete and 0 interrupted iterations
concurrency   [  86% ] 200/200 VUs  08m34.9s/10m00.0s

running (08m36.0s), 200/200 VUs, 1788 complete and 0 interrupted iterations
concurrency   [  86% ] 200/200 VUs  08m35.9s/10m00.0s

running (08m37.0s), 200/200 VUs, 1788 complete and 0 interrupted iterations
concurrency   [  86% ] 200/200 VUs  08m36.9s/10m00.0s

running (08m38.0s), 200/200 VUs, 1796 complete and 0 interrupted iterations
concurrency   [  86% ] 200/200 VUs  08m37.9s/10m00.0s

running (08m39.0s), 200/200 VUs, 1809 complete and 0 interrupted iterations
concurrency   [  86% ] 200/200 VUs  08m38.9s/10m00.0s

running (08m40.0s), 200/200 VUs, 1811 complete and 0 interrupted iterations
concurrency   [  87% ] 200/200 VUs  08m39.9s/10m00.0s

running (08m41.0s), 200/200 VUs, 1816 complete and 0 interrupted iterations
concurrency   [  87% ] 200/200 VUs  08m40.9s/10m00.0s

running (08m42.0s), 200/200 VUs, 1829 complete and 0 interrupted iterations
concurrency   [  87% ] 200/200 VUs  08m41.9s/10m00.0s

running (08m43.0s), 200/200 VUs, 1829 complete and 0 interrupted iterations
concurrency   [  87% ] 200/200 VUs  08m42.9s/10m00.0s

running (08m44.0s), 200/200 VUs, 1832 complete and 0 interrupted iterations
concurrency   [  87% ] 200/200 VUs  08m43.9s/10m00.0s

running (08m45.0s), 200/200 VUs, 1837 complete and 0 interrupted iterations
concurrency   [  87% ] 200/200 VUs  08m44.9s/10m00.0s

running (08m46.0s), 200/200 VUs, 1851 complete and 0 interrupted iterations
concurrency   [  88% ] 200/200 VUs  08m45.9s/10m00.0s

running (08m47.0s), 200/200 VUs, 1851 complete and 0 interrupted iterations
concurrency   [  88% ] 200/200 VUs  08m46.9s/10m00.0s

running (08m48.0s), 200/200 VUs, 1855 complete and 0 interrupted iterations
concurrency   [  88% ] 200/200 VUs  08m47.9s/10m00.0s

running (08m49.0s), 200/200 VUs, 1863 complete and 0 interrupted iterations
concurrency   [  88% ] 200/200 VUs  08m48.9s/10m00.0s

running (08m50.0s), 200/200 VUs, 1871 complete and 0 interrupted iterations
concurrency   [  88% ] 200/200 VUs  08m49.9s/10m00.0s

running (08m51.0s), 200/200 VUs, 1876 complete and 0 interrupted iterations
concurrency   [  88% ] 200/200 VUs  08m50.9s/10m00.0s

running (08m52.0s), 200/200 VUs, 1876 complete and 0 interrupted iterations
concurrency   [  89% ] 200/200 VUs  08m51.9s/10m00.0s

running (08m53.0s), 200/200 VUs, 1877 complete and 0 interrupted iterations
concurrency   [  89% ] 200/200 VUs  08m52.9s/10m00.0s

running (08m54.0s), 200/200 VUs, 1877 complete and 0 interrupted iterations
concurrency   [  89% ] 200/200 VUs  08m53.9s/10m00.0s

running (08m55.0s), 200/200 VUs, 1877 complete and 0 interrupted iterations
concurrency   [  89% ] 200/200 VUs  08m54.9s/10m00.0s

running (08m56.0s), 200/200 VUs, 1877 complete and 0 interrupted iterations
concurrency   [  89% ] 200/200 VUs  08m55.9s/10m00.0s

running (08m57.0s), 200/200 VUs, 1892 complete and 0 interrupted iterations
concurrency   [  89% ] 200/200 VUs  08m56.9s/10m00.0s

running (08m58.0s), 200/200 VUs, 1895 complete and 0 interrupted iterations
concurrency   [  90% ] 200/200 VUs  08m57.9s/10m00.0s

running (08m59.0s), 200/200 VUs, 1901 complete and 0 interrupted iterations
concurrency   [  90% ] 200/200 VUs  08m58.9s/10m00.0s

running (09m00.0s), 200/200 VUs, 1922 complete and 0 interrupted iterations
concurrency   [  90% ] 200/200 VUs  08m59.9s/10m00.0s

running (09m01.0s), 200/200 VUs, 1929 complete and 0 interrupted iterations
concurrency   [  90% ] 200/200 VUs  09m00.9s/10m00.0s

running (09m02.0s), 200/200 VUs, 1929 complete and 0 interrupted iterations
concurrency   [  90% ] 200/200 VUs  09m01.9s/10m00.0s

running (09m03.0s), 200/200 VUs, 1929 complete and 0 interrupted iterations
concurrency   [  90% ] 200/200 VUs  09m02.9s/10m00.0s

running (09m04.0s), 200/200 VUs, 1929 complete and 0 interrupted iterations
concurrency   [  91% ] 200/200 VUs  09m03.9s/10m00.0s

running (09m05.0s), 200/200 VUs, 1932 complete and 0 interrupted iterations
concurrency   [  91% ] 200/200 VUs  09m04.9s/10m00.0s

running (09m06.0s), 200/200 VUs, 1943 complete and 0 interrupted iterations
concurrency   [  91% ] 200/200 VUs  09m05.9s/10m00.0s

running (09m07.0s), 200/200 VUs, 1952 complete and 0 interrupted iterations
concurrency   [  91% ] 200/200 VUs  09m06.9s/10m00.0s

running (09m08.0s), 200/200 VUs, 1960 complete and 0 interrupted iterations
concurrency   [  91% ] 200/200 VUs  09m07.9s/10m00.0s

running (09m09.0s), 200/200 VUs, 1969 complete and 0 interrupted iterations
concurrency   [  91% ] 200/200 VUs  09m08.9s/10m00.0s

running (09m10.0s), 200/200 VUs, 1977 complete and 0 interrupted iterations
concurrency   [  92% ] 200/200 VUs  09m09.9s/10m00.0s

running (09m11.0s), 200/200 VUs, 1988 complete and 0 interrupted iterations
concurrency   [  92% ] 200/200 VUs  09m10.9s/10m00.0s

running (09m12.0s), 200/200 VUs, 1996 complete and 0 interrupted iterations
concurrency   [  92% ] 200/200 VUs  09m11.9s/10m00.0s

running (09m13.0s), 200/200 VUs, 1996 complete and 0 interrupted iterations
concurrency   [  92% ] 200/200 VUs  09m12.9s/10m00.0s

running (09m14.0s), 200/200 VUs, 1996 complete and 0 interrupted iterations
concurrency   [  92% ] 200/200 VUs  09m13.9s/10m00.0s

running (09m15.0s), 200/200 VUs, 1998 complete and 0 interrupted iterations
concurrency   [  92% ] 200/200 VUs  09m14.9s/10m00.0s

running (09m16.0s), 200/200 VUs, 2014 complete and 0 interrupted iterations
concurrency   [  93% ] 200/200 VUs  09m15.9s/10m00.0s

running (09m17.0s), 200/200 VUs, 2024 complete and 0 interrupted iterations
concurrency   [  93% ] 200/200 VUs  09m16.9s/10m00.0s

running (09m18.0s), 200/200 VUs, 2024 complete and 0 interrupted iterations
concurrency   [  93% ] 200/200 VUs  09m17.9s/10m00.0s

running (09m19.0s), 200/200 VUs, 2027 complete and 0 interrupted iterations
concurrency   [  93% ] 200/200 VUs  09m18.9s/10m00.0s

running (09m20.0s), 200/200 VUs, 2034 complete and 0 interrupted iterations
concurrency   [  93% ] 200/200 VUs  09m19.9s/10m00.0s

running (09m21.0s), 200/200 VUs, 2034 complete and 0 interrupted iterations
concurrency   [  93% ] 200/200 VUs  09m20.9s/10m00.0s

running (09m22.0s), 200/200 VUs, 2049 complete and 0 interrupted iterations
concurrency   [  94% ] 200/200 VUs  09m21.9s/10m00.0s

running (09m23.0s), 200/200 VUs, 2057 complete and 0 interrupted iterations
concurrency   [  94% ] 200/200 VUs  09m22.9s/10m00.0s

running (09m24.0s), 200/200 VUs, 2063 complete and 0 interrupted iterations
concurrency   [  94% ] 200/200 VUs  09m23.9s/10m00.0s

running (09m25.0s), 200/200 VUs, 2066 complete and 0 interrupted iterations
concurrency   [  94% ] 200/200 VUs  09m24.9s/10m00.0s

running (09m26.0s), 200/200 VUs, 2076 complete and 0 interrupted iterations
concurrency   [  94% ] 200/200 VUs  09m25.9s/10m00.0s

running (09m27.0s), 200/200 VUs, 2077 complete and 0 interrupted iterations
concurrency   [  94% ] 200/200 VUs  09m26.9s/10m00.0s

running (09m28.0s), 200/200 VUs, 2077 complete and 0 interrupted iterations
concurrency   [  95% ] 200/200 VUs  09m27.9s/10m00.0s

running (09m29.0s), 200/200 VUs, 2077 complete and 0 interrupted iterations
concurrency   [  95% ] 200/200 VUs  09m28.9s/10m00.0s

running (09m30.0s), 200/200 VUs, 2077 complete and 0 interrupted iterations
concurrency   [  95% ] 200/200 VUs  09m29.9s/10m00.0s

running (09m31.0s), 200/200 VUs, 2077 complete and 0 interrupted iterations
concurrency   [  95% ] 200/200 VUs  09m30.9s/10m00.0s

running (09m32.0s), 200/200 VUs, 2090 complete and 0 interrupted iterations
concurrency   [  95% ] 200/200 VUs  09m31.9s/10m00.0s

running (09m33.0s), 200/200 VUs, 2092 complete and 0 interrupted iterations
concurrency   [  95% ] 200/200 VUs  09m32.9s/10m00.0s

running (09m34.0s), 200/200 VUs, 2101 complete and 0 interrupted iterations
concurrency   [  96% ] 200/200 VUs  09m33.9s/10m00.0s

running (09m35.0s), 200/200 VUs, 2105 complete and 0 interrupted iterations
concurrency   [  96% ] 200/200 VUs  09m34.9s/10m00.0s

running (09m36.0s), 200/200 VUs, 2129 complete and 0 interrupted iterations
concurrency   [  96% ] 200/200 VUs  09m35.9s/10m00.0s

running (09m37.0s), 200/200 VUs, 2129 complete and 0 interrupted iterations
concurrency   [  96% ] 200/200 VUs  09m36.9s/10m00.0s

running (09m38.0s), 200/200 VUs, 2129 complete and 0 interrupted iterations
concurrency   [  96% ] 200/200 VUs  09m37.9s/10m00.0s

running (09m39.0s), 200/200 VUs, 2129 complete and 0 interrupted iterations
concurrency   [  96% ] 200/200 VUs  09m38.9s/10m00.0s

running (09m40.0s), 200/200 VUs, 2129 complete and 0 interrupted iterations
concurrency   [  97% ] 200/200 VUs  09m39.9s/10m00.0s

running (09m41.0s), 200/200 VUs, 2143 complete and 0 interrupted iterations
concurrency   [  97% ] 200/200 VUs  09m40.9s/10m00.0s

running (09m42.0s), 200/200 VUs, 2145 complete and 0 interrupted iterations
concurrency   [  97% ] 200/200 VUs  09m41.9s/10m00.0s

running (09m43.0s), 200/200 VUs, 2152 complete and 0 interrupted iterations
concurrency   [  97% ] 200/200 VUs  09m42.9s/10m00.0s

running (09m44.0s), 200/200 VUs, 2161 complete and 0 interrupted iterations
concurrency   [  97% ] 200/200 VUs  09m43.9s/10m00.0s

running (09m45.0s), 200/200 VUs, 2166 complete and 0 interrupted iterations
concurrency   [  97% ] 200/200 VUs  09m44.9s/10m00.0s

running (09m46.0s), 200/200 VUs, 2178 complete and 0 interrupted iterations
concurrency   [  98% ] 200/200 VUs  09m45.9s/10m00.0s

running (09m47.0s), 200/200 VUs, 2195 complete and 0 interrupted iterations
concurrency   [  98% ] 200/200 VUs  09m46.9s/10m00.0s

running (09m48.0s), 200/200 VUs, 2196 complete and 0 interrupted iterations
concurrency   [  98% ] 200/200 VUs  09m47.9s/10m00.0s

running (09m49.0s), 200/200 VUs, 2201 complete and 0 interrupted iterations
concurrency   [  98% ] 200/200 VUs  09m48.9s/10m00.0s

running (09m50.0s), 200/200 VUs, 2217 complete and 0 interrupted iterations
concurrency   [  98% ] 200/200 VUs  09m49.9s/10m00.0s

running (09m51.0s), 200/200 VUs, 2224 complete and 0 interrupted iterations
concurrency   [  98% ] 200/200 VUs  09m50.9s/10m00.0s

running (09m52.0s), 200/200 VUs, 2225 complete and 0 interrupted iterations
concurrency   [  99% ] 200/200 VUs  09m51.9s/10m00.0s

running (09m53.0s), 200/200 VUs, 2225 complete and 0 interrupted iterations
concurrency   [  99% ] 200/200 VUs  09m52.9s/10m00.0s

running (09m54.0s), 200/200 VUs, 2234 complete and 0 interrupted iterations
concurrency   [  99% ] 200/200 VUs  09m53.9s/10m00.0s

running (09m55.0s), 200/200 VUs, 2234 complete and 0 interrupted iterations
concurrency   [  99% ] 200/200 VUs  09m54.9s/10m00.0s

running (09m56.0s), 200/200 VUs, 2234 complete and 0 interrupted iterations
concurrency   [  99% ] 200/200 VUs  09m55.9s/10m00.0s

running (09m57.0s), 200/200 VUs, 2234 complete and 0 interrupted iterations
concurrency   [  99% ] 200/200 VUs  09m56.9s/10m00.0s

running (09m58.0s), 200/200 VUs, 2234 complete and 0 interrupted iterations
concurrency   [ 100% ] 200/200 VUs  09m57.9s/10m00.0s

running (09m59.0s), 200/200 VUs, 2236 complete and 0 interrupted iterations
concurrency   [ 100% ] 200/200 VUs  09m58.9s/10m00.0s

running (10m00.0s), 200/200 VUs, 2241 complete and 0 interrupted iterations
concurrency   [ 100% ] 200/200 VUs  09m59.9s/10m00.0s

running (10m01.0s), 181/200 VUs, 2260 complete and 0 interrupted iterations
concurrency ↓ [ 100% ] 200/200 VUs  10m0s

running (10m02.0s), 164/200 VUs, 2277 complete and 0 interrupted iterations
concurrency ↓ [ 100% ] 200/200 VUs  10m0s

running (10m03.0s), 164/200 VUs, 2277 complete and 0 interrupted iterations
concurrency ↓ [ 100% ] 200/200 VUs  10m0s

running (10m04.0s), 164/200 VUs, 2277 complete and 0 interrupted iterations
concurrency ↓ [ 100% ] 200/200 VUs  10m0s

running (10m05.0s), 164/200 VUs, 2277 complete and 0 interrupted iterations
concurrency ↓ [ 100% ] 200/200 VUs  10m0s

running (10m06.0s), 164/200 VUs, 2277 complete and 0 interrupted iterations
concurrency ↓ [ 100% ] 200/200 VUs  10m0s

running (10m07.0s), 164/200 VUs, 2277 complete and 0 interrupted iterations
concurrency ↓ [ 100% ] 200/200 VUs  10m0s

running (10m08.0s), 151/200 VUs, 2290 complete and 0 interrupted iterations
concurrency ↓ [ 100% ] 200/200 VUs  10m0s

running (10m09.0s), 150/200 VUs, 2291 complete and 0 interrupted iterations
concurrency ↓ [ 100% ] 200/200 VUs  10m0s

running (10m10.0s), 141/200 VUs, 2300 complete and 0 interrupted iterations
concurrency ↓ [ 100% ] 200/200 VUs  10m0s

running (10m11.0s), 130/200 VUs, 2311 complete and 0 interrupted iterations
concurrency ↓ [ 100% ] 200/200 VUs  10m0s

running (10m12.0s), 128/200 VUs, 2313 complete and 0 interrupted iterations
concurrency ↓ [ 100% ] 200/200 VUs  10m0s

running (10m13.0s), 120/200 VUs, 2321 complete and 0 interrupted iterations
concurrency ↓ [ 100% ] 200/200 VUs  10m0s

running (10m14.0s), 116/200 VUs, 2325 complete and 0 interrupted iterations
concurrency ↓ [ 100% ] 200/200 VUs  10m0s

running (10m15.0s), 112/200 VUs, 2329 complete and 0 interrupted iterations
concurrency ↓ [ 100% ] 200/200 VUs  10m0s

running (10m16.0s), 112/200 VUs, 2329 complete and 0 interrupted iterations
concurrency ↓ [ 100% ] 200/200 VUs  10m0s

running (10m17.0s), 098/200 VUs, 2343 complete and 0 interrupted iterations
concurrency ↓ [ 100% ] 200/200 VUs  10m0s

running (10m18.0s), 092/200 VUs, 2349 complete and 0 interrupted iterations
concurrency ↓ [ 100% ] 200/200 VUs  10m0s

running (10m19.0s), 090/200 VUs, 2351 complete and 0 interrupted iterations
concurrency ↓ [ 100% ] 200/200 VUs  10m0s

running (10m20.0s), 082/200 VUs, 2359 complete and 0 interrupted iterations
concurrency ↓ [ 100% ] 200/200 VUs  10m0s

running (10m21.0s), 081/200 VUs, 2360 complete and 0 interrupted iterations
concurrency ↓ [ 100% ] 200/200 VUs  10m0s

running (10m22.0s), 071/200 VUs, 2370 complete and 0 interrupted iterations
concurrency ↓ [ 100% ] 200/200 VUs  10m0s

running (10m23.0s), 066/200 VUs, 2375 complete and 0 interrupted iterations
concurrency ↓ [ 100% ] 200/200 VUs  10m0s

running (10m24.0s), 056/200 VUs, 2385 complete and 0 interrupted iterations
concurrency ↓ [ 100% ] 200/200 VUs  10m0s

running (10m25.0s), 046/200 VUs, 2395 complete and 0 interrupted iterations
concurrency ↓ [ 100% ] 200/200 VUs  10m0s

running (10m26.0s), 036/200 VUs, 2405 complete and 0 interrupted iterations
concurrency ↓ [ 100% ] 200/200 VUs  10m0s

running (10m27.0s), 023/200 VUs, 2418 complete and 0 interrupted iterations
concurrency ↓ [ 100% ] 200/200 VUs  10m0s

running (10m28.0s), 007/200 VUs, 2434 complete and 0 interrupted iterations
concurrency ↓ [ 100% ] 200/200 VUs  10m0s

running (10m29.0s), 007/200 VUs, 2434 complete and 0 interrupted iterations
concurrency ↓ [ 100% ] 200/200 VUs  10m0s

running (10m30.0s), 007/200 VUs, 2434 complete and 0 interrupted iterations
concurrency ↓ [ 100% ] 200/200 VUs  10m0s

================ DSP benchmark summary ================
-- per-phase latency --
  catalog                    p50=114.5 ms  p95=460.0 ms  p99=625.6 ms  max=1111.6 ms  n=2441
  negotiation init (POST)    p50=16.5 ms  p95=109.2 ms  p99=141.1 ms  max=201.2 ms  n=2441
  time-to-AGREED (async)     p50=4518.0 ms  p95=6605.0 ms  p99=7317.6 ms  max=8107.0 ms  n=2441
  transfer init (POST)       p50=77.2 ms  p95=180.8 ms  p99=229.2 ms  max=338.0 ms  n=2441
  time-to-EDR (async)        p50=10368.0 ms  p95=27780.0 ms  p99=29829.6 ms  max=30109.0 ms  n=1541
  data pull                  p50=25.4 ms  p95=45.0 ms  p99=48.1 ms  max=450.4 ms  n=1541
-- end-to-end + throughput --
  e2e transaction            p50=15182.0 ms  p95=32509.0 ms  p99=34796.4 ms  max=36440.0 ms  n=1541
  data throughput (MB/s)     p50=0.2  p95=0.2  p99=0.2  max=0.2  n=1541
-- outcomes --
  transactions succeeded     count=1541  rate=2.446/s
  transactions failed        count=893  rate=1.417/s
  failed rate                rate=36.69%  (pass=893 fail=1541)
-- observer effect (poll load) --
  negotiation polls          count=44444  rate=70.545/s
  edr polls                  count=186020  rate=295.264/s
=======================================================
(full summary -> /home/rohitj/edc/benchmarking-factoryx-edc/resources/local-fx-mvd/k6-scripts/results/factoryx/concurrency-closed/2026-07-29T17-06-16Z/k6-summary.json; POLL_INTERVAL_MS=250; IDENTITY_MODE=on)

running (10m30.0s), 000/200 VUs, 2434 complete and 7 interrupted iterations
concurrency ✓ [ 100% ] 007/200 VUs  10m0s
