
         /\      Grafana   /‾‾/  
    /\  /  \     |\  __   /  /   
   /  \/    \    | |/ /  /   ‾‾\ 
  /          \   |   (  |  (‾)  |
 / __________ \  |_|\_\  \_____/ 


     execution: local
        script: /home/rohitj/edc/benchmarking-factoryx-edc/resources/local-fx-mvd/k6-scripts/scenarios/catalog-sweep.js
        output: -

     scenarios: (100.00%) 1 scenario, 4 max VUs, 2m30s max duration (incl. graceful stop):
              * catalog: 4 looping VUs for 2m0s (gracefulStop: 30s)


running (0m01.0s), 4/4 VUs, 25 complete and 0 interrupted iterations
catalog   [   1% ] 4 VUs  0m00.7s/2m0s

running (0m02.0s), 4/4 VUs, 66 complete and 0 interrupted iterations
catalog   [   1% ] 4 VUs  0m01.7s/2m0s

running (0m03.0s), 4/4 VUs, 102 complete and 0 interrupted iterations
catalog   [   2% ] 4 VUs  0m02.7s/2m0s

running (0m04.0s), 4/4 VUs, 143 complete and 0 interrupted iterations
catalog   [   3% ] 4 VUs  0m03.7s/2m0s

running (0m05.0s), 4/4 VUs, 179 complete and 0 interrupted iterations
catalog   [   4% ] 4 VUs  0m04.8s/2m0s

running (0m06.0s), 4/4 VUs, 212 complete and 0 interrupted iterations
catalog   [   5% ] 4 VUs  0m05.7s/2m0s

running (0m07.0s), 4/4 VUs, 249 complete and 0 interrupted iterations
catalog   [   6% ] 4 VUs  0m06.7s/2m0s

running (0m08.0s), 4/4 VUs, 288 complete and 0 interrupted iterations
catalog   [   6% ] 4 VUs  0m07.7s/2m0s

running (0m09.0s), 4/4 VUs, 324 complete and 0 interrupted iterations
catalog   [   7% ] 4 VUs  0m08.7s/2m0s

running (0m10.0s), 4/4 VUs, 363 complete and 0 interrupted iterations
catalog   [   8% ] 4 VUs  0m09.8s/2m0s

running (0m11.0s), 4/4 VUs, 397 complete and 0 interrupted iterations
catalog   [   9% ] 4 VUs  0m10.7s/2m0s

running (0m12.0s), 4/4 VUs, 434 complete and 0 interrupted iterations
catalog   [  10% ] 4 VUs  0m11.7s/2m0s

running (0m13.0s), 4/4 VUs, 479 complete and 0 interrupted iterations
catalog   [  11% ] 4 VUs  0m12.7s/2m0s

running (0m14.0s), 4/4 VUs, 514 complete and 0 interrupted iterations
catalog   [  11% ] 4 VUs  0m13.7s/2m0s

running (0m15.0s), 4/4 VUs, 552 complete and 0 interrupted iterations
catalog   [  12% ] 4 VUs  0m14.7s/2m0s

running (0m16.0s), 4/4 VUs, 586 complete and 0 interrupted iterations
catalog   [  13% ] 4 VUs  0m15.8s/2m0s

running (0m17.0s), 4/4 VUs, 625 complete and 0 interrupted iterations
catalog   [  14% ] 4 VUs  0m16.7s/2m0s

running (0m18.0s), 4/4 VUs, 664 complete and 0 interrupted iterations
catalog   [  15% ] 4 VUs  0m17.7s/2m0s

running (0m19.0s), 4/4 VUs, 700 complete and 0 interrupted iterations
catalog   [  16% ] 4 VUs  0m18.7s/2m0s

running (0m20.0s), 4/4 VUs, 736 complete and 0 interrupted iterations
catalog   [  16% ] 4 VUs  0m19.7s/2m0s

running (0m21.0s), 4/4 VUs, 771 complete and 0 interrupted iterations
catalog   [  17% ] 4 VUs  0m20.7s/2m0s

running (0m22.0s), 4/4 VUs, 809 complete and 0 interrupted iterations
catalog   [  18% ] 4 VUs  0m21.8s/2m0s

running (0m23.0s), 4/4 VUs, 852 complete and 0 interrupted iterations
catalog   [  19% ] 4 VUs  0m22.7s/2m0s

running (0m24.0s), 4/4 VUs, 886 complete and 0 interrupted iterations
catalog   [  20% ] 4 VUs  0m23.7s/2m0s

running (0m25.0s), 4/4 VUs, 926 complete and 0 interrupted iterations
catalog   [  21% ] 4 VUs  0m24.7s/2m0s

running (0m26.0s), 4/4 VUs, 954 complete and 0 interrupted iterations
catalog   [  21% ] 4 VUs  0m25.7s/2m0s

running (0m27.0s), 4/4 VUs, 977 complete and 0 interrupted iterations
catalog   [  22% ] 4 VUs  0m26.7s/2m0s

running (0m28.0s), 4/4 VUs, 996 complete and 0 interrupted iterations
catalog   [  23% ] 4 VUs  0m27.8s/2m0s

running (0m29.0s), 4/4 VUs, 1031 complete and 0 interrupted iterations
catalog   [  24% ] 4 VUs  0m28.7s/2m0s

running (0m30.0s), 4/4 VUs, 1069 complete and 0 interrupted iterations
catalog   [  25% ] 4 VUs  0m29.7s/2m0s

running (0m31.0s), 4/4 VUs, 1105 complete and 0 interrupted iterations
catalog   [  26% ] 4 VUs  0m30.7s/2m0s

running (0m32.0s), 4/4 VUs, 1146 complete and 0 interrupted iterations
catalog   [  26% ] 4 VUs  0m31.7s/2m0s

running (0m33.0s), 4/4 VUs, 1179 complete and 0 interrupted iterations
catalog   [  27% ] 4 VUs  0m32.7s/2m0s

running (0m34.0s), 4/4 VUs, 1220 complete and 0 interrupted iterations
catalog   [  28% ] 4 VUs  0m33.7s/2m0s

running (0m35.0s), 4/4 VUs, 1258 complete and 0 interrupted iterations
catalog   [  29% ] 4 VUs  0m34.8s/2m0s

running (0m36.0s), 4/4 VUs, 1293 complete and 0 interrupted iterations
catalog   [  30% ] 4 VUs  0m35.7s/2m0s

running (0m37.0s), 4/4 VUs, 1330 complete and 0 interrupted iterations
catalog   [  31% ] 4 VUs  0m36.7s/2m0s

running (0m38.0s), 4/4 VUs, 1363 complete and 0 interrupted iterations
catalog   [  31% ] 4 VUs  0m37.7s/2m0s

running (0m39.0s), 4/4 VUs, 1400 complete and 0 interrupted iterations
catalog   [  32% ] 4 VUs  0m38.7s/2m0s

running (0m40.0s), 4/4 VUs, 1441 complete and 0 interrupted iterations
catalog   [  33% ] 4 VUs  0m39.7s/2m0s

running (0m41.0s), 4/4 VUs, 1473 complete and 0 interrupted iterations
catalog   [  34% ] 4 VUs  0m40.8s/2m0s

running (0m42.0s), 4/4 VUs, 1506 complete and 0 interrupted iterations
catalog   [  35% ] 4 VUs  0m41.8s/2m0s

running (0m43.0s), 4/4 VUs, 1546 complete and 0 interrupted iterations
catalog   [  36% ] 4 VUs  0m42.7s/2m0s

running (0m44.0s), 4/4 VUs, 1582 complete and 0 interrupted iterations
catalog   [  36% ] 4 VUs  0m43.7s/2m0s

running (0m45.0s), 4/4 VUs, 1613 complete and 0 interrupted iterations
catalog   [  37% ] 4 VUs  0m44.7s/2m0s

running (0m46.0s), 4/4 VUs, 1643 complete and 0 interrupted iterations
catalog   [  38% ] 4 VUs  0m45.8s/2m0s

running (0m47.0s), 4/4 VUs, 1690 complete and 0 interrupted iterations
catalog   [  39% ] 4 VUs  0m46.8s/2m0s

running (0m48.0s), 4/4 VUs, 1721 complete and 0 interrupted iterations
catalog   [  40% ] 4 VUs  0m47.7s/2m0s

running (0m49.0s), 4/4 VUs, 1759 complete and 0 interrupted iterations
catalog   [  41% ] 4 VUs  0m48.7s/2m0s

running (0m50.0s), 4/4 VUs, 1793 complete and 0 interrupted iterations
catalog   [  41% ] 4 VUs  0m49.7s/2m0s

running (0m51.0s), 4/4 VUs, 1827 complete and 0 interrupted iterations
catalog   [  42% ] 4 VUs  0m50.8s/2m0s

running (0m52.0s), 4/4 VUs, 1860 complete and 0 interrupted iterations
catalog   [  43% ] 4 VUs  0m51.8s/2m0s

running (0m53.0s), 4/4 VUs, 1898 complete and 0 interrupted iterations
catalog   [  44% ] 4 VUs  0m52.7s/2m0s

running (0m54.0s), 4/4 VUs, 1933 complete and 0 interrupted iterations
catalog   [  45% ] 4 VUs  0m53.7s/2m0s

running (0m55.0s), 4/4 VUs, 1978 complete and 0 interrupted iterations
catalog   [  46% ] 4 VUs  0m54.8s/2m0s

running (0m56.0s), 4/4 VUs, 2013 complete and 0 interrupted iterations
catalog   [  46% ] 4 VUs  0m55.7s/2m0s

running (0m57.0s), 4/4 VUs, 2048 complete and 0 interrupted iterations
catalog   [  47% ] 4 VUs  0m56.7s/2m0s

running (0m58.0s), 4/4 VUs, 2086 complete and 0 interrupted iterations
catalog   [  48% ] 4 VUs  0m57.8s/2m0s

running (0m59.0s), 4/4 VUs, 2126 complete and 0 interrupted iterations
catalog   [  49% ] 4 VUs  0m58.7s/2m0s

running (1m00.0s), 4/4 VUs, 2156 complete and 0 interrupted iterations
catalog   [  50% ] 4 VUs  0m59.7s/2m0s

running (1m01.0s), 4/4 VUs, 2188 complete and 0 interrupted iterations
catalog   [  51% ] 4 VUs  1m00.8s/2m0s

running (1m02.0s), 4/4 VUs, 2219 complete and 0 interrupted iterations
catalog   [  51% ] 4 VUs  1m01.7s/2m0s

running (1m03.0s), 4/4 VUs, 2255 complete and 0 interrupted iterations
catalog   [  52% ] 4 VUs  1m02.7s/2m0s

running (1m04.0s), 4/4 VUs, 2289 complete and 0 interrupted iterations
catalog   [  53% ] 4 VUs  1m03.7s/2m0s

running (1m05.0s), 4/4 VUs, 2325 complete and 0 interrupted iterations
catalog   [  54% ] 4 VUs  1m04.8s/2m0s

running (1m06.0s), 4/4 VUs, 2358 complete and 0 interrupted iterations
catalog   [  55% ] 4 VUs  1m05.7s/2m0s

running (1m07.0s), 4/4 VUs, 2396 complete and 0 interrupted iterations
catalog   [  56% ] 4 VUs  1m06.7s/2m0s

running (1m08.0s), 4/4 VUs, 2437 complete and 0 interrupted iterations
catalog   [  56% ] 4 VUs  1m07.7s/2m0s

running (1m09.0s), 4/4 VUs, 2469 complete and 0 interrupted iterations
catalog   [  57% ] 4 VUs  1m08.7s/2m0s

running (1m10.0s), 4/4 VUs, 2502 complete and 0 interrupted iterations
catalog   [  58% ] 4 VUs  1m09.7s/2m0s

running (1m11.0s), 4/4 VUs, 2542 complete and 0 interrupted iterations
catalog   [  59% ] 4 VUs  1m10.7s/2m0s

running (1m12.0s), 4/4 VUs, 2584 complete and 0 interrupted iterations
catalog   [  60% ] 4 VUs  1m11.8s/2m0s

running (1m13.0s), 4/4 VUs, 2619 complete and 0 interrupted iterations
catalog   [  61% ] 4 VUs  1m12.7s/2m0s

running (1m14.0s), 4/4 VUs, 2659 complete and 0 interrupted iterations
catalog   [  61% ] 4 VUs  1m13.7s/2m0s

running (1m15.0s), 4/4 VUs, 2691 complete and 0 interrupted iterations
catalog   [  62% ] 4 VUs  1m14.7s/2m0s

running (1m16.0s), 4/4 VUs, 2725 complete and 0 interrupted iterations
catalog   [  63% ] 4 VUs  1m15.7s/2m0s

running (1m17.0s), 4/4 VUs, 2762 complete and 0 interrupted iterations
catalog   [  64% ] 4 VUs  1m16.7s/2m0s

running (1m18.0s), 4/4 VUs, 2800 complete and 0 interrupted iterations
catalog   [  65% ] 4 VUs  1m17.7s/2m0s

running (1m19.0s), 4/4 VUs, 2839 complete and 0 interrupted iterations
catalog   [  66% ] 4 VUs  1m18.7s/2m0s

running (1m20.0s), 4/4 VUs, 2870 complete and 0 interrupted iterations
catalog   [  66% ] 4 VUs  1m19.7s/2m0s

running (1m21.0s), 4/4 VUs, 2912 complete and 0 interrupted iterations
catalog   [  67% ] 4 VUs  1m20.8s/2m0s

running (1m22.0s), 4/4 VUs, 2951 complete and 0 interrupted iterations
catalog   [  68% ] 4 VUs  1m21.7s/2m0s

running (1m23.0s), 4/4 VUs, 2989 complete and 0 interrupted iterations
catalog   [  69% ] 4 VUs  1m22.7s/2m0s

running (1m24.0s), 4/4 VUs, 3028 complete and 0 interrupted iterations
catalog   [  70% ] 4 VUs  1m23.7s/2m0s

running (1m25.0s), 4/4 VUs, 3064 complete and 0 interrupted iterations
catalog   [  71% ] 4 VUs  1m24.7s/2m0s

running (1m26.0s), 4/4 VUs, 3091 complete and 0 interrupted iterations
catalog   [  71% ] 4 VUs  1m25.7s/2m0s

running (1m27.0s), 4/4 VUs, 3133 complete and 0 interrupted iterations
catalog   [  72% ] 4 VUs  1m26.7s/2m0s

running (1m28.0s), 4/4 VUs, 3168 complete and 0 interrupted iterations
catalog   [  73% ] 4 VUs  1m27.7s/2m0s

running (1m29.0s), 4/4 VUs, 3204 complete and 0 interrupted iterations
catalog   [  74% ] 4 VUs  1m28.7s/2m0s

running (1m30.0s), 4/4 VUs, 3238 complete and 0 interrupted iterations
catalog   [  75% ] 4 VUs  1m29.7s/2m0s

running (1m31.0s), 4/4 VUs, 3264 complete and 0 interrupted iterations
catalog   [  76% ] 4 VUs  1m30.7s/2m0s

running (1m32.0s), 4/4 VUs, 3294 complete and 0 interrupted iterations
catalog   [  76% ] 4 VUs  1m31.7s/2m0s

running (1m33.0s), 4/4 VUs, 3330 complete and 0 interrupted iterations
catalog   [  77% ] 4 VUs  1m32.7s/2m0s

running (1m34.0s), 4/4 VUs, 3368 complete and 0 interrupted iterations
catalog   [  78% ] 4 VUs  1m33.7s/2m0s

running (1m35.0s), 4/4 VUs, 3405 complete and 0 interrupted iterations
catalog   [  79% ] 4 VUs  1m34.7s/2m0s

running (1m36.0s), 4/4 VUs, 3444 complete and 0 interrupted iterations
catalog   [  80% ] 4 VUs  1m35.7s/2m0s

running (1m37.0s), 4/4 VUs, 3469 complete and 0 interrupted iterations
catalog   [  81% ] 4 VUs  1m36.7s/2m0s

running (1m38.0s), 4/4 VUs, 3505 complete and 0 interrupted iterations
catalog   [  81% ] 4 VUs  1m37.7s/2m0s

running (1m39.0s), 4/4 VUs, 3542 complete and 0 interrupted iterations
catalog   [  82% ] 4 VUs  1m38.7s/2m0s

running (1m40.0s), 4/4 VUs, 3582 complete and 0 interrupted iterations
catalog   [  83% ] 4 VUs  1m39.8s/2m0s

running (1m41.0s), 4/4 VUs, 3621 complete and 0 interrupted iterations
catalog   [  84% ] 4 VUs  1m40.7s/2m0s

running (1m42.0s), 4/4 VUs, 3650 complete and 0 interrupted iterations
catalog   [  85% ] 4 VUs  1m41.8s/2m0s

running (1m43.0s), 4/4 VUs, 3686 complete and 0 interrupted iterations
catalog   [  86% ] 4 VUs  1m42.7s/2m0s

running (1m44.0s), 4/4 VUs, 3729 complete and 0 interrupted iterations
catalog   [  86% ] 4 VUs  1m43.7s/2m0s

running (1m45.0s), 4/4 VUs, 3759 complete and 0 interrupted iterations
catalog   [  87% ] 4 VUs  1m44.8s/2m0s

running (1m46.0s), 4/4 VUs, 3801 complete and 0 interrupted iterations
catalog   [  88% ] 4 VUs  1m45.7s/2m0s

running (1m47.0s), 4/4 VUs, 3837 complete and 0 interrupted iterations
catalog   [  89% ] 4 VUs  1m46.7s/2m0s

running (1m48.0s), 4/4 VUs, 3877 complete and 0 interrupted iterations
catalog   [  90% ] 4 VUs  1m47.7s/2m0s

running (1m49.0s), 4/4 VUs, 3917 complete and 0 interrupted iterations
catalog   [  91% ] 4 VUs  1m48.7s/2m0s

running (1m50.0s), 4/4 VUs, 3958 complete and 0 interrupted iterations
catalog   [  91% ] 4 VUs  1m49.7s/2m0s

running (1m51.0s), 4/4 VUs, 3997 complete and 0 interrupted iterations
catalog   [  92% ] 4 VUs  1m50.8s/2m0s

running (1m52.0s), 4/4 VUs, 4034 complete and 0 interrupted iterations
catalog   [  93% ] 4 VUs  1m51.7s/2m0s

running (1m53.0s), 4/4 VUs, 4073 complete and 0 interrupted iterations
catalog   [  94% ] 4 VUs  1m52.7s/2m0s

running (1m54.0s), 4/4 VUs, 4105 complete and 0 interrupted iterations
catalog   [  95% ] 4 VUs  1m53.7s/2m0s

running (1m55.0s), 4/4 VUs, 4143 complete and 0 interrupted iterations
catalog   [  96% ] 4 VUs  1m54.8s/2m0s

running (1m56.0s), 4/4 VUs, 4182 complete and 0 interrupted iterations
catalog   [  96% ] 4 VUs  1m55.8s/2m0s

running (1m57.0s), 4/4 VUs, 4220 complete and 0 interrupted iterations
catalog   [  97% ] 4 VUs  1m56.7s/2m0s

running (1m58.0s), 4/4 VUs, 4254 complete and 0 interrupted iterations
catalog   [  98% ] 4 VUs  1m57.7s/2m0s

running (1m59.0s), 4/4 VUs, 4292 complete and 0 interrupted iterations
catalog   [  99% ] 4 VUs  1m58.7s/2m0s

running (2m00.0s), 4/4 VUs, 4330 complete and 0 interrupted iterations
catalog   [ 100% ] 4 VUs  1m59.7s/2m0s

================ DSP benchmark summary ================
-- per-phase latency --
  catalog                    p50=112.4 ms  p95=171.5 ms  p99=235.1 ms  max=348.6 ms  n=4344
  negotiation init (POST)    (no data)
  time-to-AGREED (async)     (no data)
  transfer init (POST)       (no data)
  time-to-EDR (async)        (no data)
  data pull                  (no data)
-- end-to-end + throughput --
  e2e transaction            (no data)
  data throughput (MB/s)     (no data)
-- outcomes --
  transactions succeeded     count=4344  rate=36.116/s
  transactions failed        (no data)
  failed rate                rate=0.00%  (pass=0 fail=4344)
-- observer effect (poll load) --
  negotiation polls          (no data)
  edr polls                  (no data)
=======================================================
(full summary -> /home/rohitj/edc/benchmarking-factoryx-edc/resources/local-fx-mvd/k6-scripts/results/factoryx/catalog-sweep/2026-07-29T18-00-18Z/k6-summary.json; POLL_INTERVAL_MS=250; IDENTITY_MODE=on)

running (2m00.3s), 0/4 VUs, 4344 complete and 0 interrupted iterations
catalog ✓ [ 100% ] 4 VUs  2m0s
