
         /\      Grafana   /‾‾/  
    /\  /  \     |\  __   /  /   
   /  \/    \    | |/ /  /   ‾‾\ 
  /          \   |   (  |  (‾)  |
 / __________ \  |_|\_\  \_____/ 


     execution: local
        script: /home/rohitj/edc/benchmarking-factoryx-edc/resources/local-fx-mvd/k6-scripts/scenarios/saturation-open.js
        output: Prometheus remote write (http://localhost:9090/api/v1/write)

     scenarios: (100.00%) 1 scenario, 800 max VUs, 11m0s max duration (incl. graceful stop):
              * saturation: Up to 12.00 iterations/s for 10m30s over 7 stages (maxVUs: 100-800, gracefulStop: 30s)


running (00m01.0s), 000/100 VUs, 0 complete and 0 interrupted iterations
saturation   [   0% ] 000/100 VUs  00m01.0s/10m30s  01.00 iters/s

running (00m02.0s), 001/100 VUs, 0 complete and 0 interrupted iterations
saturation   [   0% ] 001/100 VUs  00m02.0s/10m30s  01.00 iters/s

running (00m03.0s), 002/100 VUs, 0 complete and 0 interrupted iterations
saturation   [   0% ] 002/100 VUs  00m03.0s/10m30s  01.00 iters/s

running (00m04.0s), 003/100 VUs, 0 complete and 0 interrupted iterations
saturation   [   1% ] 003/100 VUs  00m04.0s/10m30s  01.00 iters/s

running (00m05.0s), 003/100 VUs, 1 complete and 0 interrupted iterations
saturation   [   1% ] 003/100 VUs  00m05.0s/10m30s  01.00 iters/s

running (00m06.0s), 004/100 VUs, 1 complete and 0 interrupted iterations
saturation   [   1% ] 004/100 VUs  00m06.0s/10m30s  01.00 iters/s

running (00m07.0s), 005/100 VUs, 1 complete and 0 interrupted iterations
saturation   [   1% ] 005/100 VUs  00m07.0s/10m30s  01.00 iters/s

running (00m08.0s), 005/100 VUs, 2 complete and 0 interrupted iterations
saturation   [   1% ] 005/100 VUs  00m08.0s/10m30s  01.00 iters/s

running (00m09.0s), 004/100 VUs, 4 complete and 0 interrupted iterations
saturation   [   1% ] 004/100 VUs  00m09.0s/10m30s  01.00 iters/s

running (00m10.0s), 004/100 VUs, 5 complete and 0 interrupted iterations
saturation   [   2% ] 004/100 VUs  00m10.0s/10m30s  01.00 iters/s

running (00m11.0s), 004/100 VUs, 6 complete and 0 interrupted iterations
saturation   [   2% ] 004/100 VUs  00m11.0s/10m30s  01.00 iters/s

running (00m12.0s), 004/100 VUs, 7 complete and 0 interrupted iterations
saturation   [   2% ] 004/100 VUs  00m12.0s/10m30s  01.00 iters/s

running (00m13.0s), 005/100 VUs, 7 complete and 0 interrupted iterations
saturation   [   2% ] 005/100 VUs  00m13.0s/10m30s  01.00 iters/s

running (00m14.0s), 004/100 VUs, 9 complete and 0 interrupted iterations
saturation   [   2% ] 004/100 VUs  00m14.0s/10m30s  01.00 iters/s

running (00m15.0s), 004/100 VUs, 10 complete and 0 interrupted iterations
saturation   [   2% ] 004/100 VUs  00m15.0s/10m30s  01.00 iters/s

running (00m16.0s), 004/100 VUs, 11 complete and 0 interrupted iterations
saturation   [   3% ] 004/100 VUs  00m16.0s/10m30s  01.00 iters/s

running (00m17.0s), 003/100 VUs, 13 complete and 0 interrupted iterations
saturation   [   3% ] 003/100 VUs  00m17.0s/10m30s  01.00 iters/s

running (00m18.0s), 004/100 VUs, 13 complete and 0 interrupted iterations
saturation   [   3% ] 004/100 VUs  00m18.0s/10m30s  01.00 iters/s

running (00m19.0s), 004/100 VUs, 14 complete and 0 interrupted iterations
saturation   [   3% ] 004/100 VUs  00m19.0s/10m30s  01.00 iters/s

running (00m20.0s), 005/100 VUs, 14 complete and 0 interrupted iterations
saturation   [   3% ] 005/100 VUs  00m20.0s/10m30s  01.00 iters/s

running (00m21.0s), 005/100 VUs, 15 complete and 0 interrupted iterations
saturation   [   3% ] 005/100 VUs  00m21.0s/10m30s  01.00 iters/s

running (00m22.0s), 004/100 VUs, 17 complete and 0 interrupted iterations
saturation   [   3% ] 004/100 VUs  00m22.0s/10m30s  01.00 iters/s

running (00m23.0s), 004/100 VUs, 18 complete and 0 interrupted iterations
saturation   [   4% ] 004/100 VUs  00m23.0s/10m30s  01.00 iters/s

running (00m24.0s), 004/100 VUs, 19 complete and 0 interrupted iterations
saturation   [   4% ] 004/100 VUs  00m24.0s/10m30s  01.00 iters/s

running (00m25.0s), 005/100 VUs, 19 complete and 0 interrupted iterations
saturation   [   4% ] 005/100 VUs  00m25.0s/10m30s  01.00 iters/s

running (00m26.0s), 005/100 VUs, 20 complete and 0 interrupted iterations
saturation   [   4% ] 005/100 VUs  00m26.0s/10m30s  01.00 iters/s

running (00m27.0s), 005/100 VUs, 21 complete and 0 interrupted iterations
saturation   [   4% ] 005/100 VUs  00m27.0s/10m30s  01.00 iters/s

running (00m28.0s), 004/100 VUs, 23 complete and 0 interrupted iterations
saturation   [   4% ] 004/100 VUs  00m28.0s/10m30s  01.00 iters/s

running (00m29.0s), 004/100 VUs, 24 complete and 0 interrupted iterations
saturation   [   5% ] 004/100 VUs  00m29.0s/10m30s  01.00 iters/s

running (00m30.0s), 005/100 VUs, 24 complete and 0 interrupted iterations
saturation   [   5% ] 005/100 VUs  00m30.0s/10m30s  01.00 iters/s

running (00m31.0s), 005/100 VUs, 25 complete and 0 interrupted iterations
saturation   [   5% ] 005/100 VUs  00m31.0s/10m30s  01.00 iters/s

running (00m32.0s), 005/100 VUs, 26 complete and 0 interrupted iterations
saturation   [   5% ] 005/100 VUs  00m32.0s/10m30s  01.00 iters/s

running (00m33.0s), 005/100 VUs, 27 complete and 0 interrupted iterations
saturation   [   5% ] 005/100 VUs  00m33.0s/10m30s  01.00 iters/s

running (00m34.0s), 004/100 VUs, 29 complete and 0 interrupted iterations
saturation   [   5% ] 004/100 VUs  00m34.0s/10m30s  01.00 iters/s

running (00m35.0s), 004/100 VUs, 30 complete and 0 interrupted iterations
saturation   [   6% ] 004/100 VUs  00m35.0s/10m30s  01.00 iters/s

running (00m36.0s), 004/100 VUs, 31 complete and 0 interrupted iterations
saturation   [   6% ] 004/100 VUs  00m36.0s/10m30s  01.00 iters/s

running (00m37.0s), 005/100 VUs, 31 complete and 0 interrupted iterations
saturation   [   6% ] 005/100 VUs  00m37.0s/10m30s  01.00 iters/s

running (00m38.0s), 005/100 VUs, 32 complete and 0 interrupted iterations
saturation   [   6% ] 005/100 VUs  00m38.0s/10m30s  01.00 iters/s

running (00m39.0s), 005/100 VUs, 33 complete and 0 interrupted iterations
saturation   [   6% ] 005/100 VUs  00m39.0s/10m30s  01.00 iters/s

running (00m40.0s), 004/100 VUs, 35 complete and 0 interrupted iterations
saturation   [   6% ] 004/100 VUs  00m40.0s/10m30s  01.00 iters/s

running (00m41.0s), 005/100 VUs, 35 complete and 0 interrupted iterations
saturation   [   7% ] 005/100 VUs  00m41.0s/10m30s  01.00 iters/s

running (00m42.0s), 004/100 VUs, 37 complete and 0 interrupted iterations
saturation   [   7% ] 004/100 VUs  00m42.0s/10m30s  01.00 iters/s

running (00m43.0s), 004/100 VUs, 38 complete and 0 interrupted iterations
saturation   [   7% ] 004/100 VUs  00m43.0s/10m30s  01.00 iters/s

running (00m44.0s), 005/100 VUs, 38 complete and 0 interrupted iterations
saturation   [   7% ] 005/100 VUs  00m44.0s/10m30s  01.00 iters/s

running (00m45.0s), 005/100 VUs, 39 complete and 0 interrupted iterations
saturation   [   7% ] 005/100 VUs  00m45.0s/10m30s  01.00 iters/s

running (00m46.0s), 004/100 VUs, 41 complete and 0 interrupted iterations
saturation   [   7% ] 004/100 VUs  00m46.0s/10m30s  01.00 iters/s

running (00m47.0s), 004/100 VUs, 42 complete and 0 interrupted iterations
saturation   [   7% ] 004/100 VUs  00m47.0s/10m30s  01.00 iters/s

running (00m48.0s), 005/100 VUs, 42 complete and 0 interrupted iterations
saturation   [   8% ] 005/100 VUs  00m48.0s/10m30s  01.00 iters/s

running (00m49.0s), 005/100 VUs, 43 complete and 0 interrupted iterations
saturation   [   8% ] 005/100 VUs  00m49.0s/10m30s  01.00 iters/s

running (00m50.0s), 005/100 VUs, 44 complete and 0 interrupted iterations
saturation   [   8% ] 005/100 VUs  00m50.0s/10m30s  01.00 iters/s

running (00m51.0s), 006/100 VUs, 44 complete and 0 interrupted iterations
saturation   [   8% ] 006/100 VUs  00m51.0s/10m30s  01.00 iters/s

running (00m52.0s), 004/100 VUs, 47 complete and 0 interrupted iterations
saturation   [   8% ] 004/100 VUs  00m52.0s/10m30s  01.00 iters/s

running (00m53.0s), 004/100 VUs, 48 complete and 0 interrupted iterations
saturation   [   8% ] 004/100 VUs  00m53.0s/10m30s  01.00 iters/s

running (00m54.0s), 004/100 VUs, 49 complete and 0 interrupted iterations
saturation   [   9% ] 004/100 VUs  00m54.0s/10m30s  01.00 iters/s

running (00m55.0s), 004/100 VUs, 50 complete and 0 interrupted iterations
saturation   [   9% ] 004/100 VUs  00m55.0s/10m30s  01.00 iters/s

running (00m56.0s), 005/100 VUs, 50 complete and 0 interrupted iterations
saturation   [   9% ] 005/100 VUs  00m56.0s/10m30s  01.00 iters/s

running (00m57.0s), 004/100 VUs, 52 complete and 0 interrupted iterations
saturation   [   9% ] 004/100 VUs  00m57.0s/10m30s  01.00 iters/s

running (00m58.0s), 004/100 VUs, 53 complete and 0 interrupted iterations
saturation   [   9% ] 004/100 VUs  00m58.0s/10m30s  01.00 iters/s

running (00m59.0s), 004/100 VUs, 54 complete and 0 interrupted iterations
saturation   [   9% ] 004/100 VUs  00m59.0s/10m30s  01.00 iters/s

running (01m00.0s), 005/100 VUs, 54 complete and 0 interrupted iterations
saturation   [  10% ] 005/100 VUs  01m00.0s/10m30s  01.00 iters/s

running (01m01.0s), 005/100 VUs, 55 complete and 0 interrupted iterations
saturation   [  10% ] 005/100 VUs  01m01.0s/10m30s  01.00 iters/s

running (01m02.0s), 003/100 VUs, 58 complete and 0 interrupted iterations
saturation   [  10% ] 003/100 VUs  01m02.0s/10m30s  01.00 iters/s

running (01m03.0s), 003/100 VUs, 59 complete and 0 interrupted iterations
saturation   [  10% ] 003/100 VUs  01m03.0s/10m30s  01.00 iters/s

running (01m04.0s), 004/100 VUs, 59 complete and 0 interrupted iterations
saturation   [  10% ] 004/100 VUs  01m04.0s/10m30s  01.00 iters/s

running (01m05.0s), 005/100 VUs, 59 complete and 0 interrupted iterations
saturation   [  10% ] 005/100 VUs  01m05.0s/10m30s  01.00 iters/s

running (01m06.0s), 003/100 VUs, 62 complete and 0 interrupted iterations
saturation   [  10% ] 003/100 VUs  01m06.0s/10m30s  01.00 iters/s

running (01m07.0s), 004/100 VUs, 62 complete and 0 interrupted iterations
saturation   [  11% ] 004/100 VUs  01m07.0s/10m30s  01.00 iters/s

running (01m08.0s), 004/100 VUs, 63 complete and 0 interrupted iterations
saturation   [  11% ] 004/100 VUs  01m08.0s/10m30s  01.00 iters/s

running (01m09.0s), 005/100 VUs, 63 complete and 0 interrupted iterations
saturation   [  11% ] 005/100 VUs  01m09.0s/10m30s  01.00 iters/s

running (01m10.0s), 005/100 VUs, 64 complete and 0 interrupted iterations
saturation   [  11% ] 005/100 VUs  01m10.0s/10m30s  01.00 iters/s

running (01m11.0s), 005/100 VUs, 65 complete and 0 interrupted iterations
saturation   [  11% ] 005/100 VUs  01m11.0s/10m30s  01.00 iters/s

running (01m12.0s), 004/100 VUs, 67 complete and 0 interrupted iterations
saturation   [  11% ] 004/100 VUs  01m12.0s/10m30s  01.00 iters/s

running (01m13.0s), 005/100 VUs, 67 complete and 0 interrupted iterations
saturation   [  12% ] 005/100 VUs  01m13.0s/10m30s  01.00 iters/s

running (01m14.0s), 005/100 VUs, 68 complete and 0 interrupted iterations
saturation   [  12% ] 005/100 VUs  01m14.0s/10m30s  01.00 iters/s

running (01m15.0s), 004/100 VUs, 70 complete and 0 interrupted iterations
saturation   [  12% ] 004/100 VUs  01m15.0s/10m30s  01.00 iters/s

running (01m16.0s), 005/100 VUs, 70 complete and 0 interrupted iterations
saturation   [  12% ] 005/100 VUs  01m16.0s/10m30s  01.00 iters/s

running (01m17.0s), 005/100 VUs, 71 complete and 0 interrupted iterations
saturation   [  12% ] 005/100 VUs  01m17.0s/10m30s  01.00 iters/s

running (01m18.0s), 004/100 VUs, 73 complete and 0 interrupted iterations
saturation   [  12% ] 004/100 VUs  01m18.0s/10m30s  01.00 iters/s

running (01m19.0s), 004/100 VUs, 74 complete and 0 interrupted iterations
saturation   [  13% ] 004/100 VUs  01m19.0s/10m30s  01.00 iters/s

running (01m20.0s), 004/100 VUs, 75 complete and 0 interrupted iterations
saturation   [  13% ] 004/100 VUs  01m20.0s/10m30s  01.00 iters/s

running (01m21.0s), 005/100 VUs, 75 complete and 0 interrupted iterations
saturation   [  13% ] 005/100 VUs  01m21.0s/10m30s  01.00 iters/s

running (01m22.0s), 005/100 VUs, 76 complete and 0 interrupted iterations
saturation   [  13% ] 005/100 VUs  01m22.0s/10m30s  01.00 iters/s

running (01m23.0s), 004/100 VUs, 78 complete and 0 interrupted iterations
saturation   [  13% ] 004/100 VUs  01m23.0s/10m30s  01.00 iters/s

running (01m24.0s), 005/100 VUs, 78 complete and 0 interrupted iterations
saturation   [  13% ] 005/100 VUs  01m24.0s/10m30s  01.00 iters/s

running (01m25.0s), 004/100 VUs, 80 complete and 0 interrupted iterations
saturation   [  13% ] 004/100 VUs  01m25.0s/10m30s  01.00 iters/s

running (01m26.0s), 004/100 VUs, 81 complete and 0 interrupted iterations
saturation   [  14% ] 004/100 VUs  01m26.0s/10m30s  01.00 iters/s

running (01m27.0s), 005/100 VUs, 81 complete and 0 interrupted iterations
saturation   [  14% ] 005/100 VUs  01m27.0s/10m30s  01.00 iters/s

running (01m28.0s), 004/100 VUs, 83 complete and 0 interrupted iterations
saturation   [  14% ] 004/100 VUs  01m28.0s/10m30s  01.00 iters/s

running (01m29.0s), 004/100 VUs, 84 complete and 0 interrupted iterations
saturation   [  14% ] 004/100 VUs  01m29.0s/10m30s  01.00 iters/s

running (01m30.0s), 005/100 VUs, 84 complete and 0 interrupted iterations
saturation   [  14% ] 005/100 VUs  01m30.0s/10m30s  01.00 iters/s

running (01m31.0s), 005/100 VUs, 85 complete and 0 interrupted iterations
saturation   [  14% ] 005/100 VUs  01m31.0s/10m30s  01.01 iters/s

running (01m32.0s), 003/100 VUs, 88 complete and 0 interrupted iterations
saturation   [  15% ] 003/100 VUs  01m32.0s/10m30s  01.02 iters/s

running (01m33.0s), 005/100 VUs, 88 complete and 0 interrupted iterations
saturation   [  15% ] 005/100 VUs  01m33.0s/10m30s  01.04 iters/s

running (01m34.0s), 005/100 VUs, 89 complete and 0 interrupted iterations
saturation   [  15% ] 005/100 VUs  01m34.0s/10m30s  01.05 iters/s

running (01m35.0s), 005/100 VUs, 90 complete and 0 interrupted iterations
saturation   [  15% ] 005/100 VUs  01m35.0s/10m30s  01.06 iters/s

running (01m36.0s), 005/100 VUs, 91 complete and 0 interrupted iterations
saturation   [  15% ] 005/100 VUs  01m36.0s/10m30s  01.07 iters/s

running (01m37.0s), 005/100 VUs, 92 complete and 0 interrupted iterations
saturation   [  15% ] 005/100 VUs  01m37.0s/10m30s  01.08 iters/s

running (01m38.0s), 006/100 VUs, 92 complete and 0 interrupted iterations
saturation   [  16% ] 006/100 VUs  01m38.0s/10m30s  01.09 iters/s

running (01m39.0s), 005/100 VUs, 94 complete and 0 interrupted iterations
saturation   [  16% ] 005/100 VUs  01m39.0s/10m30s  01.10 iters/s

running (01m40.0s), 005/100 VUs, 95 complete and 0 interrupted iterations
saturation   [  16% ] 005/100 VUs  01m40.0s/10m30s  01.11 iters/s

running (01m41.0s), 005/100 VUs, 96 complete and 0 interrupted iterations
saturation   [  16% ] 005/100 VUs  01m41.0s/10m30s  01.12 iters/s

running (01m42.0s), 006/100 VUs, 96 complete and 0 interrupted iterations
saturation   [  16% ] 006/100 VUs  01m42.0s/10m30s  01.13 iters/s

running (01m43.0s), 005/100 VUs, 98 complete and 0 interrupted iterations
saturation   [  16% ] 005/100 VUs  01m43.0s/10m30s  01.14 iters/s

running (01m44.0s), 006/100 VUs, 99 complete and 0 interrupted iterations
saturation   [  17% ] 006/100 VUs  01m44.0s/10m30s  01.16 iters/s

running (01m45.0s), 007/100 VUs, 99 complete and 0 interrupted iterations
saturation   [  17% ] 007/100 VUs  01m45.0s/10m30s  01.17 iters/s

running (01m46.0s), 005/100 VUs, 102 complete and 0 interrupted iterations
saturation   [  17% ] 005/100 VUs  01m46.0s/10m30s  01.18 iters/s

running (01m47.0s), 005/100 VUs, 103 complete and 0 interrupted iterations
saturation   [  17% ] 005/100 VUs  01m47.0s/10m30s  01.19 iters/s

running (01m48.0s), 006/100 VUs, 103 complete and 0 interrupted iterations
saturation   [  17% ] 006/100 VUs  01m48.0s/10m30s  01.20 iters/s

running (01m49.0s), 005/100 VUs, 105 complete and 0 interrupted iterations
saturation   [  17% ] 005/100 VUs  01m49.0s/10m30s  01.21 iters/s

running (01m50.0s), 006/100 VUs, 106 complete and 0 interrupted iterations
saturation   [  17% ] 006/100 VUs  01m50.0s/10m30s  01.22 iters/s

running (01m51.0s), 007/100 VUs, 106 complete and 0 interrupted iterations
saturation   [  18% ] 007/100 VUs  01m51.0s/10m30s  01.23 iters/s

running (01m52.0s), 005/100 VUs, 109 complete and 0 interrupted iterations
saturation   [  18% ] 005/100 VUs  01m52.0s/10m30s  01.24 iters/s

running (01m53.0s), 005/100 VUs, 110 complete and 0 interrupted iterations
saturation   [  18% ] 005/100 VUs  01m53.0s/10m30s  01.25 iters/s

running (01m54.0s), 006/100 VUs, 111 complete and 0 interrupted iterations
saturation   [  18% ] 006/100 VUs  01m54.0s/10m30s  01.27 iters/s

running (01m55.0s), 006/100 VUs, 112 complete and 0 interrupted iterations
saturation   [  18% ] 006/100 VUs  01m55.0s/10m30s  01.28 iters/s

running (01m56.0s), 006/100 VUs, 113 complete and 0 interrupted iterations
saturation   [  18% ] 006/100 VUs  01m56.0s/10m30s  01.29 iters/s

running (01m57.0s), 006/100 VUs, 114 complete and 0 interrupted iterations
saturation   [  19% ] 006/100 VUs  01m57.0s/10m30s  01.30 iters/s

running (01m58.0s), 007/100 VUs, 115 complete and 0 interrupted iterations
saturation   [  19% ] 007/100 VUs  01m58.0s/10m30s  01.31 iters/s

running (01m59.0s), 006/100 VUs, 117 complete and 0 interrupted iterations
saturation   [  19% ] 006/100 VUs  01m59.0s/10m30s  01.32 iters/s

running (02m00.0s), 005/100 VUs, 119 complete and 0 interrupted iterations
saturation   [  19% ] 005/100 VUs  02m00.0s/10m30s  01.33 iters/s

running (02m01.0s), 007/100 VUs, 119 complete and 0 interrupted iterations
saturation   [  19% ] 007/100 VUs  02m01.0s/10m30s  01.35 iters/s

running (02m02.0s), 008/100 VUs, 119 complete and 0 interrupted iterations
saturation   [  19% ] 008/100 VUs  02m02.0s/10m30s  01.35 iters/s

running (02m03.0s), 008/100 VUs, 120 complete and 0 interrupted iterations
saturation   [  20% ] 008/100 VUs  02m03.0s/10m30s  01.36 iters/s

running (02m04.0s), 008/100 VUs, 122 complete and 0 interrupted iterations
saturation   [  20% ] 008/100 VUs  02m04.0s/10m30s  01.38 iters/s

running (02m05.0s), 007/100 VUs, 124 complete and 0 interrupted iterations
saturation   [  20% ] 007/100 VUs  02m05.0s/10m30s  01.39 iters/s

running (02m06.0s), 007/100 VUs, 126 complete and 0 interrupted iterations
saturation   [  20% ] 007/100 VUs  02m06.0s/10m30s  01.40 iters/s

running (02m07.0s), 008/100 VUs, 126 complete and 0 interrupted iterations
saturation   [  20% ] 008/100 VUs  02m07.0s/10m30s  01.41 iters/s

running (02m08.0s), 006/100 VUs, 129 complete and 0 interrupted iterations
saturation   [  20% ] 006/100 VUs  02m08.0s/10m30s  01.42 iters/s

running (02m09.0s), 008/100 VUs, 129 complete and 0 interrupted iterations
saturation   [  20% ] 008/100 VUs  02m09.0s/10m30s  01.43 iters/s

running (02m10.0s), 007/100 VUs, 131 complete and 0 interrupted iterations
saturation   [  21% ] 007/100 VUs  02m10.0s/10m30s  01.44 iters/s

running (02m11.0s), 007/100 VUs, 133 complete and 0 interrupted iterations
saturation   [  21% ] 007/100 VUs  02m11.0s/10m30s  01.46 iters/s

running (02m12.0s), 006/100 VUs, 135 complete and 0 interrupted iterations
saturation   [  21% ] 006/100 VUs  02m12.0s/10m30s  01.46 iters/s

running (02m13.0s), 008/100 VUs, 135 complete and 0 interrupted iterations
saturation   [  21% ] 008/100 VUs  02m13.0s/10m30s  01.48 iters/s

running (02m14.0s), 007/100 VUs, 137 complete and 0 interrupted iterations
saturation   [  21% ] 007/100 VUs  02m14.0s/10m30s  01.49 iters/s

running (02m15.0s), 007/100 VUs, 139 complete and 0 interrupted iterations
saturation   [  21% ] 007/100 VUs  02m15.0s/10m30s  01.50 iters/s

running (02m16.0s), 006/100 VUs, 141 complete and 0 interrupted iterations
saturation   [  22% ] 006/100 VUs  02m16.0s/10m30s  01.51 iters/s

running (02m17.0s), 006/100 VUs, 143 complete and 0 interrupted iterations
saturation   [  22% ] 006/100 VUs  02m17.0s/10m30s  01.52 iters/s

running (02m18.0s), 007/100 VUs, 143 complete and 0 interrupted iterations
saturation   [  22% ] 007/100 VUs  02m18.0s/10m30s  01.53 iters/s

running (02m19.0s), 007/100 VUs, 145 complete and 0 interrupted iterations
saturation   [  22% ] 007/100 VUs  02m19.0s/10m30s  01.55 iters/s

running (02m20.0s), 006/100 VUs, 147 complete and 0 interrupted iterations
saturation   [  22% ] 006/100 VUs  02m20.0s/10m30s  01.55 iters/s

running (02m21.0s), 008/100 VUs, 147 complete and 0 interrupted iterations
saturation   [  22% ] 008/100 VUs  02m21.0s/10m30s  01.57 iters/s

running (02m22.0s), 007/100 VUs, 149 complete and 0 interrupted iterations
saturation   [  23% ] 007/100 VUs  02m22.0s/10m30s  01.57 iters/s

running (02m23.0s), 008/100 VUs, 150 complete and 0 interrupted iterations
saturation   [  23% ] 008/100 VUs  02m23.0s/10m30s  01.59 iters/s

running (02m24.0s), 007/100 VUs, 153 complete and 0 interrupted iterations
saturation   [  23% ] 007/100 VUs  02m24.0s/10m30s  01.60 iters/s

running (02m25.0s), 008/100 VUs, 153 complete and 0 interrupted iterations
saturation   [  23% ] 008/100 VUs  02m25.0s/10m30s  01.61 iters/s

running (02m26.0s), 008/100 VUs, 155 complete and 0 interrupted iterations
saturation   [  23% ] 008/100 VUs  02m26.0s/10m30s  01.62 iters/s

running (02m27.0s), 009/100 VUs, 155 complete and 0 interrupted iterations
saturation   [  23% ] 009/100 VUs  02m27.0s/10m30s  01.63 iters/s

running (02m28.0s), 011/100 VUs, 155 complete and 0 interrupted iterations
saturation   [  23% ] 011/100 VUs  02m28.0s/10m30s  01.64 iters/s

running (02m29.0s), 009/100 VUs, 159 complete and 0 interrupted iterations
saturation   [  24% ] 009/100 VUs  02m29.0s/10m30s  01.66 iters/s

running (02m30.0s), 006/100 VUs, 163 complete and 0 interrupted iterations
saturation   [  24% ] 006/100 VUs  02m30.0s/10m30s  01.66 iters/s

running (02m31.0s), 008/100 VUs, 163 complete and 0 interrupted iterations
saturation   [  24% ] 008/100 VUs  02m31.0s/10m30s  01.68 iters/s

running (02m32.0s), 008/100 VUs, 165 complete and 0 interrupted iterations
saturation   [  24% ] 008/100 VUs  02m32.0s/10m30s  01.69 iters/s

running (02m33.0s), 006/100 VUs, 168 complete and 0 interrupted iterations
saturation   [  24% ] 006/100 VUs  02m33.0s/10m30s  01.70 iters/s

running (02m34.0s), 008/100 VUs, 168 complete and 0 interrupted iterations
saturation   [  24% ] 008/100 VUs  02m34.0s/10m30s  01.71 iters/s

running (02m35.0s), 008/100 VUs, 170 complete and 0 interrupted iterations
saturation   [  25% ] 008/100 VUs  02m35.0s/10m30s  01.72 iters/s

running (02m36.0s), 008/100 VUs, 172 complete and 0 interrupted iterations
saturation   [  25% ] 008/100 VUs  02m36.0s/10m30s  01.74 iters/s

running (02m37.0s), 009/100 VUs, 172 complete and 0 interrupted iterations
saturation   [  25% ] 009/100 VUs  02m37.0s/10m30s  01.74 iters/s

running (02m38.0s), 009/100 VUs, 174 complete and 0 interrupted iterations
saturation   [  25% ] 009/100 VUs  02m38.0s/10m30s  01.75 iters/s

running (02m39.0s), 009/100 VUs, 176 complete and 0 interrupted iterations
saturation   [  25% ] 009/100 VUs  02m39.0s/10m30s  01.77 iters/s

running (02m40.0s), 008/100 VUs, 179 complete and 0 interrupted iterations
saturation   [  25% ] 008/100 VUs  02m40.0s/10m30s  01.78 iters/s

running (02m41.0s), 009/100 VUs, 179 complete and 0 interrupted iterations
saturation   [  26% ] 009/100 VUs  02m41.0s/10m30s  01.79 iters/s

running (02m42.0s), 011/100 VUs, 179 complete and 0 interrupted iterations
saturation   [  26% ] 011/100 VUs  02m42.0s/10m30s  01.80 iters/s

running (02m43.0s), 010/100 VUs, 182 complete and 0 interrupted iterations
saturation   [  26% ] 010/100 VUs  02m43.0s/10m30s  01.81 iters/s

running (02m44.0s), 009/100 VUs, 185 complete and 0 interrupted iterations
saturation   [  26% ] 009/100 VUs  02m44.0s/10m30s  01.82 iters/s

running (02m45.0s), 011/100 VUs, 185 complete and 0 interrupted iterations
saturation   [  26% ] 011/100 VUs  02m45.0s/10m30s  01.83 iters/s

running (02m46.0s), 008/100 VUs, 190 complete and 0 interrupted iterations
saturation   [  26% ] 008/100 VUs  02m46.0s/10m30s  01.85 iters/s

running (02m47.0s), 009/100 VUs, 190 complete and 0 interrupted iterations
saturation   [  27% ] 009/100 VUs  02m47.0s/10m30s  01.85 iters/s

running (02m48.0s), 009/100 VUs, 192 complete and 0 interrupted iterations
saturation   [  27% ] 009/100 VUs  02m48.0s/10m30s  01.86 iters/s

running (02m49.0s), 011/100 VUs, 192 complete and 0 interrupted iterations
saturation   [  27% ] 011/100 VUs  02m49.0s/10m30s  01.88 iters/s

running (02m50.0s), 010/100 VUs, 195 complete and 0 interrupted iterations
saturation   [  27% ] 010/100 VUs  02m50.0s/10m30s  01.89 iters/s

running (02m51.0s), 010/100 VUs, 197 complete and 0 interrupted iterations
saturation   [  27% ] 010/100 VUs  02m51.0s/10m30s  01.90 iters/s

running (02m52.0s), 009/100 VUs, 200 complete and 0 interrupted iterations
saturation   [  27% ] 009/100 VUs  02m52.0s/10m30s  01.91 iters/s

running (02m53.0s), 011/100 VUs, 200 complete and 0 interrupted iterations
saturation   [  27% ] 011/100 VUs  02m53.0s/10m30s  01.92 iters/s

running (02m54.0s), 010/100 VUs, 203 complete and 0 interrupted iterations
saturation   [  28% ] 010/100 VUs  02m54.0s/10m30s  01.94 iters/s

running (02m55.0s), 010/100 VUs, 205 complete and 0 interrupted iterations
saturation   [  28% ] 010/100 VUs  02m55.0s/10m30s  01.95 iters/s

running (02m56.0s), 011/100 VUs, 205 complete and 0 interrupted iterations
saturation   [  28% ] 011/100 VUs  02m56.0s/10m30s  01.95 iters/s

running (02m57.0s), 010/100 VUs, 208 complete and 0 interrupted iterations
saturation   [  28% ] 010/100 VUs  02m57.0s/10m30s  01.96 iters/s

running (02m58.0s), 012/100 VUs, 208 complete and 0 interrupted iterations
saturation   [  28% ] 012/100 VUs  02m58.0s/10m30s  01.97 iters/s

running (02m59.0s), 011/100 VUs, 211 complete and 0 interrupted iterations
saturation   [  28% ] 011/100 VUs  02m59.0s/10m30s  01.99 iters/s

running (03m00.0s), 010/100 VUs, 214 complete and 0 interrupted iterations
saturation   [  29% ] 010/100 VUs  03m00.0s/10m30s  02.00 iters/s

running (03m01.0s), 011/100 VUs, 215 complete and 0 interrupted iterations
saturation   [  29% ] 011/100 VUs  03m01.0s/10m30s  02.01 iters/s

running (03m02.0s), 011/100 VUs, 217 complete and 0 interrupted iterations
saturation   [  29% ] 011/100 VUs  03m02.0s/10m30s  02.02 iters/s

running (03m03.0s), 011/100 VUs, 219 complete and 0 interrupted iterations
saturation   [  29% ] 011/100 VUs  03m03.0s/10m30s  02.03 iters/s

running (03m04.0s), 010/100 VUs, 222 complete and 0 interrupted iterations
saturation   [  29% ] 010/100 VUs  03m04.0s/10m30s  02.04 iters/s

running (03m05.0s), 013/100 VUs, 222 complete and 0 interrupted iterations
saturation   [  29% ] 013/100 VUs  03m05.0s/10m30s  02.06 iters/s

running (03m06.0s), 012/100 VUs, 225 complete and 0 interrupted iterations
saturation   [  30% ] 012/100 VUs  03m06.0s/10m30s  02.07 iters/s

running (03m07.0s), 014/100 VUs, 225 complete and 0 interrupted iterations
saturation   [  30% ] 014/100 VUs  03m07.0s/10m30s  02.08 iters/s

running (03m08.0s), 016/100 VUs, 225 complete and 0 interrupted iterations
saturation   [  30% ] 016/100 VUs  03m08.0s/10m30s  02.09 iters/s

running (03m09.0s), 012/100 VUs, 231 complete and 0 interrupted iterations
saturation   [  30% ] 012/100 VUs  03m09.0s/10m30s  02.10 iters/s

running (03m10.0s), 013/100 VUs, 232 complete and 0 interrupted iterations
saturation   [  30% ] 013/100 VUs  03m10.0s/10m30s  02.11 iters/s

running (03m11.0s), 013/100 VUs, 234 complete and 0 interrupted iterations
saturation   [  30% ] 013/100 VUs  03m11.0s/10m30s  02.12 iters/s

running (03m12.0s), 011/100 VUs, 238 complete and 0 interrupted iterations
saturation   [  30% ] 011/100 VUs  03m12.0s/10m30s  02.13 iters/s

running (03m13.0s), 013/100 VUs, 238 complete and 0 interrupted iterations
saturation   [  31% ] 013/100 VUs  03m13.0s/10m30s  02.14 iters/s

running (03m14.0s), 011/100 VUs, 242 complete and 0 interrupted iterations
saturation   [  31% ] 011/100 VUs  03m14.0s/10m30s  02.15 iters/s

running (03m15.0s), 014/100 VUs, 242 complete and 0 interrupted iterations
saturation   [  31% ] 014/100 VUs  03m15.0s/10m30s  02.17 iters/s

running (03m16.0s), 013/100 VUs, 245 complete and 0 interrupted iterations
saturation   [  31% ] 013/100 VUs  03m16.0s/10m30s  02.18 iters/s

running (03m17.0s), 013/100 VUs, 247 complete and 0 interrupted iterations
saturation   [  31% ] 013/100 VUs  03m17.0s/10m30s  02.19 iters/s

running (03m18.0s), 011/100 VUs, 251 complete and 0 interrupted iterations
saturation   [  31% ] 011/100 VUs  03m18.0s/10m30s  02.20 iters/s

running (03m19.0s), 013/100 VUs, 251 complete and 0 interrupted iterations
saturation   [  32% ] 013/100 VUs  03m19.0s/10m30s  02.21 iters/s

running (03m20.0s), 012/100 VUs, 255 complete and 0 interrupted iterations
saturation   [  32% ] 012/100 VUs  03m20.0s/10m30s  02.22 iters/s

running (03m21.0s), 014/100 VUs, 255 complete and 0 interrupted iterations
saturation   [  32% ] 014/100 VUs  03m21.0s/10m30s  02.23 iters/s

running (03m22.0s), 013/100 VUs, 258 complete and 0 interrupted iterations
saturation   [  32% ] 013/100 VUs  03m22.0s/10m30s  02.24 iters/s

running (03m23.0s), 015/100 VUs, 258 complete and 0 interrupted iterations
saturation   [  32% ] 015/100 VUs  03m23.0s/10m30s  02.25 iters/s

running (03m24.0s), 015/100 VUs, 261 complete and 0 interrupted iterations
saturation   [  32% ] 015/100 VUs  03m24.0s/10m30s  02.27 iters/s

running (03m25.0s), 012/100 VUs, 266 complete and 0 interrupted iterations
saturation   [  33% ] 012/100 VUs  03m25.0s/10m30s  02.28 iters/s

running (03m26.0s), 012/100 VUs, 268 complete and 0 interrupted iterations
saturation   [  33% ] 012/100 VUs  03m26.0s/10m30s  02.29 iters/s

running (03m27.0s), 014/100 VUs, 268 complete and 0 interrupted iterations
saturation   [  33% ] 014/100 VUs  03m27.0s/10m30s  02.30 iters/s

running (03m28.0s), 016/100 VUs, 269 complete and 0 interrupted iterations
saturation   [  33% ] 016/100 VUs  03m28.0s/10m30s  02.31 iters/s

running (03m29.0s), 013/100 VUs, 274 complete and 0 interrupted iterations
saturation   [  33% ] 013/100 VUs  03m29.0s/10m30s  02.32 iters/s

running (03m30.0s), 013/100 VUs, 276 complete and 0 interrupted iterations
saturation   [  33% ] 013/100 VUs  03m30.0s/10m30s  02.33 iters/s

running (03m31.0s), 013/100 VUs, 279 complete and 0 interrupted iterations
saturation   [  33% ] 013/100 VUs  03m31.0s/10m30s  02.35 iters/s

running (03m32.0s), 011/100 VUs, 283 complete and 0 interrupted iterations
saturation   [  34% ] 011/100 VUs  03m32.0s/10m30s  02.35 iters/s

running (03m33.0s), 013/100 VUs, 283 complete and 0 interrupted iterations
saturation   [  34% ] 013/100 VUs  03m33.0s/10m30s  02.36 iters/s

running (03m34.0s), 012/100 VUs, 287 complete and 0 interrupted iterations
saturation   [  34% ] 012/100 VUs  03m34.0s/10m30s  02.38 iters/s

running (03m35.0s), 014/100 VUs, 287 complete and 0 interrupted iterations
saturation   [  34% ] 014/100 VUs  03m35.0s/10m30s  02.39 iters/s

running (03m36.0s), 013/100 VUs, 291 complete and 0 interrupted iterations
saturation   [  34% ] 013/100 VUs  03m36.0s/10m30s  02.40 iters/s

running (03m37.0s), 015/100 VUs, 291 complete and 0 interrupted iterations
saturation   [  34% ] 015/100 VUs  03m37.0s/10m30s  02.41 iters/s

running (03m38.0s), 014/100 VUs, 294 complete and 0 interrupted iterations
saturation   [  35% ] 014/100 VUs  03m38.0s/10m30s  02.42 iters/s

running (03m39.0s), 013/100 VUs, 298 complete and 0 interrupted iterations
saturation   [  35% ] 013/100 VUs  03m39.0s/10m30s  02.43 iters/s

running (03m40.0s), 015/100 VUs, 298 complete and 0 interrupted iterations
saturation   [  35% ] 015/100 VUs  03m40.0s/10m30s  02.44 iters/s

running (03m41.0s), 015/100 VUs, 301 complete and 0 interrupted iterations
saturation   [  35% ] 015/100 VUs  03m41.0s/10m30s  02.46 iters/s

running (03m42.0s), 013/100 VUs, 305 complete and 0 interrupted iterations
saturation   [  35% ] 013/100 VUs  03m42.0s/10m30s  02.47 iters/s

running (03m43.0s), 016/100 VUs, 305 complete and 0 interrupted iterations
saturation   [  35% ] 016/100 VUs  03m43.0s/10m30s  02.48 iters/s

running (03m44.0s), 015/100 VUs, 308 complete and 0 interrupted iterations
saturation   [  36% ] 015/100 VUs  03m44.0s/10m30s  02.49 iters/s

running (03m45.0s), 017/100 VUs, 309 complete and 0 interrupted iterations
saturation   [  36% ] 017/100 VUs  03m45.0s/10m30s  02.50 iters/s

running (03m46.0s), 017/100 VUs, 311 complete and 0 interrupted iterations
saturation   [  36% ] 017/100 VUs  03m46.0s/10m30s  02.51 iters/s

running (03m47.0s), 015/100 VUs, 316 complete and 0 interrupted iterations
saturation   [  36% ] 015/100 VUs  03m47.0s/10m30s  02.52 iters/s

running (03m48.0s), 016/100 VUs, 317 complete and 0 interrupted iterations
saturation   [  36% ] 016/100 VUs  03m48.0s/10m30s  02.53 iters/s

running (03m49.0s), 017/100 VUs, 319 complete and 0 interrupted iterations
saturation   [  36% ] 017/100 VUs  03m49.0s/10m30s  02.55 iters/s

running (03m50.0s), 016/100 VUs, 322 complete and 0 interrupted iterations
saturation   [  37% ] 016/100 VUs  03m50.0s/10m30s  02.55 iters/s

running (03m51.0s), 016/100 VUs, 325 complete and 0 interrupted iterations
saturation   [  37% ] 016/100 VUs  03m51.0s/10m30s  02.57 iters/s

running (03m52.0s), 014/100 VUs, 329 complete and 0 interrupted iterations
saturation   [  37% ] 014/100 VUs  03m52.0s/10m30s  02.58 iters/s

running (03m53.0s), 017/100 VUs, 329 complete and 0 interrupted iterations
saturation   [  37% ] 017/100 VUs  03m53.0s/10m30s  02.59 iters/s

running (03m54.0s), 020/100 VUs, 329 complete and 0 interrupted iterations
saturation   [  37% ] 020/100 VUs  03m54.0s/10m30s  02.60 iters/s

running (03m55.0s), 015/100 VUs, 336 complete and 0 interrupted iterations
saturation   [  37% ] 015/100 VUs  03m55.0s/10m30s  02.61 iters/s

running (03m56.0s), 017/100 VUs, 337 complete and 0 interrupted iterations
saturation   [  37% ] 017/100 VUs  03m56.0s/10m30s  02.62 iters/s

running (03m57.0s), 016/100 VUs, 340 complete and 0 interrupted iterations
saturation   [  38% ] 016/100 VUs  03m57.0s/10m30s  02.63 iters/s

running (03m58.0s), 015/100 VUs, 344 complete and 0 interrupted iterations
saturation   [  38% ] 015/100 VUs  03m58.0s/10m30s  02.64 iters/s

running (03m59.0s), 015/100 VUs, 347 complete and 0 interrupted iterations
saturation   [  38% ] 015/100 VUs  03m59.0s/10m30s  02.66 iters/s

running (04m00.0s), 017/100 VUs, 347 complete and 0 interrupted iterations
saturation   [  38% ] 017/100 VUs  04m00.0s/10m30s  02.66 iters/s

running (04m01.0s), 016/100 VUs, 351 complete and 0 interrupted iterations
saturation   [  38% ] 016/100 VUs  04m01.0s/10m30s  02.68 iters/s

running (04m02.0s), 019/100 VUs, 351 complete and 0 interrupted iterations
saturation   [  38% ] 019/100 VUs  04m02.0s/10m30s  02.69 iters/s

running (04m03.0s), 016/100 VUs, 356 complete and 0 interrupted iterations
saturation   [  39% ] 016/100 VUs  04m03.0s/10m30s  02.70 iters/s

running (04m04.0s), 015/100 VUs, 360 complete and 0 interrupted iterations
saturation   [  39% ] 015/100 VUs  04m04.0s/10m30s  02.71 iters/s

running (04m05.0s), 018/100 VUs, 360 complete and 0 interrupted iterations
saturation   [  39% ] 018/100 VUs  04m05.0s/10m30s  02.72 iters/s

running (04m06.0s), 016/100 VUs, 365 complete and 0 interrupted iterations
saturation   [  39% ] 016/100 VUs  04m06.0s/10m30s  02.73 iters/s

running (04m07.0s), 018/100 VUs, 365 complete and 0 interrupted iterations
saturation   [  39% ] 018/100 VUs  04m07.0s/10m30s  02.74 iters/s

running (04m08.0s), 017/100 VUs, 369 complete and 0 interrupted iterations
saturation   [  39% ] 017/100 VUs  04m08.0s/10m30s  02.75 iters/s

running (04m09.0s), 020/100 VUs, 369 complete and 0 interrupted iterations
saturation   [  40% ] 020/100 VUs  04m09.0s/10m30s  02.77 iters/s

running (04m10.0s), 019/100 VUs, 373 complete and 0 interrupted iterations
saturation   [  40% ] 019/100 VUs  04m10.0s/10m30s  02.78 iters/s

running (04m11.0s), 016/100 VUs, 378 complete and 0 interrupted iterations
saturation   [  40% ] 016/100 VUs  04m11.0s/10m30s  02.79 iters/s

running (04m12.0s), 019/100 VUs, 378 complete and 0 interrupted iterations
saturation   [  40% ] 019/100 VUs  04m12.0s/10m30s  02.80 iters/s

running (04m13.0s), 017/100 VUs, 383 complete and 0 interrupted iterations
saturation   [  40% ] 017/100 VUs  04m13.0s/10m30s  02.81 iters/s

running (04m14.0s), 020/100 VUs, 383 complete and 0 interrupted iterations
saturation   [  40% ] 020/100 VUs  04m14.0s/10m30s  02.82 iters/s

running (04m15.0s), 018/100 VUs, 388 complete and 0 interrupted iterations
saturation   [  40% ] 018/100 VUs  04m15.0s/10m30s  02.83 iters/s

running (04m16.0s), 016/100 VUs, 392 complete and 0 interrupted iterations
saturation   [  41% ] 016/100 VUs  04m16.0s/10m30s  02.84 iters/s

running (04m17.0s), 018/100 VUs, 393 complete and 0 interrupted iterations
saturation   [  41% ] 018/100 VUs  04m17.0s/10m30s  02.85 iters/s

running (04m18.0s), 021/100 VUs, 393 complete and 0 interrupted iterations
saturation   [  41% ] 021/100 VUs  04m18.0s/10m30s  02.87 iters/s

running (04m19.0s), 024/100 VUs, 393 complete and 0 interrupted iterations
saturation   [  41% ] 024/100 VUs  04m19.0s/10m30s  02.88 iters/s

running (04m20.0s), 020/100 VUs, 400 complete and 0 interrupted iterations
saturation   [  41% ] 020/100 VUs  04m20.0s/10m30s  02.89 iters/s

running (04m21.0s), 023/100 VUs, 400 complete and 0 interrupted iterations
saturation   [  41% ] 023/100 VUs  04m21.0s/10m30s  02.90 iters/s

running (04m22.0s), 023/100 VUs, 403 complete and 0 interrupted iterations
saturation   [  42% ] 023/100 VUs  04m22.0s/10m30s  02.91 iters/s

running (04m23.0s), 019/100 VUs, 410 complete and 0 interrupted iterations
saturation   [  42% ] 019/100 VUs  04m23.0s/10m30s  02.92 iters/s

running (04m24.0s), 017/100 VUs, 415 complete and 0 interrupted iterations
saturation   [  42% ] 017/100 VUs  04m24.0s/10m30s  02.93 iters/s

running (04m25.0s), 019/100 VUs, 415 complete and 0 interrupted iterations
saturation   [  42% ] 019/100 VUs  04m25.0s/10m30s  02.94 iters/s

running (04m26.0s), 017/100 VUs, 420 complete and 0 interrupted iterations
saturation   [  42% ] 017/100 VUs  04m26.0s/10m30s  02.95 iters/s

running (04m27.0s), 019/100 VUs, 421 complete and 0 interrupted iterations
saturation   [  42% ] 019/100 VUs  04m27.0s/10m30s  02.96 iters/s

running (04m28.0s), 020/100 VUs, 423 complete and 0 interrupted iterations
saturation   [  43% ] 020/100 VUs  04m28.0s/10m30s  02.98 iters/s

running (04m29.0s), 020/100 VUs, 426 complete and 0 interrupted iterations
saturation   [  43% ] 020/100 VUs  04m29.0s/10m30s  02.99 iters/s

running (04m30.0s), 018/100 VUs, 431 complete and 0 interrupted iterations
saturation   [  43% ] 018/100 VUs  04m30.0s/10m30s  03.00 iters/s

running (04m31.0s), 021/100 VUs, 431 complete and 0 interrupted iterations
saturation   [  43% ] 021/100 VUs  04m31.0s/10m30s  03.02 iters/s

running (04m32.0s), 019/100 VUs, 436 complete and 0 interrupted iterations
saturation   [  43% ] 019/100 VUs  04m32.0s/10m30s  03.04 iters/s

running (04m33.0s), 022/100 VUs, 436 complete and 0 interrupted iterations
saturation   [  43% ] 022/100 VUs  04m33.0s/10m30s  03.06 iters/s

running (04m34.0s), 021/100 VUs, 441 complete and 0 interrupted iterations
saturation   [  43% ] 021/100 VUs  04m34.0s/10m30s  03.09 iters/s

running (04m35.0s), 020/100 VUs, 445 complete and 0 interrupted iterations
saturation   [  44% ] 020/100 VUs  04m35.0s/10m30s  03.11 iters/s

running (04m36.0s), 022/100 VUs, 446 complete and 0 interrupted iterations
saturation   [  44% ] 022/100 VUs  04m36.0s/10m30s  03.13 iters/s

running (04m37.0s), 022/100 VUs, 449 complete and 0 interrupted iterations
saturation   [  44% ] 022/100 VUs  04m37.0s/10m30s  03.16 iters/s

running (04m38.0s), 022/100 VUs, 452 complete and 0 interrupted iterations
saturation   [  44% ] 022/100 VUs  04m38.0s/10m30s  03.18 iters/s

running (04m39.0s), 021/100 VUs, 456 complete and 0 interrupted iterations
saturation   [  44% ] 021/100 VUs  04m39.0s/10m30s  03.20 iters/s

running (04m40.0s), 024/100 VUs, 456 complete and 0 interrupted iterations
saturation   [  44% ] 024/100 VUs  04m40.0s/10m30s  03.22 iters/s

running (04m41.0s), 021/100 VUs, 463 complete and 0 interrupted iterations
saturation   [  45% ] 021/100 VUs  04m41.0s/10m30s  03.25 iters/s

running (04m42.0s), 020/100 VUs, 467 complete and 0 interrupted iterations
saturation   [  45% ] 020/100 VUs  04m42.0s/10m30s  03.27 iters/s

running (04m43.0s), 022/100 VUs, 468 complete and 0 interrupted iterations
saturation   [  45% ] 022/100 VUs  04m43.0s/10m30s  03.29 iters/s

running (04m44.0s), 021/100 VUs, 473 complete and 0 interrupted iterations
saturation   [  45% ] 021/100 VUs  04m44.0s/10m30s  03.31 iters/s

running (04m45.0s), 023/100 VUs, 474 complete and 0 interrupted iterations
saturation   [  45% ] 023/100 VUs  04m45.0s/10m30s  03.33 iters/s

running (04m46.0s), 024/100 VUs, 476 complete and 0 interrupted iterations
saturation   [  45% ] 024/100 VUs  04m46.0s/10m30s  03.35 iters/s

running (04m47.0s), 023/100 VUs, 481 complete and 0 interrupted iterations
saturation   [  46% ] 023/100 VUs  04m47.0s/10m30s  03.38 iters/s

running (04m48.0s), 022/100 VUs, 485 complete and 0 interrupted iterations
saturation   [  46% ] 022/100 VUs  04m48.0s/10m30s  03.40 iters/s

running (04m49.0s), 025/100 VUs, 485 complete and 0 interrupted iterations
saturation   [  46% ] 025/100 VUs  04m49.0s/10m30s  03.42 iters/s

running (04m50.0s), 023/100 VUs, 491 complete and 0 interrupted iterations
saturation   [  46% ] 023/100 VUs  04m50.0s/10m30s  03.44 iters/s

running (04m51.0s), 024/100 VUs, 493 complete and 0 interrupted iterations
saturation   [  46% ] 024/100 VUs  04m51.0s/10m30s  03.46 iters/s

running (04m52.0s), 024/100 VUs, 497 complete and 0 interrupted iterations
saturation   [  46% ] 024/100 VUs  04m52.0s/10m30s  03.49 iters/s

running (04m53.0s), 027/100 VUs, 497 complete and 0 interrupted iterations
saturation   [  47% ] 027/100 VUs  04m53.0s/10m30s  03.51 iters/s

running (04m54.0s), 031/100 VUs, 497 complete and 0 interrupted iterations
saturation   [  47% ] 031/100 VUs  04m54.0s/10m30s  03.53 iters/s

running (04m55.0s), 034/100 VUs, 497 complete and 0 interrupted iterations
saturation   [  47% ] 034/100 VUs  04m55.0s/10m30s  03.55 iters/s

running (04m56.0s), 029/100 VUs, 506 complete and 0 interrupted iterations
saturation   [  47% ] 029/100 VUs  04m56.0s/10m30s  03.58 iters/s

running (04m57.0s), 025/100 VUs, 513 complete and 0 interrupted iterations
saturation   [  47% ] 025/100 VUs  04m57.0s/10m30s  03.60 iters/s

running (04m58.0s), 026/100 VUs, 516 complete and 0 interrupted iterations
saturation   [  47% ] 026/100 VUs  04m58.0s/10m30s  03.62 iters/s

running (04m59.0s), 025/100 VUs, 521 complete and 0 interrupted iterations
saturation   [  47% ] 025/100 VUs  04m59.0s/10m30s  03.65 iters/s

running (05m00.0s), 028/100 VUs, 521 complete and 0 interrupted iterations
saturation   [  48% ] 028/100 VUs  05m00.0s/10m30s  03.66 iters/s

running (05m01.0s), 030/100 VUs, 523 complete and 0 interrupted iterations
saturation   [  48% ] 030/100 VUs  05m01.0s/10m30s  03.69 iters/s

running (05m02.0s), 026/100 VUs, 531 complete and 0 interrupted iterations
saturation   [  48% ] 026/100 VUs  05m02.0s/10m30s  03.71 iters/s

running (05m03.0s), 029/100 VUs, 531 complete and 0 interrupted iterations
saturation   [  48% ] 029/100 VUs  05m03.0s/10m30s  03.73 iters/s

running (05m04.0s), 025/100 VUs, 539 complete and 0 interrupted iterations
saturation   [  48% ] 025/100 VUs  05m04.0s/10m30s  03.75 iters/s

running (05m05.0s), 024/100 VUs, 544 complete and 0 interrupted iterations
saturation   [  48% ] 024/100 VUs  05m05.0s/10m30s  03.78 iters/s

running (05m06.0s), 028/100 VUs, 544 complete and 0 interrupted iterations
saturation   [  49% ] 028/100 VUs  05m06.0s/10m30s  03.80 iters/s

running (05m07.0s), 032/100 VUs, 544 complete and 0 interrupted iterations
saturation   [  49% ] 032/100 VUs  05m07.0s/10m30s  03.82 iters/s

running (05m08.0s), 031/100 VUs, 548 complete and 0 interrupted iterations
saturation   [  49% ] 031/100 VUs  05m08.0s/10m30s  03.84 iters/s

running (05m09.0s), 032/100 VUs, 551 complete and 0 interrupted iterations
saturation   [  49% ] 032/100 VUs  05m09.0s/10m30s  03.86 iters/s

running (05m10.0s), 032/100 VUs, 555 complete and 0 interrupted iterations
saturation   [  49% ] 032/100 VUs  05m10.0s/10m30s  03.89 iters/s

running (05m11.0s), 030/100 VUs, 561 complete and 0 interrupted iterations
saturation   [  49% ] 030/100 VUs  05m11.0s/10m30s  03.91 iters/s

running (05m12.0s), 033/100 VUs, 562 complete and 0 interrupted iterations
saturation   [  50% ] 033/100 VUs  05m12.0s/10m30s  03.93 iters/s

running (05m13.0s), 030/100 VUs, 569 complete and 0 interrupted iterations
saturation   [  50% ] 030/100 VUs  05m13.0s/10m30s  03.96 iters/s

running (05m14.0s), 029/100 VUs, 574 complete and 0 interrupted iterations
saturation   [  50% ] 029/100 VUs  05m14.0s/10m30s  03.98 iters/s

running (05m15.0s), 032/100 VUs, 575 complete and 0 interrupted iterations
saturation   [  50% ] 032/100 VUs  05m15.0s/10m30s  04.00 iters/s

running (05m16.0s), 031/100 VUs, 580 complete and 0 interrupted iterations
saturation   [  50% ] 031/100 VUs  05m16.0s/10m30s  04.02 iters/s

running (05m17.0s), 030/100 VUs, 585 complete and 0 interrupted iterations
saturation   [  50% ] 030/100 VUs  05m17.0s/10m30s  04.04 iters/s

running (05m18.0s), 031/100 VUs, 588 complete and 0 interrupted iterations
saturation   [  50% ] 031/100 VUs  05m18.0s/10m30s  04.07 iters/s

running (05m19.0s), 031/100 VUs, 592 complete and 0 interrupted iterations
saturation   [  51% ] 031/100 VUs  05m19.0s/10m30s  04.09 iters/s

running (05m20.0s), 035/100 VUs, 592 complete and 0 interrupted iterations
saturation   [  51% ] 035/100 VUs  05m20.0s/10m30s  04.11 iters/s

running (05m21.0s), 037/100 VUs, 594 complete and 0 interrupted iterations
saturation   [  51% ] 037/100 VUs  05m21.0s/10m30s  04.13 iters/s

running (05m22.0s), 033/100 VUs, 602 complete and 0 interrupted iterations
saturation   [  51% ] 033/100 VUs  05m22.0s/10m30s  04.15 iters/s

running (05m23.0s), 038/100 VUs, 602 complete and 0 interrupted iterations
saturation   [  51% ] 038/100 VUs  05m23.0s/10m30s  04.18 iters/s

running (05m24.0s), 033/100 VUs, 611 complete and 0 interrupted iterations
saturation   [  51% ] 033/100 VUs  05m24.0s/10m30s  04.20 iters/s

running (05m25.0s), 034/100 VUs, 614 complete and 0 interrupted iterations
saturation   [  52% ] 034/100 VUs  05m25.0s/10m30s  04.22 iters/s

running (05m26.0s), 036/100 VUs, 616 complete and 0 interrupted iterations
saturation   [  52% ] 036/100 VUs  05m26.0s/10m30s  04.24 iters/s

running (05m27.0s), 031/100 VUs, 625 complete and 0 interrupted iterations
saturation   [  52% ] 031/100 VUs  05m27.0s/10m30s  04.26 iters/s

running (05m28.0s), 035/100 VUs, 626 complete and 0 interrupted iterations
saturation   [  52% ] 035/100 VUs  05m28.0s/10m30s  04.29 iters/s

running (05m29.0s), 036/100 VUs, 629 complete and 0 interrupted iterations
saturation   [  52% ] 036/100 VUs  05m29.0s/10m30s  04.31 iters/s

running (05m30.0s), 031/100 VUs, 638 complete and 0 interrupted iterations
saturation   [  52% ] 031/100 VUs  05m30.0s/10m30s  04.33 iters/s

running (05m31.0s), 036/100 VUs, 638 complete and 0 interrupted iterations
saturation   [  53% ] 036/100 VUs  05m31.0s/10m30s  04.36 iters/s

running (05m32.0s), 032/100 VUs, 646 complete and 0 interrupted iterations
saturation   [  53% ] 032/100 VUs  05m32.0s/10m30s  04.38 iters/s

running (05m33.0s), 035/100 VUs, 647 complete and 0 interrupted iterations
saturation   [  53% ] 035/100 VUs  05m33.0s/10m30s  04.40 iters/s

running (05m34.0s), 032/100 VUs, 655 complete and 0 interrupted iterations
saturation   [  53% ] 032/100 VUs  05m34.0s/10m30s  04.42 iters/s

running (05m35.0s), 036/100 VUs, 655 complete and 0 interrupted iterations
saturation   [  53% ] 036/100 VUs  05m35.0s/10m30s  04.44 iters/s

running (05m36.0s), 037/100 VUs, 659 complete and 0 interrupted iterations
saturation   [  53% ] 037/100 VUs  05m36.0s/10m30s  04.47 iters/s

running (05m37.0s), 033/100 VUs, 667 complete and 0 interrupted iterations
saturation   [  53% ] 033/100 VUs  05m37.0s/10m30s  04.49 iters/s

running (05m38.0s), 038/100 VUs, 667 complete and 0 interrupted iterations
saturation   [  54% ] 038/100 VUs  05m38.0s/10m30s  04.51 iters/s

running (05m39.0s), 035/100 VUs, 674 complete and 0 interrupted iterations
saturation   [  54% ] 035/100 VUs  05m39.0s/10m30s  04.53 iters/s

running (05m40.0s), 038/100 VUs, 676 complete and 0 interrupted iterations
saturation   [  54% ] 038/100 VUs  05m40.0s/10m30s  04.56 iters/s

running (05m41.0s), 036/100 VUs, 682 complete and 0 interrupted iterations
saturation   [  54% ] 036/100 VUs  05m41.0s/10m30s  04.58 iters/s

running (05m42.0s), 041/100 VUs, 682 complete and 0 interrupted iterations
saturation   [  54% ] 041/100 VUs  05m42.0s/10m30s  04.60 iters/s

running (05m43.0s), 045/100 VUs, 682 complete and 0 interrupted iterations
saturation   [  54% ] 045/100 VUs  05m43.0s/10m30s  04.62 iters/s

running (05m44.0s), 041/100 VUs, 691 complete and 0 interrupted iterations
saturation   [  55% ] 041/100 VUs  05m44.0s/10m30s  04.64 iters/s

running (05m45.0s), 041/100 VUs, 696 complete and 0 interrupted iterations
saturation   [  55% ] 041/100 VUs  05m45.0s/10m30s  04.67 iters/s

running (05m46.0s), 045/100 VUs, 696 complete and 0 interrupted iterations
saturation   [  55% ] 045/100 VUs  05m46.0s/10m30s  04.69 iters/s

running (05m47.0s), 050/100 VUs, 696 complete and 0 interrupted iterations
saturation   [  55% ] 050/100 VUs  05m47.0s/10m30s  04.71 iters/s

running (05m48.0s), 048/100 VUs, 703 complete and 0 interrupted iterations
saturation   [  55% ] 048/100 VUs  05m48.0s/10m30s  04.73 iters/s

running (05m49.0s), 049/100 VUs, 707 complete and 0 interrupted iterations
saturation   [  55% ] 049/100 VUs  05m49.0s/10m30s  04.76 iters/s

running (05m50.0s), 048/100 VUs, 712 complete and 0 interrupted iterations
saturation   [  56% ] 048/100 VUs  05m50.0s/10m30s  04.77 iters/s

running (05m51.0s), 045/100 VUs, 720 complete and 0 interrupted iterations
saturation   [  56% ] 045/100 VUs  05m51.0s/10m30s  04.80 iters/s

running (05m52.0s), 050/100 VUs, 720 complete and 0 interrupted iterations
saturation   [  56% ] 050/100 VUs  05m52.0s/10m30s  04.82 iters/s

running (05m53.0s), 048/100 VUs, 727 complete and 0 interrupted iterations
saturation   [  56% ] 048/100 VUs  05m53.0s/10m30s  04.84 iters/s

running (05m54.0s), 048/100 VUs, 732 complete and 0 interrupted iterations
saturation   [  56% ] 048/100 VUs  05m54.0s/10m30s  04.87 iters/s

running (05m55.0s), 053/100 VUs, 732 complete and 0 interrupted iterations
saturation   [  56% ] 053/100 VUs  05m55.0s/10m30s  04.89 iters/s

running (05m56.0s), 049/100 VUs, 740 complete and 0 interrupted iterations
saturation   [  57% ] 049/100 VUs  05m56.0s/10m30s  04.91 iters/s

running (05m57.0s), 046/100 VUs, 748 complete and 0 interrupted iterations
saturation   [  57% ] 046/100 VUs  05m57.0s/10m30s  04.93 iters/s

running (05m58.0s), 051/100 VUs, 748 complete and 0 interrupted iterations
saturation   [  57% ] 051/100 VUs  05m58.0s/10m30s  04.95 iters/s

running (05m59.0s), 049/100 VUs, 755 complete and 0 interrupted iterations
saturation   [  57% ] 049/100 VUs  05m59.0s/10m30s  04.98 iters/s

running (06m00.0s), 050/100 VUs, 759 complete and 0 interrupted iterations
saturation   [  57% ] 050/100 VUs  06m00.0s/10m30s  05.00 iters/s

running (06m01.0s), 055/100 VUs, 759 complete and 0 interrupted iterations
saturation   [  57% ] 055/100 VUs  06m01.0s/10m30s  05.03 iters/s

running (06m02.0s), 056/100 VUs, 763 complete and 0 interrupted iterations
saturation   [  57% ] 056/100 VUs  06m02.0s/10m30s  05.06 iters/s

running (06m03.0s), 050/100 VUs, 774 complete and 0 interrupted iterations
saturation   [  58% ] 050/100 VUs  06m03.0s/10m30s  05.10 iters/s

running (06m04.0s), 051/100 VUs, 779 complete and 0 interrupted iterations
saturation   [  58% ] 051/100 VUs  06m04.0s/10m30s  05.13 iters/s

running (06m05.0s), 056/100 VUs, 779 complete and 0 interrupted iterations
saturation   [  58% ] 056/100 VUs  06m05.0s/10m30s  05.17 iters/s

running (06m06.0s), 057/100 VUs, 783 complete and 0 interrupted iterations
saturation   [  58% ] 057/100 VUs  06m06.0s/10m30s  05.20 iters/s

running (06m07.0s), 051/100 VUs, 794 complete and 0 interrupted iterations
saturation   [  58% ] 051/100 VUs  06m07.0s/10m30s  05.23 iters/s

running (06m08.0s), 056/100 VUs, 794 complete and 0 interrupted iterations
saturation   [  58% ] 056/100 VUs  06m08.0s/10m30s  05.26 iters/s

running (06m09.0s), 059/100 VUs, 797 complete and 0 interrupted iterations
saturation   [  59% ] 059/100 VUs  06m09.0s/10m30s  05.30 iters/s

running (06m10.0s), 054/100 VUs, 807 complete and 0 interrupted iterations
saturation   [  59% ] 054/100 VUs  06m10.0s/10m30s  05.33 iters/s

running (06m11.0s), 059/100 VUs, 807 complete and 0 interrupted iterations
saturation   [  59% ] 059/100 VUs  06m11.0s/10m30s  05.36 iters/s

running (06m12.0s), 065/100 VUs, 807 complete and 0 interrupted iterations
saturation   [  59% ] 065/100 VUs  06m12.0s/10m30s  05.40 iters/s

running (06m13.0s), 067/100 VUs, 810 complete and 0 interrupted iterations
saturation   [  59% ] 067/100 VUs  06m13.0s/10m30s  05.43 iters/s

running (06m14.0s), 065/100 VUs, 818 complete and 0 interrupted iterations
saturation   [  59% ] 065/100 VUs  06m14.0s/10m30s  05.47 iters/s

running (06m15.0s), 061/100 VUs, 827 complete and 0 interrupted iterations
saturation   [  60% ] 061/100 VUs  06m15.0s/10m30s  05.50 iters/s

running (06m16.0s), 066/100 VUs, 827 complete and 0 interrupted iterations
saturation   [  60% ] 066/100 VUs  06m16.0s/10m30s  05.53 iters/s

running (06m17.0s), 071/100 VUs, 828 complete and 0 interrupted iterations
saturation   [  60% ] 071/100 VUs  06m17.0s/10m30s  05.56 iters/s

running (06m18.0s), 069/100 VUs, 836 complete and 0 interrupted iterations
saturation   [  60% ] 069/100 VUs  06m18.0s/10m30s  05.60 iters/s

running (06m19.0s), 065/100 VUs, 845 complete and 0 interrupted iterations
saturation   [  60% ] 065/100 VUs  06m19.0s/10m30s  05.63 iters/s

running (06m20.0s), 071/100 VUs, 845 complete and 0 interrupted iterations
saturation   [  60% ] 071/100 VUs  06m20.0s/10m30s  05.67 iters/s

running (06m21.0s), 077/100 VUs, 845 complete and 0 interrupted iterations
saturation   [  60% ] 077/100 VUs  06m21.0s/10m30s  05.70 iters/s

running (06m22.0s), 075/100 VUs, 852 complete and 0 interrupted iterations
saturation   [  61% ] 075/100 VUs  06m22.0s/10m30s  05.73 iters/s

running (06m23.0s), 071/100 VUs, 862 complete and 0 interrupted iterations
saturation   [  61% ] 071/100 VUs  06m23.0s/10m30s  05.76 iters/s

running (06m24.0s), 077/100 VUs, 862 complete and 0 interrupted iterations
saturation   [  61% ] 077/100 VUs  06m24.0s/10m30s  05.80 iters/s

running (06m25.0s), 083/100 VUs, 862 complete and 0 interrupted iterations
saturation   [  61% ] 083/100 VUs  06m25.0s/10m30s  05.83 iters/s

running (06m26.0s), 084/100 VUs, 866 complete and 0 interrupted iterations
saturation   [  61% ] 084/100 VUs  06m26.0s/10m30s  05.86 iters/s

running (06m27.0s), 079/100 VUs, 877 complete and 0 interrupted iterations
saturation   [  61% ] 079/100 VUs  06m27.0s/10m30s  05.90 iters/s

running (06m28.0s), 080/100 VUs, 882 complete and 0 interrupted iterations
saturation   [  62% ] 080/100 VUs  06m28.0s/10m30s  05.93 iters/s

running (06m29.0s), 086/100 VUs, 882 complete and 0 interrupted iterations
saturation   [  62% ] 086/100 VUs  06m29.0s/10m30s  05.96 iters/s

running (06m30.0s), 092/100 VUs, 882 complete and 0 interrupted iterations
saturation   [  62% ] 092/100 VUs  06m30.0s/10m30s  06.00 iters/s

running (06m31.0s), 089/100 VUs, 891 complete and 0 interrupted iterations
saturation   [  62% ] 089/100 VUs  06m31.0s/10m30s  06.03 iters/s

running (06m32.0s), 086/100 VUs, 900 complete and 0 interrupted iterations
saturation   [  62% ] 086/100 VUs  06m32.0s/10m30s  06.06 iters/s

running (06m33.0s), 090/100 VUs, 902 complete and 0 interrupted iterations
saturation   [  62% ] 090/100 VUs  06m33.0s/10m30s  06.10 iters/s

running (06m34.0s), 096/100 VUs, 902 complete and 0 interrupted iterations
saturation   [  63% ] 096/100 VUs  06m34.0s/10m30s  06.13 iters/s

running (06m35.0s), 097/101 VUs, 907 complete and 0 interrupted iterations
saturation   [  63% ] 097/101 VUs  06m35.0s/10m30s  06.17 iters/s

running (06m36.0s), 096/101 VUs, 914 complete and 0 interrupted iterations
saturation   [  63% ] 096/101 VUs  06m36.0s/10m30s  06.20 iters/s

running (06m37.0s), 094/101 VUs, 922 complete and 0 interrupted iterations
saturation   [  63% ] 094/101 VUs  06m37.0s/10m30s  06.23 iters/s

running (06m38.0s), 100/101 VUs, 922 complete and 0 interrupted iterations
saturation   [  63% ] 100/101 VUs  06m38.0s/10m30s  06.26 iters/s

running (06m39.0s), 104/104 VUs, 922 complete and 0 interrupted iterations
saturation   [  63% ] 104/104 VUs  06m39.0s/10m30s  06.30 iters/s

running (06m40.0s), 101/105 VUs, 930 complete and 0 interrupted iterations
saturation   [  63% ] 101/105 VUs  06m40.0s/10m30s  06.33 iters/s

running (06m41.0s), 097/105 VUs, 940 complete and 0 interrupted iterations
saturation   [  64% ] 097/105 VUs  06m41.0s/10m30s  06.36 iters/s

running (06m42.0s), 102/105 VUs, 942 complete and 0 interrupted iterations
saturation   [  64% ] 102/105 VUs  06m42.0s/10m30s  06.40 iters/s

running (06m43.0s), 106/107 VUs, 942 complete and 0 interrupted iterations
saturation   [  64% ] 106/107 VUs  06m43.0s/10m30s  06.43 iters/s

running (06m44.0s), 109/110 VUs, 942 complete and 0 interrupted iterations
saturation   [  64% ] 109/110 VUs  06m44.0s/10m30s  06.46 iters/s

running (06m45.0s), 108/110 VUs, 950 complete and 0 interrupted iterations
saturation   [  64% ] 108/110 VUs  06m45.0s/10m30s  06.50 iters/s

running (06m46.0s), 104/110 VUs, 960 complete and 0 interrupted iterations
saturation   [  64% ] 104/110 VUs  06m46.0s/10m30s  06.53 iters/s

running (06m47.0s), 109/110 VUs, 962 complete and 0 interrupted iterations
saturation   [  65% ] 109/110 VUs  06m47.0s/10m30s  06.57 iters/s

running (06m48.0s), 113/113 VUs, 962 complete and 0 interrupted iterations
saturation   [  65% ] 113/113 VUs  06m48.0s/10m30s  06.60 iters/s

running (06m49.0s), 113/115 VUs, 966 complete and 0 interrupted iterations
saturation   [  65% ] 113/115 VUs  06m49.0s/10m30s  06.63 iters/s

running (06m50.0s), 108/115 VUs, 978 complete and 0 interrupted iterations
saturation   [  65% ] 108/115 VUs  06m50.0s/10m30s  06.67 iters/s

running (06m51.0s), 111/115 VUs, 982 complete and 0 interrupted iterations
saturation   [  65% ] 111/115 VUs  06m51.0s/10m30s  06.70 iters/s

running (06m52.0s), 116/116 VUs, 982 complete and 0 interrupted iterations
saturation   [  65% ] 116/116 VUs  06m52.0s/10m30s  06.73 iters/s

running (06m53.0s), 119/120 VUs, 982 complete and 0 interrupted iterations
saturation   [  66% ] 119/120 VUs  06m53.0s/10m30s  06.77 iters/s

running (06m54.0s), 117/120 VUs, 991 complete and 0 interrupted iterations
saturation   [  66% ] 117/120 VUs  06m54.0s/10m30s  06.80 iters/s

running (06m55.0s), 114/120 VUs, 1001 complete and 0 interrupted iterations
saturation   [  66% ] 114/120 VUs  06m55.0s/10m30s  06.83 iters/s

running (06m56.0s), 119/120 VUs, 1002 complete and 0 interrupted iterations
saturation   [  66% ] 119/120 VUs  06m56.0s/10m30s  06.86 iters/s

running (06m57.0s), 123/123 VUs, 1002 complete and 0 interrupted iterations
saturation   [  66% ] 123/123 VUs  06m57.0s/10m30s  06.90 iters/s

running (06m58.0s), 123/126 VUs, 1006 complete and 0 interrupted iterations
saturation   [  66% ] 123/126 VUs  06m58.0s/10m30s  06.93 iters/s

running (06m59.0s), 122/126 VUs, 1014 complete and 0 interrupted iterations
saturation   [  67% ] 122/126 VUs  06m59.0s/10m30s  06.96 iters/s

running (07m00.0s), 121/126 VUs, 1022 complete and 0 interrupted iterations
saturation   [  67% ] 121/126 VUs  07m00.0s/10m30s  07.00 iters/s

running (07m01.0s), 127/127 VUs, 1022 complete and 0 interrupted iterations
saturation   [  67% ] 127/127 VUs  07m01.0s/10m30s  07.03 iters/s

running (07m02.0s), 130/131 VUs, 1022 complete and 0 interrupted iterations
saturation   [  67% ] 130/131 VUs  07m02.0s/10m30s  07.06 iters/s

running (07m03.0s), 130/133 VUs, 1027 complete and 0 interrupted iterations
saturation   [  67% ] 130/133 VUs  07m03.0s/10m30s  07.10 iters/s

running (07m04.0s), 128/133 VUs, 1036 complete and 0 interrupted iterations
saturation   [  67% ] 128/133 VUs  07m04.0s/10m30s  07.13 iters/s

running (07m05.0s), 130/133 VUs, 1042 complete and 0 interrupted iterations
saturation   [  67% ] 130/133 VUs  07m05.0s/10m30s  07.17 iters/s

running (07m06.0s), 135/135 VUs, 1042 complete and 0 interrupted iterations
saturation   [  68% ] 135/135 VUs  07m06.0s/10m30s  07.20 iters/s

running (07m07.0s), 138/138 VUs, 1043 complete and 0 interrupted iterations
saturation   [  68% ] 138/138 VUs  07m07.0s/10m30s  07.23 iters/s

running (07m08.0s), 136/138 VUs, 1052 complete and 0 interrupted iterations
saturation   [  68% ] 136/138 VUs  07m08.0s/10m30s  07.26 iters/s

running (07m09.0s), 134/138 VUs, 1062 complete and 0 interrupted iterations
saturation   [  68% ] 134/138 VUs  07m09.0s/10m30s  07.30 iters/s

running (07m10.0s), 139/140 VUs, 1062 complete and 0 interrupted iterations
saturation   [  68% ] 139/140 VUs  07m10.0s/10m30s  07.33 iters/s

running (07m11.0s), 143/143 VUs, 1062 complete and 0 interrupted iterations
saturation   [  68% ] 143/143 VUs  07m11.0s/10m30s  07.36 iters/s

running (07m12.0s), 144/146 VUs, 1066 complete and 0 interrupted iterations
saturation   [  69% ] 144/146 VUs  07m12.0s/10m30s  07.40 iters/s

running (07m13.0s), 144/146 VUs, 1073 complete and 0 interrupted iterations
saturation   [  69% ] 144/146 VUs  07m13.0s/10m30s  07.43 iters/s

running (07m14.0s), 142/146 VUs, 1082 complete and 0 interrupted iterations
saturation   [  69% ] 142/146 VUs  07m14.0s/10m30s  07.46 iters/s

running (07m15.0s), 148/148 VUs, 1082 complete and 0 interrupted iterations
saturation   [  69% ] 148/148 VUs  07m15.0s/10m30s  07.50 iters/s

running (07m16.0s), 151/152 VUs, 1082 complete and 0 interrupted iterations
saturation   [  69% ] 151/152 VUs  07m16.0s/10m30s  07.53 iters/s

running (07m17.0s), 153/155 VUs, 1085 complete and 0 interrupted iterations
saturation   [  69% ] 153/155 VUs  07m17.0s/10m30s  07.57 iters/s

running (07m18.0s), 149/155 VUs, 1097 complete and 0 interrupted iterations
saturation   [  70% ] 149/155 VUs  07m18.0s/10m30s  07.60 iters/s

running (07m19.0s), 151/155 VUs, 1102 complete and 0 interrupted iterations
saturation   [  70% ] 151/155 VUs  07m19.0s/10m30s  07.63 iters/s

running (07m20.0s), 157/157 VUs, 1102 complete and 0 interrupted iterations
saturation   [  70% ] 157/157 VUs  07m20.0s/10m30s  07.67 iters/s

running (07m21.0s), 160/160 VUs, 1103 complete and 0 interrupted iterations
saturation   [  70% ] 160/160 VUs  07m21.0s/10m30s  07.70 iters/s

running (07m22.0s), 159/161 VUs, 1111 complete and 0 interrupted iterations
saturation   [  70% ] 159/161 VUs  07m22.0s/10m30s  07.73 iters/s

running (07m23.0s), 156/161 VUs, 1122 complete and 0 interrupted iterations
saturation   [  70% ] 156/161 VUs  07m23.0s/10m30s  07.77 iters/s

running (07m24.0s), 162/163 VUs, 1122 complete and 0 interrupted iterations
saturation   [  70% ] 162/163 VUs  07m24.0s/10m30s  07.80 iters/s

running (07m25.0s), 166/167 VUs, 1122 complete and 0 interrupted iterations
saturation   [  71% ] 166/167 VUs  07m25.0s/10m30s  07.83 iters/s

running (07m26.0s), 166/168 VUs, 1128 complete and 0 interrupted iterations
saturation   [  71% ] 166/168 VUs  07m26.0s/10m30s  07.86 iters/s

running (07m27.0s), 161/168 VUs, 1141 complete and 0 interrupted iterations
saturation   [  71% ] 161/168 VUs  07m27.0s/10m30s  07.90 iters/s

running (07m28.0s), 168/168 VUs, 1142 complete and 0 interrupted iterations
saturation   [  71% ] 168/168 VUs  07m28.0s/10m30s  07.93 iters/s

running (07m29.0s), 172/172 VUs, 1142 complete and 0 interrupted iterations
saturation   [  71% ] 172/172 VUs  07m29.0s/10m30s  07.96 iters/s

running (07m30.0s), 175/176 VUs, 1143 complete and 0 interrupted iterations
saturation   [  71% ] 175/176 VUs  07m30.0s/10m30s  08.00 iters/s

running (07m31.0s), 174/176 VUs, 1152 complete and 0 interrupted iterations
saturation   [  72% ] 174/176 VUs  07m31.0s/10m30s  08.04 iters/s

running (07m32.0s), 173/176 VUs, 1161 complete and 0 interrupted iterations
saturation   [  72% ] 173/176 VUs  07m32.0s/10m30s  08.09 iters/s

running (07m33.0s), 178/178 VUs, 1162 complete and 0 interrupted iterations
saturation   [  72% ] 178/178 VUs  07m33.0s/10m30s  08.13 iters/s

running (07m34.0s), 182/182 VUs, 1162 complete and 0 interrupted iterations
saturation   [  72% ] 182/182 VUs  07m34.0s/10m30s  08.17 iters/s

running (07m35.0s), 182/184 VUs, 1169 complete and 0 interrupted iterations
saturation   [  72% ] 182/184 VUs  07m35.0s/10m30s  08.22 iters/s

running (07m36.0s), 180/184 VUs, 1179 complete and 0 interrupted iterations
saturation   [  72% ] 180/184 VUs  07m36.0s/10m30s  08.27 iters/s

running (07m37.0s), 184/185 VUs, 1182 complete and 0 interrupted iterations
saturation   [  73% ] 184/185 VUs  07m37.0s/10m30s  08.31 iters/s

running (07m38.0s), 189/189 VUs, 1182 complete and 0 interrupted iterations
saturation   [  73% ] 189/189 VUs  07m38.0s/10m30s  08.36 iters/s

running (07m39.0s), 192/193 VUs, 1183 complete and 0 interrupted iterations
saturation   [  73% ] 192/193 VUs  07m39.0s/10m30s  08.40 iters/s

running (07m40.0s), 191/193 VUs, 1192 complete and 0 interrupted iterations
saturation   [  73% ] 191/193 VUs  07m40.0s/10m30s  08.44 iters/s

running (07m41.0s), 191/193 VUs, 1201 complete and 0 interrupted iterations
saturation   [  73% ] 191/193 VUs  07m41.0s/10m30s  08.49 iters/s

running (07m42.0s), 195/196 VUs, 1202 complete and 0 interrupted iterations
saturation   [  73% ] 195/196 VUs  07m42.0s/10m30s  08.53 iters/s

running (07m43.0s), 200/200 VUs, 1202 complete and 0 interrupted iterations
saturation   [  73% ] 200/200 VUs  07m43.0s/10m30s  08.58 iters/s

running (07m44.0s), 201/202 VUs, 1207 complete and 0 interrupted iterations
saturation   [  74% ] 201/202 VUs  07m44.0s/10m30s  08.62 iters/s

running (07m45.0s), 200/202 VUs, 1217 complete and 0 interrupted iterations
saturation   [  74% ] 200/202 VUs  07m45.0s/10m30s  08.66 iters/s

running (07m46.0s), 203/203 VUs, 1222 complete and 0 interrupted iterations
saturation   [  74% ] 203/203 VUs  07m46.0s/10m30s  08.71 iters/s

running (07m47.0s), 207/207 VUs, 1222 complete and 0 interrupted iterations
saturation   [  74% ] 207/207 VUs  07m47.0s/10m30s  08.76 iters/s

running (07m48.0s), 211/211 VUs, 1223 complete and 0 interrupted iterations
saturation   [  74% ] 211/211 VUs  07m48.0s/10m30s  08.80 iters/s

running (07m49.0s), 209/212 VUs, 1233 complete and 0 interrupted iterations
saturation   [  74% ] 209/212 VUs  07m49.0s/10m30s  08.84 iters/s

running (07m50.0s), 210/212 VUs, 1241 complete and 0 interrupted iterations
saturation   [  75% ] 210/212 VUs  07m50.0s/10m30s  08.89 iters/s

running (07m51.0s), 215/215 VUs, 1242 complete and 0 interrupted iterations
saturation   [  75% ] 215/215 VUs  07m51.0s/10m30s  08.93 iters/s

running (07m52.0s), 210/215 VUs, 1256 complete and 0 interrupted iterations
saturation   [  75% ] 210/215 VUs  07m52.0s/10m30s  08.98 iters/s

running (07m53.0s), 215/216 VUs, 1259 complete and 0 interrupted iterations
saturation   [  75% ] 215/216 VUs  07m53.0s/10m30s  09.02 iters/s

running (07m54.0s), 216/218 VUs, 1265 complete and 0 interrupted iterations
saturation   [  75% ] 216/218 VUs  07m54.0s/10m30s  09.07 iters/s

running (07m55.0s), 220/221 VUs, 1267 complete and 0 interrupted iterations
saturation   [  75% ] 220/221 VUs  07m55.0s/10m30s  09.11 iters/s

running (07m56.0s), 224/225 VUs, 1268 complete and 0 interrupted iterations
saturation   [  76% ] 224/225 VUs  07m56.0s/10m30s  09.15 iters/s

running (07m57.0s), 227/227 VUs, 1272 complete and 0 interrupted iterations
saturation   [  76% ] 227/227 VUs  07m57.0s/10m30s  09.20 iters/s

running (07m58.0s), 231/232 VUs, 1272 complete and 0 interrupted iterations
saturation   [  76% ] 231/232 VUs  07m58.0s/10m30s  09.24 iters/s

running (07m59.0s), 228/232 VUs, 1285 complete and 0 interrupted iterations
saturation   [  76% ] 228/232 VUs  07m59.0s/10m30s  09.29 iters/s

running (08m00.0s), 232/232 VUs, 1290 complete and 0 interrupted iterations
saturation   [  76% ] 232/232 VUs  08m00.0s/10m30s  09.33 iters/s

running (08m01.0s), 232/232 VUs, 1299 complete and 0 interrupted iterations
saturation   [  76% ] 232/232 VUs  08m01.0s/10m30s  09.37 iters/s

running (08m02.0s), 227/233 VUs, 1313 complete and 0 interrupted iterations
saturation   [  77% ] 227/233 VUs  08m02.0s/10m30s  09.42 iters/s

running (08m03.0s), 233/233 VUs, 1316 complete and 0 interrupted iterations
saturation   [  77% ] 233/233 VUs  08m03.0s/10m30s  09.46 iters/s

running (08m04.0s), 236/236 VUs, 1320 complete and 0 interrupted iterations
saturation   [  77% ] 236/236 VUs  08m04.0s/10m30s  09.51 iters/s

running (08m05.0s), 236/237 VUs, 1328 complete and 0 interrupted iterations
saturation   [  77% ] 236/237 VUs  08m05.0s/10m30s  09.55 iters/s

running (08m06.0s), 235/238 VUs, 1338 complete and 0 interrupted iterations
saturation   [  77% ] 235/238 VUs  08m06.0s/10m30s  09.60 iters/s

running (08m07.0s), 238/239 VUs, 1343 complete and 0 interrupted iterations
saturation   [  77% ] 238/239 VUs  08m07.0s/10m30s  09.64 iters/s

running (08m08.0s), 242/243 VUs, 1345 complete and 0 interrupted iterations
saturation   [  77% ] 242/243 VUs  08m08.0s/10m30s  09.69 iters/s

running (08m09.0s), 247/248 VUs, 1345 complete and 0 interrupted iterations
saturation   [  78% ] 247/248 VUs  08m09.0s/10m30s  09.73 iters/s

running (08m10.0s), 243/251 VUs, 1356 complete and 0 interrupted iterations
saturation   [  78% ] 243/251 VUs  08m10.0s/10m30s  09.78 iters/s

running (08m11.0s), 244/251 VUs, 1364 complete and 0 interrupted iterations
saturation   [  78% ] 244/251 VUs  08m11.0s/10m30s  09.82 iters/s

running (08m12.0s), 245/251 VUs, 1373 complete and 0 interrupted iterations
saturation   [  78% ] 245/251 VUs  08m12.0s/10m30s  09.86 iters/s

running (08m13.0s), 251/252 VUs, 1376 complete and 0 interrupted iterations
saturation   [  78% ] 251/252 VUs  08m13.0s/10m30s  09.91 iters/s

running (08m14.0s), 250/253 VUs, 1386 complete and 0 interrupted iterations
saturation   [  78% ] 250/253 VUs  08m14.0s/10m30s  09.95 iters/s

running (08m15.0s), 250/254 VUs, 1395 complete and 0 interrupted iterations
saturation   [  79% ] 250/254 VUs  08m15.0s/10m30s  10.00 iters/s

running (08m16.0s), 254/254 VUs, 1401 complete and 0 interrupted iterations
saturation   [  79% ] 254/254 VUs  08m16.0s/10m30s  10.04 iters/s

running (08m17.0s), 256/257 VUs, 1406 complete and 0 interrupted iterations
saturation   [  79% ] 256/257 VUs  08m17.0s/10m30s  10.09 iters/s

running (08m18.0s), 261/262 VUs, 1406 complete and 0 interrupted iterations
saturation   [  79% ] 261/262 VUs  08m18.0s/10m30s  10.13 iters/s

running (08m19.0s), 262/265 VUs, 1412 complete and 0 interrupted iterations
saturation   [  79% ] 262/265 VUs  08m19.0s/10m30s  10.17 iters/s

running (08m20.0s), 265/265 VUs, 1420 complete and 0 interrupted iterations
saturation   [  79% ] 265/265 VUs  08m20.0s/10m30s  10.22 iters/s

running (08m21.0s), 265/269 VUs, 1426 complete and 0 interrupted iterations
saturation   [  80% ] 265/269 VUs  08m21.0s/10m30s  10.27 iters/s

running (08m22.0s), 264/271 VUs, 1435 complete and 0 interrupted iterations
saturation   [  80% ] 264/271 VUs  08m22.0s/10m30s  10.31 iters/s

running (08m23.0s), 271/273 VUs, 1436 complete and 0 interrupted iterations
saturation   [  80% ] 271/273 VUs  08m23.0s/10m30s  10.35 iters/s

running (08m24.0s), 273/274 VUs, 1444 complete and 0 interrupted iterations
saturation   [  80% ] 273/274 VUs  08m24.0s/10m30s  10.40 iters/s

running (08m25.0s), 270/274 VUs, 1457 complete and 0 interrupted iterations
saturation   [  80% ] 270/274 VUs  08m25.0s/10m30s  10.44 iters/s

running (08m26.0s), 273/275 VUs, 1464 complete and 0 interrupted iterations
saturation   [  80% ] 273/275 VUs  08m26.0s/10m30s  10.49 iters/s

running (08m27.0s), 275/278 VUs, 1469 complete and 0 interrupted iterations
saturation   [  80% ] 275/278 VUs  08m27.0s/10m30s  10.53 iters/s

running (08m28.0s), 279/280 VUs, 1474 complete and 0 interrupted iterations
saturation   [  81% ] 279/280 VUs  08m28.0s/10m30s  10.58 iters/s

running (08m29.0s), 284/285 VUs, 1474 complete and 0 interrupted iterations
saturation   [  81% ] 284/285 VUs  08m29.0s/10m30s  10.62 iters/s

running (08m30.0s), 281/289 VUs, 1484 complete and 0 interrupted iterations
saturation   [  81% ] 281/289 VUs  08m30.0s/10m30s  10.66 iters/s

running (08m31.0s), 289/289 VUs, 1487 complete and 0 interrupted iterations
saturation   [  81% ] 289/289 VUs  08m31.0s/10m30s  10.71 iters/s

running (08m32.0s), 294/294 VUs, 1487 complete and 0 interrupted iterations
saturation   [  81% ] 294/294 VUs  08m32.0s/10m30s  10.75 iters/s

running (08m33.0s), 291/296 VUs, 1499 complete and 0 interrupted iterations
saturation   [  81% ] 291/296 VUs  08m33.0s/10m30s  10.80 iters/s

running (08m34.0s), 297/297 VUs, 1503 complete and 0 interrupted iterations
saturation   [  82% ] 297/297 VUs  08m34.0s/10m30s  10.84 iters/s

running (08m35.0s), 294/298 VUs, 1516 complete and 0 interrupted iterations
saturation   [  82% ] 294/298 VUs  08m35.0s/10m30s  10.89 iters/s

running (08m36.0s), 301/302 VUs, 1516 complete and 0 interrupted iterations
saturation   [  82% ] 301/302 VUs  08m36.0s/10m30s  10.93 iters/s

running (08m37.0s), 297/303 VUs, 1530 complete and 0 interrupted iterations
saturation   [  82% ] 297/303 VUs  08m37.0s/10m30s  10.98 iters/s

running (08m38.0s), 297/303 VUs, 1541 complete and 0 interrupted iterations
saturation   [  82% ] 297/303 VUs  08m38.0s/10m30s  11.02 iters/s

running (08m39.0s), 300/303 VUs, 1549 complete and 0 interrupted iterations
saturation   [  82% ] 300/303 VUs  08m39.0s/10m30s  11.07 iters/s

running (08m40.0s), 300/306 VUs, 1557 complete and 0 interrupted iterations
saturation   [  83% ] 300/306 VUs  08m40.0s/10m30s  11.11 iters/s

running (08m41.0s), 304/307 VUs, 1563 complete and 0 interrupted iterations
saturation   [  83% ] 304/307 VUs  08m41.0s/10m30s  11.15 iters/s

running (08m42.0s), 301/307 VUs, 1577 complete and 0 interrupted iterations
saturation   [  83% ] 301/307 VUs  08m42.0s/10m30s  11.20 iters/s

running (08m43.0s), 309/310 VUs, 1577 complete and 0 interrupted iterations
saturation   [  83% ] 309/310 VUs  08m43.0s/10m30s  11.24 iters/s

running (08m44.0s), 315/316 VUs, 1577 complete and 0 interrupted iterations
saturation   [  83% ] 315/316 VUs  08m44.0s/10m30s  11.29 iters/s

running (08m45.0s), 306/316 VUs, 1597 complete and 0 interrupted iterations
saturation   [  83% ] 306/316 VUs  08m45.0s/10m30s  11.33 iters/s

running (08m46.0s), 312/316 VUs, 1602 complete and 0 interrupted iterations
saturation   [  83% ] 312/316 VUs  08m46.0s/10m30s  11.37 iters/s

running (08m47.0s), 314/317 VUs, 1611 complete and 0 interrupted iterations
saturation   [  84% ] 314/317 VUs  08m47.0s/10m30s  11.42 iters/s

running (08m48.0s), 315/317 VUs, 1621 complete and 0 interrupted iterations
saturation   [  84% ] 315/317 VUs  08m48.0s/10m30s  11.46 iters/s

running (08m49.0s), 315/317 VUs, 1633 complete and 0 interrupted iterations
saturation   [  84% ] 315/317 VUs  08m49.0s/10m30s  11.51 iters/s

running (08m50.0s), 319/320 VUs, 1637 complete and 0 interrupted iterations
saturation   [  84% ] 319/320 VUs  08m50.0s/10m30s  11.55 iters/s

running (08m51.0s), 314/322 VUs, 1652 complete and 0 interrupted iterations
saturation   [  84% ] 314/322 VUs  08m51.0s/10m30s  11.60 iters/s

running (08m52.0s), 318/322 VUs, 1659 complete and 0 interrupted iterations
saturation   [  84% ] 318/322 VUs  08m52.0s/10m30s  11.64 iters/s

running (08m53.0s), 319/324 VUs, 1668 complete and 0 interrupted iterations
saturation   [  85% ] 319/324 VUs  08m53.0s/10m30s  11.69 iters/s

running (08m54.0s), 325/326 VUs, 1672 complete and 0 interrupted iterations
saturation   [  85% ] 325/326 VUs  08m54.0s/10m30s  11.73 iters/s

running (08m55.0s), 322/328 VUs, 1684 complete and 0 interrupted iterations
saturation   [  85% ] 322/328 VUs  08m55.0s/10m30s  11.77 iters/s

running (08m56.0s), 323/328 VUs, 1695 complete and 0 interrupted iterations
saturation   [  85% ] 323/328 VUs  08m56.0s/10m30s  11.82 iters/s

running (08m57.0s), 326/329 VUs, 1703 complete and 0 interrupted iterations
saturation   [  85% ] 326/329 VUs  08m57.0s/10m30s  11.86 iters/s

running (08m58.0s), 331/331 VUs, 1708 complete and 0 interrupted iterations
saturation   [  85% ] 331/331 VUs  08m58.0s/10m30s  11.91 iters/s

running (08m59.0s), 336/337 VUs, 1709 complete and 0 interrupted iterations
saturation   [  86% ] 336/337 VUs  08m59.0s/10m30s  11.95 iters/s

running (09m00.0s), 337/338 VUs, 1719 complete and 0 interrupted iterations
saturation   [  86% ] 337/338 VUs  09m00.0s/10m30s  12.00 iters/s

running (09m01.0s), 332/340 VUs, 1734 complete and 0 interrupted iterations
saturation   [  86% ] 332/340 VUs  09m01.0s/10m30s  12.00 iters/s

running (09m02.0s), 339/341 VUs, 1738 complete and 0 interrupted iterations
saturation   [  86% ] 339/341 VUs  09m02.0s/10m30s  12.00 iters/s

running (09m03.0s), 341/342 VUs, 1747 complete and 0 interrupted iterations
saturation   [  86% ] 341/342 VUs  09m03.0s/10m30s  12.00 iters/s

running (09m04.0s), 343/344 VUs, 1755 complete and 0 interrupted iterations
saturation   [  86% ] 343/344 VUs  09m04.0s/10m30s  12.00 iters/s

running (09m05.0s), 343/345 VUs, 1766 complete and 0 interrupted iterations
saturation   [  87% ] 343/345 VUs  09m05.0s/10m30s  12.00 iters/s

running (09m06.0s), 343/347 VUs, 1776 complete and 0 interrupted iterations
saturation   [  87% ] 343/347 VUs  09m06.0s/10m30s  12.00 iters/s

running (09m07.0s), 348/348 VUs, 1782 complete and 0 interrupted iterations
saturation   [  87% ] 348/348 VUs  09m07.0s/10m30s  12.00 iters/s

running (09m08.0s), 350/351 VUs, 1789 complete and 0 interrupted iterations
saturation   [  87% ] 350/351 VUs  09m08.0s/10m30s  12.00 iters/s

running (09m09.0s), 351/353 VUs, 1798 complete and 0 interrupted iterations
saturation   [  87% ] 351/353 VUs  09m09.0s/10m30s  12.00 iters/s

running (09m10.0s), 349/355 VUs, 1810 complete and 0 interrupted iterations
saturation   [  87% ] 349/355 VUs  09m10.0s/10m30s  12.00 iters/s

running (09m11.0s), 358/358 VUs, 1810 complete and 0 interrupted iterations
saturation   [  87% ] 358/358 VUs  09m11.0s/10m30s  12.00 iters/s

running (09m12.0s), 354/358 VUs, 1826 complete and 0 interrupted iterations
saturation   [  88% ] 354/358 VUs  09m12.0s/10m30s  12.00 iters/s

running (09m13.0s), 361/362 VUs, 1827 complete and 0 interrupted iterations
saturation   [  88% ] 361/362 VUs  09m13.0s/10m30s  12.00 iters/s

running (09m14.0s), 367/368 VUs, 1827 complete and 0 interrupted iterations
saturation   [  88% ] 367/368 VUs  09m14.0s/10m30s  12.00 iters/s

running (09m15.0s), 367/372 VUs, 1835 complete and 0 interrupted iterations
saturation   [  88% ] 367/372 VUs  09m15.0s/10m30s  12.00 iters/s

running (09m16.0s), 368/372 VUs, 1846 complete and 0 interrupted iterations
saturation   [  88% ] 368/372 VUs  09m16.0s/10m30s  12.00 iters/s

running (09m17.0s), 366/372 VUs, 1860 complete and 0 interrupted iterations
saturation   [  88% ] 366/372 VUs  09m17.0s/10m30s  12.00 iters/s

running (09m18.0s), 365/374 VUs, 1871 complete and 0 interrupted iterations
saturation   [  89% ] 365/374 VUs  09m18.0s/10m30s  12.00 iters/s

running (09m19.0s), 375/375 VUs, 1872 complete and 0 interrupted iterations
saturation   [  89% ] 375/375 VUs  09m19.0s/10m30s  12.00 iters/s

running (09m20.0s), 379/380 VUs, 1875 complete and 0 interrupted iterations
saturation   [  89% ] 379/380 VUs  09m20.0s/10m30s  12.00 iters/s

running (09m21.0s), 378/381 VUs, 1887 complete and 0 interrupted iterations
saturation   [  89% ] 378/381 VUs  09m21.0s/10m30s  12.00 iters/s

running (09m22.0s), 379/381 VUs, 1898 complete and 0 interrupted iterations
saturation   [  89% ] 379/381 VUs  09m22.0s/10m30s  12.00 iters/s

running (09m23.0s), 381/381 VUs, 1908 complete and 0 interrupted iterations
saturation   [  89% ] 381/381 VUs  09m23.0s/10m30s  12.00 iters/s

running (09m24.0s), 383/387 VUs, 1912 complete and 0 interrupted iterations
saturation   [  90% ] 383/387 VUs  09m24.0s/10m30s  12.00 iters/s

running (09m25.0s), 380/387 VUs, 1927 complete and 0 interrupted iterations
saturation   [  90% ] 380/387 VUs  09m25.0s/10m30s  12.00 iters/s

running (09m26.0s), 388/388 VUs, 1930 complete and 0 interrupted iterations
saturation   [  90% ] 388/388 VUs  09m26.0s/10m30s  12.00 iters/s

running (09m27.0s), 382/389 VUs, 1947 complete and 0 interrupted iterations
saturation   [  90% ] 382/389 VUs  09m27.0s/10m30s  12.00 iters/s

running (09m28.0s), 391/392 VUs, 1947 complete and 0 interrupted iterations
saturation   [  90% ] 391/392 VUs  09m28.0s/10m30s  12.00 iters/s

running (09m29.0s), 388/393 VUs, 1961 complete and 0 interrupted iterations
saturation   [  90% ] 388/393 VUs  09m29.0s/10m30s  12.00 iters/s

running (09m30.0s), 393/394 VUs, 1967 complete and 0 interrupted iterations
saturation   [  90% ] 393/394 VUs  09m30.0s/10m30s  12.00 iters/s

running (09m31.0s), 396/398 VUs, 1972 complete and 0 interrupted iterations
saturation   [  91% ] 396/398 VUs  09m31.0s/10m30s  12.00 iters/s

running (09m32.0s), 393/398 VUs, 1987 complete and 0 interrupted iterations
saturation   [  91% ] 393/398 VUs  09m32.0s/10m30s  12.00 iters/s

running (09m33.0s), 398/402 VUs, 1990 complete and 0 interrupted iterations
saturation   [  91% ] 398/402 VUs  09m33.0s/10m30s  12.00 iters/s

running (09m34.0s), 393/402 VUs, 2007 complete and 0 interrupted iterations
saturation   [  91% ] 393/402 VUs  09m34.0s/10m30s  12.00 iters/s

running (09m35.0s), 403/404 VUs, 2007 complete and 0 interrupted iterations
saturation   [  91% ] 403/404 VUs  09m35.0s/10m30s  12.00 iters/s

running (09m36.0s), 409/410 VUs, 2007 complete and 0 interrupted iterations
saturation   [  91% ] 409/410 VUs  09m36.0s/10m30s  12.00 iters/s

running (09m37.0s), 401/411 VUs, 2026 complete and 0 interrupted iterations
saturation   [  92% ] 401/411 VUs  09m37.0s/10m30s  12.00 iters/s

running (09m38.0s), 411/412 VUs, 2027 complete and 0 interrupted iterations
saturation   [  92% ] 411/412 VUs  09m38.0s/10m30s  12.00 iters/s

running (09m39.0s), 403/413 VUs, 2046 complete and 0 interrupted iterations
saturation   [  92% ] 403/413 VUs  09m39.0s/10m30s  12.00 iters/s

running (09m40.0s), 413/414 VUs, 2047 complete and 0 interrupted iterations
saturation   [  92% ] 413/414 VUs  09m40.0s/10m30s  12.00 iters/s

running (09m41.0s), 410/416 VUs, 2060 complete and 0 interrupted iterations
saturation   [  92% ] 410/416 VUs  09m41.0s/10m30s  12.00 iters/s

running (09m42.0s), 413/418 VUs, 2067 complete and 0 interrupted iterations
saturation   [  92% ] 413/418 VUs  09m42.0s/10m30s  12.00 iters/s

running (09m43.0s), 421/422 VUs, 2067 complete and 0 interrupted iterations
saturation   [  93% ] 421/422 VUs  09m43.0s/10m30s  12.00 iters/s

running (09m44.0s), 414/423 VUs, 2085 complete and 0 interrupted iterations
saturation   [  93% ] 414/423 VUs  09m44.0s/10m30s  12.00 iters/s

running (09m45.0s), 423/424 VUs, 2087 complete and 0 interrupted iterations
saturation   [  93% ] 423/424 VUs  09m45.0s/10m30s  12.00 iters/s

running (09m46.0s), 415/424 VUs, 2107 complete and 0 interrupted iterations
saturation   [  93% ] 415/424 VUs  09m46.0s/10m30s  12.00 iters/s

running (09m47.0s), 425/425 VUs, 2108 complete and 0 interrupted iterations
saturation   [  93% ] 425/425 VUs  09m47.0s/10m30s  12.00 iters/s

running (09m48.0s), 418/425 VUs, 2127 complete and 0 interrupted iterations
saturation   [  93% ] 418/425 VUs  09m48.0s/10m30s  12.00 iters/s

running (09m49.0s), 427/428 VUs, 2127 complete and 0 interrupted iterations
saturation   [  93% ] 427/428 VUs  09m49.0s/10m30s  12.00 iters/s

running (09m50.0s), 433/434 VUs, 2127 complete and 0 interrupted iterations
saturation   [  94% ] 433/434 VUs  09m50.0s/10m30s  12.00 iters/s

running (09m51.0s), 423/436 VUs, 2147 complete and 0 interrupted iterations
saturation   [  94% ] 423/436 VUs  09m51.0s/10m30s  12.00 iters/s

running (09m52.0s), 435/436 VUs, 2147 complete and 0 interrupted iterations
saturation   [  94% ] 435/436 VUs  09m52.0s/10m30s  12.00 iters/s

running (09m53.0s), 427/436 VUs, 2167 complete and 0 interrupted iterations
saturation   [  94% ] 427/436 VUs  09m53.0s/10m30s  12.00 iters/s

running (09m54.0s), 429/436 VUs, 2177 complete and 0 interrupted iterations
saturation   [  94% ] 429/436 VUs  09m54.0s/10m30s  12.00 iters/s

running (09m55.0s), 431/436 VUs, 2187 complete and 0 interrupted iterations
saturation   [  94% ] 431/436 VUs  09m55.0s/10m30s  12.00 iters/s

running (09m56.0s), 439/440 VUs, 2187 complete and 0 interrupted iterations
saturation   [  95% ] 439/440 VUs  09m56.0s/10m30s  12.00 iters/s

running (09m57.0s), 430/441 VUs, 2207 complete and 0 interrupted iterations
saturation   [  95% ] 430/441 VUs  09m57.0s/10m30s  12.00 iters/s

running (09m58.0s), 439/441 VUs, 2210 complete and 0 interrupted iterations
saturation   [  95% ] 439/441 VUs  09m58.0s/10m30s  12.00 iters/s

running (09m59.0s), 433/442 VUs, 2227 complete and 0 interrupted iterations
saturation   [  95% ] 433/442 VUs  09m59.0s/10m30s  12.00 iters/s

running (10m00.0s), 443/444 VUs, 2227 complete and 0 interrupted iterations
saturation   [  95% ] 443/444 VUs  10m00.0s/10m30s  12.00 iters/s

running (10m01.0s), 444/444 VUs, 2238 complete and 0 interrupted iterations
saturation   [  95% ] 444/444 VUs  10m01.0s/10m30s  12.00 iters/s

running (10m02.0s), 445/446 VUs, 2247 complete and 0 interrupted iterations
saturation   [  96% ] 445/446 VUs  10m02.0s/10m30s  12.00 iters/s

running (10m03.0s), 440/450 VUs, 2260 complete and 0 interrupted iterations
saturation   [  96% ] 440/450 VUs  10m03.0s/10m30s  12.00 iters/s

running (10m04.0s), 445/450 VUs, 2267 complete and 0 interrupted iterations
saturation   [  96% ] 445/450 VUs  10m04.0s/10m30s  12.00 iters/s

running (10m05.0s), 442/450 VUs, 2282 complete and 0 interrupted iterations
saturation   [  96% ] 442/450 VUs  10m05.0s/10m30s  12.00 iters/s

running (10m06.0s), 449/450 VUs, 2287 complete and 0 interrupted iterations
saturation   [  96% ] 449/450 VUs  10m06.0s/10m30s  12.00 iters/s

running (10m07.0s), 454/455 VUs, 2289 complete and 0 interrupted iterations
saturation   [  96% ] 454/455 VUs  10m07.0s/10m30s  12.00 iters/s

running (10m08.0s), 448/455 VUs, 2307 complete and 0 interrupted iterations
saturation   [  97% ] 448/455 VUs  10m08.0s/10m30s  12.00 iters/s

running (10m09.0s), 456/456 VUs, 2310 complete and 0 interrupted iterations
saturation   [  97% ] 456/456 VUs  10m09.0s/10m30s  12.00 iters/s

running (10m10.0s), 450/457 VUs, 2327 complete and 0 interrupted iterations
saturation   [  97% ] 450/457 VUs  10m10.0s/10m30s  12.00 iters/s

running (10m11.0s), 458/459 VUs, 2329 complete and 0 interrupted iterations
saturation   [  97% ] 458/459 VUs  10m11.0s/10m30s  12.00 iters/s

running (10m12.0s), 460/461 VUs, 2337 complete and 0 interrupted iterations
saturation   [  97% ] 460/461 VUs  10m12.0s/10m30s  12.00 iters/s

running (10m13.0s), 461/462 VUs, 2347 complete and 0 interrupted iterations
saturation   [  97% ] 461/462 VUs  10m13.0s/10m30s  12.00 iters/s

running (10m14.0s), 457/466 VUs, 2359 complete and 0 interrupted iterations
saturation   [  97% ] 457/466 VUs  10m14.0s/10m30s  12.00 iters/s

running (10m15.0s), 461/466 VUs, 2367 complete and 0 interrupted iterations
saturation   [  98% ] 461/466 VUs  10m15.0s/10m30s  12.00 iters/s

running (10m16.0s), 467/469 VUs, 2370 complete and 0 interrupted iterations
saturation   [  98% ] 467/469 VUs  10m16.0s/10m30s  12.00 iters/s

running (10m17.0s), 462/469 VUs, 2387 complete and 0 interrupted iterations
saturation   [  98% ] 462/469 VUs  10m17.0s/10m30s  12.00 iters/s

running (10m18.0s), 469/469 VUs, 2392 complete and 0 interrupted iterations
saturation   [  98% ] 469/469 VUs  10m18.0s/10m30s  12.00 iters/s

running (10m19.0s), 465/471 VUs, 2406 complete and 0 interrupted iterations
saturation   [  98% ] 465/471 VUs  10m19.0s/10m30s  12.00 iters/s

running (10m20.0s), 473/474 VUs, 2407 complete and 0 interrupted iterations
saturation   [  98% ] 473/474 VUs  10m20.0s/10m30s  12.00 iters/s

running (10m21.0s), 473/476 VUs, 2417 complete and 0 interrupted iterations
saturation   [  99% ] 473/476 VUs  10m21.0s/10m30s  12.00 iters/s

running (10m22.0s), 475/476 VUs, 2427 complete and 0 interrupted iterations
saturation   [  99% ] 475/476 VUs  10m22.0s/10m30s  12.00 iters/s

running (10m23.0s), 477/481 VUs, 2432 complete and 0 interrupted iterations
saturation   [  99% ] 477/481 VUs  10m23.0s/10m30s  12.00 iters/s

running (10m24.0s), 473/481 VUs, 2448 complete and 0 interrupted iterations
saturation   [  99% ] 473/481 VUs  10m24.0s/10m30s  12.00 iters/s

running (10m25.0s), 482/482 VUs, 2450 complete and 0 interrupted iterations
saturation   [  99% ] 482/482 VUs  10m25.0s/10m30s  12.00 iters/s

running (10m26.0s), 476/483 VUs, 2467 complete and 0 interrupted iterations
saturation   [  99% ] 476/483 VUs  10m26.0s/10m30s  12.00 iters/s

running (10m27.0s), 481/486 VUs, 2471 complete and 0 interrupted iterations
saturation   [ 100% ] 481/486 VUs  10m27.0s/10m30s  12.00 iters/s

running (10m28.0s), 485/486 VUs, 2479 complete and 0 interrupted iterations
saturation   [ 100% ] 485/486 VUs  10m28.0s/10m30s  12.00 iters/s

================ DSP benchmark summary ================
-- per-phase latency --
  catalog                    p50=134.6 ms  p95=612.8 ms  p99=859.0 ms  max=1290.2 ms  n=2958
  negotiation init (POST)    p50=28.2 ms  p95=115.8 ms  p99=173.2 ms  max=307.1 ms  n=2958
  time-to-AGREED (async)     p50=4462.5 ms  p95=18857.5 ms  p99=21719.8 ms  max=23211.0 ms  n=2730
  transfer init (POST)       p50=74.6 ms  p95=188.2 ms  p99=265.4 ms  max=782.2 ms  n=2726
  time-to-EDR (async)        p50=4810.0 ms  p95=27409.0 ms  p99=29559.9 ms  max=30134.0 ms  n=1237
  data pull                  p50=25.4 ms  p95=44.5 ms  p99=52.0 ms  max=75.4 ms  n=1237
-- end-to-end + throughput --
  e2e transaction            p50=8329.0 ms  p95=30300.6 ms  p99=32772.6 ms  max=34627.0 ms  n=1237
  data throughput (MB/s)     p50=0.2  p95=0.2  p99=0.2  max=0.3  n=1237
-- outcomes --
  transactions succeeded     count=1237  rate=1.968/s
  transactions failed        count=1242  rate=1.976/s
  failed rate                rate=50.10%  (pass=1242 fail=1237)
    of which TERMINATED      (no data)
    of which TIMED OUT       count=1242  rate=1.976/s
-- observer effect (poll load) --
  negotiation polls          count=80473  rate=128.011/s
  edr polls                  count=207881  rate=330.684/s
  polls per transaction     negotiation=32.5  edr=83.9  (timeout ceiling=120)  <-- WARNING: near the 120-poll timeout ceiling; system is past its knee
=======================================================
(full summary -> /home/rohitj/edc/benchmarking-factoryx-edc/resources/local-fx-mvd/k6-scripts/results/factoryx/saturation-open/2026-07-31T11-55-21Z/k6-summary.json; POLL_INTERVAL_MS=250; IDENTITY_MODE=on)

running (10m28.6s), 000/486 VUs, 2479 complete and 485 interrupted iterations
saturation ✗ [ 100% ] 438/486 VUs  10m28.1s/10m30s  12.00 iters/s
time="2026-07-31T12:06:55Z" level=error msg="thresholds on metrics 'dsp_transaction_failed_rate' were crossed; at least one has abortOnFail enabled, stopping test prematurely"
