
         /\      Grafana   /‾‾/  
    /\  /  \     |\  __   /  /   
   /  \/    \    | |/ /  /   ‾‾\ 
  /          \   |   (  |  (‾)  |
 / __________ \  |_|\_\  \_____/ 


     execution: local
        script: /home/rohitj/edc/benchmarking-factoryx-edc/resources/local-fx-mvd/k6-scripts/scenarios/catalog-sweep.js
        output: -

     scenarios: (100.00%) 1 scenario, 4 max VUs, 2m30s max duration (incl. graceful stop):
              * catalog: 4 looping VUs for 2m0s (gracefulStop: 30s)


running (0m01.0s), 4/4 VUs, 24 complete and 0 interrupted iterations
catalog   [   1% ] 4 VUs  0m01.0s/2m0s

running (0m02.0s), 4/4 VUs, 51 complete and 0 interrupted iterations
catalog   [   2% ] 4 VUs  0m02.0s/2m0s

running (0m03.0s), 4/4 VUs, 74 complete and 0 interrupted iterations
catalog   [   2% ] 4 VUs  0m03.0s/2m0s

running (0m04.0s), 4/4 VUs, 105 complete and 0 interrupted iterations
catalog   [   3% ] 4 VUs  0m04.0s/2m0s

running (0m05.0s), 4/4 VUs, 135 complete and 0 interrupted iterations
catalog   [   4% ] 4 VUs  0m05.0s/2m0s

running (0m06.0s), 4/4 VUs, 165 complete and 0 interrupted iterations
catalog   [   5% ] 4 VUs  0m06.0s/2m0s

running (0m07.0s), 4/4 VUs, 191 complete and 0 interrupted iterations
catalog   [   6% ] 4 VUs  0m07.0s/2m0s

running (0m08.0s), 4/4 VUs, 224 complete and 0 interrupted iterations
catalog   [   7% ] 4 VUs  0m08.0s/2m0s

running (0m09.0s), 4/4 VUs, 251 complete and 0 interrupted iterations
catalog   [   7% ] 4 VUs  0m09.0s/2m0s

running (0m10.0s), 4/4 VUs, 278 complete and 0 interrupted iterations
catalog   [   8% ] 4 VUs  0m10.0s/2m0s

running (0m11.0s), 4/4 VUs, 307 complete and 0 interrupted iterations
catalog   [   9% ] 4 VUs  0m11.0s/2m0s

running (0m12.0s), 4/4 VUs, 331 complete and 0 interrupted iterations
catalog   [  10% ] 4 VUs  0m12.0s/2m0s

running (0m13.0s), 4/4 VUs, 365 complete and 0 interrupted iterations
catalog   [  11% ] 4 VUs  0m13.0s/2m0s

running (0m14.0s), 4/4 VUs, 394 complete and 0 interrupted iterations
catalog   [  12% ] 4 VUs  0m14.0s/2m0s

running (0m15.0s), 4/4 VUs, 422 complete and 0 interrupted iterations
catalog   [  12% ] 4 VUs  0m15.0s/2m0s

running (0m16.0s), 4/4 VUs, 454 complete and 0 interrupted iterations
catalog   [  13% ] 4 VUs  0m16.0s/2m0s

running (0m17.0s), 4/4 VUs, 482 complete and 0 interrupted iterations
catalog   [  14% ] 4 VUs  0m17.0s/2m0s

running (0m18.0s), 4/4 VUs, 510 complete and 0 interrupted iterations
catalog   [  15% ] 4 VUs  0m18.0s/2m0s

running (0m19.0s), 4/4 VUs, 535 complete and 0 interrupted iterations
catalog   [  16% ] 4 VUs  0m19.0s/2m0s

running (0m20.0s), 4/4 VUs, 567 complete and 0 interrupted iterations
catalog   [  17% ] 4 VUs  0m20.0s/2m0s

running (0m21.0s), 4/4 VUs, 599 complete and 0 interrupted iterations
catalog   [  17% ] 4 VUs  0m21.0s/2m0s

running (0m22.0s), 4/4 VUs, 623 complete and 0 interrupted iterations
catalog   [  18% ] 4 VUs  0m22.0s/2m0s

running (0m23.0s), 4/4 VUs, 653 complete and 0 interrupted iterations
catalog   [  19% ] 4 VUs  0m23.0s/2m0s

running (0m24.0s), 4/4 VUs, 676 complete and 0 interrupted iterations
catalog   [  20% ] 4 VUs  0m24.0s/2m0s

running (0m25.0s), 4/4 VUs, 704 complete and 0 interrupted iterations
catalog   [  21% ] 4 VUs  0m25.0s/2m0s

running (0m26.0s), 4/4 VUs, 731 complete and 0 interrupted iterations
catalog   [  22% ] 4 VUs  0m26.0s/2m0s

running (0m27.0s), 4/4 VUs, 757 complete and 0 interrupted iterations
catalog   [  22% ] 4 VUs  0m27.0s/2m0s

running (0m28.0s), 4/4 VUs, 786 complete and 0 interrupted iterations
catalog   [  23% ] 4 VUs  0m28.0s/2m0s

running (0m29.0s), 4/4 VUs, 811 complete and 0 interrupted iterations
catalog   [  24% ] 4 VUs  0m29.0s/2m0s

running (0m30.0s), 4/4 VUs, 839 complete and 0 interrupted iterations
catalog   [  25% ] 4 VUs  0m30.0s/2m0s

running (0m31.0s), 4/4 VUs, 860 complete and 0 interrupted iterations
catalog   [  26% ] 4 VUs  0m31.0s/2m0s

running (0m32.0s), 4/4 VUs, 884 complete and 0 interrupted iterations
catalog   [  27% ] 4 VUs  0m32.0s/2m0s

running (0m33.0s), 4/4 VUs, 912 complete and 0 interrupted iterations
catalog   [  27% ] 4 VUs  0m33.0s/2m0s

running (0m34.0s), 4/4 VUs, 938 complete and 0 interrupted iterations
catalog   [  28% ] 4 VUs  0m34.0s/2m0s

running (0m35.0s), 4/4 VUs, 956 complete and 0 interrupted iterations
catalog   [  29% ] 4 VUs  0m35.0s/2m0s

running (0m36.0s), 4/4 VUs, 976 complete and 0 interrupted iterations
catalog   [  30% ] 4 VUs  0m36.0s/2m0s

running (0m37.0s), 4/4 VUs, 996 complete and 0 interrupted iterations
catalog   [  31% ] 4 VUs  0m37.0s/2m0s

running (0m38.0s), 4/4 VUs, 1016 complete and 0 interrupted iterations
catalog   [  32% ] 4 VUs  0m38.0s/2m0s

running (0m39.0s), 4/4 VUs, 1041 complete and 0 interrupted iterations
catalog   [  32% ] 4 VUs  0m39.0s/2m0s

running (0m40.0s), 4/4 VUs, 1061 complete and 0 interrupted iterations
catalog   [  33% ] 4 VUs  0m40.0s/2m0s

running (0m41.0s), 4/4 VUs, 1083 complete and 0 interrupted iterations
catalog   [  34% ] 4 VUs  0m41.0s/2m0s

running (0m42.0s), 4/4 VUs, 1107 complete and 0 interrupted iterations
catalog   [  35% ] 4 VUs  0m42.0s/2m0s

running (0m43.0s), 4/4 VUs, 1133 complete and 0 interrupted iterations
catalog   [  36% ] 4 VUs  0m43.0s/2m0s

running (0m44.0s), 4/4 VUs, 1161 complete and 0 interrupted iterations
catalog   [  37% ] 4 VUs  0m44.0s/2m0s

running (0m45.0s), 4/4 VUs, 1185 complete and 0 interrupted iterations
catalog   [  37% ] 4 VUs  0m45.0s/2m0s

running (0m46.0s), 4/4 VUs, 1213 complete and 0 interrupted iterations
catalog   [  38% ] 4 VUs  0m46.0s/2m0s

running (0m47.0s), 4/4 VUs, 1236 complete and 0 interrupted iterations
catalog   [  39% ] 4 VUs  0m47.0s/2m0s

running (0m48.0s), 4/4 VUs, 1258 complete and 0 interrupted iterations
catalog   [  40% ] 4 VUs  0m48.0s/2m0s

running (0m49.0s), 4/4 VUs, 1284 complete and 0 interrupted iterations
catalog   [  41% ] 4 VUs  0m49.0s/2m0s

running (0m50.0s), 4/4 VUs, 1309 complete and 0 interrupted iterations
catalog   [  42% ] 4 VUs  0m50.0s/2m0s

running (0m51.0s), 4/4 VUs, 1333 complete and 0 interrupted iterations
catalog   [  42% ] 4 VUs  0m51.0s/2m0s

running (0m52.0s), 4/4 VUs, 1361 complete and 0 interrupted iterations
catalog   [  43% ] 4 VUs  0m52.0s/2m0s

running (0m53.0s), 4/4 VUs, 1385 complete and 0 interrupted iterations
catalog   [  44% ] 4 VUs  0m53.0s/2m0s

running (0m54.0s), 4/4 VUs, 1411 complete and 0 interrupted iterations
catalog   [  45% ] 4 VUs  0m54.0s/2m0s

running (0m55.0s), 4/4 VUs, 1440 complete and 0 interrupted iterations
catalog   [  46% ] 4 VUs  0m55.0s/2m0s

running (0m56.0s), 4/4 VUs, 1463 complete and 0 interrupted iterations
catalog   [  47% ] 4 VUs  0m56.0s/2m0s

running (0m57.0s), 4/4 VUs, 1489 complete and 0 interrupted iterations
catalog   [  47% ] 4 VUs  0m57.0s/2m0s

running (0m58.0s), 4/4 VUs, 1518 complete and 0 interrupted iterations
catalog   [  48% ] 4 VUs  0m58.0s/2m0s

running (0m59.0s), 4/4 VUs, 1540 complete and 0 interrupted iterations
catalog   [  49% ] 4 VUs  0m59.0s/2m0s

running (1m00.0s), 4/4 VUs, 1572 complete and 0 interrupted iterations
catalog   [  50% ] 4 VUs  1m00.0s/2m0s

running (1m01.0s), 4/4 VUs, 1592 complete and 0 interrupted iterations
catalog   [  51% ] 4 VUs  1m01.0s/2m0s

running (1m02.0s), 4/4 VUs, 1614 complete and 0 interrupted iterations
catalog   [  52% ] 4 VUs  1m02.0s/2m0s

running (1m03.0s), 4/4 VUs, 1638 complete and 0 interrupted iterations
catalog   [  52% ] 4 VUs  1m03.0s/2m0s

running (1m04.0s), 4/4 VUs, 1665 complete and 0 interrupted iterations
catalog   [  53% ] 4 VUs  1m04.0s/2m0s

running (1m05.0s), 4/4 VUs, 1689 complete and 0 interrupted iterations
catalog   [  54% ] 4 VUs  1m05.0s/2m0s

running (1m06.0s), 4/4 VUs, 1720 complete and 0 interrupted iterations
catalog   [  55% ] 4 VUs  1m06.0s/2m0s

running (1m07.0s), 4/4 VUs, 1743 complete and 0 interrupted iterations
catalog   [  56% ] 4 VUs  1m07.0s/2m0s

running (1m08.0s), 4/4 VUs, 1768 complete and 0 interrupted iterations
catalog   [  57% ] 4 VUs  1m08.0s/2m0s

running (1m09.0s), 4/4 VUs, 1799 complete and 0 interrupted iterations
catalog   [  57% ] 4 VUs  1m09.0s/2m0s

running (1m10.0s), 4/4 VUs, 1823 complete and 0 interrupted iterations
catalog   [  58% ] 4 VUs  1m10.0s/2m0s

running (1m11.0s), 4/4 VUs, 1851 complete and 0 interrupted iterations
catalog   [  59% ] 4 VUs  1m11.0s/2m0s

running (1m12.0s), 4/4 VUs, 1880 complete and 0 interrupted iterations
catalog   [  60% ] 4 VUs  1m12.0s/2m0s

running (1m13.0s), 4/4 VUs, 1904 complete and 0 interrupted iterations
catalog   [  61% ] 4 VUs  1m13.0s/2m0s

running (1m14.0s), 4/4 VUs, 1928 complete and 0 interrupted iterations
catalog   [  62% ] 4 VUs  1m14.0s/2m0s

running (1m15.0s), 4/4 VUs, 1956 complete and 0 interrupted iterations
catalog   [  62% ] 4 VUs  1m15.0s/2m0s

running (1m16.0s), 4/4 VUs, 1980 complete and 0 interrupted iterations
catalog   [  63% ] 4 VUs  1m16.0s/2m0s

running (1m17.0s), 4/4 VUs, 2006 complete and 0 interrupted iterations
catalog   [  64% ] 4 VUs  1m17.0s/2m0s

running (1m18.0s), 4/4 VUs, 2035 complete and 0 interrupted iterations
catalog   [  65% ] 4 VUs  1m18.0s/2m0s

running (1m19.0s), 4/4 VUs, 2063 complete and 0 interrupted iterations
catalog   [  66% ] 4 VUs  1m19.0s/2m0s

running (1m20.0s), 4/4 VUs, 2093 complete and 0 interrupted iterations
catalog   [  67% ] 4 VUs  1m20.0s/2m0s

running (1m21.0s), 4/4 VUs, 2120 complete and 0 interrupted iterations
catalog   [  67% ] 4 VUs  1m21.0s/2m0s

running (1m22.0s), 4/4 VUs, 2148 complete and 0 interrupted iterations
catalog   [  68% ] 4 VUs  1m22.0s/2m0s

running (1m23.0s), 4/4 VUs, 2175 complete and 0 interrupted iterations
catalog   [  69% ] 4 VUs  1m23.0s/2m0s

running (1m24.0s), 4/4 VUs, 2201 complete and 0 interrupted iterations
catalog   [  70% ] 4 VUs  1m24.0s/2m0s

running (1m25.0s), 4/4 VUs, 2228 complete and 0 interrupted iterations
catalog   [  71% ] 4 VUs  1m25.0s/2m0s

running (1m26.0s), 4/4 VUs, 2252 complete and 0 interrupted iterations
catalog   [  72% ] 4 VUs  1m26.0s/2m0s

running (1m27.0s), 4/4 VUs, 2277 complete and 0 interrupted iterations
catalog   [  72% ] 4 VUs  1m27.0s/2m0s

running (1m28.0s), 4/4 VUs, 2306 complete and 0 interrupted iterations
catalog   [  73% ] 4 VUs  1m28.0s/2m0s

running (1m29.0s), 4/4 VUs, 2331 complete and 0 interrupted iterations
catalog   [  74% ] 4 VUs  1m29.0s/2m0s

running (1m30.0s), 4/4 VUs, 2358 complete and 0 interrupted iterations
catalog   [  75% ] 4 VUs  1m30.0s/2m0s

running (1m31.0s), 4/4 VUs, 2382 complete and 0 interrupted iterations
catalog   [  76% ] 4 VUs  1m31.0s/2m0s

running (1m32.0s), 4/4 VUs, 2410 complete and 0 interrupted iterations
catalog   [  77% ] 4 VUs  1m32.0s/2m0s

running (1m33.0s), 4/4 VUs, 2437 complete and 0 interrupted iterations
catalog   [  77% ] 4 VUs  1m33.0s/2m0s

running (1m34.0s), 4/4 VUs, 2461 complete and 0 interrupted iterations
catalog   [  78% ] 4 VUs  1m34.0s/2m0s

running (1m35.0s), 4/4 VUs, 2488 complete and 0 interrupted iterations
catalog   [  79% ] 4 VUs  1m35.0s/2m0s

running (1m36.0s), 4/4 VUs, 2516 complete and 0 interrupted iterations
catalog   [  80% ] 4 VUs  1m36.0s/2m0s

running (1m37.0s), 4/4 VUs, 2545 complete and 0 interrupted iterations
catalog   [  81% ] 4 VUs  1m37.0s/2m0s

running (1m38.0s), 4/4 VUs, 2570 complete and 0 interrupted iterations
catalog   [  82% ] 4 VUs  1m38.0s/2m0s

running (1m39.0s), 4/4 VUs, 2596 complete and 0 interrupted iterations
catalog   [  82% ] 4 VUs  1m39.0s/2m0s

running (1m40.0s), 4/4 VUs, 2622 complete and 0 interrupted iterations
catalog   [  83% ] 4 VUs  1m40.0s/2m0s

running (1m41.0s), 4/4 VUs, 2651 complete and 0 interrupted iterations
catalog   [  84% ] 4 VUs  1m41.0s/2m0s

running (1m42.0s), 4/4 VUs, 2677 complete and 0 interrupted iterations
catalog   [  85% ] 4 VUs  1m42.0s/2m0s

running (1m43.0s), 4/4 VUs, 2703 complete and 0 interrupted iterations
catalog   [  86% ] 4 VUs  1m43.0s/2m0s

running (1m44.0s), 4/4 VUs, 2731 complete and 0 interrupted iterations
catalog   [  87% ] 4 VUs  1m44.0s/2m0s

running (1m45.0s), 4/4 VUs, 2753 complete and 0 interrupted iterations
catalog   [  87% ] 4 VUs  1m45.0s/2m0s

running (1m46.0s), 4/4 VUs, 2783 complete and 0 interrupted iterations
catalog   [  88% ] 4 VUs  1m46.0s/2m0s

running (1m47.0s), 4/4 VUs, 2808 complete and 0 interrupted iterations
catalog   [  89% ] 4 VUs  1m47.0s/2m0s

running (1m48.0s), 4/4 VUs, 2834 complete and 0 interrupted iterations
catalog   [  90% ] 4 VUs  1m48.0s/2m0s

running (1m49.0s), 4/4 VUs, 2858 complete and 0 interrupted iterations
catalog   [  91% ] 4 VUs  1m49.0s/2m0s

running (1m50.0s), 4/4 VUs, 2884 complete and 0 interrupted iterations
catalog   [  92% ] 4 VUs  1m50.0s/2m0s

running (1m51.0s), 4/4 VUs, 2911 complete and 0 interrupted iterations
catalog   [  92% ] 4 VUs  1m51.0s/2m0s

running (1m52.0s), 4/4 VUs, 2940 complete and 0 interrupted iterations
catalog   [  93% ] 4 VUs  1m52.0s/2m0s

running (1m53.0s), 4/4 VUs, 2968 complete and 0 interrupted iterations
catalog   [  94% ] 4 VUs  1m53.0s/2m0s

running (1m54.0s), 4/4 VUs, 2995 complete and 0 interrupted iterations
catalog   [  95% ] 4 VUs  1m54.0s/2m0s

running (1m55.0s), 4/4 VUs, 3023 complete and 0 interrupted iterations
catalog   [  96% ] 4 VUs  1m55.0s/2m0s

running (1m56.0s), 4/4 VUs, 3052 complete and 0 interrupted iterations
catalog   [  97% ] 4 VUs  1m56.0s/2m0s

running (1m57.0s), 4/4 VUs, 3076 complete and 0 interrupted iterations
catalog   [  97% ] 4 VUs  1m57.0s/2m0s

running (1m58.0s), 4/4 VUs, 3104 complete and 0 interrupted iterations
catalog   [  98% ] 4 VUs  1m58.0s/2m0s

running (1m59.0s), 4/4 VUs, 3132 complete and 0 interrupted iterations
catalog   [  99% ] 4 VUs  1m59.0s/2m0s

running (2m00.0s), 4/4 VUs, 3153 complete and 0 interrupted iterations
catalog   [ 100% ] 4 VUs  2m00.0s/2m0s

================ DSP benchmark summary ================
-- per-phase latency --
  catalog                    p50=138.3 ms  p95=221.0 ms  p99=269.1 ms  max=407.5 ms  n=3159
  negotiation init (POST)    (no data)
  time-to-AGREED (async)     (no data)
  transfer init (POST)       (no data)
  time-to-EDR (async)        (no data)
  data pull                  (no data)
-- end-to-end + throughput --
  e2e transaction            (no data)
  data throughput (MB/s)     (no data)
-- outcomes --
  transactions succeeded     count=3159  rate=26.310/s
  transactions failed        (no data)
  failed rate                rate=0.00%  (pass=0 fail=3159)
-- observer effect (poll load) --
  negotiation polls          (no data)
  edr polls                  (no data)
=======================================================
(full summary -> /home/rohitj/edc/benchmarking-factoryx-edc/resources/local-fx-mvd/k6-scripts/results/factoryx/catalog-sweep/2026-07-29T18-24-09Z/k6-summary.json; POLL_INTERVAL_MS=250; IDENTITY_MODE=on)

running (2m00.1s), 0/4 VUs, 3159 complete and 0 interrupted iterations
catalog ✓ [ 100% ] 4 VUs  2m0s
