
         /\      Grafana   /‾‾/  
    /\  /  \     |\  __   /  /   
   /  \/    \    | |/ /  /   ‾‾\ 
  /          \   |   (  |  (‾)  |
 / __________ \  |_|\_\  \_____/ 


     execution: local
        script: /home/rohitj/edc/benchmarking-factoryx-edc/resources/local-fx-mvd/k6-scripts/scenarios/catalog-sweep.js
        output: -

     scenarios: (100.00%) 1 scenario, 4 max VUs, 2m30s max duration (incl. graceful stop):
              * catalog: 4 looping VUs for 2m0s (gracefulStop: 30s)


Run       [ 100% ] setup()
catalog   [   0% ]

Run       [ 100% ] setup()
catalog   [   0% ]

running (0m03.0s), 4/4 VUs, 12 complete and 0 interrupted iterations
catalog   [   0% ] 4 VUs  0m00.6s/2m0s

running (0m04.0s), 4/4 VUs, 43 complete and 0 interrupted iterations
catalog   [   1% ] 4 VUs  0m01.6s/2m0s

running (0m05.0s), 4/4 VUs, 73 complete and 0 interrupted iterations
catalog   [   2% ] 4 VUs  0m02.6s/2m0s

running (0m06.0s), 4/4 VUs, 98 complete and 0 interrupted iterations
catalog   [   3% ] 4 VUs  0m03.6s/2m0s

running (0m07.0s), 4/4 VUs, 123 complete and 0 interrupted iterations
catalog   [   4% ] 4 VUs  0m04.6s/2m0s

running (0m08.0s), 4/4 VUs, 151 complete and 0 interrupted iterations
catalog   [   5% ] 4 VUs  0m05.6s/2m0s

running (0m09.0s), 4/4 VUs, 182 complete and 0 interrupted iterations
catalog   [   5% ] 4 VUs  0m06.6s/2m0s

running (0m10.0s), 4/4 VUs, 216 complete and 0 interrupted iterations
catalog   [   6% ] 4 VUs  0m07.6s/2m0s

running (0m11.0s), 4/4 VUs, 244 complete and 0 interrupted iterations
catalog   [   7% ] 4 VUs  0m08.6s/2m0s

running (0m12.0s), 4/4 VUs, 271 complete and 0 interrupted iterations
catalog   [   8% ] 4 VUs  0m09.6s/2m0s

running (0m13.0s), 4/4 VUs, 298 complete and 0 interrupted iterations
catalog   [   9% ] 4 VUs  0m10.6s/2m0s

running (0m14.0s), 4/4 VUs, 328 complete and 0 interrupted iterations
catalog   [  10% ] 4 VUs  0m11.6s/2m0s

running (0m15.0s), 4/4 VUs, 355 complete and 0 interrupted iterations
catalog   [  10% ] 4 VUs  0m12.6s/2m0s

running (0m16.0s), 4/4 VUs, 383 complete and 0 interrupted iterations
catalog   [  11% ] 4 VUs  0m13.6s/2m0s

running (0m17.0s), 4/4 VUs, 407 complete and 0 interrupted iterations
catalog   [  12% ] 4 VUs  0m14.6s/2m0s

running (0m18.0s), 4/4 VUs, 434 complete and 0 interrupted iterations
catalog   [  13% ] 4 VUs  0m15.6s/2m0s

running (0m19.0s), 4/4 VUs, 461 complete and 0 interrupted iterations
catalog   [  14% ] 4 VUs  0m16.6s/2m0s

running (0m20.0s), 4/4 VUs, 486 complete and 0 interrupted iterations
catalog   [  15% ] 4 VUs  0m17.6s/2m0s

running (0m21.0s), 4/4 VUs, 516 complete and 0 interrupted iterations
catalog   [  15% ] 4 VUs  0m18.6s/2m0s

running (0m22.0s), 4/4 VUs, 545 complete and 0 interrupted iterations
catalog   [  16% ] 4 VUs  0m19.6s/2m0s

running (0m23.0s), 4/4 VUs, 573 complete and 0 interrupted iterations
catalog   [  17% ] 4 VUs  0m20.6s/2m0s

running (0m24.0s), 4/4 VUs, 602 complete and 0 interrupted iterations
catalog   [  18% ] 4 VUs  0m21.6s/2m0s

running (0m25.0s), 4/4 VUs, 627 complete and 0 interrupted iterations
catalog   [  19% ] 4 VUs  0m22.6s/2m0s

running (0m26.0s), 4/4 VUs, 659 complete and 0 interrupted iterations
catalog   [  20% ] 4 VUs  0m23.6s/2m0s

running (0m27.0s), 4/4 VUs, 685 complete and 0 interrupted iterations
catalog   [  20% ] 4 VUs  0m24.6s/2m0s

running (0m28.0s), 4/4 VUs, 716 complete and 0 interrupted iterations
catalog   [  21% ] 4 VUs  0m25.6s/2m0s

running (0m29.0s), 4/4 VUs, 743 complete and 0 interrupted iterations
catalog   [  22% ] 4 VUs  0m26.6s/2m0s

running (0m30.0s), 4/4 VUs, 766 complete and 0 interrupted iterations
catalog   [  23% ] 4 VUs  0m27.6s/2m0s

running (0m31.0s), 4/4 VUs, 794 complete and 0 interrupted iterations
catalog   [  24% ] 4 VUs  0m28.6s/2m0s

running (0m32.0s), 4/4 VUs, 820 complete and 0 interrupted iterations
catalog   [  25% ] 4 VUs  0m29.6s/2m0s

running (0m33.0s), 4/4 VUs, 846 complete and 0 interrupted iterations
catalog   [  25% ] 4 VUs  0m30.6s/2m0s

running (0m34.0s), 4/4 VUs, 874 complete and 0 interrupted iterations
catalog   [  26% ] 4 VUs  0m31.6s/2m0s

running (0m35.0s), 4/4 VUs, 903 complete and 0 interrupted iterations
catalog   [  27% ] 4 VUs  0m32.6s/2m0s

running (0m36.0s), 4/4 VUs, 926 complete and 0 interrupted iterations
catalog   [  28% ] 4 VUs  0m33.6s/2m0s

running (0m37.0s), 4/4 VUs, 950 complete and 0 interrupted iterations
catalog   [  29% ] 4 VUs  0m34.6s/2m0s

running (0m38.0s), 4/4 VUs, 977 complete and 0 interrupted iterations
catalog   [  30% ] 4 VUs  0m35.6s/2m0s

running (0m39.0s), 4/4 VUs, 1004 complete and 0 interrupted iterations
catalog   [  30% ] 4 VUs  0m36.6s/2m0s

running (0m40.0s), 4/4 VUs, 1031 complete and 0 interrupted iterations
catalog   [  31% ] 4 VUs  0m37.6s/2m0s

running (0m41.0s), 4/4 VUs, 1062 complete and 0 interrupted iterations
catalog   [  32% ] 4 VUs  0m38.6s/2m0s

running (0m42.0s), 4/4 VUs, 1084 complete and 0 interrupted iterations
catalog   [  33% ] 4 VUs  0m39.6s/2m0s

running (0m43.0s), 4/4 VUs, 1112 complete and 0 interrupted iterations
catalog   [  34% ] 4 VUs  0m40.6s/2m0s

running (0m44.0s), 4/4 VUs, 1141 complete and 0 interrupted iterations
catalog   [  35% ] 4 VUs  0m41.6s/2m0s

running (0m45.0s), 4/4 VUs, 1169 complete and 0 interrupted iterations
catalog   [  35% ] 4 VUs  0m42.6s/2m0s

running (0m46.0s), 4/4 VUs, 1199 complete and 0 interrupted iterations
catalog   [  36% ] 4 VUs  0m43.6s/2m0s

running (0m47.0s), 4/4 VUs, 1228 complete and 0 interrupted iterations
catalog   [  37% ] 4 VUs  0m44.6s/2m0s

running (0m48.0s), 4/4 VUs, 1252 complete and 0 interrupted iterations
catalog   [  38% ] 4 VUs  0m45.6s/2m0s

running (0m49.0s), 4/4 VUs, 1279 complete and 0 interrupted iterations
catalog   [  39% ] 4 VUs  0m46.6s/2m0s

running (0m50.0s), 4/4 VUs, 1309 complete and 0 interrupted iterations
catalog   [  40% ] 4 VUs  0m47.6s/2m0s

running (0m51.0s), 4/4 VUs, 1333 complete and 0 interrupted iterations
catalog   [  40% ] 4 VUs  0m48.6s/2m0s

running (0m52.0s), 4/4 VUs, 1361 complete and 0 interrupted iterations
catalog   [  41% ] 4 VUs  0m49.6s/2m0s

running (0m53.0s), 4/4 VUs, 1393 complete and 0 interrupted iterations
catalog   [  42% ] 4 VUs  0m50.6s/2m0s

running (0m54.0s), 4/4 VUs, 1418 complete and 0 interrupted iterations
catalog   [  43% ] 4 VUs  0m51.6s/2m0s

running (0m55.0s), 4/4 VUs, 1446 complete and 0 interrupted iterations
catalog   [  44% ] 4 VUs  0m52.6s/2m0s

running (0m56.0s), 4/4 VUs, 1473 complete and 0 interrupted iterations
catalog   [  45% ] 4 VUs  0m53.6s/2m0s

running (0m57.0s), 4/4 VUs, 1497 complete and 0 interrupted iterations
catalog   [  45% ] 4 VUs  0m54.6s/2m0s

running (0m58.0s), 4/4 VUs, 1528 complete and 0 interrupted iterations
catalog   [  46% ] 4 VUs  0m55.6s/2m0s

running (0m59.0s), 4/4 VUs, 1556 complete and 0 interrupted iterations
catalog   [  47% ] 4 VUs  0m56.6s/2m0s

running (1m00.0s), 4/4 VUs, 1582 complete and 0 interrupted iterations
catalog   [  48% ] 4 VUs  0m57.6s/2m0s

running (1m01.0s), 4/4 VUs, 1612 complete and 0 interrupted iterations
catalog   [  49% ] 4 VUs  0m58.6s/2m0s

running (1m02.0s), 4/4 VUs, 1636 complete and 0 interrupted iterations
catalog   [  50% ] 4 VUs  0m59.6s/2m0s

running (1m03.0s), 4/4 VUs, 1660 complete and 0 interrupted iterations
catalog   [  50% ] 4 VUs  1m00.6s/2m0s

running (1m04.0s), 4/4 VUs, 1691 complete and 0 interrupted iterations
catalog   [  51% ] 4 VUs  1m01.6s/2m0s

running (1m05.0s), 4/4 VUs, 1714 complete and 0 interrupted iterations
catalog   [  52% ] 4 VUs  1m02.6s/2m0s

running (1m06.0s), 4/4 VUs, 1741 complete and 0 interrupted iterations
catalog   [  53% ] 4 VUs  1m03.6s/2m0s

running (1m07.0s), 4/4 VUs, 1770 complete and 0 interrupted iterations
catalog   [  54% ] 4 VUs  1m04.6s/2m0s

running (1m08.0s), 4/4 VUs, 1796 complete and 0 interrupted iterations
catalog   [  55% ] 4 VUs  1m05.6s/2m0s

running (1m09.0s), 4/4 VUs, 1820 complete and 0 interrupted iterations
catalog   [  55% ] 4 VUs  1m06.6s/2m0s

running (1m10.0s), 4/4 VUs, 1850 complete and 0 interrupted iterations
catalog   [  56% ] 4 VUs  1m07.6s/2m0s

running (1m11.0s), 4/4 VUs, 1878 complete and 0 interrupted iterations
catalog   [  57% ] 4 VUs  1m08.6s/2m0s

running (1m12.0s), 4/4 VUs, 1906 complete and 0 interrupted iterations
catalog   [  58% ] 4 VUs  1m09.6s/2m0s

running (1m13.0s), 4/4 VUs, 1929 complete and 0 interrupted iterations
catalog   [  59% ] 4 VUs  1m10.6s/2m0s

running (1m14.0s), 4/4 VUs, 1957 complete and 0 interrupted iterations
catalog   [  60% ] 4 VUs  1m11.6s/2m0s

running (1m15.0s), 4/4 VUs, 1983 complete and 0 interrupted iterations
catalog   [  60% ] 4 VUs  1m12.6s/2m0s

running (1m16.0s), 4/4 VUs, 2010 complete and 0 interrupted iterations
catalog   [  61% ] 4 VUs  1m13.6s/2m0s

running (1m17.0s), 4/4 VUs, 2036 complete and 0 interrupted iterations
catalog   [  62% ] 4 VUs  1m14.6s/2m0s

running (1m18.0s), 4/4 VUs, 2061 complete and 0 interrupted iterations
catalog   [  63% ] 4 VUs  1m15.6s/2m0s

running (1m19.0s), 4/4 VUs, 2085 complete and 0 interrupted iterations
catalog   [  64% ] 4 VUs  1m16.6s/2m0s

running (1m20.0s), 4/4 VUs, 2114 complete and 0 interrupted iterations
catalog   [  65% ] 4 VUs  1m17.6s/2m0s

running (1m21.0s), 4/4 VUs, 2138 complete and 0 interrupted iterations
catalog   [  65% ] 4 VUs  1m18.6s/2m0s

running (1m22.0s), 4/4 VUs, 2172 complete and 0 interrupted iterations
catalog   [  66% ] 4 VUs  1m19.6s/2m0s

running (1m23.0s), 4/4 VUs, 2196 complete and 0 interrupted iterations
catalog   [  67% ] 4 VUs  1m20.6s/2m0s

running (1m24.0s), 4/4 VUs, 2220 complete and 0 interrupted iterations
catalog   [  68% ] 4 VUs  1m21.6s/2m0s

running (1m25.0s), 4/4 VUs, 2245 complete and 0 interrupted iterations
catalog   [  69% ] 4 VUs  1m22.6s/2m0s

running (1m26.0s), 4/4 VUs, 2275 complete and 0 interrupted iterations
catalog   [  70% ] 4 VUs  1m23.6s/2m0s

running (1m27.0s), 4/4 VUs, 2300 complete and 0 interrupted iterations
catalog   [  70% ] 4 VUs  1m24.6s/2m0s

running (1m28.0s), 4/4 VUs, 2327 complete and 0 interrupted iterations
catalog   [  71% ] 4 VUs  1m25.6s/2m0s

running (1m29.0s), 4/4 VUs, 2355 complete and 0 interrupted iterations
catalog   [  72% ] 4 VUs  1m26.6s/2m0s

running (1m30.0s), 4/4 VUs, 2371 complete and 0 interrupted iterations
catalog   [  73% ] 4 VUs  1m27.6s/2m0s

running (1m31.0s), 4/4 VUs, 2390 complete and 0 interrupted iterations
catalog   [  74% ] 4 VUs  1m28.6s/2m0s

running (1m32.0s), 4/4 VUs, 2414 complete and 0 interrupted iterations
catalog   [  75% ] 4 VUs  1m29.6s/2m0s

running (1m33.0s), 4/4 VUs, 2438 complete and 0 interrupted iterations
catalog   [  75% ] 4 VUs  1m30.6s/2m0s

running (1m34.0s), 4/4 VUs, 2461 complete and 0 interrupted iterations
catalog   [  76% ] 4 VUs  1m31.6s/2m0s

running (1m35.0s), 4/4 VUs, 2488 complete and 0 interrupted iterations
catalog   [  77% ] 4 VUs  1m32.6s/2m0s

running (1m36.0s), 4/4 VUs, 2515 complete and 0 interrupted iterations
catalog   [  78% ] 4 VUs  1m33.6s/2m0s

running (1m37.0s), 4/4 VUs, 2543 complete and 0 interrupted iterations
catalog   [  79% ] 4 VUs  1m34.6s/2m0s

running (1m38.0s), 4/4 VUs, 2568 complete and 0 interrupted iterations
catalog   [  80% ] 4 VUs  1m35.6s/2m0s

running (1m39.0s), 4/4 VUs, 2594 complete and 0 interrupted iterations
catalog   [  80% ] 4 VUs  1m36.6s/2m0s

running (1m40.0s), 4/4 VUs, 2621 complete and 0 interrupted iterations
catalog   [  81% ] 4 VUs  1m37.6s/2m0s

running (1m41.0s), 4/4 VUs, 2645 complete and 0 interrupted iterations
catalog   [  82% ] 4 VUs  1m38.6s/2m0s

running (1m42.0s), 4/4 VUs, 2678 complete and 0 interrupted iterations
catalog   [  83% ] 4 VUs  1m39.6s/2m0s

running (1m43.0s), 4/4 VUs, 2704 complete and 0 interrupted iterations
catalog   [  84% ] 4 VUs  1m40.6s/2m0s

running (1m44.0s), 4/4 VUs, 2734 complete and 0 interrupted iterations
catalog   [  85% ] 4 VUs  1m41.6s/2m0s

running (1m45.0s), 4/4 VUs, 2762 complete and 0 interrupted iterations
catalog   [  85% ] 4 VUs  1m42.6s/2m0s

running (1m46.0s), 4/4 VUs, 2789 complete and 0 interrupted iterations
catalog   [  86% ] 4 VUs  1m43.6s/2m0s

running (1m47.0s), 4/4 VUs, 2814 complete and 0 interrupted iterations
catalog   [  87% ] 4 VUs  1m44.6s/2m0s

running (1m48.0s), 4/4 VUs, 2839 complete and 0 interrupted iterations
catalog   [  88% ] 4 VUs  1m45.6s/2m0s

running (1m49.0s), 4/4 VUs, 2868 complete and 0 interrupted iterations
catalog   [  89% ] 4 VUs  1m46.6s/2m0s

running (1m50.0s), 4/4 VUs, 2898 complete and 0 interrupted iterations
catalog   [  90% ] 4 VUs  1m47.6s/2m0s

running (1m51.0s), 4/4 VUs, 2924 complete and 0 interrupted iterations
catalog   [  90% ] 4 VUs  1m48.6s/2m0s

running (1m52.0s), 4/4 VUs, 2951 complete and 0 interrupted iterations
catalog   [  91% ] 4 VUs  1m49.6s/2m0s

running (1m53.0s), 4/4 VUs, 2977 complete and 0 interrupted iterations
catalog   [  92% ] 4 VUs  1m50.6s/2m0s

running (1m54.0s), 4/4 VUs, 3001 complete and 0 interrupted iterations
catalog   [  93% ] 4 VUs  1m51.6s/2m0s

running (1m55.0s), 4/4 VUs, 3026 complete and 0 interrupted iterations
catalog   [  94% ] 4 VUs  1m52.6s/2m0s

running (1m56.0s), 4/4 VUs, 3052 complete and 0 interrupted iterations
catalog   [  95% ] 4 VUs  1m53.6s/2m0s

running (1m57.0s), 4/4 VUs, 3083 complete and 0 interrupted iterations
catalog   [  95% ] 4 VUs  1m54.6s/2m0s

running (1m58.0s), 4/4 VUs, 3113 complete and 0 interrupted iterations
catalog   [  96% ] 4 VUs  1m55.6s/2m0s

running (1m59.0s), 4/4 VUs, 3141 complete and 0 interrupted iterations
catalog   [  97% ] 4 VUs  1m56.6s/2m0s

running (2m00.0s), 4/4 VUs, 3173 complete and 0 interrupted iterations
catalog   [  98% ] 4 VUs  1m57.6s/2m0s

running (2m01.0s), 4/4 VUs, 3202 complete and 0 interrupted iterations
catalog   [  99% ] 4 VUs  1m58.6s/2m0s

running (2m02.0s), 4/4 VUs, 3230 complete and 0 interrupted iterations
catalog   [ 100% ] 4 VUs  1m59.6s/2m0s

================ DSP benchmark summary ================
-- per-phase latency --
  catalog                    p50=134.6 ms  p95=213.6 ms  p99=275.4 ms  max=337.3 ms  n=3244
  negotiation init (POST)    (no data)
  time-to-AGREED (async)     (no data)
  transfer init (POST)       (no data)
  time-to-EDR (async)        (no data)
  data pull                  (no data)
-- end-to-end + throughput --
  e2e transaction            (no data)
  data throughput (MB/s)     (no data)
-- outcomes --
  transactions succeeded     count=3244  rate=26.493/s
  transactions failed        (no data)
  failed rate                rate=0.00%  (pass=0 fail=3244)
-- observer effect (poll load) --
  negotiation polls          (no data)
  edr polls                  (no data)
=======================================================
(full summary -> /home/rohitj/edc/benchmarking-factoryx-edc/resources/local-fx-mvd/k6-scripts/results/factoryx/catalog-sweep/2026-07-29T18-34-13Z/k6-summary.json; POLL_INTERVAL_MS=250; IDENTITY_MODE=on)

running (2m02.4s), 0/4 VUs, 3244 complete and 0 interrupted iterations
catalog ✓ [ 100% ] 4 VUs  2m0s
