
         /\      Grafana   /‾‾/  
    /\  /  \     |\  __   /  /   
   /  \/    \    | |/ /  /   ‾‾\ 
  /          \   |   (  |  (‾)  |
 / __________ \  |_|\_\  \_____/ 


     execution: local
        script: /home/rohitj/edc/benchmarking-factoryx-edc/resources/local-fx-mvd/k6-scripts/scenarios/catalog-sweep.js
        output: -

     scenarios: (100.00%) 1 scenario, 4 max VUs, 2m30s max duration (incl. graceful stop):
              * catalog: 4 looping VUs for 2m0s (gracefulStop: 30s)


running (0m01.0s), 4/4 VUs, 23 complete and 0 interrupted iterations
catalog   [   1% ] 4 VUs  0m01.0s/2m0s

running (0m02.0s), 4/4 VUs, 48 complete and 0 interrupted iterations
catalog   [   2% ] 4 VUs  0m02.0s/2m0s

running (0m03.0s), 4/4 VUs, 75 complete and 0 interrupted iterations
catalog   [   2% ] 4 VUs  0m03.0s/2m0s

running (0m04.0s), 4/4 VUs, 100 complete and 0 interrupted iterations
catalog   [   3% ] 4 VUs  0m04.0s/2m0s

running (0m05.0s), 4/4 VUs, 126 complete and 0 interrupted iterations
catalog   [   4% ] 4 VUs  0m05.0s/2m0s

running (0m06.0s), 4/4 VUs, 150 complete and 0 interrupted iterations
catalog   [   5% ] 4 VUs  0m06.0s/2m0s

running (0m07.0s), 4/4 VUs, 173 complete and 0 interrupted iterations
catalog   [   6% ] 4 VUs  0m07.0s/2m0s

running (0m08.0s), 4/4 VUs, 201 complete and 0 interrupted iterations
catalog   [   7% ] 4 VUs  0m08.0s/2m0s

running (0m09.0s), 4/4 VUs, 229 complete and 0 interrupted iterations
catalog   [   7% ] 4 VUs  0m09.0s/2m0s

running (0m10.0s), 4/4 VUs, 256 complete and 0 interrupted iterations
catalog   [   8% ] 4 VUs  0m10.0s/2m0s

running (0m11.0s), 4/4 VUs, 286 complete and 0 interrupted iterations
catalog   [   9% ] 4 VUs  0m11.0s/2m0s

running (0m12.0s), 4/4 VUs, 306 complete and 0 interrupted iterations
catalog   [  10% ] 4 VUs  0m12.0s/2m0s

running (0m13.0s), 4/4 VUs, 332 complete and 0 interrupted iterations
catalog   [  11% ] 4 VUs  0m13.0s/2m0s

running (0m14.0s), 4/4 VUs, 360 complete and 0 interrupted iterations
catalog   [  12% ] 4 VUs  0m14.0s/2m0s

running (0m15.0s), 4/4 VUs, 388 complete and 0 interrupted iterations
catalog   [  12% ] 4 VUs  0m15.0s/2m0s

running (0m16.0s), 4/4 VUs, 413 complete and 0 interrupted iterations
catalog   [  13% ] 4 VUs  0m16.0s/2m0s

running (0m17.0s), 4/4 VUs, 440 complete and 0 interrupted iterations
catalog   [  14% ] 4 VUs  0m17.0s/2m0s

running (0m18.0s), 4/4 VUs, 466 complete and 0 interrupted iterations
catalog   [  15% ] 4 VUs  0m18.0s/2m0s

running (0m19.0s), 4/4 VUs, 490 complete and 0 interrupted iterations
catalog   [  16% ] 4 VUs  0m19.0s/2m0s

running (0m20.0s), 4/4 VUs, 519 complete and 0 interrupted iterations
catalog   [  17% ] 4 VUs  0m20.0s/2m0s

running (0m21.0s), 4/4 VUs, 548 complete and 0 interrupted iterations
catalog   [  17% ] 4 VUs  0m21.0s/2m0s

running (0m22.0s), 4/4 VUs, 578 complete and 0 interrupted iterations
catalog   [  18% ] 4 VUs  0m22.0s/2m0s

running (0m23.0s), 4/4 VUs, 608 complete and 0 interrupted iterations
catalog   [  19% ] 4 VUs  0m23.0s/2m0s

running (0m24.0s), 4/4 VUs, 632 complete and 0 interrupted iterations
catalog   [  20% ] 4 VUs  0m24.0s/2m0s

running (0m25.0s), 4/4 VUs, 660 complete and 0 interrupted iterations
catalog   [  21% ] 4 VUs  0m25.0s/2m0s

running (0m26.0s), 4/4 VUs, 692 complete and 0 interrupted iterations
catalog   [  22% ] 4 VUs  0m26.0s/2m0s

running (0m27.0s), 4/4 VUs, 718 complete and 0 interrupted iterations
catalog   [  22% ] 4 VUs  0m27.0s/2m0s

running (0m28.0s), 4/4 VUs, 742 complete and 0 interrupted iterations
catalog   [  23% ] 4 VUs  0m28.0s/2m0s

running (0m29.0s), 4/4 VUs, 767 complete and 0 interrupted iterations
catalog   [  24% ] 4 VUs  0m29.0s/2m0s

running (0m30.0s), 4/4 VUs, 796 complete and 0 interrupted iterations
catalog   [  25% ] 4 VUs  0m30.0s/2m0s

running (0m31.0s), 4/4 VUs, 823 complete and 0 interrupted iterations
catalog   [  26% ] 4 VUs  0m31.0s/2m0s

running (0m32.0s), 4/4 VUs, 846 complete and 0 interrupted iterations
catalog   [  27% ] 4 VUs  0m32.0s/2m0s

running (0m33.0s), 4/4 VUs, 874 complete and 0 interrupted iterations
catalog   [  27% ] 4 VUs  0m33.0s/2m0s

running (0m34.0s), 4/4 VUs, 904 complete and 0 interrupted iterations
catalog   [  28% ] 4 VUs  0m34.0s/2m0s

running (0m35.0s), 4/4 VUs, 926 complete and 0 interrupted iterations
catalog   [  29% ] 4 VUs  0m35.0s/2m0s

running (0m36.0s), 4/4 VUs, 957 complete and 0 interrupted iterations
catalog   [  30% ] 4 VUs  0m36.0s/2m0s

running (0m37.0s), 4/4 VUs, 984 complete and 0 interrupted iterations
catalog   [  31% ] 4 VUs  0m37.0s/2m0s

running (0m38.0s), 4/4 VUs, 1006 complete and 0 interrupted iterations
catalog   [  32% ] 4 VUs  0m38.0s/2m0s

running (0m39.0s), 4/4 VUs, 1033 complete and 0 interrupted iterations
catalog   [  32% ] 4 VUs  0m39.0s/2m0s

running (0m40.0s), 4/4 VUs, 1063 complete and 0 interrupted iterations
catalog   [  33% ] 4 VUs  0m40.0s/2m0s

running (0m41.0s), 4/4 VUs, 1088 complete and 0 interrupted iterations
catalog   [  34% ] 4 VUs  0m41.0s/2m0s

running (0m42.0s), 4/4 VUs, 1118 complete and 0 interrupted iterations
catalog   [  35% ] 4 VUs  0m42.0s/2m0s

running (0m43.0s), 4/4 VUs, 1148 complete and 0 interrupted iterations
catalog   [  36% ] 4 VUs  0m43.0s/2m0s

running (0m44.0s), 4/4 VUs, 1171 complete and 0 interrupted iterations
catalog   [  37% ] 4 VUs  0m44.0s/2m0s

running (0m45.0s), 4/4 VUs, 1197 complete and 0 interrupted iterations
catalog   [  37% ] 4 VUs  0m45.0s/2m0s

running (0m46.0s), 4/4 VUs, 1221 complete and 0 interrupted iterations
catalog   [  38% ] 4 VUs  0m46.0s/2m0s

running (0m47.0s), 4/4 VUs, 1249 complete and 0 interrupted iterations
catalog   [  39% ] 4 VUs  0m47.0s/2m0s

running (0m48.0s), 4/4 VUs, 1276 complete and 0 interrupted iterations
catalog   [  40% ] 4 VUs  0m48.0s/2m0s

running (0m49.0s), 4/4 VUs, 1302 complete and 0 interrupted iterations
catalog   [  41% ] 4 VUs  0m49.0s/2m0s

running (0m50.0s), 4/4 VUs, 1329 complete and 0 interrupted iterations
catalog   [  42% ] 4 VUs  0m50.0s/2m0s

running (0m51.0s), 4/4 VUs, 1353 complete and 0 interrupted iterations
catalog   [  42% ] 4 VUs  0m51.0s/2m0s

running (0m52.0s), 4/4 VUs, 1382 complete and 0 interrupted iterations
catalog   [  43% ] 4 VUs  0m52.0s/2m0s

running (0m53.0s), 4/4 VUs, 1405 complete and 0 interrupted iterations
catalog   [  44% ] 4 VUs  0m53.0s/2m0s

running (0m54.0s), 4/4 VUs, 1434 complete and 0 interrupted iterations
catalog   [  45% ] 4 VUs  0m54.0s/2m0s

running (0m55.0s), 4/4 VUs, 1460 complete and 0 interrupted iterations
catalog   [  46% ] 4 VUs  0m55.0s/2m0s

running (0m56.0s), 4/4 VUs, 1486 complete and 0 interrupted iterations
catalog   [  47% ] 4 VUs  0m56.0s/2m0s

running (0m57.0s), 4/4 VUs, 1510 complete and 0 interrupted iterations
catalog   [  47% ] 4 VUs  0m57.0s/2m0s

running (0m58.0s), 4/4 VUs, 1534 complete and 0 interrupted iterations
catalog   [  48% ] 4 VUs  0m58.0s/2m0s

running (0m59.0s), 4/4 VUs, 1558 complete and 0 interrupted iterations
catalog   [  49% ] 4 VUs  0m59.0s/2m0s

running (1m00.0s), 4/4 VUs, 1590 complete and 0 interrupted iterations
catalog   [  50% ] 4 VUs  1m00.0s/2m0s

running (1m01.0s), 4/4 VUs, 1614 complete and 0 interrupted iterations
catalog   [  51% ] 4 VUs  1m01.0s/2m0s

running (1m02.0s), 4/4 VUs, 1637 complete and 0 interrupted iterations
catalog   [  52% ] 4 VUs  1m02.0s/2m0s

running (1m03.0s), 4/4 VUs, 1653 complete and 0 interrupted iterations
catalog   [  52% ] 4 VUs  1m03.0s/2m0s

running (1m04.0s), 4/4 VUs, 1681 complete and 0 interrupted iterations
catalog   [  53% ] 4 VUs  1m04.0s/2m0s

running (1m05.0s), 4/4 VUs, 1700 complete and 0 interrupted iterations
catalog   [  54% ] 4 VUs  1m05.0s/2m0s

running (1m06.0s), 4/4 VUs, 1730 complete and 0 interrupted iterations
catalog   [  55% ] 4 VUs  1m06.0s/2m0s

running (1m07.0s), 4/4 VUs, 1754 complete and 0 interrupted iterations
catalog   [  56% ] 4 VUs  1m07.0s/2m0s

running (1m08.0s), 4/4 VUs, 1776 complete and 0 interrupted iterations
catalog   [  57% ] 4 VUs  1m08.0s/2m0s

running (1m09.0s), 4/4 VUs, 1804 complete and 0 interrupted iterations
catalog   [  57% ] 4 VUs  1m09.0s/2m0s

running (1m10.0s), 4/4 VUs, 1830 complete and 0 interrupted iterations
catalog   [  58% ] 4 VUs  1m10.0s/2m0s

running (1m11.0s), 4/4 VUs, 1857 complete and 0 interrupted iterations
catalog   [  59% ] 4 VUs  1m11.0s/2m0s

running (1m12.0s), 4/4 VUs, 1886 complete and 0 interrupted iterations
catalog   [  60% ] 4 VUs  1m12.0s/2m0s

running (1m13.0s), 4/4 VUs, 1917 complete and 0 interrupted iterations
catalog   [  61% ] 4 VUs  1m13.0s/2m0s

running (1m14.0s), 4/4 VUs, 1945 complete and 0 interrupted iterations
catalog   [  62% ] 4 VUs  1m14.0s/2m0s

running (1m15.0s), 4/4 VUs, 1971 complete and 0 interrupted iterations
catalog   [  62% ] 4 VUs  1m15.0s/2m0s

running (1m16.0s), 4/4 VUs, 1996 complete and 0 interrupted iterations
catalog   [  63% ] 4 VUs  1m16.0s/2m0s

running (1m17.0s), 4/4 VUs, 2023 complete and 0 interrupted iterations
catalog   [  64% ] 4 VUs  1m17.0s/2m0s

running (1m18.0s), 4/4 VUs, 2047 complete and 0 interrupted iterations
catalog   [  65% ] 4 VUs  1m18.0s/2m0s

running (1m19.0s), 4/4 VUs, 2075 complete and 0 interrupted iterations
catalog   [  66% ] 4 VUs  1m19.0s/2m0s

running (1m20.0s), 4/4 VUs, 2099 complete and 0 interrupted iterations
catalog   [  67% ] 4 VUs  1m20.0s/2m0s

running (1m21.0s), 4/4 VUs, 2119 complete and 0 interrupted iterations
catalog   [  67% ] 4 VUs  1m21.0s/2m0s

running (1m22.0s), 4/4 VUs, 2143 complete and 0 interrupted iterations
catalog   [  68% ] 4 VUs  1m22.0s/2m0s

running (1m23.0s), 4/4 VUs, 2171 complete and 0 interrupted iterations
catalog   [  69% ] 4 VUs  1m23.0s/2m0s

running (1m24.0s), 4/4 VUs, 2194 complete and 0 interrupted iterations
catalog   [  70% ] 4 VUs  1m24.0s/2m0s

running (1m25.0s), 4/4 VUs, 2219 complete and 0 interrupted iterations
catalog   [  71% ] 4 VUs  1m25.0s/2m0s

running (1m26.0s), 4/4 VUs, 2242 complete and 0 interrupted iterations
catalog   [  72% ] 4 VUs  1m26.0s/2m0s

running (1m27.0s), 4/4 VUs, 2269 complete and 0 interrupted iterations
catalog   [  72% ] 4 VUs  1m27.0s/2m0s

running (1m28.0s), 4/4 VUs, 2299 complete and 0 interrupted iterations
catalog   [  73% ] 4 VUs  1m28.0s/2m0s

running (1m29.0s), 4/4 VUs, 2325 complete and 0 interrupted iterations
catalog   [  74% ] 4 VUs  1m29.0s/2m0s

running (1m30.0s), 4/4 VUs, 2355 complete and 0 interrupted iterations
catalog   [  75% ] 4 VUs  1m30.0s/2m0s

running (1m31.0s), 4/4 VUs, 2381 complete and 0 interrupted iterations
catalog   [  76% ] 4 VUs  1m31.0s/2m0s

running (1m32.0s), 4/4 VUs, 2406 complete and 0 interrupted iterations
catalog   [  77% ] 4 VUs  1m32.0s/2m0s

running (1m33.0s), 4/4 VUs, 2436 complete and 0 interrupted iterations
catalog   [  77% ] 4 VUs  1m33.0s/2m0s

running (1m34.0s), 4/4 VUs, 2457 complete and 0 interrupted iterations
catalog   [  78% ] 4 VUs  1m34.0s/2m0s

running (1m35.0s), 4/4 VUs, 2485 complete and 0 interrupted iterations
catalog   [  79% ] 4 VUs  1m35.0s/2m0s

running (1m36.0s), 4/4 VUs, 2509 complete and 0 interrupted iterations
catalog   [  80% ] 4 VUs  1m36.0s/2m0s

running (1m37.0s), 4/4 VUs, 2540 complete and 0 interrupted iterations
catalog   [  81% ] 4 VUs  1m37.0s/2m0s

running (1m38.0s), 4/4 VUs, 2560 complete and 0 interrupted iterations
catalog   [  82% ] 4 VUs  1m38.0s/2m0s

running (1m39.0s), 4/4 VUs, 2585 complete and 0 interrupted iterations
catalog   [  82% ] 4 VUs  1m39.0s/2m0s

running (1m40.0s), 4/4 VUs, 2612 complete and 0 interrupted iterations
catalog   [  83% ] 4 VUs  1m40.0s/2m0s

running (1m41.0s), 4/4 VUs, 2638 complete and 0 interrupted iterations
catalog   [  84% ] 4 VUs  1m41.0s/2m0s

running (1m42.0s), 4/4 VUs, 2662 complete and 0 interrupted iterations
catalog   [  85% ] 4 VUs  1m42.0s/2m0s

running (1m43.0s), 4/4 VUs, 2690 complete and 0 interrupted iterations
catalog   [  86% ] 4 VUs  1m43.0s/2m0s

running (1m44.0s), 4/4 VUs, 2717 complete and 0 interrupted iterations
catalog   [  87% ] 4 VUs  1m44.0s/2m0s

running (1m45.0s), 4/4 VUs, 2740 complete and 0 interrupted iterations
catalog   [  87% ] 4 VUs  1m45.0s/2m0s

running (1m46.0s), 4/4 VUs, 2767 complete and 0 interrupted iterations
catalog   [  88% ] 4 VUs  1m46.0s/2m0s

running (1m47.0s), 4/4 VUs, 2791 complete and 0 interrupted iterations
catalog   [  89% ] 4 VUs  1m47.0s/2m0s

running (1m48.0s), 4/4 VUs, 2822 complete and 0 interrupted iterations
catalog   [  90% ] 4 VUs  1m48.0s/2m0s

running (1m49.0s), 4/4 VUs, 2849 complete and 0 interrupted iterations
catalog   [  91% ] 4 VUs  1m49.0s/2m0s

running (1m50.0s), 4/4 VUs, 2877 complete and 0 interrupted iterations
catalog   [  92% ] 4 VUs  1m50.0s/2m0s

running (1m51.0s), 4/4 VUs, 2904 complete and 0 interrupted iterations
catalog   [  92% ] 4 VUs  1m51.0s/2m0s

running (1m52.0s), 4/4 VUs, 2930 complete and 0 interrupted iterations
catalog   [  93% ] 4 VUs  1m52.0s/2m0s

running (1m53.0s), 4/4 VUs, 2955 complete and 0 interrupted iterations
catalog   [  94% ] 4 VUs  1m53.0s/2m0s

running (1m54.0s), 4/4 VUs, 2980 complete and 0 interrupted iterations
catalog   [  95% ] 4 VUs  1m54.0s/2m0s

running (1m55.0s), 4/4 VUs, 3008 complete and 0 interrupted iterations
catalog   [  96% ] 4 VUs  1m55.0s/2m0s

running (1m56.0s), 4/4 VUs, 3032 complete and 0 interrupted iterations
catalog   [  97% ] 4 VUs  1m56.0s/2m0s

running (1m57.0s), 4/4 VUs, 3060 complete and 0 interrupted iterations
catalog   [  97% ] 4 VUs  1m57.0s/2m0s

running (1m58.0s), 4/4 VUs, 3086 complete and 0 interrupted iterations
catalog   [  98% ] 4 VUs  1m58.0s/2m0s

running (1m59.0s), 4/4 VUs, 3109 complete and 0 interrupted iterations
catalog   [  99% ] 4 VUs  1m59.0s/2m0s

running (2m00.0s), 4/4 VUs, 3137 complete and 0 interrupted iterations
catalog   [ 100% ] 4 VUs  2m00.0s/2m0s

================ DSP benchmark summary ================
-- per-phase latency --
  catalog                    p50=141.7 ms  p95=223.1 ms  p99=259.9 ms  max=345.4 ms  n=3141
  negotiation init (POST)    (no data)
  time-to-AGREED (async)     (no data)
  transfer init (POST)       (no data)
  time-to-EDR (async)        (no data)
  data pull                  (no data)
-- end-to-end + throughput --
  e2e transaction            (no data)
  data throughput (MB/s)     (no data)
-- outcomes --
  transactions succeeded     count=3141  rate=26.127/s
  transactions failed        (no data)
  failed rate                rate=0.00%  (pass=0 fail=3141)
-- observer effect (poll load) --
  negotiation polls          (no data)
  edr polls                  (no data)
=======================================================
(full summary -> /home/rohitj/edc/benchmarking-factoryx-edc/resources/local-fx-mvd/k6-scripts/results/factoryx/catalog-sweep/2026-07-29T18-10-41Z/k6-summary.json; POLL_INTERVAL_MS=250; IDENTITY_MODE=on)

running (2m00.2s), 0/4 VUs, 3141 complete and 0 interrupted iterations
catalog ✓ [ 100% ] 4 VUs  2m0s
