
         /\      Grafana   /‾‾/  
    /\  /  \     |\  __   /  /   
   /  \/    \    | |/ /  /   ‾‾\ 
  /          \   |   (  |  (‾)  |
 / __________ \  |_|\_\  \_____/ 


     execution: local
        script: /home/rohitj/edc/benchmarking-factoryx-edc/resources/local-fx-mvd/k6-scripts/scenarios/steady.js
        output: -

     scenarios: (100.00%) 1 scenario, 200 max VUs, 10m30s max duration (incl. graceful stop):
              * steady: 5.00 iterations/s for 10m0s (maxVUs: 50-200, gracefulStop: 30s)


running (00m01.0s), 005/050 VUs, 0 complete and 0 interrupted iterations
steady   [   0% ] 005/050 VUs  00m01.0s/10m0s  5.00 iters/s

running (00m02.0s), 010/050 VUs, 0 complete and 0 interrupted iterations
steady   [   0% ] 010/050 VUs  00m02.0s/10m0s  5.00 iters/s

running (00m03.0s), 015/050 VUs, 0 complete and 0 interrupted iterations
steady   [   0% ] 015/050 VUs  00m03.0s/10m0s  5.00 iters/s

running (00m04.0s), 020/050 VUs, 0 complete and 0 interrupted iterations
steady   [   1% ] 020/050 VUs  00m04.0s/10m0s  5.00 iters/s

running (00m05.0s), 025/050 VUs, 0 complete and 0 interrupted iterations
steady   [   1% ] 025/050 VUs  00m05.0s/10m0s  5.00 iters/s

running (00m06.0s), 030/050 VUs, 0 complete and 0 interrupted iterations
steady   [   1% ] 030/050 VUs  00m06.0s/10m0s  5.00 iters/s

running (00m07.0s), 035/050 VUs, 0 complete and 0 interrupted iterations
steady   [   1% ] 035/050 VUs  00m07.0s/10m0s  5.00 iters/s

running (00m08.0s), 040/050 VUs, 0 complete and 0 interrupted iterations
steady   [   1% ] 040/050 VUs  00m08.0s/10m0s  5.00 iters/s

running (00m09.0s), 045/050 VUs, 0 complete and 0 interrupted iterations
steady   [   1% ] 045/050 VUs  00m09.0s/10m0s  5.00 iters/s

running (00m10.0s), 050/050 VUs, 0 complete and 0 interrupted iterations
steady   [   2% ] 050/050 VUs  00m10.0s/10m0s  5.00 iters/s

running (00m11.0s), 052/053 VUs, 0 complete and 0 interrupted iterations
steady   [   2% ] 052/053 VUs  00m11.0s/10m0s  5.00 iters/s

running (00m12.0s), 055/055 VUs, 0 complete and 0 interrupted iterations
steady   [   2% ] 055/055 VUs  00m12.0s/10m0s  5.00 iters/s

running (00m13.0s), 057/058 VUs, 0 complete and 0 interrupted iterations
steady   [   2% ] 057/058 VUs  00m13.0s/10m0s  5.00 iters/s

running (00m14.0s), 060/060 VUs, 0 complete and 0 interrupted iterations
steady   [   2% ] 060/060 VUs  00m14.0s/10m0s  5.00 iters/s

running (00m15.0s), 062/063 VUs, 0 complete and 0 interrupted iterations
steady   [   2% ] 062/063 VUs  00m15.0s/10m0s  5.00 iters/s

running (00m16.0s), 065/065 VUs, 0 complete and 0 interrupted iterations
steady   [   3% ] 065/065 VUs  00m16.0s/10m0s  5.00 iters/s

running (00m17.0s), 067/068 VUs, 0 complete and 0 interrupted iterations
steady   [   3% ] 067/068 VUs  00m17.0s/10m0s  5.00 iters/s

running (00m18.0s), 070/070 VUs, 0 complete and 0 interrupted iterations
steady   [   3% ] 070/070 VUs  00m18.0s/10m0s  5.00 iters/s

running (00m19.0s), 072/073 VUs, 0 complete and 0 interrupted iterations
steady   [   3% ] 072/073 VUs  00m19.0s/10m0s  5.00 iters/s

running (00m20.0s), 075/075 VUs, 0 complete and 0 interrupted iterations
steady   [   3% ] 075/075 VUs  00m20.0s/10m0s  5.00 iters/s

running (00m21.0s), 077/078 VUs, 0 complete and 0 interrupted iterations
steady   [   3% ] 077/078 VUs  00m21.0s/10m0s  5.00 iters/s

running (00m22.0s), 080/080 VUs, 0 complete and 0 interrupted iterations
steady   [   4% ] 080/080 VUs  00m22.0s/10m0s  5.00 iters/s

running (00m23.0s), 082/083 VUs, 0 complete and 0 interrupted iterations
steady   [   4% ] 082/083 VUs  00m23.0s/10m0s  5.00 iters/s

running (00m24.0s), 085/085 VUs, 0 complete and 0 interrupted iterations
steady   [   4% ] 085/085 VUs  00m24.0s/10m0s  5.00 iters/s

running (00m25.0s), 087/088 VUs, 0 complete and 0 interrupted iterations
steady   [   4% ] 087/088 VUs  00m25.0s/10m0s  5.00 iters/s

running (00m26.0s), 090/090 VUs, 0 complete and 0 interrupted iterations
steady   [   4% ] 090/090 VUs  00m26.0s/10m0s  5.00 iters/s

running (00m27.0s), 092/093 VUs, 0 complete and 0 interrupted iterations
steady   [   4% ] 092/093 VUs  00m27.0s/10m0s  5.00 iters/s

running (00m28.0s), 095/095 VUs, 0 complete and 0 interrupted iterations
steady   [   5% ] 095/095 VUs  00m28.0s/10m0s  5.00 iters/s

running (00m29.0s), 097/098 VUs, 0 complete and 0 interrupted iterations
steady   [   5% ] 097/098 VUs  00m29.0s/10m0s  5.00 iters/s

running (00m30.0s), 100/100 VUs, 0 complete and 0 interrupted iterations
steady   [   5% ] 100/100 VUs  00m30.0s/10m0s  5.00 iters/s

running (00m31.0s), 102/103 VUs, 0 complete and 0 interrupted iterations
steady   [   5% ] 102/103 VUs  00m31.0s/10m0s  5.00 iters/s

running (00m32.0s), 105/105 VUs, 0 complete and 0 interrupted iterations
steady   [   5% ] 105/105 VUs  00m32.0s/10m0s  5.00 iters/s

running (00m33.0s), 107/108 VUs, 0 complete and 0 interrupted iterations
steady   [   5% ] 107/108 VUs  00m33.0s/10m0s  5.00 iters/s

running (00m34.0s), 110/110 VUs, 0 complete and 0 interrupted iterations
steady   [   6% ] 110/110 VUs  00m34.0s/10m0s  5.00 iters/s

running (00m35.0s), 112/113 VUs, 0 complete and 0 interrupted iterations
steady   [   6% ] 112/113 VUs  00m35.0s/10m0s  5.00 iters/s

running (00m36.0s), 107/113 VUs, 10 complete and 0 interrupted iterations
steady   [   6% ] 107/113 VUs  00m36.0s/10m0s  5.00 iters/s

running (00m37.0s), 112/113 VUs, 10 complete and 0 interrupted iterations
steady   [   6% ] 112/113 VUs  00m37.0s/10m0s  5.00 iters/s

running (00m38.0s), 108/115 VUs, 17 complete and 0 interrupted iterations
steady   [   6% ] 108/115 VUs  00m38.0s/10m0s  5.00 iters/s

running (00m39.0s), 111/115 VUs, 19 complete and 0 interrupted iterations
steady   [   6% ] 111/115 VUs  00m39.0s/10m0s  5.00 iters/s

running (00m40.0s), 115/116 VUs, 19 complete and 0 interrupted iterations
steady   [   7% ] 115/116 VUs  00m40.0s/10m0s  5.00 iters/s

running (00m41.0s), 118/118 VUs, 19 complete and 0 interrupted iterations
steady   [   7% ] 118/118 VUs  00m41.0s/10m0s  5.00 iters/s

running (00m42.0s), 112/120 VUs, 28 complete and 0 interrupted iterations
steady   [   7% ] 112/120 VUs  00m42.0s/10m0s  5.00 iters/s

running (00m43.0s), 102/120 VUs, 43 complete and 0 interrupted iterations
steady   [   7% ] 102/120 VUs  00m43.0s/10m0s  5.00 iters/s

running (00m44.0s), 099/120 VUs, 51 complete and 0 interrupted iterations
steady   [   7% ] 099/120 VUs  00m44.0s/10m0s  5.00 iters/s

running (00m45.0s), 098/120 VUs, 57 complete and 0 interrupted iterations
steady   [   7% ] 098/120 VUs  00m45.0s/10m0s  5.00 iters/s

running (00m46.0s), 102/120 VUs, 58 complete and 0 interrupted iterations
steady   [   8% ] 102/120 VUs  00m46.0s/10m0s  5.00 iters/s

running (00m47.0s), 106/120 VUs, 59 complete and 0 interrupted iterations
steady   [   8% ] 106/120 VUs  00m47.0s/10m0s  5.00 iters/s

running (00m48.0s), 108/120 VUs, 62 complete and 0 interrupted iterations
steady   [   8% ] 108/120 VUs  00m48.0s/10m0s  5.00 iters/s

running (00m49.0s), 113/120 VUs, 62 complete and 0 interrupted iterations
steady   [   8% ] 113/120 VUs  00m49.0s/10m0s  5.00 iters/s

running (00m50.0s), 111/120 VUs, 69 complete and 0 interrupted iterations
steady   [   8% ] 111/120 VUs  00m50.0s/10m0s  5.00 iters/s

running (00m51.0s), 116/120 VUs, 69 complete and 0 interrupted iterations
steady   [   8% ] 116/120 VUs  00m51.0s/10m0s  5.00 iters/s

running (00m52.0s), 117/120 VUs, 73 complete and 0 interrupted iterations
steady   [   9% ] 117/120 VUs  00m52.0s/10m0s  5.00 iters/s

running (00m53.0s), 120/120 VUs, 75 complete and 0 interrupted iterations
steady   [   9% ] 120/120 VUs  00m53.0s/10m0s  5.00 iters/s

running (00m54.0s), 122/123 VUs, 75 complete and 0 interrupted iterations
steady   [   9% ] 122/123 VUs  00m54.0s/10m0s  5.00 iters/s

running (00m55.0s), 123/124 VUs, 78 complete and 0 interrupted iterations
steady   [   9% ] 123/124 VUs  00m55.0s/10m0s  5.00 iters/s

running (00m56.0s), 122/126 VUs, 82 complete and 0 interrupted iterations
steady   [   9% ] 122/126 VUs  00m56.0s/10m0s  5.00 iters/s

running (00m57.0s), 126/127 VUs, 82 complete and 0 interrupted iterations
steady   [   9% ] 126/127 VUs  00m57.0s/10m0s  5.00 iters/s

running (00m58.0s), 126/128 VUs, 86 complete and 0 interrupted iterations
steady   [  10% ] 126/128 VUs  00m58.0s/10m0s  5.00 iters/s

running (00m59.0s), 127/130 VUs, 88 complete and 0 interrupted iterations
steady   [  10% ] 127/130 VUs  00m59.0s/10m0s  5.00 iters/s

running (01m00.0s), 126/130 VUs, 94 complete and 0 interrupted iterations
steady   [  10% ] 126/130 VUs  01m00.0s/10m0s  5.00 iters/s

running (01m01.0s), 128/130 VUs, 97 complete and 0 interrupted iterations
steady   [  10% ] 128/130 VUs  01m01.0s/10m0s  5.00 iters/s

running (01m02.0s), 131/132 VUs, 97 complete and 0 interrupted iterations
steady   [  10% ] 131/132 VUs  01m02.0s/10m0s  5.00 iters/s

running (01m03.0s), 133/133 VUs, 99 complete and 0 interrupted iterations
steady   [  10% ] 133/133 VUs  01m03.0s/10m0s  5.00 iters/s

running (01m04.0s), 132/135 VUs, 103 complete and 0 interrupted iterations
steady   [  11% ] 132/135 VUs  01m04.0s/10m0s  5.00 iters/s

running (01m05.0s), 136/136 VUs, 103 complete and 0 interrupted iterations
steady   [  11% ] 136/136 VUs  01m05.0s/10m0s  5.00 iters/s

running (01m06.0s), 138/139 VUs, 103 complete and 0 interrupted iterations
steady   [  11% ] 138/139 VUs  01m06.0s/10m0s  5.00 iters/s

running (01m07.0s), 135/140 VUs, 110 complete and 0 interrupted iterations
steady   [  11% ] 135/140 VUs  01m07.0s/10m0s  5.00 iters/s

running (01m08.0s), 140/140 VUs, 110 complete and 0 interrupted iterations
steady   [  11% ] 140/140 VUs  01m08.0s/10m0s  5.00 iters/s

running (01m09.0s), 140/141 VUs, 114 complete and 0 interrupted iterations
steady   [  11% ] 140/141 VUs  01m09.0s/10m0s  5.00 iters/s

running (01m10.0s), 143/143 VUs, 114 complete and 0 interrupted iterations
steady   [  12% ] 143/143 VUs  01m10.0s/10m0s  5.00 iters/s

running (01m11.0s), 137/145 VUs, 123 complete and 0 interrupted iterations
steady   [  12% ] 137/145 VUs  01m11.0s/10m0s  5.00 iters/s

running (01m12.0s), 135/145 VUs, 130 complete and 0 interrupted iterations
steady   [  12% ] 135/145 VUs  01m12.0s/10m0s  5.00 iters/s

running (01m13.0s), 134/145 VUs, 136 complete and 0 interrupted iterations
steady   [  12% ] 134/145 VUs  01m13.0s/10m0s  5.00 iters/s

running (01m14.0s), 139/145 VUs, 136 complete and 0 interrupted iterations
steady   [  12% ] 139/145 VUs  01m14.0s/10m0s  5.00 iters/s

running (01m15.0s), 144/145 VUs, 136 complete and 0 interrupted iterations
steady   [  12% ] 144/145 VUs  01m15.0s/10m0s  5.00 iters/s

running (01m16.0s), 141/147 VUs, 142 complete and 0 interrupted iterations
steady   [  13% ] 141/147 VUs  01m16.0s/10m0s  5.00 iters/s

running (01m17.0s), 144/147 VUs, 144 complete and 0 interrupted iterations
steady   [  13% ] 144/147 VUs  01m17.0s/10m0s  5.00 iters/s

running (01m18.0s), 148/148 VUs, 144 complete and 0 interrupted iterations
steady   [  13% ] 148/148 VUs  01m18.0s/10m0s  5.00 iters/s

running (01m19.0s), 140/149 VUs, 156 complete and 0 interrupted iterations
steady   [  13% ] 140/149 VUs  01m19.0s/10m0s  5.00 iters/s

running (01m20.0s), 139/149 VUs, 162 complete and 0 interrupted iterations
steady   [  13% ] 139/149 VUs  01m20.0s/10m0s  5.00 iters/s

running (01m21.0s), 137/149 VUs, 169 complete and 0 interrupted iterations
steady   [  13% ] 137/149 VUs  01m21.0s/10m0s  5.00 iters/s

running (01m22.0s), 134/149 VUs, 177 complete and 0 interrupted iterations
steady   [  14% ] 134/149 VUs  01m22.0s/10m0s  5.00 iters/s

running (01m23.0s), 139/149 VUs, 177 complete and 0 interrupted iterations
steady   [  14% ] 139/149 VUs  01m23.0s/10m0s  5.00 iters/s

running (01m24.0s), 138/149 VUs, 183 complete and 0 interrupted iterations
steady   [  14% ] 138/149 VUs  01m24.0s/10m0s  5.00 iters/s

running (01m25.0s), 142/149 VUs, 184 complete and 0 interrupted iterations
steady   [  14% ] 142/149 VUs  01m25.0s/10m0s  5.00 iters/s

running (01m26.0s), 138/149 VUs, 193 complete and 0 interrupted iterations
steady   [  14% ] 138/149 VUs  01m26.0s/10m0s  5.00 iters/s

running (01m27.0s), 137/149 VUs, 199 complete and 0 interrupted iterations
steady   [  14% ] 137/149 VUs  01m27.0s/10m0s  5.00 iters/s

running (01m28.0s), 137/149 VUs, 204 complete and 0 interrupted iterations
steady   [  15% ] 137/149 VUs  01m28.0s/10m0s  5.00 iters/s

running (01m29.0s), 142/149 VUs, 204 complete and 0 interrupted iterations
steady   [  15% ] 142/149 VUs  01m29.0s/10m0s  5.00 iters/s

running (01m30.0s), 143/149 VUs, 208 complete and 0 interrupted iterations
steady   [  15% ] 143/149 VUs  01m30.0s/10m0s  5.00 iters/s

running (01m31.0s), 148/149 VUs, 208 complete and 0 interrupted iterations
steady   [  15% ] 148/149 VUs  01m31.0s/10m0s  5.00 iters/s

running (01m32.0s), 149/149 VUs, 212 complete and 0 interrupted iterations
steady   [  15% ] 149/149 VUs  01m32.0s/10m0s  5.00 iters/s

running (01m33.0s), 151/152 VUs, 212 complete and 0 interrupted iterations
steady   [  15% ] 151/152 VUs  01m33.0s/10m0s  5.00 iters/s

running (01m34.0s), 145/153 VUs, 222 complete and 0 interrupted iterations
steady   [  16% ] 145/153 VUs  01m34.0s/10m0s  5.00 iters/s

running (01m35.0s), 150/153 VUs, 222 complete and 0 interrupted iterations
steady   [  16% ] 150/153 VUs  01m35.0s/10m0s  5.00 iters/s

running (01m36.0s), 148/153 VUs, 229 complete and 0 interrupted iterations
steady   [  16% ] 148/153 VUs  01m36.0s/10m0s  5.00 iters/s

running (01m37.0s), 153/153 VUs, 229 complete and 0 interrupted iterations
steady   [  16% ] 153/153 VUs  01m37.0s/10m0s  5.00 iters/s

running (01m38.0s), 150/154 VUs, 236 complete and 0 interrupted iterations
steady   [  16% ] 150/154 VUs  01m38.0s/10m0s  5.00 iters/s

running (01m39.0s), 154/155 VUs, 236 complete and 0 interrupted iterations
steady   [  16% ] 154/155 VUs  01m39.0s/10m0s  5.00 iters/s

running (01m40.0s), 151/156 VUs, 243 complete and 0 interrupted iterations
steady   [  17% ] 151/156 VUs  01m40.0s/10m0s  5.00 iters/s

running (01m41.0s), 152/156 VUs, 247 complete and 0 interrupted iterations
steady   [  17% ] 152/156 VUs  01m41.0s/10m0s  5.00 iters/s

running (01m42.0s), 151/157 VUs, 252 complete and 0 interrupted iterations
steady   [  17% ] 151/157 VUs  01m42.0s/10m0s  5.00 iters/s

running (01m43.0s), 149/157 VUs, 259 complete and 0 interrupted iterations
steady   [  17% ] 149/157 VUs  01m43.0s/10m0s  5.00 iters/s

running (01m44.0s), 149/157 VUs, 264 complete and 0 interrupted iterations
steady   [  17% ] 149/157 VUs  01m44.0s/10m0s  5.00 iters/s

running (01m45.0s), 149/157 VUs, 269 complete and 0 interrupted iterations
steady   [  17% ] 149/157 VUs  01m45.0s/10m0s  5.00 iters/s

running (01m46.0s), 149/157 VUs, 274 complete and 0 interrupted iterations
steady   [  18% ] 149/157 VUs  01m46.0s/10m0s  5.00 iters/s

running (01m47.0s), 149/157 VUs, 279 complete and 0 interrupted iterations
steady   [  18% ] 149/157 VUs  01m47.0s/10m0s  5.00 iters/s

running (01m48.0s), 149/157 VUs, 284 complete and 0 interrupted iterations
steady   [  18% ] 149/157 VUs  01m48.0s/10m0s  5.00 iters/s

running (01m49.0s), 154/157 VUs, 284 complete and 0 interrupted iterations
steady   [  18% ] 154/157 VUs  01m49.0s/10m0s  5.00 iters/s

running (01m50.0s), 153/158 VUs, 289 complete and 0 interrupted iterations
steady   [  18% ] 153/158 VUs  01m50.0s/10m0s  5.00 iters/s

running (01m51.0s), 157/158 VUs, 290 complete and 0 interrupted iterations
steady   [  18% ] 157/158 VUs  01m51.0s/10m0s  5.00 iters/s

running (01m52.0s), 157/160 VUs, 293 complete and 0 interrupted iterations
steady   [  19% ] 157/160 VUs  01m52.0s/10m0s  5.00 iters/s

running (01m53.0s), 161/161 VUs, 293 complete and 0 interrupted iterations
steady   [  19% ] 161/161 VUs  01m53.0s/10m0s  5.00 iters/s

running (01m54.0s), 154/163 VUs, 303 complete and 0 interrupted iterations
steady   [  19% ] 154/163 VUs  01m54.0s/10m0s  5.00 iters/s

running (01m55.0s), 153/163 VUs, 309 complete and 0 interrupted iterations
steady   [  19% ] 153/163 VUs  01m55.0s/10m0s  5.00 iters/s

running (01m56.0s), 153/163 VUs, 314 complete and 0 interrupted iterations
steady   [  19% ] 153/163 VUs  01m56.0s/10m0s  5.00 iters/s

running (01m57.0s), 149/163 VUs, 323 complete and 0 interrupted iterations
steady   [  19% ] 149/163 VUs  01m57.0s/10m0s  5.00 iters/s

running (01m58.0s), 154/163 VUs, 323 complete and 0 interrupted iterations
steady   [  20% ] 154/163 VUs  01m58.0s/10m0s  5.00 iters/s

running (01m59.0s), 152/163 VUs, 330 complete and 0 interrupted iterations
steady   [  20% ] 152/163 VUs  01m59.0s/10m0s  5.00 iters/s

running (02m00.0s), 153/163 VUs, 334 complete and 0 interrupted iterations
steady   [  20% ] 153/163 VUs  02m00.0s/10m0s  5.00 iters/s

running (02m01.0s), 158/163 VUs, 334 complete and 0 interrupted iterations
steady   [  20% ] 158/163 VUs  02m01.0s/10m0s  5.00 iters/s

running (02m02.0s), 151/163 VUs, 346 complete and 0 interrupted iterations
steady   [  20% ] 151/163 VUs  02m02.0s/10m0s  5.00 iters/s

running (02m03.0s), 155/163 VUs, 347 complete and 0 interrupted iterations
steady   [  20% ] 155/163 VUs  02m03.0s/10m0s  5.00 iters/s

running (02m04.0s), 160/163 VUs, 347 complete and 0 interrupted iterations
steady   [  21% ] 160/163 VUs  02m04.0s/10m0s  5.00 iters/s

running (02m05.0s), 164/164 VUs, 347 complete and 0 interrupted iterations
steady   [  21% ] 164/164 VUs  02m05.0s/10m0s  5.00 iters/s

running (02m06.0s), 152/165 VUs, 363 complete and 0 interrupted iterations
steady   [  21% ] 152/165 VUs  02m06.0s/10m0s  5.00 iters/s

running (02m07.0s), 151/165 VUs, 369 complete and 0 interrupted iterations
steady   [  21% ] 151/165 VUs  02m07.0s/10m0s  5.00 iters/s

running (02m08.0s), 149/165 VUs, 376 complete and 0 interrupted iterations
steady   [  21% ] 149/165 VUs  02m08.0s/10m0s  5.00 iters/s

running (02m09.0s), 149/165 VUs, 381 complete and 0 interrupted iterations
steady   [  21% ] 149/165 VUs  02m09.0s/10m0s  5.00 iters/s

running (02m10.0s), 152/165 VUs, 383 complete and 0 interrupted iterations
steady   [  22% ] 152/165 VUs  02m10.0s/10m0s  5.00 iters/s

running (02m11.0s), 157/165 VUs, 383 complete and 0 interrupted iterations
steady   [  22% ] 157/165 VUs  02m11.0s/10m0s  5.00 iters/s

running (02m12.0s), 155/165 VUs, 390 complete and 0 interrupted iterations
steady   [  22% ] 155/165 VUs  02m12.0s/10m0s  5.00 iters/s

running (02m13.0s), 157/165 VUs, 393 complete and 0 interrupted iterations
steady   [  22% ] 157/165 VUs  02m13.0s/10m0s  5.00 iters/s

running (02m14.0s), 162/165 VUs, 393 complete and 0 interrupted iterations
steady   [  22% ] 162/165 VUs  02m14.0s/10m0s  5.00 iters/s

running (02m15.0s), 158/165 VUs, 402 complete and 0 interrupted iterations
steady   [  22% ] 158/165 VUs  02m15.0s/10m0s  5.00 iters/s

running (02m16.0s), 163/165 VUs, 402 complete and 0 interrupted iterations
steady   [  23% ] 163/165 VUs  02m16.0s/10m0s  5.00 iters/s

running (02m17.0s), 163/165 VUs, 407 complete and 0 interrupted iterations
steady   [  23% ] 163/165 VUs  02m17.0s/10m0s  5.00 iters/s

running (02m18.0s), 166/167 VUs, 407 complete and 0 interrupted iterations
steady   [  23% ] 166/167 VUs  02m18.0s/10m0s  5.00 iters/s

running (02m19.0s), 161/168 VUs, 416 complete and 0 interrupted iterations
steady   [  23% ] 161/168 VUs  02m19.0s/10m0s  5.00 iters/s

running (02m20.0s), 156/168 VUs, 426 complete and 0 interrupted iterations
steady   [  23% ] 156/168 VUs  02m20.0s/10m0s  5.00 iters/s

running (02m21.0s), 156/168 VUs, 431 complete and 0 interrupted iterations
steady   [  23% ] 156/168 VUs  02m21.0s/10m0s  5.00 iters/s

running (02m22.0s), 155/168 VUs, 437 complete and 0 interrupted iterations
steady   [  24% ] 155/168 VUs  02m22.0s/10m0s  5.00 iters/s

running (02m23.0s), 152/168 VUs, 445 complete and 0 interrupted iterations
steady   [  24% ] 152/168 VUs  02m23.0s/10m0s  5.00 iters/s

running (02m24.0s), 154/168 VUs, 448 complete and 0 interrupted iterations
steady   [  24% ] 154/168 VUs  02m24.0s/10m0s  5.00 iters/s

running (02m25.0s), 157/168 VUs, 450 complete and 0 interrupted iterations
steady   [  24% ] 157/168 VUs  02m25.0s/10m0s  5.00 iters/s

running (02m26.0s), 162/168 VUs, 450 complete and 0 interrupted iterations
steady   [  24% ] 162/168 VUs  02m26.0s/10m0s  5.00 iters/s

running (02m27.0s), 164/168 VUs, 453 complete and 0 interrupted iterations
steady   [  24% ] 164/168 VUs  02m27.0s/10m0s  5.00 iters/s

running (02m28.0s), 168/169 VUs, 453 complete and 0 interrupted iterations
steady   [  25% ] 168/169 VUs  02m28.0s/10m0s  5.00 iters/s

running (02m29.0s), 163/170 VUs, 462 complete and 0 interrupted iterations
steady   [  25% ] 163/170 VUs  02m29.0s/10m0s  5.00 iters/s

running (02m30.0s), 168/170 VUs, 462 complete and 0 interrupted iterations
steady   [  25% ] 168/170 VUs  02m30.0s/10m0s  5.00 iters/s

running (02m31.0s), 161/171 VUs, 473 complete and 0 interrupted iterations
steady   [  25% ] 161/171 VUs  02m31.0s/10m0s  5.00 iters/s

running (02m32.0s), 161/171 VUs, 478 complete and 0 interrupted iterations
steady   [  25% ] 161/171 VUs  02m32.0s/10m0s  5.00 iters/s

running (02m33.0s), 156/171 VUs, 488 complete and 0 interrupted iterations
steady   [  25% ] 156/171 VUs  02m33.0s/10m0s  5.00 iters/s

running (02m34.0s), 154/171 VUs, 495 complete and 0 interrupted iterations
steady   [  26% ] 154/171 VUs  02m34.0s/10m0s  5.00 iters/s

running (02m35.0s), 153/171 VUs, 501 complete and 0 interrupted iterations
steady   [  26% ] 153/171 VUs  02m35.0s/10m0s  5.00 iters/s

running (02m36.0s), 152/171 VUs, 507 complete and 0 interrupted iterations
steady   [  26% ] 152/171 VUs  02m36.0s/10m0s  5.00 iters/s

running (02m37.0s), 153/171 VUs, 511 complete and 0 interrupted iterations
steady   [  26% ] 153/171 VUs  02m37.0s/10m0s  5.00 iters/s

running (02m38.0s), 156/171 VUs, 513 complete and 0 interrupted iterations
steady   [  26% ] 156/171 VUs  02m38.0s/10m0s  5.00 iters/s

running (02m39.0s), 156/171 VUs, 518 complete and 0 interrupted iterations
steady   [  26% ] 156/171 VUs  02m39.0s/10m0s  5.00 iters/s

running (02m40.0s), 158/171 VUs, 521 complete and 0 interrupted iterations
steady   [  27% ] 158/171 VUs  02m40.0s/10m0s  5.00 iters/s

running (02m41.0s), 155/171 VUs, 529 complete and 0 interrupted iterations
steady   [  27% ] 155/171 VUs  02m41.0s/10m0s  5.00 iters/s

running (02m42.0s), 160/171 VUs, 529 complete and 0 interrupted iterations
steady   [  27% ] 160/171 VUs  02m42.0s/10m0s  5.00 iters/s

running (02m43.0s), 157/171 VUs, 537 complete and 0 interrupted iterations
steady   [  27% ] 157/171 VUs  02m43.0s/10m0s  5.00 iters/s

running (02m44.0s), 159/171 VUs, 540 complete and 0 interrupted iterations
steady   [  27% ] 159/171 VUs  02m44.0s/10m0s  5.00 iters/s

running (02m45.0s), 164/171 VUs, 540 complete and 0 interrupted iterations
steady   [  27% ] 164/171 VUs  02m45.0s/10m0s  5.00 iters/s

running (02m46.0s), 160/171 VUs, 549 complete and 0 interrupted iterations
steady   [  28% ] 160/171 VUs  02m46.0s/10m0s  5.00 iters/s

running (02m47.0s), 165/171 VUs, 549 complete and 0 interrupted iterations
steady   [  28% ] 165/171 VUs  02m47.0s/10m0s  5.00 iters/s

running (02m48.0s), 162/171 VUs, 557 complete and 0 interrupted iterations
steady   [  28% ] 162/171 VUs  02m48.0s/10m0s  5.00 iters/s

running (02m49.0s), 162/171 VUs, 562 complete and 0 interrupted iterations
steady   [  28% ] 162/171 VUs  02m49.0s/10m0s  5.00 iters/s

running (02m50.0s), 164/171 VUs, 565 complete and 0 interrupted iterations
steady   [  28% ] 164/171 VUs  02m50.0s/10m0s  5.00 iters/s

running (02m51.0s), 162/171 VUs, 572 complete and 0 interrupted iterations
steady   [  28% ] 162/171 VUs  02m51.0s/10m0s  5.00 iters/s

running (02m52.0s), 159/171 VUs, 580 complete and 0 interrupted iterations
steady   [  29% ] 159/171 VUs  02m52.0s/10m0s  5.00 iters/s

running (02m53.0s), 159/171 VUs, 585 complete and 0 interrupted iterations
steady   [  29% ] 159/171 VUs  02m53.0s/10m0s  5.00 iters/s

running (02m54.0s), 158/171 VUs, 591 complete and 0 interrupted iterations
steady   [  29% ] 158/171 VUs  02m54.0s/10m0s  5.00 iters/s

running (02m55.0s), 161/171 VUs, 593 complete and 0 interrupted iterations
steady   [  29% ] 161/171 VUs  02m55.0s/10m0s  5.00 iters/s

running (02m56.0s), 166/171 VUs, 593 complete and 0 interrupted iterations
steady   [  29% ] 166/171 VUs  02m56.0s/10m0s  5.00 iters/s

running (02m57.0s), 163/171 VUs, 601 complete and 0 interrupted iterations
steady   [  29% ] 163/171 VUs  02m57.0s/10m0s  5.00 iters/s

running (02m58.0s), 165/171 VUs, 604 complete and 0 interrupted iterations
steady   [  30% ] 165/171 VUs  02m58.0s/10m0s  5.00 iters/s

running (02m59.0s), 167/171 VUs, 607 complete and 0 interrupted iterations
steady   [  30% ] 167/171 VUs  02m59.0s/10m0s  5.00 iters/s

running (03m00.0s), 171/172 VUs, 607 complete and 0 interrupted iterations
steady   [  30% ] 171/172 VUs  03m00.0s/10m0s  5.00 iters/s

running (03m01.0s), 161/172 VUs, 622 complete and 0 interrupted iterations
steady   [  30% ] 161/172 VUs  03m01.0s/10m0s  5.00 iters/s

running (03m02.0s), 166/172 VUs, 622 complete and 0 interrupted iterations
steady   [  30% ] 166/172 VUs  03m02.0s/10m0s  5.00 iters/s

running (03m03.0s), 165/172 VUs, 628 complete and 0 interrupted iterations
steady   [  30% ] 165/172 VUs  03m03.0s/10m0s  5.00 iters/s

running (03m04.0s), 160/172 VUs, 638 complete and 0 interrupted iterations
steady   [  31% ] 160/172 VUs  03m04.0s/10m0s  5.00 iters/s

running (03m05.0s), 158/172 VUs, 645 complete and 0 interrupted iterations
steady   [  31% ] 158/172 VUs  03m05.0s/10m0s  5.00 iters/s

running (03m06.0s), 157/172 VUs, 651 complete and 0 interrupted iterations
steady   [  31% ] 157/172 VUs  03m06.0s/10m0s  5.00 iters/s

running (03m07.0s), 161/172 VUs, 652 complete and 0 interrupted iterations
steady   [  31% ] 161/172 VUs  03m07.0s/10m0s  5.00 iters/s

running (03m08.0s), 163/172 VUs, 655 complete and 0 interrupted iterations
steady   [  31% ] 163/172 VUs  03m08.0s/10m0s  5.00 iters/s

running (03m09.0s), 166/172 VUs, 657 complete and 0 interrupted iterations
steady   [  31% ] 166/172 VUs  03m09.0s/10m0s  5.00 iters/s

running (03m10.0s), 167/172 VUs, 661 complete and 0 interrupted iterations
steady   [  32% ] 167/172 VUs  03m10.0s/10m0s  5.00 iters/s

running (03m11.0s), 171/172 VUs, 662 complete and 0 interrupted iterations
steady   [  32% ] 171/172 VUs  03m11.0s/10m0s  5.00 iters/s

running (03m12.0s), 166/174 VUs, 670 complete and 0 interrupted iterations
steady   [  32% ] 166/174 VUs  03m12.0s/10m0s  5.00 iters/s

running (03m13.0s), 161/174 VUs, 680 complete and 0 interrupted iterations
steady   [  32% ] 161/174 VUs  03m13.0s/10m0s  5.00 iters/s

running (03m14.0s), 158/174 VUs, 688 complete and 0 interrupted iterations
steady   [  32% ] 158/174 VUs  03m14.0s/10m0s  5.00 iters/s

running (03m15.0s), 157/174 VUs, 694 complete and 0 interrupted iterations
steady   [  32% ] 157/174 VUs  03m15.0s/10m0s  5.00 iters/s

running (03m16.0s), 157/174 VUs, 699 complete and 0 interrupted iterations
steady   [  33% ] 157/174 VUs  03m16.0s/10m0s  5.00 iters/s

running (03m17.0s), 158/174 VUs, 703 complete and 0 interrupted iterations
steady   [  33% ] 158/174 VUs  03m17.0s/10m0s  5.00 iters/s

running (03m18.0s), 163/174 VUs, 703 complete and 0 interrupted iterations
steady   [  33% ] 163/174 VUs  03m18.0s/10m0s  5.00 iters/s

running (03m19.0s), 162/174 VUs, 709 complete and 0 interrupted iterations
steady   [  33% ] 162/174 VUs  03m19.0s/10m0s  5.00 iters/s

running (03m20.0s), 166/174 VUs, 710 complete and 0 interrupted iterations
steady   [  33% ] 166/174 VUs  03m20.0s/10m0s  5.00 iters/s

running (03m21.0s), 162/174 VUs, 719 complete and 0 interrupted iterations
steady   [  33% ] 162/174 VUs  03m21.0s/10m0s  5.00 iters/s

running (03m22.0s), 158/174 VUs, 728 complete and 0 interrupted iterations
steady   [  34% ] 158/174 VUs  03m22.0s/10m0s  5.00 iters/s

running (03m23.0s), 157/174 VUs, 734 complete and 0 interrupted iterations
steady   [  34% ] 157/174 VUs  03m23.0s/10m0s  5.00 iters/s

running (03m24.0s), 157/174 VUs, 739 complete and 0 interrupted iterations
steady   [  34% ] 157/174 VUs  03m24.0s/10m0s  5.00 iters/s

running (03m25.0s), 158/174 VUs, 743 complete and 0 interrupted iterations
steady   [  34% ] 158/174 VUs  03m25.0s/10m0s  5.00 iters/s

running (03m26.0s), 161/174 VUs, 745 complete and 0 interrupted iterations
steady   [  34% ] 161/174 VUs  03m26.0s/10m0s  5.00 iters/s

running (03m27.0s), 164/174 VUs, 747 complete and 0 interrupted iterations
steady   [  34% ] 164/174 VUs  03m27.0s/10m0s  5.00 iters/s

running (03m28.0s), 162/174 VUs, 754 complete and 0 interrupted iterations
steady   [  35% ] 162/174 VUs  03m28.0s/10m0s  5.00 iters/s

running (03m29.0s), 158/174 VUs, 763 complete and 0 interrupted iterations
steady   [  35% ] 158/174 VUs  03m29.0s/10m0s  5.00 iters/s

running (03m30.0s), 163/174 VUs, 763 complete and 0 interrupted iterations
steady   [  35% ] 163/174 VUs  03m30.0s/10m0s  5.00 iters/s

running (03m31.0s), 164/174 VUs, 767 complete and 0 interrupted iterations
steady   [  35% ] 164/174 VUs  03m31.0s/10m0s  5.00 iters/s

running (03m32.0s), 162/174 VUs, 774 complete and 0 interrupted iterations
steady   [  35% ] 162/174 VUs  03m32.0s/10m0s  5.00 iters/s

running (03m33.0s), 159/174 VUs, 782 complete and 0 interrupted iterations
steady   [  35% ] 159/174 VUs  03m33.0s/10m0s  5.00 iters/s

running (03m34.0s), 164/174 VUs, 782 complete and 0 interrupted iterations
steady   [  36% ] 164/174 VUs  03m34.0s/10m0s  5.00 iters/s

running (03m35.0s), 164/174 VUs, 787 complete and 0 interrupted iterations
steady   [  36% ] 164/174 VUs  03m35.0s/10m0s  5.00 iters/s

running (03m36.0s), 169/174 VUs, 787 complete and 0 interrupted iterations
steady   [  36% ] 169/174 VUs  03m36.0s/10m0s  5.00 iters/s

running (03m37.0s), 162/174 VUs, 799 complete and 0 interrupted iterations
steady   [  36% ] 162/174 VUs  03m37.0s/10m0s  5.00 iters/s

running (03m38.0s), 166/174 VUs, 800 complete and 0 interrupted iterations
steady   [  36% ] 166/174 VUs  03m38.0s/10m0s  5.00 iters/s

running (03m39.0s), 169/174 VUs, 802 complete and 0 interrupted iterations
steady   [  36% ] 169/174 VUs  03m39.0s/10m0s  5.00 iters/s

running (03m40.0s), 163/174 VUs, 813 complete and 0 interrupted iterations
steady   [  37% ] 163/174 VUs  03m40.0s/10m0s  5.00 iters/s

running (03m41.0s), 162/174 VUs, 819 complete and 0 interrupted iterations
steady   [  37% ] 162/174 VUs  03m41.0s/10m0s  5.00 iters/s

running (03m42.0s), 165/174 VUs, 821 complete and 0 interrupted iterations
steady   [  37% ] 165/174 VUs  03m42.0s/10m0s  5.00 iters/s

running (03m43.0s), 163/174 VUs, 828 complete and 0 interrupted iterations
steady   [  37% ] 163/174 VUs  03m43.0s/10m0s  5.00 iters/s

running (03m44.0s), 168/174 VUs, 828 complete and 0 interrupted iterations
steady   [  37% ] 168/174 VUs  03m44.0s/10m0s  5.00 iters/s

running (03m45.0s), 167/174 VUs, 834 complete and 0 interrupted iterations
steady   [  37% ] 167/174 VUs  03m45.0s/10m0s  5.00 iters/s

running (03m46.0s), 172/174 VUs, 834 complete and 0 interrupted iterations
steady   [  38% ] 172/174 VUs  03m46.0s/10m0s  5.00 iters/s

running (03m47.0s), 170/174 VUs, 841 complete and 0 interrupted iterations
steady   [  38% ] 170/174 VUs  03m47.0s/10m0s  5.00 iters/s

running (03m48.0s), 174/175 VUs, 841 complete and 0 interrupted iterations
steady   [  38% ] 174/175 VUs  03m48.0s/10m0s  5.00 iters/s

running (03m49.0s), 167/176 VUs, 852 complete and 0 interrupted iterations
steady   [  38% ] 167/176 VUs  03m49.0s/10m0s  5.00 iters/s

running (03m50.0s), 164/176 VUs, 860 complete and 0 interrupted iterations
steady   [  38% ] 164/176 VUs  03m50.0s/10m0s  5.00 iters/s

running (03m51.0s), 162/176 VUs, 867 complete and 0 interrupted iterations
steady   [  38% ] 162/176 VUs  03m51.0s/10m0s  5.00 iters/s

running (03m52.0s), 162/176 VUs, 872 complete and 0 interrupted iterations
steady   [  39% ] 162/176 VUs  03m52.0s/10m0s  5.00 iters/s

running (03m53.0s), 161/176 VUs, 878 complete and 0 interrupted iterations
steady   [  39% ] 161/176 VUs  03m53.0s/10m0s  5.00 iters/s

running (03m54.0s), 165/176 VUs, 879 complete and 0 interrupted iterations
steady   [  39% ] 165/176 VUs  03m54.0s/10m0s  5.00 iters/s

running (03m55.0s), 164/176 VUs, 885 complete and 0 interrupted iterations
steady   [  39% ] 164/176 VUs  03m55.0s/10m0s  5.00 iters/s

running (03m56.0s), 164/176 VUs, 890 complete and 0 interrupted iterations
steady   [  39% ] 164/176 VUs  03m56.0s/10m0s  5.00 iters/s

running (03m57.0s), 160/176 VUs, 899 complete and 0 interrupted iterations
steady   [  39% ] 160/176 VUs  03m57.0s/10m0s  5.00 iters/s

running (03m58.0s), 160/176 VUs, 904 complete and 0 interrupted iterations
steady   [  40% ] 160/176 VUs  03m58.0s/10m0s  5.00 iters/s

running (03m59.0s), 159/176 VUs, 910 complete and 0 interrupted iterations
steady   [  40% ] 159/176 VUs  03m59.0s/10m0s  5.00 iters/s

running (04m00.0s), 161/176 VUs, 913 complete and 0 interrupted iterations
steady   [  40% ] 161/176 VUs  04m00.0s/10m0s  5.00 iters/s

running (04m01.0s), 166/176 VUs, 913 complete and 0 interrupted iterations
steady   [  40% ] 166/176 VUs  04m01.0s/10m0s  5.00 iters/s

running (04m02.0s), 164/176 VUs, 920 complete and 0 interrupted iterations
steady   [  40% ] 164/176 VUs  04m02.0s/10m0s  5.00 iters/s

running (04m03.0s), 160/176 VUs, 929 complete and 0 interrupted iterations
steady   [  40% ] 160/176 VUs  04m03.0s/10m0s  5.00 iters/s

running (04m04.0s), 158/176 VUs, 936 complete and 0 interrupted iterations
steady   [  41% ] 158/176 VUs  04m04.0s/10m0s  5.00 iters/s

running (04m05.0s), 157/176 VUs, 942 complete and 0 interrupted iterations
steady   [  41% ] 157/176 VUs  04m05.0s/10m0s  5.00 iters/s

running (04m06.0s), 160/176 VUs, 944 complete and 0 interrupted iterations
steady   [  41% ] 160/176 VUs  04m06.0s/10m0s  5.00 iters/s

running (04m07.0s), 160/176 VUs, 949 complete and 0 interrupted iterations
steady   [  41% ] 160/176 VUs  04m07.0s/10m0s  5.00 iters/s

running (04m08.0s), 165/176 VUs, 949 complete and 0 interrupted iterations
steady   [  41% ] 165/176 VUs  04m08.0s/10m0s  5.00 iters/s

running (04m09.0s), 163/176 VUs, 956 complete and 0 interrupted iterations
steady   [  41% ] 163/176 VUs  04m09.0s/10m0s  5.00 iters/s

running (04m10.0s), 168/176 VUs, 956 complete and 0 interrupted iterations
steady   [  42% ] 168/176 VUs  04m10.0s/10m0s  5.00 iters/s

running (04m11.0s), 165/176 VUs, 964 complete and 0 interrupted iterations
steady   [  42% ] 165/176 VUs  04m11.0s/10m0s  5.00 iters/s

running (04m12.0s), 163/176 VUs, 971 complete and 0 interrupted iterations
steady   [  42% ] 163/176 VUs  04m12.0s/10m0s  5.00 iters/s

running (04m13.0s), 159/176 VUs, 980 complete and 0 interrupted iterations
steady   [  42% ] 159/176 VUs  04m13.0s/10m0s  5.00 iters/s

running (04m14.0s), 164/176 VUs, 980 complete and 0 interrupted iterations
steady   [  42% ] 164/176 VUs  04m14.0s/10m0s  5.00 iters/s

running (04m15.0s), 166/176 VUs, 983 complete and 0 interrupted iterations
steady   [  42% ] 166/176 VUs  04m15.0s/10m0s  5.00 iters/s

running (04m16.0s), 167/176 VUs, 987 complete and 0 interrupted iterations
steady   [  43% ] 167/176 VUs  04m16.0s/10m0s  5.00 iters/s

running (04m17.0s), 172/176 VUs, 987 complete and 0 interrupted iterations
steady   [  43% ] 172/176 VUs  04m17.0s/10m0s  5.00 iters/s

running (04m18.0s), 166/176 VUs, 998 complete and 0 interrupted iterations
steady   [  43% ] 166/176 VUs  04m18.0s/10m0s  5.00 iters/s

running (04m19.0s), 171/176 VUs, 998 complete and 0 interrupted iterations
steady   [  43% ] 171/176 VUs  04m19.0s/10m0s  5.00 iters/s

running (04m20.0s), 168/176 VUs, 1006 complete and 0 interrupted iterations
steady   [  43% ] 168/176 VUs  04m20.0s/10m0s  5.00 iters/s

running (04m21.0s), 173/176 VUs, 1006 complete and 0 interrupted iterations
steady   [  43% ] 173/176 VUs  04m21.0s/10m0s  5.00 iters/s

running (04m22.0s), 169/176 VUs, 1015 complete and 0 interrupted iterations
steady   [  44% ] 169/176 VUs  04m22.0s/10m0s  5.00 iters/s

running (04m23.0s), 167/176 VUs, 1022 complete and 0 interrupted iterations
steady   [  44% ] 167/176 VUs  04m23.0s/10m0s  5.00 iters/s

running (04m24.0s), 167/176 VUs, 1027 complete and 0 interrupted iterations
steady   [  44% ] 167/176 VUs  04m24.0s/10m0s  5.00 iters/s

running (04m25.0s), 160/176 VUs, 1039 complete and 0 interrupted iterations
steady   [  44% ] 160/176 VUs  04m25.0s/10m0s  5.00 iters/s

running (04m26.0s), 160/176 VUs, 1044 complete and 0 interrupted iterations
steady   [  44% ] 160/176 VUs  04m26.0s/10m0s  5.00 iters/s

running (04m27.0s), 162/176 VUs, 1047 complete and 0 interrupted iterations
steady   [  44% ] 162/176 VUs  04m27.0s/10m0s  5.00 iters/s

running (04m28.0s), 167/176 VUs, 1047 complete and 0 interrupted iterations
steady   [  45% ] 167/176 VUs  04m28.0s/10m0s  5.00 iters/s

running (04m29.0s), 167/176 VUs, 1052 complete and 0 interrupted iterations
steady   [  45% ] 167/176 VUs  04m29.0s/10m0s  5.00 iters/s

running (04m30.0s), 172/176 VUs, 1052 complete and 0 interrupted iterations
steady   [  45% ] 172/176 VUs  04m30.0s/10m0s  5.00 iters/s

running (04m31.0s), 169/176 VUs, 1060 complete and 0 interrupted iterations
steady   [  45% ] 169/176 VUs  04m31.0s/10m0s  5.00 iters/s

running (04m32.0s), 169/176 VUs, 1065 complete and 0 interrupted iterations
steady   [  45% ] 169/176 VUs  04m32.0s/10m0s  5.00 iters/s

running (04m33.0s), 165/176 VUs, 1074 complete and 0 interrupted iterations
steady   [  45% ] 165/176 VUs  04m33.0s/10m0s  5.00 iters/s

running (04m34.0s), 165/176 VUs, 1079 complete and 0 interrupted iterations
steady   [  46% ] 165/176 VUs  04m34.0s/10m0s  5.00 iters/s

running (04m35.0s), 165/176 VUs, 1084 complete and 0 interrupted iterations
steady   [  46% ] 165/176 VUs  04m35.0s/10m0s  5.00 iters/s

running (04m36.0s), 170/176 VUs, 1084 complete and 0 interrupted iterations
steady   [  46% ] 170/176 VUs  04m36.0s/10m0s  5.00 iters/s

running (04m37.0s), 167/176 VUs, 1092 complete and 0 interrupted iterations
steady   [  46% ] 167/176 VUs  04m37.0s/10m0s  5.00 iters/s

running (04m38.0s), 167/176 VUs, 1097 complete and 0 interrupted iterations
steady   [  46% ] 167/176 VUs  04m38.0s/10m0s  5.00 iters/s

running (04m39.0s), 164/176 VUs, 1105 complete and 0 interrupted iterations
steady   [  46% ] 164/176 VUs  04m39.0s/10m0s  5.00 iters/s

running (04m40.0s), 165/176 VUs, 1109 complete and 0 interrupted iterations
steady   [  47% ] 165/176 VUs  04m40.0s/10m0s  5.00 iters/s

running (04m41.0s), 164/176 VUs, 1115 complete and 0 interrupted iterations
steady   [  47% ] 164/176 VUs  04m41.0s/10m0s  5.00 iters/s

running (04m42.0s), 163/176 VUs, 1121 complete and 0 interrupted iterations
steady   [  47% ] 163/176 VUs  04m42.0s/10m0s  5.00 iters/s

running (04m43.0s), 162/176 VUs, 1127 complete and 0 interrupted iterations
steady   [  47% ] 162/176 VUs  04m43.0s/10m0s  5.00 iters/s

running (04m44.0s), 160/176 VUs, 1134 complete and 0 interrupted iterations
steady   [  47% ] 160/176 VUs  04m44.0s/10m0s  5.00 iters/s

running (04m45.0s), 160/176 VUs, 1139 complete and 0 interrupted iterations
steady   [  47% ] 160/176 VUs  04m45.0s/10m0s  5.00 iters/s

running (04m46.0s), 160/176 VUs, 1144 complete and 0 interrupted iterations
steady   [  48% ] 160/176 VUs  04m46.0s/10m0s  5.00 iters/s

running (04m47.0s), 160/176 VUs, 1149 complete and 0 interrupted iterations
steady   [  48% ] 160/176 VUs  04m47.0s/10m0s  5.00 iters/s

running (04m48.0s), 160/176 VUs, 1154 complete and 0 interrupted iterations
steady   [  48% ] 160/176 VUs  04m48.0s/10m0s  5.00 iters/s

running (04m49.0s), 165/176 VUs, 1154 complete and 0 interrupted iterations
steady   [  48% ] 165/176 VUs  04m49.0s/10m0s  5.00 iters/s

running (04m50.0s), 164/176 VUs, 1160 complete and 0 interrupted iterations
steady   [  48% ] 164/176 VUs  04m50.0s/10m0s  5.00 iters/s

running (04m51.0s), 169/176 VUs, 1160 complete and 0 interrupted iterations
steady   [  48% ] 169/176 VUs  04m51.0s/10m0s  5.00 iters/s

running (04m52.0s), 168/176 VUs, 1166 complete and 0 interrupted iterations
steady   [  49% ] 168/176 VUs  04m52.0s/10m0s  5.00 iters/s

running (04m53.0s), 173/176 VUs, 1166 complete and 0 interrupted iterations
steady   [  49% ] 173/176 VUs  04m53.0s/10m0s  5.00 iters/s

running (04m54.0s), 171/176 VUs, 1173 complete and 0 interrupted iterations
steady   [  49% ] 171/176 VUs  04m54.0s/10m0s  5.00 iters/s

running (04m55.0s), 162/176 VUs, 1187 complete and 0 interrupted iterations
steady   [  49% ] 162/176 VUs  04m55.0s/10m0s  5.00 iters/s

running (04m56.0s), 163/176 VUs, 1191 complete and 0 interrupted iterations
steady   [  49% ] 163/176 VUs  04m56.0s/10m0s  5.00 iters/s

running (04m57.0s), 168/176 VUs, 1191 complete and 0 interrupted iterations
steady   [  49% ] 168/176 VUs  04m57.0s/10m0s  5.00 iters/s

running (04m58.0s), 173/176 VUs, 1191 complete and 0 interrupted iterations
steady   [  50% ] 173/176 VUs  04m58.0s/10m0s  5.00 iters/s

running (04m59.0s), 171/176 VUs, 1198 complete and 0 interrupted iterations
steady   [  50% ] 171/176 VUs  04m59.0s/10m0s  5.00 iters/s

running (05m00.0s), 176/176 VUs, 1198 complete and 0 interrupted iterations
steady   [  50% ] 176/176 VUs  05m00.0s/10m0s  5.00 iters/s

running (05m01.0s), 176/179 VUs, 1200 complete and 0 interrupted iterations
steady   [  50% ] 176/179 VUs  05m01.0s/10m0s  5.00 iters/s

running (05m02.0s), 170/179 VUs, 1211 complete and 0 interrupted iterations
steady   [  50% ] 170/179 VUs  05m02.0s/10m0s  5.00 iters/s

running (05m03.0s), 170/179 VUs, 1216 complete and 0 interrupted iterations
steady   [  50% ] 170/179 VUs  05m03.0s/10m0s  5.00 iters/s

running (05m04.0s), 175/179 VUs, 1216 complete and 0 interrupted iterations
steady   [  51% ] 175/179 VUs  05m04.0s/10m0s  5.00 iters/s

running (05m05.0s), 166/179 VUs, 1230 complete and 0 interrupted iterations
steady   [  51% ] 166/179 VUs  05m05.0s/10m0s  5.00 iters/s

running (05m06.0s), 170/179 VUs, 1231 complete and 0 interrupted iterations
steady   [  51% ] 170/179 VUs  05m06.0s/10m0s  5.00 iters/s

running (05m07.0s), 175/179 VUs, 1231 complete and 0 interrupted iterations
steady   [  51% ] 175/179 VUs  05m07.0s/10m0s  5.00 iters/s

running (05m08.0s), 166/179 VUs, 1245 complete and 0 interrupted iterations
steady   [  51% ] 166/179 VUs  05m08.0s/10m0s  5.00 iters/s

running (05m09.0s), 166/179 VUs, 1250 complete and 0 interrupted iterations
steady   [  51% ] 166/179 VUs  05m09.0s/10m0s  5.00 iters/s

running (05m10.0s), 162/179 VUs, 1259 complete and 0 interrupted iterations
steady   [  52% ] 162/179 VUs  05m10.0s/10m0s  5.00 iters/s

running (05m11.0s), 158/179 VUs, 1268 complete and 0 interrupted iterations
steady   [  52% ] 158/179 VUs  05m11.0s/10m0s  5.00 iters/s

running (05m12.0s), 163/179 VUs, 1268 complete and 0 interrupted iterations
steady   [  52% ] 163/179 VUs  05m12.0s/10m0s  5.00 iters/s

running (05m13.0s), 165/179 VUs, 1271 complete and 0 interrupted iterations
steady   [  52% ] 165/179 VUs  05m13.0s/10m0s  5.00 iters/s

running (05m14.0s), 161/179 VUs, 1280 complete and 0 interrupted iterations
steady   [  52% ] 161/179 VUs  05m14.0s/10m0s  5.00 iters/s

running (05m15.0s), 160/179 VUs, 1286 complete and 0 interrupted iterations
steady   [  52% ] 160/179 VUs  05m15.0s/10m0s  5.00 iters/s

running (05m16.0s), 165/179 VUs, 1286 complete and 0 interrupted iterations
steady   [  53% ] 165/179 VUs  05m16.0s/10m0s  5.00 iters/s

running (05m17.0s), 168/179 VUs, 1288 complete and 0 interrupted iterations
steady   [  53% ] 168/179 VUs  05m17.0s/10m0s  5.00 iters/s

running (05m18.0s), 167/179 VUs, 1294 complete and 0 interrupted iterations
steady   [  53% ] 167/179 VUs  05m18.0s/10m0s  5.00 iters/s

running (05m19.0s), 170/179 VUs, 1296 complete and 0 interrupted iterations
steady   [  53% ] 170/179 VUs  05m19.0s/10m0s  5.00 iters/s

running (05m20.0s), 165/179 VUs, 1306 complete and 0 interrupted iterations
steady   [  53% ] 165/179 VUs  05m20.0s/10m0s  5.00 iters/s

running (05m21.0s), 161/179 VUs, 1315 complete and 0 interrupted iterations
steady   [  53% ] 161/179 VUs  05m21.0s/10m0s  5.00 iters/s

running (05m22.0s), 160/179 VUs, 1321 complete and 0 interrupted iterations
steady   [  54% ] 160/179 VUs  05m22.0s/10m0s  5.00 iters/s

running (05m23.0s), 159/179 VUs, 1327 complete and 0 interrupted iterations
steady   [  54% ] 159/179 VUs  05m23.0s/10m0s  5.00 iters/s

running (05m24.0s), 159/179 VUs, 1332 complete and 0 interrupted iterations
steady   [  54% ] 159/179 VUs  05m24.0s/10m0s  5.00 iters/s

running (05m25.0s), 158/179 VUs, 1338 complete and 0 interrupted iterations
steady   [  54% ] 158/179 VUs  05m25.0s/10m0s  5.00 iters/s

running (05m26.0s), 156/179 VUs, 1345 complete and 0 interrupted iterations
steady   [  54% ] 156/179 VUs  05m26.0s/10m0s  5.00 iters/s

running (05m27.0s), 161/179 VUs, 1345 complete and 0 interrupted iterations
steady   [  54% ] 161/179 VUs  05m27.0s/10m0s  5.00 iters/s

running (05m28.0s), 161/179 VUs, 1350 complete and 0 interrupted iterations
steady   [  55% ] 161/179 VUs  05m28.0s/10m0s  5.00 iters/s

running (05m29.0s), 166/179 VUs, 1350 complete and 0 interrupted iterations
steady   [  55% ] 166/179 VUs  05m29.0s/10m0s  5.00 iters/s

running (05m30.0s), 163/179 VUs, 1358 complete and 0 interrupted iterations
steady   [  55% ] 163/179 VUs  05m30.0s/10m0s  5.00 iters/s

running (05m31.0s), 160/179 VUs, 1366 complete and 0 interrupted iterations
steady   [  55% ] 160/179 VUs  05m31.0s/10m0s  5.00 iters/s

running (05m32.0s), 160/179 VUs, 1371 complete and 0 interrupted iterations
steady   [  55% ] 160/179 VUs  05m32.0s/10m0s  5.00 iters/s

running (05m33.0s), 165/179 VUs, 1371 complete and 0 interrupted iterations
steady   [  55% ] 165/179 VUs  05m33.0s/10m0s  5.00 iters/s

running (05m34.0s), 163/179 VUs, 1378 complete and 0 interrupted iterations
steady   [  56% ] 163/179 VUs  05m34.0s/10m0s  5.00 iters/s

running (05m35.0s), 163/179 VUs, 1383 complete and 0 interrupted iterations
steady   [  56% ] 163/179 VUs  05m35.0s/10m0s  5.00 iters/s

running (05m36.0s), 163/179 VUs, 1388 complete and 0 interrupted iterations
steady   [  56% ] 163/179 VUs  05m36.0s/10m0s  5.00 iters/s

running (05m37.0s), 161/179 VUs, 1395 complete and 0 interrupted iterations
steady   [  56% ] 161/179 VUs  05m37.0s/10m0s  5.00 iters/s

running (05m38.0s), 166/179 VUs, 1395 complete and 0 interrupted iterations
steady   [  56% ] 166/179 VUs  05m38.0s/10m0s  5.00 iters/s

running (05m39.0s), 165/179 VUs, 1401 complete and 0 interrupted iterations
steady   [  56% ] 165/179 VUs  05m39.0s/10m0s  5.00 iters/s

running (05m40.0s), 170/179 VUs, 1401 complete and 0 interrupted iterations
steady   [  57% ] 170/179 VUs  05m40.0s/10m0s  5.00 iters/s

running (05m41.0s), 166/179 VUs, 1410 complete and 0 interrupted iterations
steady   [  57% ] 166/179 VUs  05m41.0s/10m0s  5.00 iters/s

running (05m42.0s), 163/179 VUs, 1418 complete and 0 interrupted iterations
steady   [  57% ] 163/179 VUs  05m42.0s/10m0s  5.00 iters/s

running (05m43.0s), 168/179 VUs, 1418 complete and 0 interrupted iterations
steady   [  57% ] 168/179 VUs  05m43.0s/10m0s  5.00 iters/s

running (05m44.0s), 166/179 VUs, 1425 complete and 0 interrupted iterations
steady   [  57% ] 166/179 VUs  05m44.0s/10m0s  5.00 iters/s

running (05m45.0s), 171/179 VUs, 1425 complete and 0 interrupted iterations
steady   [  57% ] 171/179 VUs  05m45.0s/10m0s  5.00 iters/s

running (05m46.0s), 169/179 VUs, 1432 complete and 0 interrupted iterations
steady   [  58% ] 169/179 VUs  05m46.0s/10m0s  5.00 iters/s

running (05m47.0s), 168/179 VUs, 1438 complete and 0 interrupted iterations
steady   [  58% ] 168/179 VUs  05m47.0s/10m0s  5.00 iters/s

running (05m48.0s), 163/179 VUs, 1448 complete and 0 interrupted iterations
steady   [  58% ] 163/179 VUs  05m48.0s/10m0s  5.00 iters/s

running (05m49.0s), 162/179 VUs, 1454 complete and 0 interrupted iterations
steady   [  58% ] 162/179 VUs  05m49.0s/10m0s  5.00 iters/s

running (05m50.0s), 162/179 VUs, 1459 complete and 0 interrupted iterations
steady   [  58% ] 162/179 VUs  05m50.0s/10m0s  5.00 iters/s

running (05m51.0s), 162/179 VUs, 1464 complete and 0 interrupted iterations
steady   [  58% ] 162/179 VUs  05m51.0s/10m0s  5.00 iters/s

running (05m52.0s), 162/179 VUs, 1469 complete and 0 interrupted iterations
steady   [  59% ] 162/179 VUs  05m52.0s/10m0s  5.00 iters/s

running (05m53.0s), 161/179 VUs, 1475 complete and 0 interrupted iterations
steady   [  59% ] 161/179 VUs  05m53.0s/10m0s  5.00 iters/s

running (05m54.0s), 163/179 VUs, 1478 complete and 0 interrupted iterations
steady   [  59% ] 163/179 VUs  05m54.0s/10m0s  5.00 iters/s

running (05m55.0s), 168/179 VUs, 1478 complete and 0 interrupted iterations
steady   [  59% ] 168/179 VUs  05m55.0s/10m0s  5.00 iters/s

running (05m56.0s), 166/179 VUs, 1485 complete and 0 interrupted iterations
steady   [  59% ] 166/179 VUs  05m56.0s/10m0s  5.00 iters/s

running (05m57.0s), 171/179 VUs, 1485 complete and 0 interrupted iterations
steady   [  59% ] 171/179 VUs  05m57.0s/10m0s  5.00 iters/s

running (05m58.0s), 170/179 VUs, 1491 complete and 0 interrupted iterations
steady   [  60% ] 170/179 VUs  05m58.0s/10m0s  5.00 iters/s

running (05m59.0s), 175/179 VUs, 1491 complete and 0 interrupted iterations
steady   [  60% ] 175/179 VUs  05m59.0s/10m0s  5.00 iters/s

running (06m00.0s), 166/179 VUs, 1505 complete and 0 interrupted iterations
steady   [  60% ] 166/179 VUs  06m00.0s/10m0s  5.00 iters/s

running (06m01.0s), 166/179 VUs, 1510 complete and 0 interrupted iterations
steady   [  60% ] 166/179 VUs  06m01.0s/10m0s  5.00 iters/s

running (06m02.0s), 163/179 VUs, 1518 complete and 0 interrupted iterations
steady   [  60% ] 163/179 VUs  06m02.0s/10m0s  5.00 iters/s

running (06m03.0s), 163/179 VUs, 1523 complete and 0 interrupted iterations
steady   [  60% ] 163/179 VUs  06m03.0s/10m0s  5.00 iters/s

running (06m04.0s), 168/179 VUs, 1523 complete and 0 interrupted iterations
steady   [  61% ] 168/179 VUs  06m04.0s/10m0s  5.00 iters/s

running (06m05.0s), 169/179 VUs, 1527 complete and 0 interrupted iterations
steady   [  61% ] 169/179 VUs  06m05.0s/10m0s  5.00 iters/s

running (06m06.0s), 170/179 VUs, 1531 complete and 0 interrupted iterations
steady   [  61% ] 170/179 VUs  06m06.0s/10m0s  5.00 iters/s

running (06m07.0s), 168/179 VUs, 1538 complete and 0 interrupted iterations
steady   [  61% ] 168/179 VUs  06m07.0s/10m0s  5.00 iters/s

running (06m08.0s), 172/179 VUs, 1539 complete and 0 interrupted iterations
steady   [  61% ] 172/179 VUs  06m08.0s/10m0s  5.00 iters/s

running (06m09.0s), 171/179 VUs, 1545 complete and 0 interrupted iterations
steady   [  61% ] 171/179 VUs  06m09.0s/10m0s  5.00 iters/s

running (06m10.0s), 167/179 VUs, 1554 complete and 0 interrupted iterations
steady   [  62% ] 167/179 VUs  06m10.0s/10m0s  5.00 iters/s

running (06m11.0s), 172/179 VUs, 1554 complete and 0 interrupted iterations
steady   [  62% ] 172/179 VUs  06m11.0s/10m0s  5.00 iters/s

running (06m12.0s), 172/179 VUs, 1559 complete and 0 interrupted iterations
steady   [  62% ] 172/179 VUs  06m12.0s/10m0s  5.00 iters/s

running (06m13.0s), 170/179 VUs, 1566 complete and 0 interrupted iterations
steady   [  62% ] 170/179 VUs  06m13.0s/10m0s  5.00 iters/s

running (06m14.0s), 165/179 VUs, 1576 complete and 0 interrupted iterations
steady   [  62% ] 165/179 VUs  06m14.0s/10m0s  5.00 iters/s

running (06m15.0s), 169/179 VUs, 1577 complete and 0 interrupted iterations
steady   [  62% ] 169/179 VUs  06m15.0s/10m0s  5.00 iters/s

running (06m16.0s), 174/179 VUs, 1577 complete and 0 interrupted iterations
steady   [  63% ] 174/179 VUs  06m16.0s/10m0s  5.00 iters/s

running (06m17.0s), 169/179 VUs, 1587 complete and 0 interrupted iterations
steady   [  63% ] 169/179 VUs  06m17.0s/10m0s  5.00 iters/s

running (06m18.0s), 174/179 VUs, 1587 complete and 0 interrupted iterations
steady   [  63% ] 174/179 VUs  06m18.0s/10m0s  5.00 iters/s

running (06m19.0s), 169/179 VUs, 1597 complete and 0 interrupted iterations
steady   [  63% ] 169/179 VUs  06m19.0s/10m0s  5.00 iters/s

running (06m20.0s), 165/179 VUs, 1606 complete and 0 interrupted iterations
steady   [  63% ] 165/179 VUs  06m20.0s/10m0s  5.00 iters/s

running (06m21.0s), 164/179 VUs, 1612 complete and 0 interrupted iterations
steady   [  63% ] 164/179 VUs  06m21.0s/10m0s  5.00 iters/s

running (06m22.0s), 169/179 VUs, 1612 complete and 0 interrupted iterations
steady   [  64% ] 169/179 VUs  06m22.0s/10m0s  5.00 iters/s

running (06m23.0s), 170/179 VUs, 1616 complete and 0 interrupted iterations
steady   [  64% ] 170/179 VUs  06m23.0s/10m0s  5.00 iters/s

running (06m24.0s), 171/179 VUs, 1620 complete and 0 interrupted iterations
steady   [  64% ] 171/179 VUs  06m24.0s/10m0s  5.00 iters/s

running (06m25.0s), 176/179 VUs, 1620 complete and 0 interrupted iterations
steady   [  64% ] 176/179 VUs  06m25.0s/10m0s  5.00 iters/s

running (06m26.0s), 172/179 VUs, 1629 complete and 0 interrupted iterations
steady   [  64% ] 172/179 VUs  06m26.0s/10m0s  5.00 iters/s

running (06m27.0s), 177/179 VUs, 1629 complete and 0 interrupted iterations
steady   [  64% ] 177/179 VUs  06m27.0s/10m0s  5.00 iters/s

running (06m28.0s), 170/179 VUs, 1641 complete and 0 interrupted iterations
steady   [  65% ] 170/179 VUs  06m28.0s/10m0s  5.00 iters/s

running (06m29.0s), 165/179 VUs, 1651 complete and 0 interrupted iterations
steady   [  65% ] 165/179 VUs  06m29.0s/10m0s  5.00 iters/s

running (06m30.0s), 164/179 VUs, 1657 complete and 0 interrupted iterations
steady   [  65% ] 164/179 VUs  06m30.0s/10m0s  5.00 iters/s

running (06m31.0s), 169/179 VUs, 1657 complete and 0 interrupted iterations
steady   [  65% ] 169/179 VUs  06m31.0s/10m0s  5.00 iters/s

running (06m32.0s), 166/179 VUs, 1665 complete and 0 interrupted iterations
steady   [  65% ] 166/179 VUs  06m32.0s/10m0s  5.00 iters/s

running (06m33.0s), 171/179 VUs, 1665 complete and 0 interrupted iterations
steady   [  65% ] 171/179 VUs  06m33.0s/10m0s  5.00 iters/s

running (06m34.0s), 169/179 VUs, 1672 complete and 0 interrupted iterations
steady   [  66% ] 169/179 VUs  06m34.0s/10m0s  5.00 iters/s

running (06m35.0s), 168/179 VUs, 1678 complete and 0 interrupted iterations
steady   [  66% ] 168/179 VUs  06m35.0s/10m0s  5.00 iters/s

running (06m36.0s), 167/179 VUs, 1684 complete and 0 interrupted iterations
steady   [  66% ] 167/179 VUs  06m36.0s/10m0s  5.00 iters/s

running (06m37.0s), 164/179 VUs, 1692 complete and 0 interrupted iterations
steady   [  66% ] 164/179 VUs  06m37.0s/10m0s  5.00 iters/s

running (06m38.0s), 162/179 VUs, 1699 complete and 0 interrupted iterations
steady   [  66% ] 162/179 VUs  06m38.0s/10m0s  5.00 iters/s

running (06m39.0s), 162/179 VUs, 1704 complete and 0 interrupted iterations
steady   [  66% ] 162/179 VUs  06m39.0s/10m0s  5.00 iters/s

running (06m40.0s), 163/179 VUs, 1708 complete and 0 interrupted iterations
steady   [  67% ] 163/179 VUs  06m40.0s/10m0s  5.00 iters/s

running (06m41.0s), 164/179 VUs, 1712 complete and 0 interrupted iterations
steady   [  67% ] 164/179 VUs  06m41.0s/10m0s  5.00 iters/s

running (06m42.0s), 167/179 VUs, 1714 complete and 0 interrupted iterations
steady   [  67% ] 167/179 VUs  06m42.0s/10m0s  5.00 iters/s

running (06m43.0s), 165/179 VUs, 1721 complete and 0 interrupted iterations
steady   [  67% ] 165/179 VUs  06m43.0s/10m0s  5.00 iters/s

running (06m44.0s), 164/179 VUs, 1727 complete and 0 interrupted iterations
steady   [  67% ] 164/179 VUs  06m44.0s/10m0s  5.00 iters/s

running (06m45.0s), 162/179 VUs, 1734 complete and 0 interrupted iterations
steady   [  67% ] 162/179 VUs  06m45.0s/10m0s  5.00 iters/s

running (06m46.0s), 161/179 VUs, 1740 complete and 0 interrupted iterations
steady   [  68% ] 161/179 VUs  06m46.0s/10m0s  5.00 iters/s

running (06m47.0s), 160/179 VUs, 1746 complete and 0 interrupted iterations
steady   [  68% ] 160/179 VUs  06m47.0s/10m0s  5.00 iters/s

running (06m48.0s), 165/179 VUs, 1746 complete and 0 interrupted iterations
steady   [  68% ] 165/179 VUs  06m48.0s/10m0s  5.00 iters/s

running (06m49.0s), 164/179 VUs, 1752 complete and 0 interrupted iterations
steady   [  68% ] 164/179 VUs  06m49.0s/10m0s  5.00 iters/s

running (06m50.0s), 169/179 VUs, 1752 complete and 0 interrupted iterations
steady   [  68% ] 169/179 VUs  06m50.0s/10m0s  5.00 iters/s

running (06m51.0s), 169/179 VUs, 1757 complete and 0 interrupted iterations
steady   [  68% ] 169/179 VUs  06m51.0s/10m0s  5.00 iters/s

running (06m52.0s), 167/179 VUs, 1764 complete and 0 interrupted iterations
steady   [  69% ] 167/179 VUs  06m52.0s/10m0s  5.00 iters/s

running (06m53.0s), 172/179 VUs, 1764 complete and 0 interrupted iterations
steady   [  69% ] 172/179 VUs  06m53.0s/10m0s  5.00 iters/s

running (06m54.0s), 177/179 VUs, 1764 complete and 0 interrupted iterations
steady   [  69% ] 177/179 VUs  06m54.0s/10m0s  5.00 iters/s

running (06m55.0s), 166/179 VUs, 1780 complete and 0 interrupted iterations
steady   [  69% ] 166/179 VUs  06m55.0s/10m0s  5.00 iters/s

running (06m56.0s), 163/179 VUs, 1788 complete and 0 interrupted iterations
steady   [  69% ] 163/179 VUs  06m56.0s/10m0s  5.00 iters/s

running (06m57.0s), 163/179 VUs, 1793 complete and 0 interrupted iterations
steady   [  69% ] 163/179 VUs  06m57.0s/10m0s  5.00 iters/s

running (06m58.0s), 163/179 VUs, 1798 complete and 0 interrupted iterations
steady   [  70% ] 163/179 VUs  06m58.0s/10m0s  5.00 iters/s

running (06m59.0s), 163/179 VUs, 1803 complete and 0 interrupted iterations
steady   [  70% ] 163/179 VUs  06m59.0s/10m0s  5.00 iters/s

running (07m00.0s), 160/179 VUs, 1811 complete and 0 interrupted iterations
steady   [  70% ] 160/179 VUs  07m00.0s/10m0s  5.00 iters/s

running (07m01.0s), 162/179 VUs, 1814 complete and 0 interrupted iterations
steady   [  70% ] 162/179 VUs  07m01.0s/10m0s  5.00 iters/s

running (07m02.0s), 161/179 VUs, 1820 complete and 0 interrupted iterations
steady   [  70% ] 161/179 VUs  07m02.0s/10m0s  5.00 iters/s

running (07m03.0s), 166/179 VUs, 1820 complete and 0 interrupted iterations
steady   [  70% ] 166/179 VUs  07m03.0s/10m0s  5.00 iters/s

running (07m04.0s), 167/179 VUs, 1824 complete and 0 interrupted iterations
steady   [  71% ] 167/179 VUs  07m04.0s/10m0s  5.00 iters/s

running (07m05.0s), 164/179 VUs, 1832 complete and 0 interrupted iterations
steady   [  71% ] 164/179 VUs  07m05.0s/10m0s  5.00 iters/s

running (07m06.0s), 161/179 VUs, 1840 complete and 0 interrupted iterations
steady   [  71% ] 161/179 VUs  07m06.0s/10m0s  5.00 iters/s

running (07m07.0s), 160/179 VUs, 1846 complete and 0 interrupted iterations
steady   [  71% ] 160/179 VUs  07m07.0s/10m0s  5.00 iters/s

running (07m08.0s), 165/179 VUs, 1846 complete and 0 interrupted iterations
steady   [  71% ] 165/179 VUs  07m08.0s/10m0s  5.00 iters/s

running (07m09.0s), 168/179 VUs, 1848 complete and 0 interrupted iterations
steady   [  71% ] 168/179 VUs  07m09.0s/10m0s  5.00 iters/s

running (07m10.0s), 173/179 VUs, 1848 complete and 0 interrupted iterations
steady   [  72% ] 173/179 VUs  07m10.0s/10m0s  5.00 iters/s

running (07m11.0s), 178/179 VUs, 1848 complete and 0 interrupted iterations
steady   [  72% ] 178/179 VUs  07m11.0s/10m0s  5.00 iters/s

running (07m12.0s), 172/180 VUs, 1858 complete and 0 interrupted iterations
steady   [  72% ] 172/180 VUs  07m12.0s/10m0s  5.00 iters/s

running (07m13.0s), 173/180 VUs, 1862 complete and 0 interrupted iterations
steady   [  72% ] 173/180 VUs  07m13.0s/10m0s  5.00 iters/s

running (07m14.0s), 168/180 VUs, 1872 complete and 0 interrupted iterations
steady   [  72% ] 168/180 VUs  07m14.0s/10m0s  5.00 iters/s

running (07m15.0s), 167/180 VUs, 1878 complete and 0 interrupted iterations
steady   [  72% ] 167/180 VUs  07m15.0s/10m0s  5.00 iters/s

running (07m16.0s), 172/180 VUs, 1878 complete and 0 interrupted iterations
steady   [  73% ] 172/180 VUs  07m16.0s/10m0s  5.00 iters/s

running (07m17.0s), 172/180 VUs, 1883 complete and 0 interrupted iterations
steady   [  73% ] 172/180 VUs  07m17.0s/10m0s  5.00 iters/s

running (07m18.0s), 168/180 VUs, 1892 complete and 0 interrupted iterations
steady   [  73% ] 168/180 VUs  07m18.0s/10m0s  5.00 iters/s

running (07m19.0s), 165/180 VUs, 1900 complete and 0 interrupted iterations
steady   [  73% ] 165/180 VUs  07m19.0s/10m0s  5.00 iters/s

running (07m20.0s), 161/180 VUs, 1909 complete and 0 interrupted iterations
steady   [  73% ] 161/180 VUs  07m20.0s/10m0s  5.00 iters/s

running (07m21.0s), 163/180 VUs, 1912 complete and 0 interrupted iterations
steady   [  73% ] 163/180 VUs  07m21.0s/10m0s  5.00 iters/s

running (07m22.0s), 160/180 VUs, 1920 complete and 0 interrupted iterations
steady   [  74% ] 160/180 VUs  07m22.0s/10m0s  5.00 iters/s

running (07m23.0s), 159/180 VUs, 1926 complete and 0 interrupted iterations
steady   [  74% ] 159/180 VUs  07m23.0s/10m0s  5.00 iters/s

running (07m24.0s), 162/180 VUs, 1928 complete and 0 interrupted iterations
steady   [  74% ] 162/180 VUs  07m24.0s/10m0s  5.00 iters/s

running (07m25.0s), 167/180 VUs, 1928 complete and 0 interrupted iterations
steady   [  74% ] 167/180 VUs  07m25.0s/10m0s  5.00 iters/s

running (07m26.0s), 166/180 VUs, 1934 complete and 0 interrupted iterations
steady   [  74% ] 166/180 VUs  07m26.0s/10m0s  5.00 iters/s

running (07m27.0s), 171/180 VUs, 1934 complete and 0 interrupted iterations
steady   [  74% ] 171/180 VUs  07m27.0s/10m0s  5.00 iters/s

running (07m28.0s), 167/180 VUs, 1943 complete and 0 interrupted iterations
steady   [  75% ] 167/180 VUs  07m28.0s/10m0s  5.00 iters/s

running (07m29.0s), 172/180 VUs, 1943 complete and 0 interrupted iterations
steady   [  75% ] 172/180 VUs  07m29.0s/10m0s  5.00 iters/s

running (07m30.0s), 169/180 VUs, 1951 complete and 0 interrupted iterations
steady   [  75% ] 169/180 VUs  07m30.0s/10m0s  5.00 iters/s

running (07m31.0s), 163/180 VUs, 1962 complete and 0 interrupted iterations
steady   [  75% ] 163/180 VUs  07m31.0s/10m0s  5.00 iters/s

running (07m32.0s), 162/180 VUs, 1968 complete and 0 interrupted iterations
steady   [  75% ] 162/180 VUs  07m32.0s/10m0s  5.00 iters/s

running (07m33.0s), 160/180 VUs, 1975 complete and 0 interrupted iterations
steady   [  75% ] 160/180 VUs  07m33.0s/10m0s  5.00 iters/s

running (07m34.0s), 164/180 VUs, 1976 complete and 0 interrupted iterations
steady   [  76% ] 164/180 VUs  07m34.0s/10m0s  5.00 iters/s

running (07m35.0s), 169/180 VUs, 1976 complete and 0 interrupted iterations
steady   [  76% ] 169/180 VUs  07m35.0s/10m0s  5.00 iters/s

running (07m36.0s), 174/180 VUs, 1976 complete and 0 interrupted iterations
steady   [  76% ] 174/180 VUs  07m36.0s/10m0s  5.00 iters/s

running (07m37.0s), 169/180 VUs, 1986 complete and 0 interrupted iterations
steady   [  76% ] 169/180 VUs  07m37.0s/10m0s  5.00 iters/s

running (07m38.0s), 174/180 VUs, 1986 complete and 0 interrupted iterations
steady   [  76% ] 174/180 VUs  07m38.0s/10m0s  5.00 iters/s

running (07m39.0s), 169/180 VUs, 1996 complete and 0 interrupted iterations
steady   [  76% ] 169/180 VUs  07m39.0s/10m0s  5.00 iters/s

running (07m40.0s), 166/180 VUs, 2004 complete and 0 interrupted iterations
steady   [  77% ] 166/180 VUs  07m40.0s/10m0s  5.00 iters/s

running (07m41.0s), 162/180 VUs, 2013 complete and 0 interrupted iterations
steady   [  77% ] 162/180 VUs  07m41.0s/10m0s  5.00 iters/s

running (07m42.0s), 161/180 VUs, 2019 complete and 0 interrupted iterations
steady   [  77% ] 161/180 VUs  07m42.0s/10m0s  5.00 iters/s

running (07m43.0s), 161/180 VUs, 2024 complete and 0 interrupted iterations
steady   [  77% ] 161/180 VUs  07m43.0s/10m0s  5.00 iters/s

running (07m44.0s), 166/180 VUs, 2024 complete and 0 interrupted iterations
steady   [  77% ] 166/180 VUs  07m44.0s/10m0s  5.00 iters/s

running (07m45.0s), 167/180 VUs, 2028 complete and 0 interrupted iterations
steady   [  77% ] 167/180 VUs  07m45.0s/10m0s  5.00 iters/s

running (07m46.0s), 172/180 VUs, 2028 complete and 0 interrupted iterations
steady   [  78% ] 172/180 VUs  07m46.0s/10m0s  5.00 iters/s

running (07m47.0s), 168/180 VUs, 2037 complete and 0 interrupted iterations
steady   [  78% ] 168/180 VUs  07m47.0s/10m0s  5.00 iters/s

running (07m48.0s), 173/180 VUs, 2037 complete and 0 interrupted iterations
steady   [  78% ] 173/180 VUs  07m48.0s/10m0s  5.00 iters/s

running (07m49.0s), 167/180 VUs, 2048 complete and 0 interrupted iterations
steady   [  78% ] 167/180 VUs  07m49.0s/10m0s  5.00 iters/s

running (07m50.0s), 170/180 VUs, 2050 complete and 0 interrupted iterations
steady   [  78% ] 170/180 VUs  07m50.0s/10m0s  5.00 iters/s

running (07m51.0s), 174/180 VUs, 2051 complete and 0 interrupted iterations
steady   [  78% ] 174/180 VUs  07m51.0s/10m0s  5.00 iters/s

running (07m52.0s), 168/180 VUs, 2062 complete and 0 interrupted iterations
steady   [  79% ] 168/180 VUs  07m52.0s/10m0s  5.00 iters/s

running (07m53.0s), 168/180 VUs, 2067 complete and 0 interrupted iterations
steady   [  79% ] 168/180 VUs  07m53.0s/10m0s  5.00 iters/s

running (07m54.0s), 169/180 VUs, 2071 complete and 0 interrupted iterations
steady   [  79% ] 169/180 VUs  07m54.0s/10m0s  5.00 iters/s

running (07m55.0s), 165/180 VUs, 2080 complete and 0 interrupted iterations
steady   [  79% ] 165/180 VUs  07m55.0s/10m0s  5.00 iters/s

running (07m56.0s), 165/180 VUs, 2085 complete and 0 interrupted iterations
steady   [  79% ] 165/180 VUs  07m56.0s/10m0s  5.00 iters/s

running (07m57.0s), 170/180 VUs, 2085 complete and 0 interrupted iterations
steady   [  79% ] 170/180 VUs  07m57.0s/10m0s  5.00 iters/s

running (07m58.0s), 175/180 VUs, 2085 complete and 0 interrupted iterations
steady   [  80% ] 175/180 VUs  07m58.0s/10m0s  5.00 iters/s

running (07m59.0s), 172/180 VUs, 2093 complete and 0 interrupted iterations
steady   [  80% ] 172/180 VUs  07m59.0s/10m0s  5.00 iters/s

running (08m00.0s), 177/180 VUs, 2093 complete and 0 interrupted iterations
steady   [  80% ] 177/180 VUs  08m00.0s/10m0s  5.00 iters/s

running (08m01.0s), 181/181 VUs, 2093 complete and 0 interrupted iterations
steady   [  80% ] 181/181 VUs  08m01.0s/10m0s  5.00 iters/s

running (08m02.0s), 166/182 VUs, 2112 complete and 0 interrupted iterations
steady   [  80% ] 166/182 VUs  08m02.0s/10m0s  5.00 iters/s

running (08m03.0s), 168/182 VUs, 2115 complete and 0 interrupted iterations
steady   [  80% ] 168/182 VUs  08m03.0s/10m0s  5.00 iters/s

running (08m04.0s), 168/182 VUs, 2120 complete and 0 interrupted iterations
steady   [  81% ] 168/182 VUs  08m04.0s/10m0s  5.00 iters/s

running (08m05.0s), 163/182 VUs, 2130 complete and 0 interrupted iterations
steady   [  81% ] 163/182 VUs  08m05.0s/10m0s  5.00 iters/s

running (08m06.0s), 160/182 VUs, 2138 complete and 0 interrupted iterations
steady   [  81% ] 160/182 VUs  08m06.0s/10m0s  5.00 iters/s

running (08m07.0s), 158/182 VUs, 2145 complete and 0 interrupted iterations
steady   [  81% ] 158/182 VUs  08m07.0s/10m0s  5.00 iters/s

running (08m08.0s), 156/182 VUs, 2152 complete and 0 interrupted iterations
steady   [  81% ] 156/182 VUs  08m08.0s/10m0s  5.00 iters/s

running (08m09.0s), 158/182 VUs, 2155 complete and 0 interrupted iterations
steady   [  81% ] 158/182 VUs  08m09.0s/10m0s  5.00 iters/s

running (08m10.0s), 163/182 VUs, 2155 complete and 0 interrupted iterations
steady   [  82% ] 163/182 VUs  08m10.0s/10m0s  5.00 iters/s

running (08m11.0s), 165/182 VUs, 2158 complete and 0 interrupted iterations
steady   [  82% ] 165/182 VUs  08m11.0s/10m0s  5.00 iters/s

running (08m12.0s), 170/182 VUs, 2158 complete and 0 interrupted iterations
steady   [  82% ] 170/182 VUs  08m12.0s/10m0s  5.00 iters/s

running (08m13.0s), 161/182 VUs, 2172 complete and 0 interrupted iterations
steady   [  82% ] 161/182 VUs  08m13.0s/10m0s  5.00 iters/s

running (08m14.0s), 159/182 VUs, 2179 complete and 0 interrupted iterations
steady   [  82% ] 159/182 VUs  08m14.0s/10m0s  5.00 iters/s

running (08m15.0s), 159/182 VUs, 2184 complete and 0 interrupted iterations
steady   [  82% ] 159/182 VUs  08m15.0s/10m0s  5.00 iters/s

running (08m16.0s), 159/182 VUs, 2189 complete and 0 interrupted iterations
steady   [  83% ] 159/182 VUs  08m16.0s/10m0s  5.00 iters/s

running (08m17.0s), 164/182 VUs, 2189 complete and 0 interrupted iterations
steady   [  83% ] 164/182 VUs  08m17.0s/10m0s  5.00 iters/s

running (08m18.0s), 163/182 VUs, 2195 complete and 0 interrupted iterations
steady   [  83% ] 163/182 VUs  08m18.0s/10m0s  5.00 iters/s

running (08m19.0s), 168/182 VUs, 2195 complete and 0 interrupted iterations
steady   [  83% ] 168/182 VUs  08m19.0s/10m0s  5.00 iters/s

running (08m20.0s), 168/182 VUs, 2200 complete and 0 interrupted iterations
steady   [  83% ] 168/182 VUs  08m20.0s/10m0s  5.00 iters/s

running (08m21.0s), 173/182 VUs, 2200 complete and 0 interrupted iterations
steady   [  83% ] 173/182 VUs  08m21.0s/10m0s  5.00 iters/s

running (08m22.0s), 168/182 VUs, 2210 complete and 0 interrupted iterations
steady   [  84% ] 168/182 VUs  08m22.0s/10m0s  5.00 iters/s

running (08m23.0s), 162/182 VUs, 2221 complete and 0 interrupted iterations
steady   [  84% ] 162/182 VUs  08m23.0s/10m0s  5.00 iters/s

running (08m24.0s), 162/182 VUs, 2226 complete and 0 interrupted iterations
steady   [  84% ] 162/182 VUs  08m24.0s/10m0s  5.00 iters/s

running (08m25.0s), 161/182 VUs, 2232 complete and 0 interrupted iterations
steady   [  84% ] 161/182 VUs  08m25.0s/10m0s  5.00 iters/s

running (08m26.0s), 159/182 VUs, 2239 complete and 0 interrupted iterations
steady   [  84% ] 159/182 VUs  08m26.0s/10m0s  5.00 iters/s

running (08m27.0s), 160/182 VUs, 2243 complete and 0 interrupted iterations
steady   [  84% ] 160/182 VUs  08m27.0s/10m0s  5.00 iters/s

running (08m28.0s), 165/182 VUs, 2243 complete and 0 interrupted iterations
steady   [  85% ] 165/182 VUs  08m28.0s/10m0s  5.00 iters/s

running (08m29.0s), 165/182 VUs, 2248 complete and 0 interrupted iterations
steady   [  85% ] 165/182 VUs  08m29.0s/10m0s  5.00 iters/s

running (08m30.0s), 162/182 VUs, 2256 complete and 0 interrupted iterations
steady   [  85% ] 162/182 VUs  08m30.0s/10m0s  5.00 iters/s

running (08m31.0s), 160/182 VUs, 2263 complete and 0 interrupted iterations
steady   [  85% ] 160/182 VUs  08m31.0s/10m0s  5.00 iters/s

running (08m32.0s), 165/182 VUs, 2263 complete and 0 interrupted iterations
steady   [  85% ] 165/182 VUs  08m32.0s/10m0s  5.00 iters/s

running (08m33.0s), 166/182 VUs, 2267 complete and 0 interrupted iterations
steady   [  85% ] 166/182 VUs  08m33.0s/10m0s  5.00 iters/s

running (08m34.0s), 163/182 VUs, 2275 complete and 0 interrupted iterations
steady   [  86% ] 163/182 VUs  08m34.0s/10m0s  5.00 iters/s

running (08m35.0s), 160/182 VUs, 2283 complete and 0 interrupted iterations
steady   [  86% ] 160/182 VUs  08m35.0s/10m0s  5.00 iters/s

running (08m36.0s), 165/182 VUs, 2283 complete and 0 interrupted iterations
steady   [  86% ] 165/182 VUs  08m36.0s/10m0s  5.00 iters/s

running (08m37.0s), 164/182 VUs, 2289 complete and 0 interrupted iterations
steady   [  86% ] 164/182 VUs  08m37.0s/10m0s  5.00 iters/s

running (08m38.0s), 169/182 VUs, 2289 complete and 0 interrupted iterations
steady   [  86% ] 169/182 VUs  08m38.0s/10m0s  5.00 iters/s

running (08m39.0s), 166/182 VUs, 2297 complete and 0 interrupted iterations
steady   [  86% ] 166/182 VUs  08m39.0s/10m0s  5.00 iters/s

running (08m40.0s), 162/182 VUs, 2306 complete and 0 interrupted iterations
steady   [  87% ] 162/182 VUs  08m40.0s/10m0s  5.00 iters/s

running (08m41.0s), 160/182 VUs, 2313 complete and 0 interrupted iterations
steady   [  87% ] 160/182 VUs  08m41.0s/10m0s  5.00 iters/s

running (08m42.0s), 162/182 VUs, 2316 complete and 0 interrupted iterations
steady   [  87% ] 162/182 VUs  08m42.0s/10m0s  5.00 iters/s

running (08m43.0s), 162/182 VUs, 2321 complete and 0 interrupted iterations
steady   [  87% ] 162/182 VUs  08m43.0s/10m0s  5.00 iters/s

running (08m44.0s), 163/182 VUs, 2325 complete and 0 interrupted iterations
steady   [  87% ] 163/182 VUs  08m44.0s/10m0s  5.00 iters/s

running (08m45.0s), 162/182 VUs, 2331 complete and 0 interrupted iterations
steady   [  87% ] 162/182 VUs  08m45.0s/10m0s  5.00 iters/s

running (08m46.0s), 163/182 VUs, 2335 complete and 0 interrupted iterations
steady   [  88% ] 163/182 VUs  08m46.0s/10m0s  5.00 iters/s

running (08m47.0s), 168/182 VUs, 2335 complete and 0 interrupted iterations
steady   [  88% ] 168/182 VUs  08m47.0s/10m0s  5.00 iters/s

running (08m48.0s), 166/182 VUs, 2342 complete and 0 interrupted iterations
steady   [  88% ] 166/182 VUs  08m48.0s/10m0s  5.00 iters/s

running (08m49.0s), 171/182 VUs, 2342 complete and 0 interrupted iterations
steady   [  88% ] 171/182 VUs  08m49.0s/10m0s  5.00 iters/s

running (08m50.0s), 168/182 VUs, 2350 complete and 0 interrupted iterations
steady   [  88% ] 168/182 VUs  08m50.0s/10m0s  5.00 iters/s

running (08m51.0s), 165/182 VUs, 2358 complete and 0 interrupted iterations
steady   [  88% ] 165/182 VUs  08m51.0s/10m0s  5.00 iters/s

running (08m52.0s), 161/182 VUs, 2367 complete and 0 interrupted iterations
steady   [  89% ] 161/182 VUs  08m52.0s/10m0s  5.00 iters/s

running (08m53.0s), 160/182 VUs, 2373 complete and 0 interrupted iterations
steady   [  89% ] 160/182 VUs  08m53.0s/10m0s  5.00 iters/s

running (08m54.0s), 165/182 VUs, 2373 complete and 0 interrupted iterations
steady   [  89% ] 165/182 VUs  08m54.0s/10m0s  5.00 iters/s

running (08m55.0s), 164/182 VUs, 2379 complete and 0 interrupted iterations
steady   [  89% ] 164/182 VUs  08m55.0s/10m0s  5.00 iters/s

running (08m56.0s), 169/182 VUs, 2379 complete and 0 interrupted iterations
steady   [  89% ] 169/182 VUs  08m56.0s/10m0s  5.00 iters/s

running (08m57.0s), 171/182 VUs, 2382 complete and 0 interrupted iterations
steady   [  89% ] 171/182 VUs  08m57.0s/10m0s  5.00 iters/s

running (08m58.0s), 162/182 VUs, 2396 complete and 0 interrupted iterations
steady   [  90% ] 162/182 VUs  08m58.0s/10m0s  5.00 iters/s

running (08m59.0s), 162/182 VUs, 2401 complete and 0 interrupted iterations
steady   [  90% ] 162/182 VUs  08m59.0s/10m0s  5.00 iters/s

running (09m00.0s), 162/182 VUs, 2406 complete and 0 interrupted iterations
steady   [  90% ] 162/182 VUs  09m00.0s/10m0s  5.00 iters/s

running (09m01.0s), 165/182 VUs, 2408 complete and 0 interrupted iterations
steady   [  90% ] 165/182 VUs  09m01.0s/10m0s  5.00 iters/s

running (09m02.0s), 167/182 VUs, 2411 complete and 0 interrupted iterations
steady   [  90% ] 167/182 VUs  09m02.0s/10m0s  5.00 iters/s

running (09m03.0s), 168/182 VUs, 2415 complete and 0 interrupted iterations
steady   [  90% ] 168/182 VUs  09m03.0s/10m0s  5.00 iters/s

running (09m04.0s), 169/182 VUs, 2419 complete and 0 interrupted iterations
steady   [  91% ] 169/182 VUs  09m04.0s/10m0s  5.00 iters/s

running (09m05.0s), 165/182 VUs, 2428 complete and 0 interrupted iterations
steady   [  91% ] 165/182 VUs  09m05.0s/10m0s  5.00 iters/s

running (09m06.0s), 163/182 VUs, 2435 complete and 0 interrupted iterations
steady   [  91% ] 163/182 VUs  09m06.0s/10m0s  5.00 iters/s

running (09m07.0s), 163/182 VUs, 2440 complete and 0 interrupted iterations
steady   [  91% ] 163/182 VUs  09m07.0s/10m0s  5.00 iters/s

running (09m08.0s), 162/182 VUs, 2446 complete and 0 interrupted iterations
steady   [  91% ] 162/182 VUs  09m08.0s/10m0s  5.00 iters/s

running (09m09.0s), 167/182 VUs, 2446 complete and 0 interrupted iterations
steady   [  91% ] 167/182 VUs  09m09.0s/10m0s  5.00 iters/s

running (09m10.0s), 165/182 VUs, 2453 complete and 0 interrupted iterations
steady   [  92% ] 165/182 VUs  09m10.0s/10m0s  5.00 iters/s

running (09m11.0s), 170/182 VUs, 2453 complete and 0 interrupted iterations
steady   [  92% ] 170/182 VUs  09m11.0s/10m0s  5.00 iters/s

running (09m12.0s), 175/182 VUs, 2453 complete and 0 interrupted iterations
steady   [  92% ] 175/182 VUs  09m12.0s/10m0s  5.00 iters/s

running (09m13.0s), 167/182 VUs, 2466 complete and 0 interrupted iterations
steady   [  92% ] 167/182 VUs  09m13.0s/10m0s  5.00 iters/s

running (09m14.0s), 163/182 VUs, 2475 complete and 0 interrupted iterations
steady   [  92% ] 163/182 VUs  09m14.0s/10m0s  5.00 iters/s

running (09m15.0s), 162/182 VUs, 2481 complete and 0 interrupted iterations
steady   [  92% ] 162/182 VUs  09m15.0s/10m0s  5.00 iters/s

running (09m16.0s), 164/182 VUs, 2484 complete and 0 interrupted iterations
steady   [  93% ] 164/182 VUs  09m16.0s/10m0s  5.00 iters/s

running (09m17.0s), 162/182 VUs, 2491 complete and 0 interrupted iterations
steady   [  93% ] 162/182 VUs  09m17.0s/10m0s  5.00 iters/s

running (09m18.0s), 167/182 VUs, 2491 complete and 0 interrupted iterations
steady   [  93% ] 167/182 VUs  09m18.0s/10m0s  5.00 iters/s

running (09m19.0s), 167/182 VUs, 2496 complete and 0 interrupted iterations
steady   [  93% ] 167/182 VUs  09m19.0s/10m0s  5.00 iters/s

running (09m20.0s), 161/182 VUs, 2507 complete and 0 interrupted iterations
steady   [  93% ] 161/182 VUs  09m20.0s/10m0s  5.00 iters/s

running (09m21.0s), 163/182 VUs, 2510 complete and 0 interrupted iterations
steady   [  93% ] 163/182 VUs  09m21.0s/10m0s  5.00 iters/s

running (09m22.0s), 162/182 VUs, 2516 complete and 0 interrupted iterations
steady   [  94% ] 162/182 VUs  09m22.0s/10m0s  5.00 iters/s

running (09m23.0s), 162/182 VUs, 2521 complete and 0 interrupted iterations
steady   [  94% ] 162/182 VUs  09m23.0s/10m0s  5.00 iters/s

running (09m24.0s), 167/182 VUs, 2521 complete and 0 interrupted iterations
steady   [  94% ] 167/182 VUs  09m24.0s/10m0s  5.00 iters/s

running (09m25.0s), 166/182 VUs, 2527 complete and 0 interrupted iterations
steady   [  94% ] 166/182 VUs  09m25.0s/10m0s  5.00 iters/s

running (09m26.0s), 163/182 VUs, 2535 complete and 0 interrupted iterations
steady   [  94% ] 163/182 VUs  09m26.0s/10m0s  5.00 iters/s

running (09m27.0s), 161/182 VUs, 2542 complete and 0 interrupted iterations
steady   [  94% ] 161/182 VUs  09m27.0s/10m0s  5.00 iters/s

running (09m28.0s), 165/182 VUs, 2543 complete and 0 interrupted iterations
steady   [  95% ] 165/182 VUs  09m28.0s/10m0s  5.00 iters/s

running (09m29.0s), 170/182 VUs, 2543 complete and 0 interrupted iterations
steady   [  95% ] 170/182 VUs  09m29.0s/10m0s  5.00 iters/s

running (09m30.0s), 170/182 VUs, 2548 complete and 0 interrupted iterations
steady   [  95% ] 170/182 VUs  09m30.0s/10m0s  5.00 iters/s

running (09m31.0s), 174/182 VUs, 2549 complete and 0 interrupted iterations
steady   [  95% ] 174/182 VUs  09m31.0s/10m0s  5.00 iters/s

running (09m32.0s), 179/182 VUs, 2549 complete and 0 interrupted iterations
steady   [  95% ] 179/182 VUs  09m32.0s/10m0s  5.00 iters/s

running (09m33.0s), 172/182 VUs, 2561 complete and 0 interrupted iterations
steady   [  95% ] 172/182 VUs  09m33.0s/10m0s  5.00 iters/s

running (09m34.0s), 165/182 VUs, 2573 complete and 0 interrupted iterations
steady   [  96% ] 165/182 VUs  09m34.0s/10m0s  5.00 iters/s

running (09m35.0s), 160/182 VUs, 2583 complete and 0 interrupted iterations
steady   [  96% ] 160/182 VUs  09m35.0s/10m0s  5.00 iters/s

running (09m36.0s), 163/182 VUs, 2585 complete and 0 interrupted iterations
steady   [  96% ] 163/182 VUs  09m36.0s/10m0s  5.00 iters/s

running (09m37.0s), 161/182 VUs, 2592 complete and 0 interrupted iterations
steady   [  96% ] 161/182 VUs  09m37.0s/10m0s  5.00 iters/s

running (09m38.0s), 166/182 VUs, 2592 complete and 0 interrupted iterations
steady   [  96% ] 166/182 VUs  09m38.0s/10m0s  5.00 iters/s

running (09m39.0s), 165/182 VUs, 2598 complete and 0 interrupted iterations
steady   [  96% ] 165/182 VUs  09m39.0s/10m0s  5.00 iters/s

running (09m40.0s), 170/182 VUs, 2598 complete and 0 interrupted iterations
steady   [  97% ] 170/182 VUs  09m40.0s/10m0s  5.00 iters/s

running (09m41.0s), 172/182 VUs, 2601 complete and 0 interrupted iterations
steady   [  97% ] 172/182 VUs  09m41.0s/10m0s  5.00 iters/s

running (09m42.0s), 165/182 VUs, 2613 complete and 0 interrupted iterations
steady   [  97% ] 165/182 VUs  09m42.0s/10m0s  5.00 iters/s

running (09m43.0s), 165/182 VUs, 2618 complete and 0 interrupted iterations
steady   [  97% ] 165/182 VUs  09m43.0s/10m0s  5.00 iters/s

running (09m44.0s), 170/182 VUs, 2618 complete and 0 interrupted iterations
steady   [  97% ] 170/182 VUs  09m44.0s/10m0s  5.00 iters/s

running (09m45.0s), 167/182 VUs, 2626 complete and 0 interrupted iterations
steady   [  97% ] 167/182 VUs  09m45.0s/10m0s  5.00 iters/s

running (09m46.0s), 172/182 VUs, 2626 complete and 0 interrupted iterations
steady   [  98% ] 172/182 VUs  09m46.0s/10m0s  5.00 iters/s

running (09m47.0s), 177/182 VUs, 2626 complete and 0 interrupted iterations
steady   [  98% ] 177/182 VUs  09m47.0s/10m0s  5.00 iters/s

running (09m48.0s), 169/182 VUs, 2639 complete and 0 interrupted iterations
steady   [  98% ] 169/182 VUs  09m48.0s/10m0s  5.00 iters/s

running (09m49.0s), 166/182 VUs, 2647 complete and 0 interrupted iterations
steady   [  98% ] 166/182 VUs  09m49.0s/10m0s  5.00 iters/s

running (09m50.0s), 164/182 VUs, 2654 complete and 0 interrupted iterations
steady   [  98% ] 164/182 VUs  09m50.0s/10m0s  5.00 iters/s

running (09m51.0s), 163/182 VUs, 2660 complete and 0 interrupted iterations
steady   [  98% ] 163/182 VUs  09m51.0s/10m0s  5.00 iters/s

running (09m52.0s), 164/182 VUs, 2664 complete and 0 interrupted iterations
steady   [  99% ] 164/182 VUs  09m52.0s/10m0s  5.00 iters/s

running (09m53.0s), 164/182 VUs, 2669 complete and 0 interrupted iterations
steady   [  99% ] 164/182 VUs  09m53.0s/10m0s  5.00 iters/s

running (09m54.0s), 164/182 VUs, 2674 complete and 0 interrupted iterations
steady   [  99% ] 164/182 VUs  09m54.0s/10m0s  5.00 iters/s

running (09m55.0s), 162/182 VUs, 2681 complete and 0 interrupted iterations
steady   [  99% ] 162/182 VUs  09m55.0s/10m0s  5.00 iters/s

running (09m56.0s), 165/182 VUs, 2683 complete and 0 interrupted iterations
steady   [  99% ] 165/182 VUs  09m56.0s/10m0s  5.00 iters/s

running (09m57.0s), 169/182 VUs, 2684 complete and 0 interrupted iterations
steady   [  99% ] 169/182 VUs  09m57.0s/10m0s  5.00 iters/s

running (09m58.0s), 163/182 VUs, 2695 complete and 0 interrupted iterations
steady   [ 100% ] 163/182 VUs  09m58.0s/10m0s  5.00 iters/s

running (09m59.0s), 163/182 VUs, 2700 complete and 0 interrupted iterations
steady   [ 100% ] 163/182 VUs  09m59.0s/10m0s  5.00 iters/s

running (10m00.0s), 168/182 VUs, 2700 complete and 0 interrupted iterations
steady   [ 100% ] 168/182 VUs  10m00.0s/10m0s  5.00 iters/s

running (10m01.0s), 168/182 VUs, 2700 complete and 0 interrupted iterations
steady ↓ [ 100% ] 168/182 VUs  10m0s  5.00 iters/s

running (10m02.0s), 168/182 VUs, 2700 complete and 0 interrupted iterations
steady ↓ [ 100% ] 168/182 VUs  10m0s  5.00 iters/s

running (10m03.0s), 157/182 VUs, 2711 complete and 0 interrupted iterations
steady ↓ [ 100% ] 168/182 VUs  10m0s  5.00 iters/s

running (10m04.0s), 157/182 VUs, 2711 complete and 0 interrupted iterations
steady ↓ [ 100% ] 168/182 VUs  10m0s  5.00 iters/s

running (10m05.0s), 147/182 VUs, 2721 complete and 0 interrupted iterations
steady ↓ [ 100% ] 168/182 VUs  10m0s  5.00 iters/s

running (10m06.0s), 142/182 VUs, 2726 complete and 0 interrupted iterations
steady ↓ [ 100% ] 168/182 VUs  10m0s  5.00 iters/s

running (10m07.0s), 142/182 VUs, 2726 complete and 0 interrupted iterations
steady ↓ [ 100% ] 168/182 VUs  10m0s  5.00 iters/s

running (10m08.0s), 128/182 VUs, 2740 complete and 0 interrupted iterations
steady ↓ [ 100% ] 168/182 VUs  10m0s  5.00 iters/s

running (10m09.0s), 128/182 VUs, 2740 complete and 0 interrupted iterations
steady ↓ [ 100% ] 168/182 VUs  10m0s  5.00 iters/s

running (10m10.0s), 119/182 VUs, 2749 complete and 0 interrupted iterations
steady ↓ [ 100% ] 168/182 VUs  10m0s  5.00 iters/s

running (10m11.0s), 119/182 VUs, 2749 complete and 0 interrupted iterations
steady ↓ [ 100% ] 168/182 VUs  10m0s  5.00 iters/s

running (10m12.0s), 115/182 VUs, 2753 complete and 0 interrupted iterations
steady ↓ [ 100% ] 168/182 VUs  10m0s  5.00 iters/s

running (10m13.0s), 103/182 VUs, 2765 complete and 0 interrupted iterations
steady ↓ [ 100% ] 168/182 VUs  10m0s  5.00 iters/s

running (10m14.0s), 096/182 VUs, 2772 complete and 0 interrupted iterations
steady ↓ [ 100% ] 168/182 VUs  10m0s  5.00 iters/s

running (10m15.0s), 088/182 VUs, 2780 complete and 0 interrupted iterations
steady ↓ [ 100% ] 168/182 VUs  10m0s  5.00 iters/s

running (10m16.0s), 088/182 VUs, 2780 complete and 0 interrupted iterations
steady ↓ [ 100% ] 168/182 VUs  10m0s  5.00 iters/s

running (10m17.0s), 085/182 VUs, 2783 complete and 0 interrupted iterations
steady ↓ [ 100% ] 168/182 VUs  10m0s  5.00 iters/s

running (10m18.0s), 085/182 VUs, 2783 complete and 0 interrupted iterations
steady ↓ [ 100% ] 168/182 VUs  10m0s  5.00 iters/s

running (10m19.0s), 075/182 VUs, 2793 complete and 0 interrupted iterations
steady ↓ [ 100% ] 168/182 VUs  10m0s  5.00 iters/s

running (10m20.0s), 070/182 VUs, 2798 complete and 0 interrupted iterations
steady ↓ [ 100% ] 168/182 VUs  10m0s  5.00 iters/s

running (10m21.0s), 070/182 VUs, 2798 complete and 0 interrupted iterations
steady ↓ [ 100% ] 168/182 VUs  10m0s  5.00 iters/s

running (10m22.0s), 057/182 VUs, 2811 complete and 0 interrupted iterations
steady ↓ [ 100% ] 168/182 VUs  10m0s  5.00 iters/s

running (10m23.0s), 057/182 VUs, 2811 complete and 0 interrupted iterations
steady ↓ [ 100% ] 168/182 VUs  10m0s  5.00 iters/s

running (10m24.0s), 051/182 VUs, 2817 complete and 0 interrupted iterations
steady ↓ [ 100% ] 168/182 VUs  10m0s  5.00 iters/s

running (10m25.0s), 049/182 VUs, 2819 complete and 0 interrupted iterations
steady ↓ [ 100% ] 168/182 VUs  10m0s  5.00 iters/s

running (10m26.0s), 043/182 VUs, 2825 complete and 0 interrupted iterations
steady ↓ [ 100% ] 168/182 VUs  10m0s  5.00 iters/s

running (10m27.0s), 033/182 VUs, 2835 complete and 0 interrupted iterations
steady ↓ [ 100% ] 168/182 VUs  10m0s  5.00 iters/s

running (10m28.0s), 024/182 VUs, 2844 complete and 0 interrupted iterations
steady ↓ [ 100% ] 168/182 VUs  10m0s  5.00 iters/s

running (10m29.0s), 018/182 VUs, 2850 complete and 0 interrupted iterations
steady ↓ [ 100% ] 168/182 VUs  10m0s  5.00 iters/s

running (10m30.0s), 015/182 VUs, 2853 complete and 0 interrupted iterations
steady ↓ [ 100% ] 168/182 VUs  10m0s  5.00 iters/s

================ DSP benchmark summary ================
-- per-phase latency --
  catalog                    p50=100.4 ms  p95=237.0 ms  p99=342.9 ms  max=688.7 ms  n=2868
  negotiation init (POST)    p50=9.4 ms  p95=103.7 ms  p99=122.1 ms  max=251.1 ms  n=2868
  time-to-AGREED (async)     p50=3122.0 ms  p95=4837.3 ms  p99=5521.5 ms  max=7483.0 ms  n=2868
  transfer init (POST)       p50=62.3 ms  p95=122.4 ms  p99=184.1 ms  max=230.7 ms  n=2868
  time-to-EDR (async)        p50=0.0 ms  p95=0.0 ms  p99=0.0 ms  max=0.0 ms  n=0
  data pull                  (no data)
-- end-to-end + throughput --
  e2e transaction            p50=0.0 ms  p95=0.0 ms  p99=0.0 ms  max=0.0 ms  n=0
  data throughput (MB/s)     (no data)
-- outcomes --
  transactions succeeded     (no data)
  transactions failed        count=2853  rate=4.528/s
  failed rate                rate=100.00%  (pass=2853 fail=0)
-- observer effect (poll load) --
  negotiation polls          count=37657  rate=59.772/s
  edr polls                  count=344082  rate=546.152/s
=======================================================
(full summary -> /home/rohitj/edc/benchmarking-factoryx-edc/resources/local-fx-mvd/k6-scripts/results/factoryx/steady/2026-07-29T16-40-27Z/k6-summary.json; POLL_INTERVAL_MS=250; IDENTITY_MODE=on)

running (10m30.0s), 000/182 VUs, 2853 complete and 15 interrupted iterations
steady ✓ [ 100% ] 015/182 VUs  10m0s  5.00 iters/s
time="2026-07-29T16:52:28Z" level=error msg="thresholds on metrics 'dsp_transaction_failed_rate' have been crossed"
