
         /\      Grafana   /‾‾/  
    /\  /  \     |\  __   /  /   
   /  \/    \    | |/ /  /   ‾‾\ 
  /          \   |   (  |  (‾)  |
 / __________ \  |_|\_\  \_____/ 


     execution: local
        script: /home/rohitj/edc/benchmarking-factoryx-edc/resources/local-fx-mvd/k6-scripts/scenarios/catalog-sweep.js
        output: Prometheus remote write (http://localhost:9090/api/v1/write)

     scenarios: (100.00%) 1 scenario, 4 max VUs, 2m0s max duration (incl. graceful stop):
              * catalog: 4 looping VUs for 1m30s (gracefulStop: 30s)


running (0m01.0s), 4/4 VUs, 16 complete and 0 interrupted iterations
catalog   [   1% ] 4 VUs  0m00.6s/1m30s

running (0m02.0s), 4/4 VUs, 55 complete and 0 interrupted iterations
catalog   [   2% ] 4 VUs  0m01.6s/1m30s

running (0m03.0s), 4/4 VUs, 88 complete and 0 interrupted iterations
catalog   [   3% ] 4 VUs  0m02.6s/1m30s

running (0m04.0s), 4/4 VUs, 120 complete and 0 interrupted iterations
catalog   [   4% ] 4 VUs  0m03.6s/1m30s

running (0m05.0s), 4/4 VUs, 151 complete and 0 interrupted iterations
catalog   [   5% ] 4 VUs  0m04.6s/1m30s

running (0m06.0s), 4/4 VUs, 167 complete and 0 interrupted iterations
catalog   [   6% ] 4 VUs  0m05.6s/1m30s

running (0m07.0s), 4/4 VUs, 187 complete and 0 interrupted iterations
catalog   [   7% ] 4 VUs  0m06.6s/1m30s

running (0m08.0s), 4/4 VUs, 222 complete and 0 interrupted iterations
catalog   [   8% ] 4 VUs  0m07.6s/1m30s

running (0m09.0s), 4/4 VUs, 254 complete and 0 interrupted iterations
catalog   [  10% ] 4 VUs  0m08.6s/1m30s

running (0m10.0s), 4/4 VUs, 288 complete and 0 interrupted iterations
catalog   [  11% ] 4 VUs  0m09.6s/1m30s

running (0m11.0s), 4/4 VUs, 319 complete and 0 interrupted iterations
catalog   [  12% ] 4 VUs  0m10.6s/1m30s

running (0m12.0s), 4/4 VUs, 349 complete and 0 interrupted iterations
catalog   [  13% ] 4 VUs  0m11.6s/1m30s

running (0m13.0s), 4/4 VUs, 382 complete and 0 interrupted iterations
catalog   [  14% ] 4 VUs  0m12.6s/1m30s

running (0m14.0s), 4/4 VUs, 414 complete and 0 interrupted iterations
catalog   [  15% ] 4 VUs  0m13.6s/1m30s

running (0m15.0s), 4/4 VUs, 447 complete and 0 interrupted iterations
catalog   [  16% ] 4 VUs  0m14.6s/1m30s

running (0m16.0s), 4/4 VUs, 475 complete and 0 interrupted iterations
catalog   [  17% ] 4 VUs  0m15.6s/1m30s

running (0m17.0s), 4/4 VUs, 507 complete and 0 interrupted iterations
catalog   [  18% ] 4 VUs  0m16.6s/1m30s

running (0m18.0s), 4/4 VUs, 547 complete and 0 interrupted iterations
catalog   [  20% ] 4 VUs  0m17.6s/1m30s

running (0m19.0s), 4/4 VUs, 576 complete and 0 interrupted iterations
catalog   [  21% ] 4 VUs  0m18.6s/1m30s

running (0m20.0s), 4/4 VUs, 603 complete and 0 interrupted iterations
catalog   [  22% ] 4 VUs  0m19.6s/1m30s

running (0m21.0s), 4/4 VUs, 637 complete and 0 interrupted iterations
catalog   [  23% ] 4 VUs  0m20.6s/1m30s

running (0m22.0s), 4/4 VUs, 668 complete and 0 interrupted iterations
catalog   [  24% ] 4 VUs  0m21.6s/1m30s

running (0m23.0s), 4/4 VUs, 704 complete and 0 interrupted iterations
catalog   [  25% ] 4 VUs  0m22.6s/1m30s

running (0m24.0s), 4/4 VUs, 737 complete and 0 interrupted iterations
catalog   [  26% ] 4 VUs  0m23.6s/1m30s

running (0m25.0s), 4/4 VUs, 773 complete and 0 interrupted iterations
catalog   [  27% ] 4 VUs  0m24.6s/1m30s

running (0m26.0s), 4/4 VUs, 799 complete and 0 interrupted iterations
catalog   [  28% ] 4 VUs  0m25.6s/1m30s

running (0m27.0s), 4/4 VUs, 832 complete and 0 interrupted iterations
catalog   [  30% ] 4 VUs  0m26.6s/1m30s

running (0m28.0s), 4/4 VUs, 865 complete and 0 interrupted iterations
catalog   [  31% ] 4 VUs  0m27.6s/1m30s

running (0m29.0s), 4/4 VUs, 903 complete and 0 interrupted iterations
catalog   [  32% ] 4 VUs  0m28.6s/1m30s

running (0m30.0s), 4/4 VUs, 938 complete and 0 interrupted iterations
catalog   [  33% ] 4 VUs  0m29.6s/1m30s

running (0m31.0s), 4/4 VUs, 973 complete and 0 interrupted iterations
catalog   [  34% ] 4 VUs  0m30.6s/1m30s

running (0m32.0s), 4/4 VUs, 1004 complete and 0 interrupted iterations
catalog   [  35% ] 4 VUs  0m31.6s/1m30s

running (0m33.0s), 4/4 VUs, 1040 complete and 0 interrupted iterations
catalog   [  36% ] 4 VUs  0m32.6s/1m30s

running (0m34.0s), 4/4 VUs, 1075 complete and 0 interrupted iterations
catalog   [  37% ] 4 VUs  0m33.6s/1m30s

running (0m35.0s), 4/4 VUs, 1109 complete and 0 interrupted iterations
catalog   [  38% ] 4 VUs  0m34.6s/1m30s

running (0m36.0s), 4/4 VUs, 1142 complete and 0 interrupted iterations
catalog   [  40% ] 4 VUs  0m35.6s/1m30s

running (0m37.0s), 4/4 VUs, 1173 complete and 0 interrupted iterations
catalog   [  41% ] 4 VUs  0m36.6s/1m30s

running (0m38.0s), 4/4 VUs, 1203 complete and 0 interrupted iterations
catalog   [  42% ] 4 VUs  0m37.6s/1m30s

running (0m39.0s), 4/4 VUs, 1237 complete and 0 interrupted iterations
catalog   [  43% ] 4 VUs  0m38.6s/1m30s

running (0m40.0s), 4/4 VUs, 1271 complete and 0 interrupted iterations
catalog   [  44% ] 4 VUs  0m39.6s/1m30s

running (0m41.0s), 4/4 VUs, 1305 complete and 0 interrupted iterations
catalog   [  45% ] 4 VUs  0m40.6s/1m30s

running (0m42.0s), 4/4 VUs, 1343 complete and 0 interrupted iterations
catalog   [  46% ] 4 VUs  0m41.6s/1m30s

running (0m43.0s), 4/4 VUs, 1369 complete and 0 interrupted iterations
catalog   [  47% ] 4 VUs  0m42.6s/1m30s

running (0m44.0s), 4/4 VUs, 1389 complete and 0 interrupted iterations
catalog   [  48% ] 4 VUs  0m43.6s/1m30s

running (0m45.0s), 4/4 VUs, 1430 complete and 0 interrupted iterations
catalog   [  50% ] 4 VUs  0m44.6s/1m30s

running (0m46.0s), 4/4 VUs, 1465 complete and 0 interrupted iterations
catalog   [  51% ] 4 VUs  0m45.6s/1m30s

running (0m47.0s), 4/4 VUs, 1496 complete and 0 interrupted iterations
catalog   [  52% ] 4 VUs  0m46.6s/1m30s

running (0m48.0s), 4/4 VUs, 1534 complete and 0 interrupted iterations
catalog   [  53% ] 4 VUs  0m47.6s/1m30s

running (0m49.0s), 4/4 VUs, 1565 complete and 0 interrupted iterations
catalog   [  54% ] 4 VUs  0m48.6s/1m30s

running (0m50.0s), 4/4 VUs, 1598 complete and 0 interrupted iterations
catalog   [  55% ] 4 VUs  0m49.6s/1m30s

running (0m51.0s), 4/4 VUs, 1631 complete and 0 interrupted iterations
catalog   [  56% ] 4 VUs  0m50.6s/1m30s

running (0m52.0s), 4/4 VUs, 1666 complete and 0 interrupted iterations
catalog   [  57% ] 4 VUs  0m51.6s/1m30s

running (0m53.0s), 4/4 VUs, 1709 complete and 0 interrupted iterations
catalog   [  58% ] 4 VUs  0m52.6s/1m30s

running (0m54.0s), 4/4 VUs, 1742 complete and 0 interrupted iterations
catalog   [  60% ] 4 VUs  0m53.6s/1m30s

running (0m55.0s), 4/4 VUs, 1776 complete and 0 interrupted iterations
catalog   [  61% ] 4 VUs  0m54.6s/1m30s

running (0m56.0s), 4/4 VUs, 1811 complete and 0 interrupted iterations
catalog   [  62% ] 4 VUs  0m55.6s/1m30s

running (0m57.0s), 4/4 VUs, 1847 complete and 0 interrupted iterations
catalog   [  63% ] 4 VUs  0m56.6s/1m30s

running (0m58.0s), 4/4 VUs, 1879 complete and 0 interrupted iterations
catalog   [  64% ] 4 VUs  0m57.6s/1m30s

running (0m59.0s), 4/4 VUs, 1915 complete and 0 interrupted iterations
catalog   [  65% ] 4 VUs  0m58.6s/1m30s

running (1m00.0s), 4/4 VUs, 1947 complete and 0 interrupted iterations
catalog   [  66% ] 4 VUs  0m59.6s/1m30s

running (1m01.0s), 4/4 VUs, 1980 complete and 0 interrupted iterations
catalog   [  67% ] 4 VUs  1m00.6s/1m30s

running (1m02.0s), 4/4 VUs, 2015 complete and 0 interrupted iterations
catalog   [  68% ] 4 VUs  1m01.6s/1m30s

running (1m03.0s), 4/4 VUs, 2049 complete and 0 interrupted iterations
catalog   [  70% ] 4 VUs  1m02.6s/1m30s

running (1m04.0s), 4/4 VUs, 2082 complete and 0 interrupted iterations
catalog   [  71% ] 4 VUs  1m03.6s/1m30s

running (1m05.0s), 4/4 VUs, 2116 complete and 0 interrupted iterations
catalog   [  72% ] 4 VUs  1m04.6s/1m30s

running (1m06.0s), 4/4 VUs, 2155 complete and 0 interrupted iterations
catalog   [  73% ] 4 VUs  1m05.6s/1m30s

running (1m07.0s), 4/4 VUs, 2187 complete and 0 interrupted iterations
catalog   [  74% ] 4 VUs  1m06.6s/1m30s

running (1m08.0s), 4/4 VUs, 2224 complete and 0 interrupted iterations
catalog   [  75% ] 4 VUs  1m07.6s/1m30s

running (1m09.0s), 4/4 VUs, 2262 complete and 0 interrupted iterations
catalog   [  76% ] 4 VUs  1m08.6s/1m30s

running (1m10.0s), 4/4 VUs, 2290 complete and 0 interrupted iterations
catalog   [  77% ] 4 VUs  1m09.6s/1m30s

running (1m11.0s), 4/4 VUs, 2329 complete and 0 interrupted iterations
catalog   [  78% ] 4 VUs  1m10.6s/1m30s

running (1m12.0s), 4/4 VUs, 2361 complete and 0 interrupted iterations
catalog   [  80% ] 4 VUs  1m11.6s/1m30s

running (1m13.0s), 4/4 VUs, 2394 complete and 0 interrupted iterations
catalog   [  81% ] 4 VUs  1m12.6s/1m30s

running (1m14.0s), 4/4 VUs, 2428 complete and 0 interrupted iterations
catalog   [  82% ] 4 VUs  1m13.6s/1m30s

running (1m15.0s), 4/4 VUs, 2460 complete and 0 interrupted iterations
catalog   [  83% ] 4 VUs  1m14.6s/1m30s

running (1m16.0s), 4/4 VUs, 2482 complete and 0 interrupted iterations
catalog   [  84% ] 4 VUs  1m15.6s/1m30s

running (1m17.0s), 4/4 VUs, 2500 complete and 0 interrupted iterations
catalog   [  85% ] 4 VUs  1m16.6s/1m30s

running (1m18.0s), 4/4 VUs, 2516 complete and 0 interrupted iterations
catalog   [  86% ] 4 VUs  1m17.6s/1m30s

running (1m19.0s), 4/4 VUs, 2549 complete and 0 interrupted iterations
catalog   [  87% ] 4 VUs  1m18.6s/1m30s

running (1m20.0s), 4/4 VUs, 2580 complete and 0 interrupted iterations
catalog   [  88% ] 4 VUs  1m19.6s/1m30s

running (1m21.0s), 4/4 VUs, 2614 complete and 0 interrupted iterations
catalog   [  90% ] 4 VUs  1m20.6s/1m30s

running (1m22.0s), 4/4 VUs, 2647 complete and 0 interrupted iterations
catalog   [  91% ] 4 VUs  1m21.6s/1m30s

running (1m23.0s), 4/4 VUs, 2682 complete and 0 interrupted iterations
catalog   [  92% ] 4 VUs  1m22.6s/1m30s

running (1m24.0s), 4/4 VUs, 2717 complete and 0 interrupted iterations
catalog   [  93% ] 4 VUs  1m23.6s/1m30s

running (1m25.0s), 4/4 VUs, 2749 complete and 0 interrupted iterations
catalog   [  94% ] 4 VUs  1m24.6s/1m30s

running (1m26.0s), 4/4 VUs, 2789 complete and 0 interrupted iterations
catalog   [  95% ] 4 VUs  1m25.6s/1m30s

running (1m27.0s), 4/4 VUs, 2826 complete and 0 interrupted iterations
catalog   [  96% ] 4 VUs  1m26.6s/1m30s

running (1m28.0s), 4/4 VUs, 2860 complete and 0 interrupted iterations
catalog   [  97% ] 4 VUs  1m27.6s/1m30s

running (1m29.0s), 4/4 VUs, 2893 complete and 0 interrupted iterations
catalog   [  98% ] 4 VUs  1m28.6s/1m30s

running (1m30.0s), 4/4 VUs, 2928 complete and 0 interrupted iterations
catalog   [ 100% ] 4 VUs  1m29.6s/1m30s

================ DSP benchmark summary ================
-- per-phase latency --
  catalog                    p50=125.8 ms  p95=175.3 ms  p99=275.9 ms  max=316.8 ms  n=2950
  negotiation init (POST)    (no data)
  time-to-AGREED (async)     (no data)
  transfer init (POST)       (no data)
  time-to-EDR (async)        (no data)
  data pull                  (no data)
-- end-to-end + throughput --
  e2e transaction            (no data)
  data throughput (MB/s)     (no data)
-- outcomes --
  transactions succeeded     count=2950  rate=32.588/s
  transactions failed        (no data)
  failed rate                rate=0.00%  (pass=0 fail=2950)
    of which TERMINATED      (no data)
    of which TIMED OUT       (no data)
    of which HTTP-FAILED     (no data)
  failure accounting       (no failures)
-- observer effect (poll load) --
  negotiation polls          (no data)
  edr polls                  (no data)
  polls per transaction     negotiation=0.0  edr=0.0  (timeout ceiling=120)
=======================================================
(full summary -> /home/rohitj/edc/benchmarking-factoryx-edc/resources/local-fx-mvd/k6-scripts/results/factoryx/on/catalog-sweep/2026-08-02T15-41-54Z/k6-summary.json; POLL_INTERVAL_MS=250; IDENTITY_MODE=on)

running (1m30.5s), 0/4 VUs, 2950 complete and 0 interrupted iterations
catalog ✓ [ 100% ] 4 VUs  1m30s
