ERROR 2026-08-10T20:11:10.253900532 JerseyExtension: Unexpected exception caught
org.eclipse.edc.spi.EdcException: Entity is currently leased!
	at org.eclipse.edc.transaction.local.LocalTransactionContext.execute(LocalTransactionContext.java:81)
	at org.eclipse.edc.transaction.local.LocalTransactionContext.execute(LocalTransactionContext.java:56)
	at org.eclipse.edc.sql.lease.SqlLeaseContext.acquireLease(SqlLeaseContext.java:76)
	at org.eclipse.edc.connector.controlplane.store.sql.contractnegotiation.store.SqlContractNegotiationStore.lambda$findByIdAndLease$3(SqlContractNegotiationStore.java:110)
	at org.eclipse.edc.transaction.local.LocalTransactionContext.execute(LocalTransactionContext.java:74)
	at org.eclipse.edc.connector.controlplane.store.sql.contractnegotiation.store.SqlContractNegotiationStore.findByIdAndLease(SqlContractNegotiationStore.java:103)
	at org.eclipse.edc.connector.controlplane.services.contractnegotiation.ContractNegotiationProtocolServiceImpl.getAndLeaseNegotiation(ContractNegotiationProtocolServiceImpl.java:356)
	at org.eclipse.edc.connector.controlplane.services.contractnegotiation.ContractNegotiationProtocolServiceImpl.onMessageDo(ContractNegotiationProtocolServiceImpl.java:215)
	at org.eclipse.edc.connector.controlplane.services.contractnegotiation.ContractNegotiationProtocolServiceImpl.lambda$notifyVerified$25(ContractNegotiationProtocolServiceImpl.java:175)
	at org.eclipse.edc.spi.result.AbstractResult.compose(AbstractResult.java:185)
	at org.eclipse.edc.connector.controlplane.services.contractnegotiation.ContractNegotiationProtocolServiceImpl.lambda$notifyVerified$26(ContractNegotiationProtocolServiceImpl.java:175)
	at org.eclipse.edc.transaction.local.LocalTransactionContext.execute(LocalTransactionContext.java:74)
	at org.eclipse.edc.connector.controlplane.services.contractnegotiation.ContractNegotiationProtocolServiceImpl.notifyVerified(ContractNegotiationProtocolServiceImpl.java:172)
	at org.eclipse.edc.protocol.dsp.http.message.DspRequestHandlerImpl.updateResource(DspRequestHandlerImpl.java:204)
	at org.eclipse.edc.protocol.dsp.negotiation.http.api.controller.BaseDspNegotiationApiController.verifyAgreement(BaseDspNegotiationApiController.java:216)
	at java.base/jdk.internal.reflect.DirectMethodHandleAccessor.invoke(Unknown Source)
	at java.base/java.lang.reflect.Method.invoke(Unknown Source)
	at org.glassfish.jersey.server.model.internal.ResourceMethodInvocationHandlerFactory.lambda$static$0(ResourceMethodInvocationHandlerFactory.java:52)
	at org.glassfish.jersey.server.model.internal.AbstractJavaResourceMethodDispatcher$1.run(AbstractJavaResourceMethodDispatcher.java:146)
	at org.glassfish.jersey.server.model.internal.AbstractJavaResourceMethodDispatcher.invoke(AbstractJavaResourceMethodDispatcher.java:189)
	at org.glassfish.jersey.server.model.internal.JavaResourceMethodDispatcherProvider$ResponseOutInvoker.doDispatch(JavaResourceMethodDispatcherProvider.java:176)
	at org.glassfish.jersey.server.model.internal.AbstractJavaResourceMethodDispatcher.dispatch(AbstractJavaResourceMethodDispatcher.java:93)
	at org.glassfish.jersey.server.model.ResourceMethodInvoker.invoke(ResourceMethodInvoker.java:478)
	at org.glassfish.jersey.server.model.ResourceMethodInvoker.apply(ResourceMethodInvoker.java:400)
	at org.glassfish.jersey.server.model.ResourceMethodInvoker.apply(ResourceMethodInvoker.java:81)
	at org.glassfish.jersey.server.ServerRuntime$1.run(ServerRuntime.java:274)
	at org.glassfish.jersey.internal.Errors$1.call(Errors.java:248)
	at org.glassfish.jersey.internal.Errors$1.call(Errors.java:244)
	at org.glassfish.jersey.internal.Errors.process(Errors.java:292)
	at org.glassfish.jersey.internal.Errors.process(Errors.java:274)
	at org.glassfish.jersey.internal.Errors.process(Errors.java:244)
	at org.glassfish.jersey.process.internal.RequestScope.runInScope(RequestScope.java:266)
	at org.glassfish.jersey.server.ServerRuntime.process(ServerRuntime.java:253)
	at org.glassfish.jersey.server.ApplicationHandler.handle(ApplicationHandler.java:696)
	at org.glassfish.jersey.servlet.WebComponent.serviceImpl(WebComponent.java:397)
	at org.glassfish.jersey.servlet.WebComponent.service(WebComponent.java:349)
	at org.glassfish.jersey.servlet.ServletContainer.service(ServletContainer.java:358)
	at org.glassfish.jersey.servlet.ServletContainer.service(ServletContainer.java:312)
	at org.glassfish.jersey.servlet.ServletContainer.service(ServletContainer.java:205)
	at org.eclipse.jetty.ee10.servlet.ServletHolder.handle(ServletHolder.java:736)
	at org.eclipse.jetty.ee10.servlet.ServletHandler$ChainEnd.doFilter(ServletHandler.java:1622)
	at org.eclipse.jetty.ee10.servlet.ServletHandler$MappedServlet.handle(ServletHandler.java:1555)
	at org.eclipse.jetty.ee10.servlet.ServletChannel.dispatch(ServletChannel.java:823)
	at org.eclipse.jetty.ee10.servlet.ServletChannel.handle(ServletChannel.java:440)
	at org.eclipse.jetty.ee10.servlet.ServletHandler.handle(ServletHandler.java:470)
	at org.eclipse.jetty.server.handler.ContextHandler.handle(ContextHandler.java:1071)
	at org.eclipse.jetty.server.handler.ContextHandlerCollection.handle(ContextHandlerCollection.java:181)
	at org.eclipse.jetty.server.Server.handle(Server.java:182)
	at org.eclipse.jetty.server.internal.HttpChannelState$HandlerInvoker.run(HttpChannelState.java:678)
	at org.eclipse.jetty.server.internal.HttpConnection.onFillable(HttpConnection.java:416)
	at org.eclipse.jetty.io.AbstractConnection$ReadCallback.succeeded(AbstractConnection.java:322)
	at org.eclipse.jetty.io.FillInterest.fillable(FillInterest.java:99)
	at org.eclipse.jetty.io.SelectableChannelEndPoint$1.run(SelectableChannelEndPoint.java:53)
	at org.eclipse.jetty.util.thread.strategy.AdaptiveExecutionStrategy.runTask(AdaptiveExecutionStrategy.java:480)
	at org.eclipse.jetty.util.thread.strategy.AdaptiveExecutionStrategy.consumeTask(AdaptiveExecutionStrategy.java:443)
	at org.eclipse.jetty.util.thread.strategy.AdaptiveExecutionStrategy.tryProduce(AdaptiveExecutionStrategy.java:293)
	at org.eclipse.jetty.util.thread.strategy.AdaptiveExecutionStrategy.run(AdaptiveExecutionStrategy.java:201)
	at org.eclipse.jetty.util.thread.ReservedThreadExecutor$ReservedThread.run(ReservedThreadExecutor.java:311)
	at org.eclipse.jetty.util.thread.QueuedThreadPool.runJob(QueuedThreadPool.java:981)
	at org.eclipse.jetty.util.thread.QueuedThreadPool$Runner.doRunJob(QueuedThreadPool.java:1211)
	at org.eclipse.jetty.util.thread.QueuedThreadPool$Runner.run(QueuedThreadPool.java:1166)
	at java.base/java.lang.Thread.run(Unknown Source)
Caused by: java.lang.IllegalStateException: Entity is currently leased!
	at org.eclipse.edc.sql.lease.SqlLeaseContext.lambda$acquireLease$1(SqlLeaseContext.java:82)
	at org.eclipse.edc.transaction.local.LocalTransactionContext.lambda$execute$0(LocalTransactionContext.java:57)
	at org.eclipse.edc.transaction.local.LocalTransactionContext.execute(LocalTransactionContext.java:74)
	... 61 more
