
         /\      Grafana   /‾‾/  
    /\  /  \     |\  __   /  /   
   /  \/    \    | |/ /  /   ‾‾\ 
  /          \   |   (  |  (‾)  |
 / __________ \  |_|\_\  \_____/ 


     execution: local
        script: /home/rohitj/edc/benchmarking-factoryx-edc/resources/local-fx-mvd/k6-scripts/scenarios/payload-sweep.js
        output: Prometheus remote write (http://localhost:9090/api/v1/write)

     scenarios: (100.00%) 1 scenario, 4 max VUs, 1m30s max duration (incl. graceful stop):
              * pull: 4 looping VUs for 1m0s (gracefulStop: 30s)


Run    [ 100% ] setup()
pull   [   0% ]

Run    [ 100% ] setup()
pull   [   0% ]

Run    [ 100% ] setup()
pull   [   0% ]

Run    [ 100% ] setup()
pull   [   0% ]

Run    [ 100% ] setup()
pull   [   0% ]

running (0m06.0s), 4/4 VUs, 708 complete and 0 interrupted iterations
pull   [   2% ] 4 VUs  0m00.9s/1m0s

running (0m07.0s), 4/4 VUs, 1528 complete and 0 interrupted iterations
pull   [   3% ] 4 VUs  0m01.9s/1m0s

running (0m08.0s), 4/4 VUs, 2352 complete and 0 interrupted iterations
pull   [   5% ] 4 VUs  0m02.9s/1m0s

running (0m09.0s), 4/4 VUs, 3179 complete and 0 interrupted iterations
pull   [   7% ] 4 VUs  0m03.9s/1m0s

running (0m10.0s), 4/4 VUs, 4048 complete and 0 interrupted iterations
pull   [   8% ] 4 VUs  0m04.9s/1m0s

running (0m11.0s), 4/4 VUs, 4924 complete and 0 interrupted iterations
pull   [  10% ] 4 VUs  0m05.9s/1m0s

running (0m12.0s), 4/4 VUs, 5809 complete and 0 interrupted iterations
pull   [  12% ] 4 VUs  0m06.9s/1m0s

running (0m13.0s), 4/4 VUs, 6707 complete and 0 interrupted iterations
pull   [  13% ] 4 VUs  0m07.9s/1m0s

running (0m14.0s), 4/4 VUs, 7624 complete and 0 interrupted iterations
pull   [  15% ] 4 VUs  0m08.9s/1m0s

running (0m15.0s), 4/4 VUs, 8517 complete and 0 interrupted iterations
pull   [  17% ] 4 VUs  0m09.9s/1m0s

running (0m16.0s), 4/4 VUs, 9446 complete and 0 interrupted iterations
pull   [  18% ] 4 VUs  0m10.9s/1m0s

running (0m17.0s), 4/4 VUs, 10367 complete and 0 interrupted iterations
pull   [  20% ] 4 VUs  0m11.9s/1m0s

running (0m18.0s), 4/4 VUs, 11299 complete and 0 interrupted iterations
pull   [  22% ] 4 VUs  0m12.9s/1m0s

running (0m19.0s), 4/4 VUs, 12223 complete and 0 interrupted iterations
pull   [  23% ] 4 VUs  0m13.9s/1m0s

running (0m20.0s), 4/4 VUs, 13163 complete and 0 interrupted iterations
pull   [  25% ] 4 VUs  0m14.9s/1m0s

running (0m21.0s), 4/4 VUs, 14099 complete and 0 interrupted iterations
pull   [  27% ] 4 VUs  0m15.9s/1m0s

running (0m22.0s), 4/4 VUs, 15029 complete and 0 interrupted iterations
pull   [  28% ] 4 VUs  0m16.9s/1m0s

running (0m23.0s), 4/4 VUs, 15962 complete and 0 interrupted iterations
pull   [  30% ] 4 VUs  0m17.9s/1m0s

running (0m24.0s), 4/4 VUs, 16901 complete and 0 interrupted iterations
pull   [  32% ] 4 VUs  0m18.9s/1m0s

running (0m25.0s), 4/4 VUs, 17849 complete and 0 interrupted iterations
pull   [  33% ] 4 VUs  0m19.9s/1m0s

running (0m26.0s), 4/4 VUs, 18791 complete and 0 interrupted iterations
pull   [  35% ] 4 VUs  0m20.9s/1m0s

running (0m27.0s), 4/4 VUs, 19735 complete and 0 interrupted iterations
pull   [  37% ] 4 VUs  0m21.9s/1m0s

running (0m28.0s), 4/4 VUs, 20665 complete and 0 interrupted iterations
pull   [  38% ] 4 VUs  0m22.9s/1m0s

running (0m29.0s), 4/4 VUs, 21605 complete and 0 interrupted iterations
pull   [  40% ] 4 VUs  0m23.9s/1m0s

running (0m30.0s), 4/4 VUs, 22523 complete and 0 interrupted iterations
pull   [  42% ] 4 VUs  0m24.9s/1m0s

running (0m31.0s), 4/4 VUs, 23465 complete and 0 interrupted iterations
pull   [  43% ] 4 VUs  0m25.9s/1m0s

running (0m32.0s), 4/4 VUs, 24396 complete and 0 interrupted iterations
pull   [  45% ] 4 VUs  0m26.9s/1m0s

running (0m33.0s), 4/4 VUs, 25336 complete and 0 interrupted iterations
pull   [  47% ] 4 VUs  0m27.9s/1m0s

running (0m34.0s), 4/4 VUs, 26263 complete and 0 interrupted iterations
pull   [  48% ] 4 VUs  0m28.9s/1m0s

running (0m35.0s), 4/4 VUs, 27198 complete and 0 interrupted iterations
pull   [  50% ] 4 VUs  0m29.9s/1m0s

running (0m36.0s), 4/4 VUs, 28128 complete and 0 interrupted iterations
pull   [  52% ] 4 VUs  0m30.9s/1m0s

running (0m37.0s), 4/4 VUs, 29053 complete and 0 interrupted iterations
pull   [  53% ] 4 VUs  0m31.9s/1m0s

running (0m38.0s), 4/4 VUs, 29985 complete and 0 interrupted iterations
pull   [  55% ] 4 VUs  0m32.9s/1m0s

running (0m39.0s), 4/4 VUs, 30908 complete and 0 interrupted iterations
pull   [  57% ] 4 VUs  0m33.9s/1m0s

running (0m40.0s), 4/4 VUs, 31851 complete and 0 interrupted iterations
pull   [  58% ] 4 VUs  0m34.9s/1m0s

running (0m41.0s), 4/4 VUs, 32805 complete and 0 interrupted iterations
pull   [  60% ] 4 VUs  0m35.9s/1m0s

running (0m42.0s), 4/4 VUs, 33726 complete and 0 interrupted iterations
pull   [  62% ] 4 VUs  0m36.9s/1m0s

running (0m43.0s), 4/4 VUs, 34660 complete and 0 interrupted iterations
pull   [  63% ] 4 VUs  0m37.9s/1m0s

running (0m44.0s), 4/4 VUs, 35606 complete and 0 interrupted iterations
pull   [  65% ] 4 VUs  0m38.9s/1m0s

running (0m45.0s), 4/4 VUs, 36536 complete and 0 interrupted iterations
pull   [  67% ] 4 VUs  0m39.9s/1m0s

running (0m46.0s), 4/4 VUs, 37464 complete and 0 interrupted iterations
pull   [  68% ] 4 VUs  0m40.9s/1m0s

running (0m47.0s), 4/4 VUs, 38399 complete and 0 interrupted iterations
pull   [  70% ] 4 VUs  0m41.9s/1m0s

running (0m48.0s), 4/4 VUs, 39329 complete and 0 interrupted iterations
pull   [  72% ] 4 VUs  0m42.9s/1m0s

running (0m49.0s), 4/4 VUs, 40264 complete and 0 interrupted iterations
pull   [  73% ] 4 VUs  0m43.9s/1m0s

running (0m50.0s), 4/4 VUs, 41175 complete and 0 interrupted iterations
pull   [  75% ] 4 VUs  0m44.9s/1m0s

running (0m51.0s), 4/4 VUs, 42092 complete and 0 interrupted iterations
pull   [  77% ] 4 VUs  0m45.9s/1m0s

running (0m52.0s), 4/4 VUs, 43017 complete and 0 interrupted iterations
pull   [  78% ] 4 VUs  0m46.9s/1m0s

running (0m53.0s), 4/4 VUs, 43957 complete and 0 interrupted iterations
pull   [  80% ] 4 VUs  0m47.9s/1m0s

running (0m54.0s), 4/4 VUs, 44896 complete and 0 interrupted iterations
pull   [  82% ] 4 VUs  0m48.9s/1m0s

running (0m55.0s), 4/4 VUs, 45819 complete and 0 interrupted iterations
pull   [  83% ] 4 VUs  0m49.9s/1m0s

running (0m56.0s), 4/4 VUs, 46753 complete and 0 interrupted iterations
pull   [  85% ] 4 VUs  0m50.9s/1m0s

running (0m57.0s), 4/4 VUs, 47685 complete and 0 interrupted iterations
pull   [  87% ] 4 VUs  0m51.9s/1m0s

running (0m58.0s), 4/4 VUs, 48618 complete and 0 interrupted iterations
pull   [  88% ] 4 VUs  0m52.9s/1m0s

running (0m59.0s), 4/4 VUs, 49549 complete and 0 interrupted iterations
pull   [  90% ] 4 VUs  0m53.9s/1m0s

running (1m00.0s), 4/4 VUs, 50472 complete and 0 interrupted iterations
pull   [  92% ] 4 VUs  0m54.9s/1m0s

running (1m01.0s), 4/4 VUs, 51400 complete and 0 interrupted iterations
pull   [  93% ] 4 VUs  0m55.9s/1m0s

running (1m02.0s), 4/4 VUs, 52351 complete and 0 interrupted iterations
pull   [  95% ] 4 VUs  0m56.9s/1m0s

running (1m03.0s), 4/4 VUs, 53281 complete and 0 interrupted iterations
pull   [  97% ] 4 VUs  0m57.9s/1m0s

running (1m04.0s), 4/4 VUs, 54200 complete and 0 interrupted iterations
pull   [  98% ] 4 VUs  0m58.9s/1m0s

running (1m05.0s), 4/4 VUs, 55047 complete and 0 interrupted iterations
pull   [ 100% ] 4 VUs  0m59.9s/1m0s

================ DSP benchmark summary ================
-- per-phase latency --
  catalog                    p50=149.8 ms  p95=149.8 ms  p99=149.8 ms  max=149.8 ms  n=1
  negotiation init (POST)    p50=7.4 ms  p95=7.4 ms  p99=7.4 ms  max=7.4 ms  n=1
  time-to-AGREED (async)     p50=2799.0 ms  p95=2799.0 ms  p99=2799.0 ms  max=2799.0 ms  n=1
  transfer init (POST)       p50=11.0 ms  p95=11.0 ms  p99=11.0 ms  max=11.0 ms  n=1
  time-to-EDR (async)        p50=2037.0 ms  p95=2037.0 ms  p99=2037.0 ms  max=2037.0 ms  n=1
  data pull                  p50=3.9 ms  p95=4.9 ms  p99=19.2 ms  max=31.4 ms  n=55099
-- end-to-end + throughput --
  e2e transaction            (no data)
  data throughput (MB/s)     p50=0.3  p95=0.3  p99=0.3  max=0.4  n=55099
-- outcomes --
  transactions succeeded     (no data)
  transactions failed        (no data)
  failed rate                rate=0.00%  (pass=0 fail=0)
    of which TERMINATED      (no data)
    of which TIMED OUT       (no data)
    of which HTTP-FAILED     (no data)
  failure accounting       (no failures)
-- observer effect (poll load) --
  negotiation polls          count=12  rate=0.184/s
  edr polls                  count=9  rate=0.138/s
  polls per transaction     (no data)
=======================================================
(full summary -> /home/rohitj/edc/benchmarking-factoryx-edc/resources/local-fx-mvd/k6-scripts/results/factoryx/on/payload-sweep/2026-08-02T15-24-49Z/k6-summary.json; POLL_INTERVAL_MS=250; IDENTITY_MODE=on)

running (1m05.1s), 0/4 VUs, 55099 complete and 0 interrupted iterations
pull ✓ [ 100% ] 4 VUs  1m0s
