
         /\      Grafana   /‾‾/  
    /\  /  \     |\  __   /  /   
   /  \/    \    | |/ /  /   ‾‾\ 
  /          \   |   (  |  (‾)  |
 / __________ \  |_|\_\  \_____/ 


     execution: local
        script: /home/rohitj/edc/benchmarking-factoryx-edc/resources/local-fx-mvd/k6-scripts/scenarios/catalog-sweep.js
        output: -

     scenarios: (100.00%) 1 scenario, 4 max VUs, 2m30s max duration (incl. graceful stop):
              * catalog: 4 looping VUs for 2m0s (gracefulStop: 30s)


running (0m01.0s), 4/4 VUs, 15 complete and 0 interrupted iterations
catalog   [   1% ] 4 VUs  0m00.6s/2m0s

running (0m02.0s), 4/4 VUs, 38 complete and 0 interrupted iterations
catalog   [   1% ] 4 VUs  0m01.6s/2m0s

running (0m03.0s), 4/4 VUs, 68 complete and 0 interrupted iterations
catalog   [   2% ] 4 VUs  0m02.6s/2m0s

running (0m04.0s), 4/4 VUs, 94 complete and 0 interrupted iterations
catalog   [   3% ] 4 VUs  0m03.6s/2m0s

running (0m05.0s), 4/4 VUs, 117 complete and 0 interrupted iterations
catalog   [   4% ] 4 VUs  0m04.6s/2m0s

running (0m06.0s), 4/4 VUs, 144 complete and 0 interrupted iterations
catalog   [   5% ] 4 VUs  0m05.6s/2m0s

running (0m07.0s), 4/4 VUs, 169 complete and 0 interrupted iterations
catalog   [   6% ] 4 VUs  0m06.6s/2m0s

running (0m08.0s), 4/4 VUs, 194 complete and 0 interrupted iterations
catalog   [   6% ] 4 VUs  0m07.6s/2m0s

running (0m09.0s), 4/4 VUs, 216 complete and 0 interrupted iterations
catalog   [   7% ] 4 VUs  0m08.6s/2m0s

running (0m10.0s), 4/4 VUs, 242 complete and 0 interrupted iterations
catalog   [   8% ] 4 VUs  0m09.6s/2m0s

running (0m11.0s), 4/4 VUs, 269 complete and 0 interrupted iterations
catalog   [   9% ] 4 VUs  0m10.6s/2m0s

running (0m12.0s), 4/4 VUs, 294 complete and 0 interrupted iterations
catalog   [  10% ] 4 VUs  0m11.6s/2m0s

running (0m13.0s), 4/4 VUs, 322 complete and 0 interrupted iterations
catalog   [  11% ] 4 VUs  0m12.6s/2m0s

running (0m14.0s), 4/4 VUs, 347 complete and 0 interrupted iterations
catalog   [  11% ] 4 VUs  0m13.6s/2m0s

running (0m15.0s), 4/4 VUs, 372 complete and 0 interrupted iterations
catalog   [  12% ] 4 VUs  0m14.6s/2m0s

running (0m16.0s), 4/4 VUs, 400 complete and 0 interrupted iterations
catalog   [  13% ] 4 VUs  0m15.6s/2m0s

running (0m17.0s), 4/4 VUs, 424 complete and 0 interrupted iterations
catalog   [  14% ] 4 VUs  0m16.6s/2m0s

running (0m18.0s), 4/4 VUs, 452 complete and 0 interrupted iterations
catalog   [  15% ] 4 VUs  0m17.6s/2m0s

running (0m19.0s), 4/4 VUs, 476 complete and 0 interrupted iterations
catalog   [  16% ] 4 VUs  0m18.6s/2m0s

running (0m20.0s), 4/4 VUs, 496 complete and 0 interrupted iterations
catalog   [  16% ] 4 VUs  0m19.6s/2m0s

running (0m21.0s), 4/4 VUs, 516 complete and 0 interrupted iterations
catalog   [  17% ] 4 VUs  0m20.6s/2m0s

running (0m22.0s), 4/4 VUs, 537 complete and 0 interrupted iterations
catalog   [  18% ] 4 VUs  0m21.6s/2m0s

running (0m23.0s), 4/4 VUs, 559 complete and 0 interrupted iterations
catalog   [  19% ] 4 VUs  0m22.6s/2m0s

running (0m24.0s), 4/4 VUs, 586 complete and 0 interrupted iterations
catalog   [  20% ] 4 VUs  0m23.6s/2m0s

running (0m25.0s), 4/4 VUs, 609 complete and 0 interrupted iterations
catalog   [  21% ] 4 VUs  0m24.6s/2m0s

running (0m26.0s), 4/4 VUs, 636 complete and 0 interrupted iterations
catalog   [  21% ] 4 VUs  0m25.6s/2m0s

running (0m27.0s), 4/4 VUs, 660 complete and 0 interrupted iterations
catalog   [  22% ] 4 VUs  0m26.6s/2m0s

running (0m28.0s), 4/4 VUs, 689 complete and 0 interrupted iterations
catalog   [  23% ] 4 VUs  0m27.6s/2m0s

running (0m29.0s), 4/4 VUs, 713 complete and 0 interrupted iterations
catalog   [  24% ] 4 VUs  0m28.6s/2m0s

running (0m30.0s), 4/4 VUs, 738 complete and 0 interrupted iterations
catalog   [  25% ] 4 VUs  0m29.6s/2m0s

running (0m31.0s), 4/4 VUs, 764 complete and 0 interrupted iterations
catalog   [  26% ] 4 VUs  0m30.6s/2m0s

running (0m32.0s), 4/4 VUs, 787 complete and 0 interrupted iterations
catalog   [  26% ] 4 VUs  0m31.6s/2m0s

running (0m33.0s), 4/4 VUs, 811 complete and 0 interrupted iterations
catalog   [  27% ] 4 VUs  0m32.6s/2m0s

running (0m34.0s), 4/4 VUs, 833 complete and 0 interrupted iterations
catalog   [  28% ] 4 VUs  0m33.6s/2m0s

running (0m35.0s), 4/4 VUs, 857 complete and 0 interrupted iterations
catalog   [  29% ] 4 VUs  0m34.6s/2m0s

running (0m36.0s), 4/4 VUs, 886 complete and 0 interrupted iterations
catalog   [  30% ] 4 VUs  0m35.6s/2m0s

running (0m37.0s), 4/4 VUs, 918 complete and 0 interrupted iterations
catalog   [  31% ] 4 VUs  0m36.6s/2m0s

running (0m38.0s), 4/4 VUs, 944 complete and 0 interrupted iterations
catalog   [  31% ] 4 VUs  0m37.6s/2m0s

running (0m39.0s), 4/4 VUs, 965 complete and 0 interrupted iterations
catalog   [  32% ] 4 VUs  0m38.6s/2m0s

running (0m40.0s), 4/4 VUs, 989 complete and 0 interrupted iterations
catalog   [  33% ] 4 VUs  0m39.6s/2m0s

running (0m41.0s), 4/4 VUs, 1019 complete and 0 interrupted iterations
catalog   [  34% ] 4 VUs  0m40.6s/2m0s

running (0m42.0s), 4/4 VUs, 1043 complete and 0 interrupted iterations
catalog   [  35% ] 4 VUs  0m41.6s/2m0s

running (0m43.0s), 4/4 VUs, 1070 complete and 0 interrupted iterations
catalog   [  36% ] 4 VUs  0m42.6s/2m0s

running (0m44.0s), 4/4 VUs, 1094 complete and 0 interrupted iterations
catalog   [  36% ] 4 VUs  0m43.6s/2m0s

running (0m45.0s), 4/4 VUs, 1116 complete and 0 interrupted iterations
catalog   [  37% ] 4 VUs  0m44.6s/2m0s

running (0m46.0s), 4/4 VUs, 1143 complete and 0 interrupted iterations
catalog   [  38% ] 4 VUs  0m45.6s/2m0s

running (0m47.0s), 4/4 VUs, 1170 complete and 0 interrupted iterations
catalog   [  39% ] 4 VUs  0m46.6s/2m0s

running (0m48.0s), 4/4 VUs, 1197 complete and 0 interrupted iterations
catalog   [  40% ] 4 VUs  0m47.6s/2m0s

running (0m49.0s), 4/4 VUs, 1226 complete and 0 interrupted iterations
catalog   [  41% ] 4 VUs  0m48.6s/2m0s

running (0m50.0s), 4/4 VUs, 1252 complete and 0 interrupted iterations
catalog   [  41% ] 4 VUs  0m49.6s/2m0s

running (0m51.0s), 4/4 VUs, 1277 complete and 0 interrupted iterations
catalog   [  42% ] 4 VUs  0m50.6s/2m0s

running (0m52.0s), 4/4 VUs, 1302 complete and 0 interrupted iterations
catalog   [  43% ] 4 VUs  0m51.6s/2m0s

running (0m53.0s), 4/4 VUs, 1332 complete and 0 interrupted iterations
catalog   [  44% ] 4 VUs  0m52.6s/2m0s

running (0m54.0s), 4/4 VUs, 1358 complete and 0 interrupted iterations
catalog   [  45% ] 4 VUs  0m53.6s/2m0s

running (0m55.0s), 4/4 VUs, 1382 complete and 0 interrupted iterations
catalog   [  46% ] 4 VUs  0m54.6s/2m0s

running (0m56.0s), 4/4 VUs, 1410 complete and 0 interrupted iterations
catalog   [  46% ] 4 VUs  0m55.6s/2m0s

running (0m57.0s), 4/4 VUs, 1436 complete and 0 interrupted iterations
catalog   [  47% ] 4 VUs  0m56.6s/2m0s

running (0m58.0s), 4/4 VUs, 1465 complete and 0 interrupted iterations
catalog   [  48% ] 4 VUs  0m57.6s/2m0s

running (0m59.0s), 4/4 VUs, 1495 complete and 0 interrupted iterations
catalog   [  49% ] 4 VUs  0m58.6s/2m0s

running (1m00.0s), 4/4 VUs, 1522 complete and 0 interrupted iterations
catalog   [  50% ] 4 VUs  0m59.6s/2m0s

running (1m01.0s), 4/4 VUs, 1550 complete and 0 interrupted iterations
catalog   [  51% ] 4 VUs  1m00.6s/2m0s

running (1m02.0s), 4/4 VUs, 1580 complete and 0 interrupted iterations
catalog   [  51% ] 4 VUs  1m01.6s/2m0s

running (1m03.0s), 4/4 VUs, 1609 complete and 0 interrupted iterations
catalog   [  52% ] 4 VUs  1m02.6s/2m0s

running (1m04.0s), 4/4 VUs, 1639 complete and 0 interrupted iterations
catalog   [  53% ] 4 VUs  1m03.6s/2m0s

running (1m05.0s), 4/4 VUs, 1670 complete and 0 interrupted iterations
catalog   [  54% ] 4 VUs  1m04.6s/2m0s

running (1m06.0s), 4/4 VUs, 1701 complete and 0 interrupted iterations
catalog   [  55% ] 4 VUs  1m05.6s/2m0s

running (1m07.0s), 4/4 VUs, 1728 complete and 0 interrupted iterations
catalog   [  56% ] 4 VUs  1m06.6s/2m0s

running (1m08.0s), 4/4 VUs, 1759 complete and 0 interrupted iterations
catalog   [  56% ] 4 VUs  1m07.6s/2m0s

running (1m09.0s), 4/4 VUs, 1789 complete and 0 interrupted iterations
catalog   [  57% ] 4 VUs  1m08.6s/2m0s

running (1m10.0s), 4/4 VUs, 1823 complete and 0 interrupted iterations
catalog   [  58% ] 4 VUs  1m09.6s/2m0s

running (1m11.0s), 4/4 VUs, 1858 complete and 0 interrupted iterations
catalog   [  59% ] 4 VUs  1m10.6s/2m0s

running (1m12.0s), 4/4 VUs, 1887 complete and 0 interrupted iterations
catalog   [  60% ] 4 VUs  1m11.6s/2m0s

running (1m13.0s), 4/4 VUs, 1913 complete and 0 interrupted iterations
catalog   [  61% ] 4 VUs  1m12.6s/2m0s

running (1m14.0s), 4/4 VUs, 1948 complete and 0 interrupted iterations
catalog   [  61% ] 4 VUs  1m13.6s/2m0s

running (1m15.0s), 4/4 VUs, 1972 complete and 0 interrupted iterations
catalog   [  62% ] 4 VUs  1m14.6s/2m0s

running (1m16.0s), 4/4 VUs, 2001 complete and 0 interrupted iterations
catalog   [  63% ] 4 VUs  1m15.6s/2m0s

running (1m17.0s), 4/4 VUs, 2031 complete and 0 interrupted iterations
catalog   [  64% ] 4 VUs  1m16.6s/2m0s

running (1m18.0s), 4/4 VUs, 2055 complete and 0 interrupted iterations
catalog   [  65% ] 4 VUs  1m17.6s/2m0s

running (1m19.0s), 4/4 VUs, 2087 complete and 0 interrupted iterations
catalog   [  66% ] 4 VUs  1m18.6s/2m0s

running (1m20.0s), 4/4 VUs, 2104 complete and 0 interrupted iterations
catalog   [  66% ] 4 VUs  1m19.6s/2m0s

running (1m21.0s), 4/4 VUs, 2129 complete and 0 interrupted iterations
catalog   [  67% ] 4 VUs  1m20.6s/2m0s

running (1m22.0s), 4/4 VUs, 2157 complete and 0 interrupted iterations
catalog   [  68% ] 4 VUs  1m21.6s/2m0s

running (1m23.0s), 4/4 VUs, 2190 complete and 0 interrupted iterations
catalog   [  69% ] 4 VUs  1m22.6s/2m0s

running (1m24.0s), 4/4 VUs, 2220 complete and 0 interrupted iterations
catalog   [  70% ] 4 VUs  1m23.6s/2m0s

running (1m25.0s), 4/4 VUs, 2252 complete and 0 interrupted iterations
catalog   [  71% ] 4 VUs  1m24.6s/2m0s

running (1m26.0s), 4/4 VUs, 2282 complete and 0 interrupted iterations
catalog   [  71% ] 4 VUs  1m25.6s/2m0s

running (1m27.0s), 4/4 VUs, 2317 complete and 0 interrupted iterations
catalog   [  72% ] 4 VUs  1m26.6s/2m0s

running (1m28.0s), 4/4 VUs, 2345 complete and 0 interrupted iterations
catalog   [  73% ] 4 VUs  1m27.6s/2m0s

running (1m29.0s), 4/4 VUs, 2372 complete and 0 interrupted iterations
catalog   [  74% ] 4 VUs  1m28.6s/2m0s

running (1m30.0s), 4/4 VUs, 2404 complete and 0 interrupted iterations
catalog   [  75% ] 4 VUs  1m29.6s/2m0s

running (1m31.0s), 4/4 VUs, 2436 complete and 0 interrupted iterations
catalog   [  76% ] 4 VUs  1m30.6s/2m0s

running (1m32.0s), 4/4 VUs, 2463 complete and 0 interrupted iterations
catalog   [  76% ] 4 VUs  1m31.6s/2m0s

running (1m33.0s), 4/4 VUs, 2492 complete and 0 interrupted iterations
catalog   [  77% ] 4 VUs  1m32.6s/2m0s

running (1m34.0s), 4/4 VUs, 2520 complete and 0 interrupted iterations
catalog   [  78% ] 4 VUs  1m33.6s/2m0s

running (1m35.0s), 4/4 VUs, 2554 complete and 0 interrupted iterations
catalog   [  79% ] 4 VUs  1m34.6s/2m0s

running (1m36.0s), 4/4 VUs, 2581 complete and 0 interrupted iterations
catalog   [  80% ] 4 VUs  1m35.6s/2m0s

running (1m37.0s), 4/4 VUs, 2606 complete and 0 interrupted iterations
catalog   [  81% ] 4 VUs  1m36.6s/2m0s

running (1m38.0s), 4/4 VUs, 2631 complete and 0 interrupted iterations
catalog   [  81% ] 4 VUs  1m37.6s/2m0s

running (1m39.0s), 4/4 VUs, 2660 complete and 0 interrupted iterations
catalog   [  82% ] 4 VUs  1m38.6s/2m0s

running (1m40.0s), 4/4 VUs, 2685 complete and 0 interrupted iterations
catalog   [  83% ] 4 VUs  1m39.6s/2m0s

running (1m41.0s), 4/4 VUs, 2710 complete and 0 interrupted iterations
catalog   [  84% ] 4 VUs  1m40.6s/2m0s

running (1m42.0s), 4/4 VUs, 2734 complete and 0 interrupted iterations
catalog   [  85% ] 4 VUs  1m41.6s/2m0s

running (1m43.0s), 4/4 VUs, 2758 complete and 0 interrupted iterations
catalog   [  86% ] 4 VUs  1m42.6s/2m0s

running (1m44.0s), 4/4 VUs, 2778 complete and 0 interrupted iterations
catalog   [  86% ] 4 VUs  1m43.6s/2m0s

running (1m45.0s), 4/4 VUs, 2805 complete and 0 interrupted iterations
catalog   [  87% ] 4 VUs  1m44.6s/2m0s

running (1m46.0s), 4/4 VUs, 2830 complete and 0 interrupted iterations
catalog   [  88% ] 4 VUs  1m45.6s/2m0s

running (1m47.0s), 4/4 VUs, 2860 complete and 0 interrupted iterations
catalog   [  89% ] 4 VUs  1m46.6s/2m0s

running (1m48.0s), 4/4 VUs, 2887 complete and 0 interrupted iterations
catalog   [  90% ] 4 VUs  1m47.6s/2m0s

running (1m49.0s), 4/4 VUs, 2914 complete and 0 interrupted iterations
catalog   [  91% ] 4 VUs  1m48.6s/2m0s

running (1m50.0s), 4/4 VUs, 2943 complete and 0 interrupted iterations
catalog   [  91% ] 4 VUs  1m49.6s/2m0s

running (1m51.0s), 4/4 VUs, 2973 complete and 0 interrupted iterations
catalog   [  92% ] 4 VUs  1m50.6s/2m0s

running (1m52.0s), 4/4 VUs, 3000 complete and 0 interrupted iterations
catalog   [  93% ] 4 VUs  1m51.6s/2m0s

running (1m53.0s), 4/4 VUs, 3022 complete and 0 interrupted iterations
catalog   [  94% ] 4 VUs  1m52.6s/2m0s

running (1m54.0s), 4/4 VUs, 3052 complete and 0 interrupted iterations
catalog   [  95% ] 4 VUs  1m53.6s/2m0s

running (1m55.0s), 4/4 VUs, 3079 complete and 0 interrupted iterations
catalog   [  96% ] 4 VUs  1m54.6s/2m0s

running (1m56.0s), 4/4 VUs, 3103 complete and 0 interrupted iterations
catalog   [  96% ] 4 VUs  1m55.6s/2m0s

running (1m57.0s), 4/4 VUs, 3133 complete and 0 interrupted iterations
catalog   [  97% ] 4 VUs  1m56.6s/2m0s

running (1m58.0s), 4/4 VUs, 3160 complete and 0 interrupted iterations
catalog   [  98% ] 4 VUs  1m57.6s/2m0s

running (1m59.0s), 4/4 VUs, 3186 complete and 0 interrupted iterations
catalog   [  99% ] 4 VUs  1m58.6s/2m0s

running (2m00.0s), 4/4 VUs, 3212 complete and 0 interrupted iterations
catalog   [ 100% ] 4 VUs  1m59.6s/2m0s

================ DSP benchmark summary ================
-- per-phase latency --
  catalog                    p50=135.7 ms  p95=221.9 ms  p99=278.7 ms  max=355.4 ms  n=3224
  negotiation init (POST)    (no data)
  time-to-AGREED (async)     (no data)
  transfer init (POST)       (no data)
  time-to-EDR (async)        (no data)
  data pull                  (no data)
-- end-to-end + throughput --
  e2e transaction            (no data)
  data throughput (MB/s)     (no data)
-- outcomes --
  transactions succeeded     count=3224  rate=26.775/s
  transactions failed        (no data)
  failed rate                rate=0.00%  (pass=0 fail=3224)
-- observer effect (poll load) --
  negotiation polls          (no data)
  edr polls                  (no data)
=======================================================
(full summary -> /home/rohitj/edc/benchmarking-factoryx-edc/resources/local-fx-mvd/k6-scripts/results/factoryx/catalog-sweep/2026-07-29T18-17-23Z/k6-summary.json; POLL_INTERVAL_MS=250; IDENTITY_MODE=on)

running (2m00.4s), 0/4 VUs, 3224 complete and 0 interrupted iterations
catalog ✓ [ 100% ] 4 VUs  2m0s
