
         /\      Grafana   /‾‾/  
    /\  /  \     |\  __   /  /   
   /  \/    \    | |/ /  /   ‾‾\ 
  /          \   |   (  |  (‾)  |
 / __________ \  |_|\_\  \_____/ 


     execution: local
        script: /home/rohitj/edc/benchmarking-factoryx-edc/resources/local-fx-mvd/k6-scripts/scenarios/payload-sweep.js
        output: Prometheus remote write (http://localhost:9090/api/v1/write)

     scenarios: (100.00%) 1 scenario, 4 max VUs, 1m30s max duration (incl. graceful stop):
              * pull: 4 looping VUs for 1m0s (gracefulStop: 30s)


Run    [ 100% ] setup()
pull   [   0% ]

Run    [ 100% ] setup()
pull   [   0% ]

Run    [ 100% ] setup()
pull   [   0% ]

running (0m04.0s), 4/4 VUs, 8 complete and 0 interrupted iterations
pull   [   1% ] 4 VUs  0m00.6s/1m0s

running (0m05.0s), 4/4 VUs, 24 complete and 0 interrupted iterations
pull   [   3% ] 4 VUs  0m01.6s/1m0s

running (0m06.0s), 4/4 VUs, 42 complete and 0 interrupted iterations
pull   [   4% ] 4 VUs  0m02.6s/1m0s

running (0m07.0s), 4/4 VUs, 59 complete and 0 interrupted iterations
pull   [   6% ] 4 VUs  0m03.6s/1m0s

running (0m08.0s), 4/4 VUs, 76 complete and 0 interrupted iterations
pull   [   8% ] 4 VUs  0m04.6s/1m0s

running (0m09.0s), 4/4 VUs, 93 complete and 0 interrupted iterations
pull   [   9% ] 4 VUs  0m05.6s/1m0s

running (0m10.0s), 4/4 VUs, 110 complete and 0 interrupted iterations
pull   [  11% ] 4 VUs  0m06.6s/1m0s

running (0m11.0s), 4/4 VUs, 128 complete and 0 interrupted iterations
pull   [  13% ] 4 VUs  0m07.6s/1m0s

running (0m12.0s), 4/4 VUs, 145 complete and 0 interrupted iterations
pull   [  14% ] 4 VUs  0m08.6s/1m0s

running (0m13.0s), 4/4 VUs, 162 complete and 0 interrupted iterations
pull   [  16% ] 4 VUs  0m09.6s/1m0s

running (0m14.0s), 4/4 VUs, 182 complete and 0 interrupted iterations
pull   [  18% ] 4 VUs  0m10.6s/1m0s

running (0m15.0s), 4/4 VUs, 198 complete and 0 interrupted iterations
pull   [  19% ] 4 VUs  0m11.6s/1m0s

running (0m16.0s), 4/4 VUs, 215 complete and 0 interrupted iterations
pull   [  21% ] 4 VUs  0m12.6s/1m0s

running (0m17.0s), 4/4 VUs, 234 complete and 0 interrupted iterations
pull   [  23% ] 4 VUs  0m13.6s/1m0s

running (0m18.0s), 4/4 VUs, 250 complete and 0 interrupted iterations
pull   [  24% ] 4 VUs  0m14.6s/1m0s

running (0m19.0s), 4/4 VUs, 268 complete and 0 interrupted iterations
pull   [  26% ] 4 VUs  0m15.6s/1m0s

running (0m20.0s), 4/4 VUs, 285 complete and 0 interrupted iterations
pull   [  28% ] 4 VUs  0m16.6s/1m0s

running (0m21.0s), 4/4 VUs, 303 complete and 0 interrupted iterations
pull   [  29% ] 4 VUs  0m17.6s/1m0s

running (0m22.0s), 4/4 VUs, 320 complete and 0 interrupted iterations
pull   [  31% ] 4 VUs  0m18.6s/1m0s

running (0m23.0s), 4/4 VUs, 337 complete and 0 interrupted iterations
pull   [  33% ] 4 VUs  0m19.6s/1m0s

running (0m24.0s), 4/4 VUs, 354 complete and 0 interrupted iterations
pull   [  34% ] 4 VUs  0m20.6s/1m0s

running (0m25.0s), 4/4 VUs, 373 complete and 0 interrupted iterations
pull   [  36% ] 4 VUs  0m21.6s/1m0s

running (0m26.0s), 4/4 VUs, 390 complete and 0 interrupted iterations
pull   [  38% ] 4 VUs  0m22.6s/1m0s

running (0m27.0s), 4/4 VUs, 407 complete and 0 interrupted iterations
pull   [  39% ] 4 VUs  0m23.6s/1m0s

running (0m28.0s), 4/4 VUs, 425 complete and 0 interrupted iterations
pull   [  41% ] 4 VUs  0m24.6s/1m0s

running (0m29.0s), 4/4 VUs, 442 complete and 0 interrupted iterations
pull   [  43% ] 4 VUs  0m25.6s/1m0s

running (0m30.0s), 4/4 VUs, 460 complete and 0 interrupted iterations
pull   [  44% ] 4 VUs  0m26.6s/1m0s

running (0m31.0s), 4/4 VUs, 477 complete and 0 interrupted iterations
pull   [  46% ] 4 VUs  0m27.6s/1m0s

running (0m32.0s), 4/4 VUs, 495 complete and 0 interrupted iterations
pull   [  48% ] 4 VUs  0m28.6s/1m0s

running (0m33.0s), 4/4 VUs, 513 complete and 0 interrupted iterations
pull   [  49% ] 4 VUs  0m29.6s/1m0s

running (0m34.0s), 4/4 VUs, 530 complete and 0 interrupted iterations
pull   [  51% ] 4 VUs  0m30.6s/1m0s

running (0m35.0s), 4/4 VUs, 548 complete and 0 interrupted iterations
pull   [  53% ] 4 VUs  0m31.6s/1m0s

running (0m36.0s), 4/4 VUs, 566 complete and 0 interrupted iterations
pull   [  54% ] 4 VUs  0m32.6s/1m0s

running (0m37.0s), 4/4 VUs, 584 complete and 0 interrupted iterations
pull   [  56% ] 4 VUs  0m33.6s/1m0s

running (0m38.0s), 4/4 VUs, 601 complete and 0 interrupted iterations
pull   [  58% ] 4 VUs  0m34.6s/1m0s

running (0m39.0s), 4/4 VUs, 619 complete and 0 interrupted iterations
pull   [  59% ] 4 VUs  0m35.6s/1m0s

running (0m40.0s), 4/4 VUs, 635 complete and 0 interrupted iterations
pull   [  61% ] 4 VUs  0m36.6s/1m0s

running (0m41.0s), 4/4 VUs, 652 complete and 0 interrupted iterations
pull   [  63% ] 4 VUs  0m37.6s/1m0s

running (0m42.0s), 4/4 VUs, 669 complete and 0 interrupted iterations
pull   [  64% ] 4 VUs  0m38.6s/1m0s

running (0m43.0s), 4/4 VUs, 686 complete and 0 interrupted iterations
pull   [  66% ] 4 VUs  0m39.6s/1m0s

running (0m44.0s), 4/4 VUs, 704 complete and 0 interrupted iterations
pull   [  68% ] 4 VUs  0m40.6s/1m0s

running (0m45.0s), 4/4 VUs, 723 complete and 0 interrupted iterations
pull   [  69% ] 4 VUs  0m41.6s/1m0s

running (0m46.0s), 4/4 VUs, 740 complete and 0 interrupted iterations
pull   [  71% ] 4 VUs  0m42.6s/1m0s

running (0m47.0s), 4/4 VUs, 757 complete and 0 interrupted iterations
pull   [  73% ] 4 VUs  0m43.6s/1m0s

running (0m48.0s), 4/4 VUs, 774 complete and 0 interrupted iterations
pull   [  74% ] 4 VUs  0m44.6s/1m0s

running (0m49.0s), 4/4 VUs, 794 complete and 0 interrupted iterations
pull   [  76% ] 4 VUs  0m45.6s/1m0s

running (0m50.0s), 4/4 VUs, 811 complete and 0 interrupted iterations
pull   [  78% ] 4 VUs  0m46.6s/1m0s

running (0m51.0s), 4/4 VUs, 827 complete and 0 interrupted iterations
pull   [  79% ] 4 VUs  0m47.6s/1m0s

running (0m52.0s), 4/4 VUs, 846 complete and 0 interrupted iterations
pull   [  81% ] 4 VUs  0m48.6s/1m0s

running (0m53.0s), 4/4 VUs, 864 complete and 0 interrupted iterations
pull   [  83% ] 4 VUs  0m49.6s/1m0s

running (0m54.0s), 4/4 VUs, 881 complete and 0 interrupted iterations
pull   [  84% ] 4 VUs  0m50.6s/1m0s

running (0m55.0s), 4/4 VUs, 897 complete and 0 interrupted iterations
pull   [  86% ] 4 VUs  0m51.6s/1m0s

running (0m56.0s), 4/4 VUs, 915 complete and 0 interrupted iterations
pull   [  88% ] 4 VUs  0m52.6s/1m0s

running (0m57.0s), 4/4 VUs, 934 complete and 0 interrupted iterations
pull   [  89% ] 4 VUs  0m53.6s/1m0s

running (0m58.0s), 4/4 VUs, 951 complete and 0 interrupted iterations
pull   [  91% ] 4 VUs  0m54.6s/1m0s

running (0m59.0s), 4/4 VUs, 969 complete and 0 interrupted iterations
pull   [  93% ] 4 VUs  0m55.6s/1m0s

running (1m00.0s), 4/4 VUs, 985 complete and 0 interrupted iterations
pull   [  94% ] 4 VUs  0m56.6s/1m0s

running (1m01.0s), 4/4 VUs, 1003 complete and 0 interrupted iterations
pull   [  96% ] 4 VUs  0m57.6s/1m0s

running (1m02.0s), 4/4 VUs, 1020 complete and 0 interrupted iterations
pull   [  98% ] 4 VUs  0m58.6s/1m0s

running (1m03.0s), 4/4 VUs, 1037 complete and 0 interrupted iterations
pull   [  99% ] 4 VUs  0m59.6s/1m0s

================ DSP benchmark summary ================
-- per-phase latency --
  catalog                    p50=13.6 ms  p95=13.6 ms  p99=13.6 ms  max=13.6 ms  n=1
  negotiation init (POST)    p50=5.8 ms  p95=5.8 ms  p99=5.8 ms  max=5.8 ms  n=1
  time-to-AGREED (async)     p50=1526.0 ms  p95=1526.0 ms  p99=1526.0 ms  max=1526.0 ms  n=1
  transfer init (POST)       p50=38.3 ms  p95=38.3 ms  p99=38.3 ms  max=38.3 ms  n=1
  time-to-EDR (async)        p50=1781.0 ms  p95=1781.0 ms  p99=1781.0 ms  max=1781.0 ms  n=1
  data pull                  p50=228.4 ms  p95=257.3 ms  p99=270.4 ms  max=286.1 ms  n=1048
-- end-to-end + throughput --
  e2e transaction            (no data)
  data throughput (MB/s)     p50=459.0  p95=520.5  p99=532.5  max=552.6  n=1048
-- outcomes --
  transactions succeeded     (no data)
  transactions failed        (no data)
  failed rate                rate=0.00%  (pass=0 fail=0)
    of which TERMINATED      (no data)
    of which TIMED OUT       (no data)
    of which HTTP-FAILED     (no data)
  failure accounting       (no failures)
-- observer effect (poll load) --
  negotiation polls          count=7  rate=0.110/s
  edr polls                  count=8  rate=0.126/s
  polls per transaction     (no data)
=======================================================
(full summary -> /home/rohitj/edc/benchmarking-factoryx-edc/resources/local-fx-mvd/k6-scripts/results/factoryx/off/payload-sweep/2026-08-10T19-36-00Z/k6-summary.json; POLL_INTERVAL_MS=250; IDENTITY_MODE=off)

running (1m03.6s), 0/4 VUs, 1048 complete and 0 interrupted iterations
pull ✓ [ 100% ] 4 VUs  1m0s
