
         /\      Grafana   /‾‾/  
    /\  /  \     |\  __   /  /   
   /  \/    \    | |/ /  /   ‾‾\ 
  /          \   |   (  |  (‾)  |
 / __________ \  |_|\_\  \_____/ 


     execution: local
        script: /home/rohitj/edc/benchmarking-factoryx-edc/resources/local-fx-mvd/k6-scripts/scenarios/concurrency-closed.js
        output: -

     scenarios: (100.00%) 1 scenario, 200 max VUs, 10m30s max duration (incl. graceful stop):
              * concurrency: Up to 200 looping VUs for 10m0s over 5 stages (gracefulRampDown: 30s, gracefulStop: 30s)


running (00m00.9s), 001/200 VUs, 0 complete and 0 interrupted iterations
concurrency   [   0% ] 001/200 VUs  00m00.9s/10m00.0s

running (00m01.9s), 001/200 VUs, 0 complete and 0 interrupted iterations
concurrency   [   0% ] 001/200 VUs  00m01.9s/10m00.0s

running (00m02.9s), 001/200 VUs, 0 complete and 0 interrupted iterations
concurrency   [   0% ] 001/200 VUs  00m02.9s/10m00.0s

running (00m03.9s), 001/200 VUs, 0 complete and 0 interrupted iterations
concurrency   [   1% ] 001/200 VUs  00m03.9s/10m00.0s

running (00m04.9s), 001/200 VUs, 0 complete and 0 interrupted iterations
concurrency   [   1% ] 001/200 VUs  00m04.9s/10m00.0s

running (00m05.9s), 001/200 VUs, 1 complete and 0 interrupted iterations
concurrency   [   1% ] 001/200 VUs  00m05.9s/10m00.0s

running (00m06.9s), 001/200 VUs, 1 complete and 0 interrupted iterations
concurrency   [   1% ] 001/200 VUs  00m06.9s/10m00.0s

running (00m07.9s), 001/200 VUs, 1 complete and 0 interrupted iterations
concurrency   [   1% ] 001/200 VUs  00m07.9s/10m00.0s

running (00m08.9s), 001/200 VUs, 1 complete and 0 interrupted iterations
concurrency   [   1% ] 001/200 VUs  00m08.9s/10m00.0s

running (00m09.9s), 001/200 VUs, 1 complete and 0 interrupted iterations
concurrency   [   2% ] 001/200 VUs  00m09.9s/10m00.0s

running (00m10.9s), 001/200 VUs, 1 complete and 0 interrupted iterations
concurrency   [   2% ] 001/200 VUs  00m10.9s/10m00.0s

running (00m11.9s), 001/200 VUs, 2 complete and 0 interrupted iterations
concurrency   [   2% ] 001/200 VUs  00m11.9s/10m00.0s

running (00m12.9s), 001/200 VUs, 2 complete and 0 interrupted iterations
concurrency   [   2% ] 001/200 VUs  00m12.9s/10m00.0s

running (00m13.9s), 002/200 VUs, 2 complete and 0 interrupted iterations
concurrency   [   2% ] 002/200 VUs  00m13.9s/10m00.0s

running (00m14.9s), 002/200 VUs, 2 complete and 0 interrupted iterations
concurrency   [   2% ] 002/200 VUs  00m14.9s/10m00.0s

running (00m15.9s), 002/200 VUs, 2 complete and 0 interrupted iterations
concurrency   [   3% ] 002/200 VUs  00m15.9s/10m00.0s

running (00m16.9s), 002/200 VUs, 2 complete and 0 interrupted iterations
concurrency   [   3% ] 002/200 VUs  00m16.9s/10m00.0s

running (00m17.9s), 002/200 VUs, 3 complete and 0 interrupted iterations
concurrency   [   3% ] 002/200 VUs  00m17.9s/10m00.0s

running (00m18.9s), 002/200 VUs, 4 complete and 0 interrupted iterations
concurrency   [   3% ] 002/200 VUs  00m18.9s/10m00.0s

running (00m19.9s), 002/200 VUs, 4 complete and 0 interrupted iterations
concurrency   [   3% ] 002/200 VUs  00m19.9s/10m00.0s

running (00m20.9s), 002/200 VUs, 4 complete and 0 interrupted iterations
concurrency   [   3% ] 002/200 VUs  00m20.9s/10m00.0s

running (00m21.9s), 002/200 VUs, 4 complete and 0 interrupted iterations
concurrency   [   4% ] 002/200 VUs  00m21.9s/10m00.0s

running (00m22.9s), 002/200 VUs, 5 complete and 0 interrupted iterations
concurrency   [   4% ] 002/200 VUs  00m22.9s/10m00.0s

running (00m23.9s), 002/200 VUs, 5 complete and 0 interrupted iterations
concurrency   [   4% ] 002/200 VUs  00m23.9s/10m00.0s

running (00m24.9s), 002/200 VUs, 6 complete and 0 interrupted iterations
concurrency   [   4% ] 002/200 VUs  00m24.9s/10m00.0s

running (00m25.9s), 002/200 VUs, 6 complete and 0 interrupted iterations
concurrency   [   4% ] 002/200 VUs  00m25.9s/10m00.0s

running (00m26.9s), 003/200 VUs, 6 complete and 0 interrupted iterations
concurrency   [   4% ] 003/200 VUs  00m26.9s/10m00.0s

running (00m27.9s), 003/200 VUs, 6 complete and 0 interrupted iterations
concurrency   [   5% ] 003/200 VUs  00m27.9s/10m00.0s

running (00m28.9s), 003/200 VUs, 7 complete and 0 interrupted iterations
concurrency   [   5% ] 003/200 VUs  00m28.9s/10m00.0s

running (00m29.9s), 003/200 VUs, 8 complete and 0 interrupted iterations
concurrency   [   5% ] 003/200 VUs  00m29.9s/10m00.0s

running (00m30.9s), 003/200 VUs, 8 complete and 0 interrupted iterations
concurrency   [   5% ] 003/200 VUs  00m30.9s/10m00.0s

running (00m31.9s), 003/200 VUs, 8 complete and 0 interrupted iterations
concurrency   [   5% ] 003/200 VUs  00m31.9s/10m00.0s

running (00m32.9s), 003/200 VUs, 9 complete and 0 interrupted iterations
concurrency   [   5% ] 003/200 VUs  00m32.9s/10m00.0s

running (00m33.9s), 003/200 VUs, 11 complete and 0 interrupted iterations
concurrency   [   6% ] 003/200 VUs  00m33.9s/10m00.0s

running (00m34.9s), 003/200 VUs, 11 complete and 0 interrupted iterations
concurrency   [   6% ] 003/200 VUs  00m34.9s/10m00.0s

running (00m35.9s), 003/200 VUs, 11 complete and 0 interrupted iterations
concurrency   [   6% ] 003/200 VUs  00m35.9s/10m00.0s

running (00m36.9s), 003/200 VUs, 11 complete and 0 interrupted iterations
concurrency   [   6% ] 003/200 VUs  00m36.9s/10m00.0s

running (00m37.9s), 003/200 VUs, 11 complete and 0 interrupted iterations
concurrency   [   6% ] 003/200 VUs  00m37.9s/10m00.0s

running (00m38.9s), 003/200 VUs, 12 complete and 0 interrupted iterations
concurrency   [   6% ] 003/200 VUs  00m38.9s/10m00.0s

running (00m39.9s), 003/200 VUs, 14 complete and 0 interrupted iterations
concurrency   [   7% ] 003/200 VUs  00m39.9s/10m00.0s

running (00m40.9s), 004/200 VUs, 14 complete and 0 interrupted iterations
concurrency   [   7% ] 004/200 VUs  00m40.9s/10m00.0s

running (00m41.9s), 004/200 VUs, 14 complete and 0 interrupted iterations
concurrency   [   7% ] 004/200 VUs  00m41.9s/10m00.0s

running (00m42.9s), 004/200 VUs, 15 complete and 0 interrupted iterations
concurrency   [   7% ] 004/200 VUs  00m42.9s/10m00.0s

running (00m43.9s), 004/200 VUs, 18 complete and 0 interrupted iterations
concurrency   [   7% ] 004/200 VUs  00m43.9s/10m00.0s

running (00m44.9s), 004/200 VUs, 18 complete and 0 interrupted iterations
concurrency   [   7% ] 004/200 VUs  00m44.9s/10m00.0s

running (00m45.9s), 004/200 VUs, 18 complete and 0 interrupted iterations
concurrency   [   8% ] 004/200 VUs  00m45.9s/10m00.0s

running (00m46.9s), 004/200 VUs, 19 complete and 0 interrupted iterations
concurrency   [   8% ] 004/200 VUs  00m46.9s/10m00.0s

running (00m47.9s), 004/200 VUs, 22 complete and 0 interrupted iterations
concurrency   [   8% ] 004/200 VUs  00m47.9s/10m00.0s

running (00m48.9s), 004/200 VUs, 22 complete and 0 interrupted iterations
concurrency   [   8% ] 004/200 VUs  00m48.9s/10m00.0s

running (00m49.9s), 004/200 VUs, 22 complete and 0 interrupted iterations
concurrency   [   8% ] 004/200 VUs  00m49.9s/10m00.0s

running (00m50.9s), 004/200 VUs, 23 complete and 0 interrupted iterations
concurrency   [   8% ] 004/200 VUs  00m50.9s/10m00.0s

running (00m51.9s), 004/200 VUs, 23 complete and 0 interrupted iterations
concurrency   [   9% ] 004/200 VUs  00m51.9s/10m00.0s

running (00m52.9s), 004/200 VUs, 26 complete and 0 interrupted iterations
concurrency   [   9% ] 004/200 VUs  00m52.9s/10m00.0s

running (00m53.9s), 005/200 VUs, 27 complete and 0 interrupted iterations
concurrency   [   9% ] 005/200 VUs  00m53.9s/10m00.0s

running (00m54.9s), 005/200 VUs, 27 complete and 0 interrupted iterations
concurrency   [   9% ] 005/200 VUs  00m54.9s/10m00.0s

running (00m55.9s), 005/200 VUs, 27 complete and 0 interrupted iterations
concurrency   [   9% ] 005/200 VUs  00m55.9s/10m00.0s

running (00m56.9s), 005/200 VUs, 30 complete and 0 interrupted iterations
concurrency   [   9% ] 005/200 VUs  00m56.9s/10m00.0s

running (00m57.9s), 005/200 VUs, 32 complete and 0 interrupted iterations
concurrency   [  10% ] 005/200 VUs  00m57.9s/10m00.0s

running (00m58.9s), 005/200 VUs, 32 complete and 0 interrupted iterations
concurrency   [  10% ] 005/200 VUs  00m58.9s/10m00.0s

running (00m59.9s), 005/200 VUs, 32 complete and 0 interrupted iterations
concurrency   [  10% ] 005/200 VUs  00m59.9s/10m00.0s

running (01m00.9s), 005/200 VUs, 35 complete and 0 interrupted iterations
concurrency   [  10% ] 005/200 VUs  01m00.9s/10m00.0s

running (01m01.9s), 005/200 VUs, 36 complete and 0 interrupted iterations
concurrency   [  10% ] 005/200 VUs  01m01.9s/10m00.0s

running (01m02.9s), 005/200 VUs, 37 complete and 0 interrupted iterations
concurrency   [  10% ] 005/200 VUs  01m02.9s/10m00.0s

running (01m03.9s), 005/200 VUs, 37 complete and 0 interrupted iterations
concurrency   [  11% ] 005/200 VUs  01m03.9s/10m00.0s

running (01m04.9s), 005/200 VUs, 37 complete and 0 interrupted iterations
concurrency   [  11% ] 005/200 VUs  01m04.9s/10m00.0s

running (01m05.9s), 005/200 VUs, 40 complete and 0 interrupted iterations
concurrency   [  11% ] 005/200 VUs  01m05.9s/10m00.0s

running (01m06.9s), 006/200 VUs, 42 complete and 0 interrupted iterations
concurrency   [  11% ] 006/200 VUs  01m06.9s/10m00.0s

running (01m07.9s), 006/200 VUs, 42 complete and 0 interrupted iterations
concurrency   [  11% ] 006/200 VUs  01m07.9s/10m00.0s

running (01m08.9s), 006/200 VUs, 42 complete and 0 interrupted iterations
concurrency   [  11% ] 006/200 VUs  01m08.9s/10m00.0s

running (01m09.9s), 006/200 VUs, 45 complete and 0 interrupted iterations
concurrency   [  12% ] 006/200 VUs  01m09.9s/10m00.0s

running (01m10.9s), 006/200 VUs, 45 complete and 0 interrupted iterations
concurrency   [  12% ] 006/200 VUs  01m10.9s/10m00.0s

running (01m11.9s), 006/200 VUs, 48 complete and 0 interrupted iterations
concurrency   [  12% ] 006/200 VUs  01m11.9s/10m00.0s

running (01m12.9s), 006/200 VUs, 48 complete and 0 interrupted iterations
concurrency   [  12% ] 006/200 VUs  01m12.9s/10m00.0s

running (01m13.9s), 006/200 VUs, 49 complete and 0 interrupted iterations
concurrency   [  12% ] 006/200 VUs  01m13.9s/10m00.0s

running (01m14.9s), 006/200 VUs, 51 complete and 0 interrupted iterations
concurrency   [  12% ] 006/200 VUs  01m14.9s/10m00.0s

running (01m15.9s), 006/200 VUs, 51 complete and 0 interrupted iterations
concurrency   [  13% ] 006/200 VUs  01m15.9s/10m00.0s

running (01m16.9s), 006/200 VUs, 54 complete and 0 interrupted iterations
concurrency   [  13% ] 006/200 VUs  01m16.9s/10m00.0s

running (01m17.9s), 006/200 VUs, 54 complete and 0 interrupted iterations
concurrency   [  13% ] 006/200 VUs  01m17.9s/10m00.0s

running (01m18.9s), 006/200 VUs, 55 complete and 0 interrupted iterations
concurrency   [  13% ] 006/200 VUs  01m18.9s/10m00.0s

running (01m19.9s), 006/200 VUs, 57 complete and 0 interrupted iterations
concurrency   [  13% ] 006/200 VUs  01m19.9s/10m00.0s

running (01m20.9s), 007/200 VUs, 60 complete and 0 interrupted iterations
concurrency   [  13% ] 007/200 VUs  01m20.9s/10m00.0s

running (01m21.9s), 007/200 VUs, 60 complete and 0 interrupted iterations
concurrency   [  14% ] 007/200 VUs  01m21.9s/10m00.0s

running (01m22.9s), 007/200 VUs, 60 complete and 0 interrupted iterations
concurrency   [  14% ] 007/200 VUs  01m22.9s/10m00.0s

running (01m23.9s), 007/200 VUs, 60 complete and 0 interrupted iterations
concurrency   [  14% ] 007/200 VUs  01m23.9s/10m00.0s

running (01m24.9s), 007/200 VUs, 63 complete and 0 interrupted iterations
concurrency   [  14% ] 007/200 VUs  01m24.9s/10m00.0s

running (01m25.9s), 007/200 VUs, 63 complete and 0 interrupted iterations
concurrency   [  14% ] 007/200 VUs  01m25.9s/10m00.0s

running (01m26.9s), 007/200 VUs, 67 complete and 0 interrupted iterations
concurrency   [  14% ] 007/200 VUs  01m26.9s/10m00.0s

running (01m27.9s), 007/200 VUs, 67 complete and 0 interrupted iterations
concurrency   [  15% ] 007/200 VUs  01m27.9s/10m00.0s

running (01m28.9s), 007/200 VUs, 67 complete and 0 interrupted iterations
concurrency   [  15% ] 007/200 VUs  01m28.9s/10m00.0s

running (01m29.9s), 007/200 VUs, 67 complete and 0 interrupted iterations
concurrency   [  15% ] 007/200 VUs  01m29.9s/10m00.0s

running (01m30.9s), 007/200 VUs, 70 complete and 0 interrupted iterations
concurrency   [  15% ] 007/200 VUs  01m30.9s/10m00.0s

running (01m31.9s), 007/200 VUs, 71 complete and 0 interrupted iterations
concurrency   [  15% ] 007/200 VUs  01m31.9s/10m00.0s

running (01m32.9s), 007/200 VUs, 74 complete and 0 interrupted iterations
concurrency   [  15% ] 007/200 VUs  01m32.9s/10m00.0s

running (01m33.9s), 008/200 VUs, 74 complete and 0 interrupted iterations
concurrency   [  16% ] 008/200 VUs  01m33.9s/10m00.0s

running (01m34.9s), 008/200 VUs, 74 complete and 0 interrupted iterations
concurrency   [  16% ] 008/200 VUs  01m34.9s/10m00.0s

running (01m35.9s), 008/200 VUs, 77 complete and 0 interrupted iterations
concurrency   [  16% ] 008/200 VUs  01m35.9s/10m00.0s

running (01m36.9s), 008/200 VUs, 77 complete and 0 interrupted iterations
concurrency   [  16% ] 008/200 VUs  01m36.9s/10m00.0s

running (01m37.9s), 008/200 VUs, 81 complete and 0 interrupted iterations
concurrency   [  16% ] 008/200 VUs  01m37.9s/10m00.0s

running (01m38.9s), 008/200 VUs, 82 complete and 0 interrupted iterations
concurrency   [  16% ] 008/200 VUs  01m38.9s/10m00.0s

running (01m39.9s), 008/200 VUs, 82 complete and 0 interrupted iterations
concurrency   [  17% ] 008/200 VUs  01m39.9s/10m00.0s

running (01m40.9s), 008/200 VUs, 85 complete and 0 interrupted iterations
concurrency   [  17% ] 008/200 VUs  01m40.9s/10m00.0s

running (01m41.9s), 008/200 VUs, 85 complete and 0 interrupted iterations
concurrency   [  17% ] 008/200 VUs  01m41.9s/10m00.0s

running (01m42.9s), 008/200 VUs, 85 complete and 0 interrupted iterations
concurrency   [  17% ] 008/200 VUs  01m42.9s/10m00.0s

running (01m43.9s), 008/200 VUs, 90 complete and 0 interrupted iterations
concurrency   [  17% ] 008/200 VUs  01m43.9s/10m00.0s

running (01m44.9s), 008/200 VUs, 90 complete and 0 interrupted iterations
concurrency   [  17% ] 008/200 VUs  01m44.9s/10m00.0s

running (01m45.9s), 008/200 VUs, 93 complete and 0 interrupted iterations
concurrency   [  18% ] 008/200 VUs  01m45.9s/10m00.0s

running (01m46.9s), 009/200 VUs, 93 complete and 0 interrupted iterations
concurrency   [  18% ] 009/200 VUs  01m46.9s/10m00.0s

running (01m47.9s), 009/200 VUs, 93 complete and 0 interrupted iterations
concurrency   [  18% ] 009/200 VUs  01m47.9s/10m00.0s

running (01m48.9s), 009/200 VUs, 93 complete and 0 interrupted iterations
concurrency   [  18% ] 009/200 VUs  01m48.9s/10m00.0s

running (01m49.9s), 009/200 VUs, 98 complete and 0 interrupted iterations
concurrency   [  18% ] 009/200 VUs  01m49.9s/10m00.0s

running (01m50.9s), 009/200 VUs, 99 complete and 0 interrupted iterations
concurrency   [  18% ] 009/200 VUs  01m50.9s/10m00.0s

running (01m51.9s), 009/200 VUs, 102 complete and 0 interrupted iterations
concurrency   [  19% ] 009/200 VUs  01m51.9s/10m00.0s

running (01m52.9s), 009/200 VUs, 102 complete and 0 interrupted iterations
concurrency   [  19% ] 009/200 VUs  01m52.9s/10m00.0s

running (01m53.9s), 009/200 VUs, 102 complete and 0 interrupted iterations
concurrency   [  19% ] 009/200 VUs  01m53.9s/10m00.0s

running (01m54.9s), 009/200 VUs, 103 complete and 0 interrupted iterations
concurrency   [  19% ] 009/200 VUs  01m54.9s/10m00.0s

running (01m55.9s), 009/200 VUs, 108 complete and 0 interrupted iterations
concurrency   [  19% ] 009/200 VUs  01m55.9s/10m00.0s

running (01m56.9s), 009/200 VUs, 108 complete and 0 interrupted iterations
concurrency   [  19% ] 009/200 VUs  01m56.9s/10m00.0s

running (01m57.9s), 009/200 VUs, 110 complete and 0 interrupted iterations
concurrency   [  20% ] 009/200 VUs  01m57.9s/10m00.0s

running (01m58.9s), 009/200 VUs, 111 complete and 0 interrupted iterations
concurrency   [  20% ] 009/200 VUs  01m58.9s/10m00.0s

running (01m59.9s), 009/200 VUs, 111 complete and 0 interrupted iterations
concurrency   [  20% ] 009/200 VUs  01m59.9s/10m00.0s

running (02m00.9s), 010/200 VUs, 111 complete and 0 interrupted iterations
concurrency   [  20% ] 010/200 VUs  02m00.9s/10m00.0s

running (02m01.9s), 010/200 VUs, 114 complete and 0 interrupted iterations
concurrency   [  20% ] 010/200 VUs  02m01.9s/10m00.0s

running (02m02.9s), 010/200 VUs, 117 complete and 0 interrupted iterations
concurrency   [  20% ] 010/200 VUs  02m02.9s/10m00.0s

running (02m03.9s), 011/200 VUs, 117 complete and 0 interrupted iterations
concurrency   [  21% ] 011/200 VUs  02m03.9s/10m00.0s

running (02m04.9s), 011/200 VUs, 119 complete and 0 interrupted iterations
concurrency   [  21% ] 011/200 VUs  02m04.9s/10m00.0s

running (02m05.9s), 011/200 VUs, 120 complete and 0 interrupted iterations
concurrency   [  21% ] 011/200 VUs  02m05.9s/10m00.0s

running (02m06.9s), 012/200 VUs, 121 complete and 0 interrupted iterations
concurrency   [  21% ] 012/200 VUs  02m06.9s/10m00.0s

running (02m07.9s), 012/200 VUs, 121 complete and 0 interrupted iterations
concurrency   [  21% ] 012/200 VUs  02m07.9s/10m00.0s

running (02m08.9s), 012/200 VUs, 128 complete and 0 interrupted iterations
concurrency   [  21% ] 012/200 VUs  02m08.9s/10m00.0s

running (02m09.9s), 013/200 VUs, 128 complete and 0 interrupted iterations
concurrency   [  22% ] 013/200 VUs  02m09.9s/10m00.0s

running (02m10.9s), 013/200 VUs, 131 complete and 0 interrupted iterations
concurrency   [  22% ] 013/200 VUs  02m10.9s/10m00.0s

running (02m11.9s), 013/200 VUs, 131 complete and 0 interrupted iterations
concurrency   [  22% ] 013/200 VUs  02m11.9s/10m00.0s

running (02m12.9s), 014/200 VUs, 132 complete and 0 interrupted iterations
concurrency   [  22% ] 014/200 VUs  02m12.9s/10m00.0s

running (02m13.9s), 014/200 VUs, 133 complete and 0 interrupted iterations
concurrency   [  22% ] 014/200 VUs  02m13.9s/10m00.0s

running (02m14.9s), 014/200 VUs, 133 complete and 0 interrupted iterations
concurrency   [  22% ] 014/200 VUs  02m14.9s/10m00.0s

running (02m15.9s), 015/200 VUs, 140 complete and 0 interrupted iterations
concurrency   [  23% ] 015/200 VUs  02m15.9s/10m00.0s

running (02m16.9s), 015/200 VUs, 144 complete and 0 interrupted iterations
concurrency   [  23% ] 015/200 VUs  02m16.9s/10m00.0s

running (02m17.9s), 015/200 VUs, 147 complete and 0 interrupted iterations
concurrency   [  23% ] 015/200 VUs  02m17.9s/10m00.0s

running (02m18.9s), 016/200 VUs, 147 complete and 0 interrupted iterations
concurrency   [  23% ] 016/200 VUs  02m18.9s/10m00.0s

running (02m19.9s), 016/200 VUs, 147 complete and 0 interrupted iterations
concurrency   [  23% ] 016/200 VUs  02m19.9s/10m00.0s

running (02m20.9s), 016/200 VUs, 147 complete and 0 interrupted iterations
concurrency   [  23% ] 016/200 VUs  02m20.9s/10m00.0s

running (02m21.9s), 017/200 VUs, 147 complete and 0 interrupted iterations
concurrency   [  24% ] 017/200 VUs  02m21.9s/10m00.0s

running (02m22.9s), 017/200 VUs, 154 complete and 0 interrupted iterations
concurrency   [  24% ] 017/200 VUs  02m22.9s/10m00.0s

running (02m23.9s), 017/200 VUs, 156 complete and 0 interrupted iterations
concurrency   [  24% ] 017/200 VUs  02m23.9s/10m00.0s

running (02m24.9s), 018/200 VUs, 163 complete and 0 interrupted iterations
concurrency   [  24% ] 018/200 VUs  02m24.9s/10m00.0s

running (02m25.9s), 018/200 VUs, 163 complete and 0 interrupted iterations
concurrency   [  24% ] 018/200 VUs  02m25.9s/10m00.0s

running (02m26.9s), 018/200 VUs, 164 complete and 0 interrupted iterations
concurrency   [  24% ] 018/200 VUs  02m26.9s/10m00.0s

running (02m27.9s), 019/200 VUs, 164 complete and 0 interrupted iterations
concurrency   [  25% ] 019/200 VUs  02m27.9s/10m00.0s

running (02m28.9s), 019/200 VUs, 171 complete and 0 interrupted iterations
concurrency   [  25% ] 019/200 VUs  02m28.9s/10m00.0s

running (02m29.9s), 019/200 VUs, 172 complete and 0 interrupted iterations
concurrency   [  25% ] 019/200 VUs  02m29.9s/10m00.0s

running (02m30.9s), 020/200 VUs, 175 complete and 0 interrupted iterations
concurrency   [  25% ] 020/200 VUs  02m30.9s/10m00.0s

running (02m31.9s), 020/200 VUs, 178 complete and 0 interrupted iterations
concurrency   [  25% ] 020/200 VUs  02m31.9s/10m00.0s

running (02m32.9s), 020/200 VUs, 182 complete and 0 interrupted iterations
concurrency   [  25% ] 020/200 VUs  02m32.9s/10m00.0s

running (02m33.9s), 021/200 VUs, 184 complete and 0 interrupted iterations
concurrency   [  26% ] 021/200 VUs  02m33.9s/10m00.0s

running (02m34.9s), 021/200 VUs, 186 complete and 0 interrupted iterations
concurrency   [  26% ] 021/200 VUs  02m34.9s/10m00.0s

running (02m35.9s), 021/200 VUs, 192 complete and 0 interrupted iterations
concurrency   [  26% ] 021/200 VUs  02m35.9s/10m00.0s

running (02m37.0s), 022/200 VUs, 195 complete and 0 interrupted iterations
concurrency   [  26% ] 022/200 VUs  02m36.9s/10m00.0s

running (02m37.9s), 022/200 VUs, 196 complete and 0 interrupted iterations
concurrency   [  26% ] 022/200 VUs  02m37.9s/10m00.0s

running (02m38.9s), 022/200 VUs, 196 complete and 0 interrupted iterations
concurrency   [  26% ] 022/200 VUs  02m38.9s/10m00.0s

running (02m39.9s), 023/200 VUs, 196 complete and 0 interrupted iterations
concurrency   [  27% ] 023/200 VUs  02m39.9s/10m00.0s

running (02m40.9s), 023/200 VUs, 202 complete and 0 interrupted iterations
concurrency   [  27% ] 023/200 VUs  02m40.9s/10m00.0s

running (02m41.9s), 023/200 VUs, 206 complete and 0 interrupted iterations
concurrency   [  27% ] 023/200 VUs  02m41.9s/10m00.0s

running (02m42.9s), 024/200 VUs, 208 complete and 0 interrupted iterations
concurrency   [  27% ] 024/200 VUs  02m42.9s/10m00.0s

running (02m43.9s), 024/200 VUs, 208 complete and 0 interrupted iterations
concurrency   [  27% ] 024/200 VUs  02m43.9s/10m00.0s

running (02m44.9s), 024/200 VUs, 218 complete and 0 interrupted iterations
concurrency   [  27% ] 024/200 VUs  02m44.9s/10m00.0s

running (02m45.9s), 025/200 VUs, 219 complete and 0 interrupted iterations
concurrency   [  28% ] 025/200 VUs  02m45.9s/10m00.0s

running (02m46.9s), 025/200 VUs, 219 complete and 0 interrupted iterations
concurrency   [  28% ] 025/200 VUs  02m46.9s/10m00.0s

running (02m47.9s), 025/200 VUs, 219 complete and 0 interrupted iterations
concurrency   [  28% ] 025/200 VUs  02m47.9s/10m00.0s

running (02m48.9s), 026/200 VUs, 224 complete and 0 interrupted iterations
concurrency   [  28% ] 026/200 VUs  02m48.9s/10m00.0s

running (02m49.9s), 026/200 VUs, 228 complete and 0 interrupted iterations
concurrency   [  28% ] 026/200 VUs  02m49.9s/10m00.0s

running (02m50.9s), 026/200 VUs, 234 complete and 0 interrupted iterations
concurrency   [  28% ] 026/200 VUs  02m50.9s/10m00.0s

running (02m51.9s), 027/200 VUs, 235 complete and 0 interrupted iterations
concurrency   [  29% ] 027/200 VUs  02m51.9s/10m00.0s

running (02m52.9s), 027/200 VUs, 235 complete and 0 interrupted iterations
concurrency   [  29% ] 027/200 VUs  02m52.9s/10m00.0s

running (02m53.9s), 027/200 VUs, 242 complete and 0 interrupted iterations
concurrency   [  29% ] 027/200 VUs  02m53.9s/10m00.0s

running (02m54.9s), 028/200 VUs, 244 complete and 0 interrupted iterations
concurrency   [  29% ] 028/200 VUs  02m54.9s/10m00.0s

running (02m55.9s), 028/200 VUs, 244 complete and 0 interrupted iterations
concurrency   [  29% ] 028/200 VUs  02m55.9s/10m00.0s

running (02m56.9s), 028/200 VUs, 244 complete and 0 interrupted iterations
concurrency   [  29% ] 028/200 VUs  02m56.9s/10m00.0s

running (02m57.9s), 029/200 VUs, 246 complete and 0 interrupted iterations
concurrency   [  30% ] 029/200 VUs  02m57.9s/10m00.0s

running (02m58.9s), 029/200 VUs, 255 complete and 0 interrupted iterations
concurrency   [  30% ] 029/200 VUs  02m58.9s/10m00.0s

running (02m59.9s), 029/200 VUs, 262 complete and 0 interrupted iterations
concurrency   [  30% ] 029/200 VUs  02m59.9s/10m00.0s

running (03m00.9s), 030/200 VUs, 262 complete and 0 interrupted iterations
concurrency   [  30% ] 030/200 VUs  03m00.9s/10m00.0s

running (03m01.9s), 030/200 VUs, 271 complete and 0 interrupted iterations
concurrency   [  30% ] 030/200 VUs  03m01.9s/10m00.0s

running (03m02.9s), 030/200 VUs, 274 complete and 0 interrupted iterations
concurrency   [  30% ] 030/200 VUs  03m02.9s/10m00.0s

running (03m03.9s), 031/200 VUs, 277 complete and 0 interrupted iterations
concurrency   [  31% ] 031/200 VUs  03m03.9s/10m00.0s

running (03m04.9s), 031/200 VUs, 277 complete and 0 interrupted iterations
concurrency   [  31% ] 031/200 VUs  03m04.9s/10m00.0s

running (03m05.9s), 031/200 VUs, 280 complete and 0 interrupted iterations
concurrency   [  31% ] 031/200 VUs  03m05.9s/10m00.0s

running (03m06.9s), 032/200 VUs, 287 complete and 0 interrupted iterations
concurrency   [  31% ] 032/200 VUs  03m06.9s/10m00.0s

running (03m07.9s), 032/200 VUs, 287 complete and 0 interrupted iterations
concurrency   [  31% ] 032/200 VUs  03m07.9s/10m00.0s

running (03m08.9s), 032/200 VUs, 295 complete and 0 interrupted iterations
concurrency   [  31% ] 032/200 VUs  03m08.9s/10m00.0s

running (03m09.9s), 033/200 VUs, 295 complete and 0 interrupted iterations
concurrency   [  32% ] 033/200 VUs  03m09.9s/10m00.0s

running (03m10.9s), 033/200 VUs, 300 complete and 0 interrupted iterations
concurrency   [  32% ] 033/200 VUs  03m10.9s/10m00.0s

running (03m11.9s), 033/200 VUs, 308 complete and 0 interrupted iterations
concurrency   [  32% ] 033/200 VUs  03m11.9s/10m00.0s

running (03m12.9s), 034/200 VUs, 308 complete and 0 interrupted iterations
concurrency   [  32% ] 034/200 VUs  03m12.9s/10m00.0s

running (03m13.9s), 034/200 VUs, 312 complete and 0 interrupted iterations
concurrency   [  32% ] 034/200 VUs  03m13.9s/10m00.0s

running (03m14.9s), 034/200 VUs, 314 complete and 0 interrupted iterations
concurrency   [  32% ] 034/200 VUs  03m14.9s/10m00.0s

running (03m15.9s), 035/200 VUs, 316 complete and 0 interrupted iterations
concurrency   [  33% ] 035/200 VUs  03m15.9s/10m00.0s

running (03m16.9s), 035/200 VUs, 324 complete and 0 interrupted iterations
concurrency   [  33% ] 035/200 VUs  03m16.9s/10m00.0s

running (03m17.9s), 035/200 VUs, 324 complete and 0 interrupted iterations
concurrency   [  33% ] 035/200 VUs  03m17.9s/10m00.0s

running (03m18.9s), 036/200 VUs, 330 complete and 0 interrupted iterations
concurrency   [  33% ] 036/200 VUs  03m18.9s/10m00.0s

running (03m19.9s), 036/200 VUs, 335 complete and 0 interrupted iterations
concurrency   [  33% ] 036/200 VUs  03m19.9s/10m00.0s

running (03m20.9s), 036/200 VUs, 335 complete and 0 interrupted iterations
concurrency   [  33% ] 036/200 VUs  03m20.9s/10m00.0s

running (03m21.9s), 037/200 VUs, 343 complete and 0 interrupted iterations
concurrency   [  34% ] 037/200 VUs  03m21.9s/10m00.0s

running (03m22.9s), 037/200 VUs, 349 complete and 0 interrupted iterations
concurrency   [  34% ] 037/200 VUs  03m22.9s/10m00.0s

running (03m23.9s), 037/200 VUs, 350 complete and 0 interrupted iterations
concurrency   [  34% ] 037/200 VUs  03m23.9s/10m00.0s

running (03m24.9s), 038/200 VUs, 357 complete and 0 interrupted iterations
concurrency   [  34% ] 038/200 VUs  03m24.9s/10m00.0s

running (03m25.9s), 038/200 VUs, 358 complete and 0 interrupted iterations
concurrency   [  34% ] 038/200 VUs  03m25.9s/10m00.0s

running (03m26.9s), 038/200 VUs, 363 complete and 0 interrupted iterations
concurrency   [  34% ] 038/200 VUs  03m26.9s/10m00.0s

running (03m27.9s), 039/200 VUs, 369 complete and 0 interrupted iterations
concurrency   [  35% ] 039/200 VUs  03m27.9s/10m00.0s

running (03m28.9s), 039/200 VUs, 371 complete and 0 interrupted iterations
concurrency   [  35% ] 039/200 VUs  03m28.9s/10m00.0s

running (03m29.9s), 039/200 VUs, 371 complete and 0 interrupted iterations
concurrency   [  35% ] 039/200 VUs  03m29.9s/10m00.0s

running (03m30.9s), 040/200 VUs, 381 complete and 0 interrupted iterations
concurrency   [  35% ] 040/200 VUs  03m30.9s/10m00.0s

running (03m31.9s), 040/200 VUs, 386 complete and 0 interrupted iterations
concurrency   [  35% ] 040/200 VUs  03m31.9s/10m00.0s

running (03m32.9s), 040/200 VUs, 386 complete and 0 interrupted iterations
concurrency   [  35% ] 040/200 VUs  03m32.9s/10m00.0s

running (03m33.9s), 041/200 VUs, 394 complete and 0 interrupted iterations
concurrency   [  36% ] 041/200 VUs  03m33.9s/10m00.0s

running (03m34.9s), 041/200 VUs, 401 complete and 0 interrupted iterations
concurrency   [  36% ] 041/200 VUs  03m34.9s/10m00.0s

running (03m35.9s), 041/200 VUs, 405 complete and 0 interrupted iterations
concurrency   [  36% ] 041/200 VUs  03m35.9s/10m00.0s

running (03m36.9s), 042/200 VUs, 410 complete and 0 interrupted iterations
concurrency   [  36% ] 042/200 VUs  03m36.9s/10m00.0s

running (03m37.9s), 042/200 VUs, 410 complete and 0 interrupted iterations
concurrency   [  36% ] 042/200 VUs  03m37.9s/10m00.0s

running (03m38.9s), 042/200 VUs, 410 complete and 0 interrupted iterations
concurrency   [  36% ] 042/200 VUs  03m38.9s/10m00.0s

running (03m39.9s), 043/200 VUs, 419 complete and 0 interrupted iterations
concurrency   [  37% ] 043/200 VUs  03m39.9s/10m00.0s

running (03m40.9s), 043/200 VUs, 421 complete and 0 interrupted iterations
concurrency   [  37% ] 043/200 VUs  03m40.9s/10m00.0s

running (03m41.9s), 043/200 VUs, 427 complete and 0 interrupted iterations
concurrency   [  37% ] 043/200 VUs  03m41.9s/10m00.0s

running (03m42.9s), 044/200 VUs, 429 complete and 0 interrupted iterations
concurrency   [  37% ] 044/200 VUs  03m42.9s/10m00.0s

running (03m43.9s), 044/200 VUs, 429 complete and 0 interrupted iterations
concurrency   [  37% ] 044/200 VUs  03m43.9s/10m00.0s

running (03m44.9s), 044/200 VUs, 430 complete and 0 interrupted iterations
concurrency   [  37% ] 044/200 VUs  03m44.9s/10m00.0s

running (03m45.9s), 045/200 VUs, 434 complete and 0 interrupted iterations
concurrency   [  38% ] 045/200 VUs  03m45.9s/10m00.0s

running (03m46.9s), 045/200 VUs, 434 complete and 0 interrupted iterations
concurrency   [  38% ] 045/200 VUs  03m46.9s/10m00.0s

running (03m47.9s), 045/200 VUs, 437 complete and 0 interrupted iterations
concurrency   [  38% ] 045/200 VUs  03m47.9s/10m00.0s

running (03m48.9s), 046/200 VUs, 446 complete and 0 interrupted iterations
concurrency   [  38% ] 046/200 VUs  03m48.9s/10m00.0s

running (03m49.9s), 046/200 VUs, 454 complete and 0 interrupted iterations
concurrency   [  38% ] 046/200 VUs  03m49.9s/10m00.0s

running (03m50.9s), 046/200 VUs, 454 complete and 0 interrupted iterations
concurrency   [  38% ] 046/200 VUs  03m50.9s/10m00.0s

running (03m51.9s), 047/200 VUs, 454 complete and 0 interrupted iterations
concurrency   [  39% ] 047/200 VUs  03m51.9s/10m00.0s

running (03m52.9s), 047/200 VUs, 463 complete and 0 interrupted iterations
concurrency   [  39% ] 047/200 VUs  03m52.9s/10m00.0s

running (03m53.9s), 047/200 VUs, 472 complete and 0 interrupted iterations
concurrency   [  39% ] 047/200 VUs  03m53.9s/10m00.0s

running (03m54.9s), 048/200 VUs, 473 complete and 0 interrupted iterations
concurrency   [  39% ] 048/200 VUs  03m54.9s/10m00.0s

running (03m55.9s), 048/200 VUs, 476 complete and 0 interrupted iterations
concurrency   [  39% ] 048/200 VUs  03m55.9s/10m00.0s

running (03m56.9s), 048/200 VUs, 487 complete and 0 interrupted iterations
concurrency   [  39% ] 048/200 VUs  03m56.9s/10m00.0s

running (03m57.9s), 049/200 VUs, 487 complete and 0 interrupted iterations
concurrency   [  40% ] 049/200 VUs  03m57.9s/10m00.0s

running (03m58.9s), 049/200 VUs, 494 complete and 0 interrupted iterations
concurrency   [  40% ] 049/200 VUs  03m58.9s/10m00.0s

running (03m59.9s), 049/200 VUs, 501 complete and 0 interrupted iterations
concurrency   [  40% ] 049/200 VUs  03m59.9s/10m00.0s

running (04m00.9s), 050/200 VUs, 501 complete and 0 interrupted iterations
concurrency   [  40% ] 050/200 VUs  04m00.9s/10m00.0s

running (04m01.9s), 050/200 VUs, 501 complete and 0 interrupted iterations
concurrency   [  40% ] 050/200 VUs  04m01.9s/10m00.0s

running (04m02.9s), 051/200 VUs, 501 complete and 0 interrupted iterations
concurrency   [  40% ] 051/200 VUs  04m02.9s/10m00.0s

running (04m03.9s), 051/200 VUs, 501 complete and 0 interrupted iterations
concurrency   [  41% ] 051/200 VUs  04m03.9s/10m00.0s

running (04m04.9s), 052/200 VUs, 501 complete and 0 interrupted iterations
concurrency   [  41% ] 052/200 VUs  04m04.9s/10m00.0s

running (04m05.9s), 052/200 VUs, 502 complete and 0 interrupted iterations
concurrency   [  41% ] 052/200 VUs  04m05.9s/10m00.0s

running (04m06.9s), 052/200 VUs, 512 complete and 0 interrupted iterations
concurrency   [  41% ] 052/200 VUs  04m06.9s/10m00.0s

running (04m07.9s), 053/200 VUs, 520 complete and 0 interrupted iterations
concurrency   [  41% ] 053/200 VUs  04m07.9s/10m00.0s

running (04m08.9s), 053/200 VUs, 521 complete and 0 interrupted iterations
concurrency   [  41% ] 053/200 VUs  04m08.9s/10m00.0s

running (04m09.9s), 054/200 VUs, 521 complete and 0 interrupted iterations
concurrency   [  42% ] 054/200 VUs  04m09.9s/10m00.0s

running (04m10.9s), 054/200 VUs, 528 complete and 0 interrupted iterations
concurrency   [  42% ] 054/200 VUs  04m10.9s/10m00.0s

running (04m11.9s), 054/200 VUs, 536 complete and 0 interrupted iterations
concurrency   [  42% ] 054/200 VUs  04m11.9s/10m00.0s

running (04m12.9s), 055/200 VUs, 541 complete and 0 interrupted iterations
concurrency   [  42% ] 055/200 VUs  04m12.9s/10m00.0s

running (04m13.9s), 055/200 VUs, 541 complete and 0 interrupted iterations
concurrency   [  42% ] 055/200 VUs  04m13.9s/10m00.0s

running (04m14.9s), 056/200 VUs, 542 complete and 0 interrupted iterations
concurrency   [  42% ] 056/200 VUs  04m14.9s/10m00.0s

running (04m15.9s), 056/200 VUs, 550 complete and 0 interrupted iterations
concurrency   [  43% ] 056/200 VUs  04m15.9s/10m00.0s

running (04m16.9s), 057/200 VUs, 560 complete and 0 interrupted iterations
concurrency   [  43% ] 057/200 VUs  04m16.9s/10m00.0s

running (04m17.9s), 057/200 VUs, 561 complete and 0 interrupted iterations
concurrency   [  43% ] 057/200 VUs  04m17.9s/10m00.0s

running (04m18.9s), 057/200 VUs, 561 complete and 0 interrupted iterations
concurrency   [  43% ] 057/200 VUs  04m18.9s/10m00.0s

running (04m19.9s), 058/200 VUs, 568 complete and 0 interrupted iterations
concurrency   [  43% ] 058/200 VUs  04m19.9s/10m00.0s

running (04m20.9s), 058/200 VUs, 576 complete and 0 interrupted iterations
concurrency   [  43% ] 058/200 VUs  04m20.9s/10m00.0s

running (04m21.9s), 059/200 VUs, 581 complete and 0 interrupted iterations
concurrency   [  44% ] 059/200 VUs  04m21.9s/10m00.0s

running (04m22.9s), 059/200 VUs, 581 complete and 0 interrupted iterations
concurrency   [  44% ] 059/200 VUs  04m22.9s/10m00.0s

running (04m23.9s), 059/200 VUs, 583 complete and 0 interrupted iterations
concurrency   [  44% ] 059/200 VUs  04m23.9s/10m00.0s

running (04m24.9s), 060/200 VUs, 592 complete and 0 interrupted iterations
concurrency   [  44% ] 060/200 VUs  04m24.9s/10m00.0s

running (04m25.9s), 060/200 VUs, 601 complete and 0 interrupted iterations
concurrency   [  44% ] 060/200 VUs  04m25.9s/10m00.0s

running (04m26.9s), 061/200 VUs, 601 complete and 0 interrupted iterations
concurrency   [  44% ] 061/200 VUs  04m26.9s/10m00.0s

running (04m27.9s), 061/200 VUs, 601 complete and 0 interrupted iterations
concurrency   [  45% ] 061/200 VUs  04m27.9s/10m00.0s

running (04m28.9s), 062/200 VUs, 609 complete and 0 interrupted iterations
concurrency   [  45% ] 062/200 VUs  04m28.9s/10m00.0s

running (04m29.9s), 062/200 VUs, 616 complete and 0 interrupted iterations
concurrency   [  45% ] 062/200 VUs  04m29.9s/10m00.0s

running (04m30.9s), 062/200 VUs, 621 complete and 0 interrupted iterations
concurrency   [  45% ] 062/200 VUs  04m30.9s/10m00.0s

running (04m31.9s), 063/200 VUs, 621 complete and 0 interrupted iterations
concurrency   [  45% ] 063/200 VUs  04m31.9s/10m00.0s

running (04m32.9s), 063/200 VUs, 623 complete and 0 interrupted iterations
concurrency   [  45% ] 063/200 VUs  04m32.9s/10m00.0s

running (04m33.9s), 064/200 VUs, 633 complete and 0 interrupted iterations
concurrency   [  46% ] 064/200 VUs  04m33.9s/10m00.0s

running (04m34.9s), 064/200 VUs, 641 complete and 0 interrupted iterations
concurrency   [  46% ] 064/200 VUs  04m34.9s/10m00.0s

running (04m35.9s), 064/200 VUs, 641 complete and 0 interrupted iterations
concurrency   [  46% ] 064/200 VUs  04m35.9s/10m00.0s

running (04m36.9s), 065/200 VUs, 642 complete and 0 interrupted iterations
concurrency   [  46% ] 065/200 VUs  04m36.9s/10m00.0s

running (04m37.9s), 065/200 VUs, 652 complete and 0 interrupted iterations
concurrency   [  46% ] 065/200 VUs  04m37.9s/10m00.0s

running (04m38.9s), 066/200 VUs, 659 complete and 0 interrupted iterations
concurrency   [  46% ] 066/200 VUs  04m38.9s/10m00.0s

running (04m39.9s), 066/200 VUs, 661 complete and 0 interrupted iterations
concurrency   [  47% ] 066/200 VUs  04m39.9s/10m00.0s

running (04m40.9s), 067/200 VUs, 661 complete and 0 interrupted iterations
concurrency   [  47% ] 067/200 VUs  04m40.9s/10m00.0s

running (04m41.9s), 067/200 VUs, 670 complete and 0 interrupted iterations
concurrency   [  47% ] 067/200 VUs  04m41.9s/10m00.0s

running (04m42.9s), 067/200 VUs, 679 complete and 0 interrupted iterations
concurrency   [  47% ] 067/200 VUs  04m42.9s/10m00.0s

running (04m43.9s), 068/200 VUs, 681 complete and 0 interrupted iterations
concurrency   [  47% ] 068/200 VUs  04m43.9s/10m00.0s

running (04m44.9s), 068/200 VUs, 681 complete and 0 interrupted iterations
concurrency   [  47% ] 068/200 VUs  04m44.9s/10m00.0s

running (04m45.9s), 069/200 VUs, 685 complete and 0 interrupted iterations
concurrency   [  48% ] 069/200 VUs  04m45.9s/10m00.0s

running (04m46.9s), 069/200 VUs, 697 complete and 0 interrupted iterations
concurrency   [  48% ] 069/200 VUs  04m46.9s/10m00.0s

running (04m47.9s), 069/200 VUs, 701 complete and 0 interrupted iterations
concurrency   [  48% ] 069/200 VUs  04m47.9s/10m00.0s

running (04m48.9s), 070/200 VUs, 701 complete and 0 interrupted iterations
concurrency   [  48% ] 070/200 VUs  04m48.9s/10m00.0s

running (04m49.9s), 070/200 VUs, 702 complete and 0 interrupted iterations
concurrency   [  48% ] 070/200 VUs  04m49.9s/10m00.0s

running (04m50.9s), 071/200 VUs, 709 complete and 0 interrupted iterations
concurrency   [  48% ] 071/200 VUs  04m50.9s/10m00.0s

running (04m51.9s), 071/200 VUs, 720 complete and 0 interrupted iterations
concurrency   [  49% ] 071/200 VUs  04m51.9s/10m00.0s

running (04m52.9s), 072/200 VUs, 721 complete and 0 interrupted iterations
concurrency   [  49% ] 072/200 VUs  04m52.9s/10m00.0s

running (04m53.9s), 072/200 VUs, 721 complete and 0 interrupted iterations
concurrency   [  49% ] 072/200 VUs  04m53.9s/10m00.0s

running (04m54.9s), 072/200 VUs, 727 complete and 0 interrupted iterations
concurrency   [  49% ] 072/200 VUs  04m54.9s/10m00.0s

running (04m55.9s), 073/200 VUs, 734 complete and 0 interrupted iterations
concurrency   [  49% ] 073/200 VUs  04m55.9s/10m00.0s

running (04m56.9s), 073/200 VUs, 741 complete and 0 interrupted iterations
concurrency   [  49% ] 073/200 VUs  04m56.9s/10m00.0s

running (04m57.9s), 074/200 VUs, 741 complete and 0 interrupted iterations
concurrency   [  50% ] 074/200 VUs  04m57.9s/10m00.0s

running (04m58.9s), 074/200 VUs, 742 complete and 0 interrupted iterations
concurrency   [  50% ] 074/200 VUs  04m58.9s/10m00.0s

running (04m59.9s), 074/200 VUs, 750 complete and 0 interrupted iterations
concurrency   [  50% ] 074/200 VUs  04m59.9s/10m00.0s

running (05m00.9s), 075/200 VUs, 761 complete and 0 interrupted iterations
concurrency   [  50% ] 075/200 VUs  05m00.9s/10m00.0s

running (05m01.9s), 075/200 VUs, 761 complete and 0 interrupted iterations
concurrency   [  50% ] 075/200 VUs  05m01.9s/10m00.0s

running (05m02.9s), 076/200 VUs, 761 complete and 0 interrupted iterations
concurrency   [  50% ] 076/200 VUs  05m02.9s/10m00.0s

running (05m03.9s), 076/200 VUs, 773 complete and 0 interrupted iterations
concurrency   [  51% ] 076/200 VUs  05m03.9s/10m00.0s

running (05m04.9s), 077/200 VUs, 781 complete and 0 interrupted iterations
concurrency   [  51% ] 077/200 VUs  05m04.9s/10m00.0s

running (05m05.9s), 077/200 VUs, 781 complete and 0 interrupted iterations
concurrency   [  51% ] 077/200 VUs  05m05.9s/10m00.0s

running (05m06.9s), 077/200 VUs, 781 complete and 0 interrupted iterations
concurrency   [  51% ] 077/200 VUs  05m06.9s/10m00.0s

running (05m07.9s), 078/200 VUs, 786 complete and 0 interrupted iterations
concurrency   [  51% ] 078/200 VUs  05m07.9s/10m00.0s

running (05m08.9s), 078/200 VUs, 797 complete and 0 interrupted iterations
concurrency   [  51% ] 078/200 VUs  05m08.9s/10m00.0s

running (05m09.9s), 079/200 VUs, 801 complete and 0 interrupted iterations
concurrency   [  52% ] 079/200 VUs  05m09.9s/10m00.0s

running (05m10.9s), 079/200 VUs, 801 complete and 0 interrupted iterations
concurrency   [  52% ] 079/200 VUs  05m10.9s/10m00.0s

running (05m11.9s), 079/200 VUs, 802 complete and 0 interrupted iterations
concurrency   [  52% ] 079/200 VUs  05m11.9s/10m00.0s

running (05m12.9s), 080/200 VUs, 813 complete and 0 interrupted iterations
concurrency   [  52% ] 080/200 VUs  05m12.9s/10m00.0s

running (05m13.9s), 080/200 VUs, 821 complete and 0 interrupted iterations
concurrency   [  52% ] 080/200 VUs  05m13.9s/10m00.0s

running (05m14.9s), 081/200 VUs, 821 complete and 0 interrupted iterations
concurrency   [  52% ] 081/200 VUs  05m14.9s/10m00.0s

running (05m15.9s), 081/200 VUs, 821 complete and 0 interrupted iterations
concurrency   [  53% ] 081/200 VUs  05m15.9s/10m00.0s

running (05m16.9s), 082/200 VUs, 830 complete and 0 interrupted iterations
concurrency   [  53% ] 082/200 VUs  05m16.9s/10m00.0s

running (05m17.9s), 082/200 VUs, 839 complete and 0 interrupted iterations
concurrency   [  53% ] 082/200 VUs  05m17.9s/10m00.0s

running (05m18.9s), 082/200 VUs, 841 complete and 0 interrupted iterations
concurrency   [  53% ] 082/200 VUs  05m18.9s/10m00.0s

running (05m19.9s), 083/200 VUs, 841 complete and 0 interrupted iterations
concurrency   [  53% ] 083/200 VUs  05m19.9s/10m00.0s

running (05m20.9s), 083/200 VUs, 846 complete and 0 interrupted iterations
concurrency   [  53% ] 083/200 VUs  05m20.9s/10m00.0s

running (05m21.9s), 084/200 VUs, 856 complete and 0 interrupted iterations
concurrency   [  54% ] 084/200 VUs  05m21.9s/10m00.0s

running (05m22.9s), 084/200 VUs, 861 complete and 0 interrupted iterations
concurrency   [  54% ] 084/200 VUs  05m22.9s/10m00.0s

running (05m23.9s), 084/200 VUs, 861 complete and 0 interrupted iterations
concurrency   [  54% ] 084/200 VUs  05m23.9s/10m00.0s

running (05m24.9s), 085/200 VUs, 861 complete and 0 interrupted iterations
concurrency   [  54% ] 085/200 VUs  05m24.9s/10m00.0s

running (05m25.9s), 085/200 VUs, 872 complete and 0 interrupted iterations
concurrency   [  54% ] 085/200 VUs  05m25.9s/10m00.0s

running (05m26.9s), 086/200 VUs, 880 complete and 0 interrupted iterations
concurrency   [  54% ] 086/200 VUs  05m26.9s/10m00.0s

running (05m27.9s), 086/200 VUs, 881 complete and 0 interrupted iterations
concurrency   [  55% ] 086/200 VUs  05m27.9s/10m00.0s

running (05m28.9s), 087/200 VUs, 881 complete and 0 interrupted iterations
concurrency   [  55% ] 087/200 VUs  05m28.9s/10m00.0s

running (05m29.9s), 087/200 VUs, 891 complete and 0 interrupted iterations
concurrency   [  55% ] 087/200 VUs  05m29.9s/10m00.0s

running (05m30.9s), 087/200 VUs, 900 complete and 0 interrupted iterations
concurrency   [  55% ] 087/200 VUs  05m30.9s/10m00.0s

running (05m31.9s), 088/200 VUs, 901 complete and 0 interrupted iterations
concurrency   [  55% ] 088/200 VUs  05m31.9s/10m00.0s

running (05m32.9s), 088/200 VUs, 901 complete and 0 interrupted iterations
concurrency   [  55% ] 088/200 VUs  05m32.9s/10m00.0s

running (05m33.9s), 089/200 VUs, 909 complete and 0 interrupted iterations
concurrency   [  56% ] 089/200 VUs  05m33.9s/10m00.0s

running (05m34.9s), 089/200 VUs, 916 complete and 0 interrupted iterations
concurrency   [  56% ] 089/200 VUs  05m34.9s/10m00.0s

running (05m35.9s), 089/200 VUs, 921 complete and 0 interrupted iterations
concurrency   [  56% ] 089/200 VUs  05m35.9s/10m00.0s

running (05m36.9s), 090/200 VUs, 921 complete and 0 interrupted iterations
concurrency   [  56% ] 090/200 VUs  05m36.9s/10m00.0s

running (05m37.9s), 090/200 VUs, 927 complete and 0 interrupted iterations
concurrency   [  56% ] 090/200 VUs  05m37.9s/10m00.0s

running (05m38.9s), 091/200 VUs, 939 complete and 0 interrupted iterations
concurrency   [  56% ] 091/200 VUs  05m38.9s/10m00.0s

running (05m39.9s), 091/200 VUs, 941 complete and 0 interrupted iterations
concurrency   [  57% ] 091/200 VUs  05m39.9s/10m00.0s

running (05m40.9s), 092/200 VUs, 941 complete and 0 interrupted iterations
concurrency   [  57% ] 092/200 VUs  05m40.9s/10m00.0s

running (05m41.9s), 092/200 VUs, 950 complete and 0 interrupted iterations
concurrency   [  57% ] 092/200 VUs  05m41.9s/10m00.0s

running (05m42.9s), 092/200 VUs, 960 complete and 0 interrupted iterations
concurrency   [  57% ] 092/200 VUs  05m42.9s/10m00.0s

running (05m43.9s), 093/200 VUs, 961 complete and 0 interrupted iterations
concurrency   [  57% ] 093/200 VUs  05m43.9s/10m00.0s

running (05m44.9s), 093/200 VUs, 962 complete and 0 interrupted iterations
concurrency   [  57% ] 093/200 VUs  05m44.9s/10m00.0s

running (05m45.9s), 094/200 VUs, 975 complete and 0 interrupted iterations
concurrency   [  58% ] 094/200 VUs  05m45.9s/10m00.0s

running (05m46.9s), 094/200 VUs, 981 complete and 0 interrupted iterations
concurrency   [  58% ] 094/200 VUs  05m46.9s/10m00.0s

running (05m47.9s), 094/200 VUs, 981 complete and 0 interrupted iterations
concurrency   [  58% ] 094/200 VUs  05m47.9s/10m00.0s

running (05m48.9s), 095/200 VUs, 985 complete and 0 interrupted iterations
concurrency   [  58% ] 095/200 VUs  05m48.9s/10m00.0s

running (05m49.9s), 095/200 VUs, 998 complete and 0 interrupted iterations
concurrency   [  58% ] 095/200 VUs  05m49.9s/10m00.0s

running (05m50.9s), 096/200 VUs, 1001 complete and 0 interrupted iterations
concurrency   [  58% ] 096/200 VUs  05m50.9s/10m00.0s

running (05m51.9s), 096/200 VUs, 1001 complete and 0 interrupted iterations
concurrency   [  59% ] 096/200 VUs  05m51.9s/10m00.0s

running (05m52.9s), 097/200 VUs, 1004 complete and 0 interrupted iterations
concurrency   [  59% ] 097/200 VUs  05m52.9s/10m00.0s

running (05m53.9s), 097/200 VUs, 1015 complete and 0 interrupted iterations
concurrency   [  59% ] 097/200 VUs  05m53.9s/10m00.0s

running (05m54.9s), 097/200 VUs, 1021 complete and 0 interrupted iterations
concurrency   [  59% ] 097/200 VUs  05m54.9s/10m00.0s

running (05m55.9s), 098/200 VUs, 1021 complete and 0 interrupted iterations
concurrency   [  59% ] 098/200 VUs  05m55.9s/10m00.0s

running (05m56.9s), 098/200 VUs, 1025 complete and 0 interrupted iterations
concurrency   [  59% ] 098/200 VUs  05m56.9s/10m00.0s

running (05m57.9s), 099/200 VUs, 1034 complete and 0 interrupted iterations
concurrency   [  60% ] 099/200 VUs  05m57.9s/10m00.0s

running (05m58.9s), 099/200 VUs, 1041 complete and 0 interrupted iterations
concurrency   [  60% ] 099/200 VUs  05m58.9s/10m00.0s

running (05m59.9s), 099/200 VUs, 1041 complete and 0 interrupted iterations
concurrency   [  60% ] 099/200 VUs  05m59.9s/10m00.0s

running (06m00.9s), 100/200 VUs, 1041 complete and 0 interrupted iterations
concurrency   [  60% ] 100/200 VUs  06m00.9s/10m00.0s

running (06m01.9s), 101/200 VUs, 1056 complete and 0 interrupted iterations
concurrency   [  60% ] 101/200 VUs  06m01.9s/10m00.0s

running (06m02.9s), 102/200 VUs, 1061 complete and 0 interrupted iterations
concurrency   [  60% ] 102/200 VUs  06m02.9s/10m00.0s

running (06m03.9s), 103/200 VUs, 1061 complete and 0 interrupted iterations
concurrency   [  61% ] 103/200 VUs  06m03.9s/10m00.0s

running (06m04.9s), 104/200 VUs, 1064 complete and 0 interrupted iterations
concurrency   [  61% ] 104/200 VUs  06m04.9s/10m00.0s

running (06m05.9s), 104/200 VUs, 1072 complete and 0 interrupted iterations
concurrency   [  61% ] 104/200 VUs  06m05.9s/10m00.0s

running (06m06.9s), 105/200 VUs, 1081 complete and 0 interrupted iterations
concurrency   [  61% ] 105/200 VUs  06m06.9s/10m00.0s

running (06m07.9s), 106/200 VUs, 1081 complete and 0 interrupted iterations
concurrency   [  61% ] 106/200 VUs  06m07.9s/10m00.0s

running (06m08.9s), 107/200 VUs, 1081 complete and 0 interrupted iterations
concurrency   [  61% ] 107/200 VUs  06m08.9s/10m00.0s

running (06m09.9s), 108/200 VUs, 1094 complete and 0 interrupted iterations
concurrency   [  62% ] 108/200 VUs  06m09.9s/10m00.0s

running (06m10.9s), 109/200 VUs, 1101 complete and 0 interrupted iterations
concurrency   [  62% ] 109/200 VUs  06m10.9s/10m00.0s

running (06m11.9s), 109/200 VUs, 1101 complete and 0 interrupted iterations
concurrency   [  62% ] 109/200 VUs  06m11.9s/10m00.0s

running (06m12.9s), 110/200 VUs, 1101 complete and 0 interrupted iterations
concurrency   [  62% ] 110/200 VUs  06m12.9s/10m00.0s

running (06m13.9s), 111/200 VUs, 1110 complete and 0 interrupted iterations
concurrency   [  62% ] 111/200 VUs  06m13.9s/10m00.0s

running (06m14.9s), 112/200 VUs, 1117 complete and 0 interrupted iterations
concurrency   [  62% ] 112/200 VUs  06m14.9s/10m00.0s

running (06m15.9s), 113/200 VUs, 1121 complete and 0 interrupted iterations
concurrency   [  63% ] 113/200 VUs  06m15.9s/10m00.0s

running (06m16.9s), 114/200 VUs, 1121 complete and 0 interrupted iterations
concurrency   [  63% ] 114/200 VUs  06m16.9s/10m00.0s

running (06m17.9s), 114/200 VUs, 1125 complete and 0 interrupted iterations
concurrency   [  63% ] 114/200 VUs  06m17.9s/10m00.0s

running (06m18.9s), 115/200 VUs, 1137 complete and 0 interrupted iterations
concurrency   [  63% ] 115/200 VUs  06m18.9s/10m00.0s

running (06m19.9s), 116/200 VUs, 1141 complete and 0 interrupted iterations
concurrency   [  63% ] 116/200 VUs  06m19.9s/10m00.0s

running (06m20.9s), 117/200 VUs, 1141 complete and 0 interrupted iterations
concurrency   [  63% ] 117/200 VUs  06m20.9s/10m00.0s

running (06m21.9s), 118/200 VUs, 1144 complete and 0 interrupted iterations
concurrency   [  64% ] 118/200 VUs  06m21.9s/10m00.0s

running (06m22.9s), 119/200 VUs, 1154 complete and 0 interrupted iterations
concurrency   [  64% ] 119/200 VUs  06m22.9s/10m00.0s

running (06m23.9s), 119/200 VUs, 1161 complete and 0 interrupted iterations
concurrency   [  64% ] 119/200 VUs  06m23.9s/10m00.0s

running (06m24.9s), 120/200 VUs, 1161 complete and 0 interrupted iterations
concurrency   [  64% ] 120/200 VUs  06m24.9s/10m00.0s

running (06m25.9s), 121/200 VUs, 1164 complete and 0 interrupted iterations
concurrency   [  64% ] 121/200 VUs  06m25.9s/10m00.0s

running (06m26.9s), 122/200 VUs, 1175 complete and 0 interrupted iterations
concurrency   [  64% ] 122/200 VUs  06m26.9s/10m00.0s

running (06m27.9s), 123/200 VUs, 1181 complete and 0 interrupted iterations
concurrency   [  65% ] 123/200 VUs  06m27.9s/10m00.0s

running (06m28.9s), 124/200 VUs, 1181 complete and 0 interrupted iterations
concurrency   [  65% ] 124/200 VUs  06m28.9s/10m00.0s

running (06m29.9s), 124/200 VUs, 1186 complete and 0 interrupted iterations
concurrency   [  65% ] 124/200 VUs  06m29.9s/10m00.0s

running (06m30.9s), 125/200 VUs, 1196 complete and 0 interrupted iterations
concurrency   [  65% ] 125/200 VUs  06m30.9s/10m00.0s

running (06m31.9s), 126/200 VUs, 1201 complete and 0 interrupted iterations
concurrency   [  65% ] 126/200 VUs  06m31.9s/10m00.0s

running (06m32.9s), 127/200 VUs, 1201 complete and 0 interrupted iterations
concurrency   [  65% ] 127/200 VUs  06m32.9s/10m00.0s

running (06m33.9s), 128/200 VUs, 1201 complete and 0 interrupted iterations
concurrency   [  66% ] 128/200 VUs  06m33.9s/10m00.0s

running (06m34.9s), 129/200 VUs, 1211 complete and 0 interrupted iterations
concurrency   [  66% ] 129/200 VUs  06m34.9s/10m00.0s

running (06m36.0s), 129/200 VUs, 1220 complete and 0 interrupted iterations
concurrency   [  66% ] 129/200 VUs  06m35.9s/10m00.0s

running (06m36.9s), 130/200 VUs, 1221 complete and 0 interrupted iterations
concurrency   [  66% ] 130/200 VUs  06m36.9s/10m00.0s

running (06m37.9s), 131/200 VUs, 1221 complete and 0 interrupted iterations
concurrency   [  66% ] 131/200 VUs  06m37.9s/10m00.0s

running (06m38.9s), 132/200 VUs, 1228 complete and 0 interrupted iterations
concurrency   [  66% ] 132/200 VUs  06m38.9s/10m00.0s

running (06m39.9s), 133/200 VUs, 1237 complete and 0 interrupted iterations
concurrency   [  67% ] 133/200 VUs  06m39.9s/10m00.0s

running (06m40.9s), 134/200 VUs, 1241 complete and 0 interrupted iterations
concurrency   [  67% ] 134/200 VUs  06m40.9s/10m00.0s

running (06m41.9s), 134/200 VUs, 1241 complete and 0 interrupted iterations
concurrency   [  67% ] 134/200 VUs  06m41.9s/10m00.0s

running (06m42.9s), 135/200 VUs, 1241 complete and 0 interrupted iterations
concurrency   [  67% ] 135/200 VUs  06m42.9s/10m00.0s

running (06m43.9s), 136/200 VUs, 1250 complete and 0 interrupted iterations
concurrency   [  67% ] 136/200 VUs  06m43.9s/10m00.0s

running (06m44.9s), 137/200 VUs, 1259 complete and 0 interrupted iterations
concurrency   [  67% ] 137/200 VUs  06m44.9s/10m00.0s

running (06m45.9s), 138/200 VUs, 1261 complete and 0 interrupted iterations
concurrency   [  68% ] 138/200 VUs  06m45.9s/10m00.0s

running (06m46.9s), 139/200 VUs, 1261 complete and 0 interrupted iterations
concurrency   [  68% ] 139/200 VUs  06m46.9s/10m00.0s

running (06m47.9s), 139/200 VUs, 1264 complete and 0 interrupted iterations
concurrency   [  68% ] 139/200 VUs  06m47.9s/10m00.0s

running (06m48.9s), 140/200 VUs, 1275 complete and 0 interrupted iterations
concurrency   [  68% ] 140/200 VUs  06m48.9s/10m00.0s

running (06m49.9s), 141/200 VUs, 1281 complete and 0 interrupted iterations
concurrency   [  68% ] 141/200 VUs  06m49.9s/10m00.0s

running (06m50.9s), 142/200 VUs, 1281 complete and 0 interrupted iterations
concurrency   [  68% ] 142/200 VUs  06m50.9s/10m00.0s

running (06m51.9s), 143/200 VUs, 1281 complete and 0 interrupted iterations
concurrency   [  69% ] 143/200 VUs  06m51.9s/10m00.0s

running (06m52.9s), 144/200 VUs, 1288 complete and 0 interrupted iterations
concurrency   [  69% ] 144/200 VUs  06m52.9s/10m00.0s

running (06m53.9s), 144/200 VUs, 1298 complete and 0 interrupted iterations
concurrency   [  69% ] 144/200 VUs  06m53.9s/10m00.0s

running (06m54.9s), 145/200 VUs, 1301 complete and 0 interrupted iterations
concurrency   [  69% ] 145/200 VUs  06m54.9s/10m00.0s

running (06m55.9s), 146/200 VUs, 1301 complete and 0 interrupted iterations
concurrency   [  69% ] 146/200 VUs  06m55.9s/10m00.0s

running (06m56.9s), 147/200 VUs, 1303 complete and 0 interrupted iterations
concurrency   [  69% ] 147/200 VUs  06m56.9s/10m00.0s

running (06m57.9s), 148/200 VUs, 1310 complete and 0 interrupted iterations
concurrency   [  70% ] 148/200 VUs  06m57.9s/10m00.0s

running (06m58.9s), 149/200 VUs, 1320 complete and 0 interrupted iterations
concurrency   [  70% ] 149/200 VUs  06m58.9s/10m00.0s

running (06m59.9s), 149/200 VUs, 1321 complete and 0 interrupted iterations
concurrency   [  70% ] 149/200 VUs  06m59.9s/10m00.0s

running (07m00.9s), 150/200 VUs, 1321 complete and 0 interrupted iterations
concurrency   [  70% ] 150/200 VUs  07m00.9s/10m00.0s

running (07m01.9s), 151/200 VUs, 1328 complete and 0 interrupted iterations
concurrency   [  70% ] 151/200 VUs  07m01.9s/10m00.0s

running (07m02.9s), 152/200 VUs, 1337 complete and 0 interrupted iterations
concurrency   [  70% ] 152/200 VUs  07m02.9s/10m00.0s

running (07m03.9s), 153/200 VUs, 1341 complete and 0 interrupted iterations
concurrency   [  71% ] 153/200 VUs  07m03.9s/10m00.0s

running (07m04.9s), 154/200 VUs, 1341 complete and 0 interrupted iterations
concurrency   [  71% ] 154/200 VUs  07m04.9s/10m00.0s

running (07m05.9s), 154/200 VUs, 1342 complete and 0 interrupted iterations
concurrency   [  71% ] 154/200 VUs  07m05.9s/10m00.0s

running (07m06.9s), 155/200 VUs, 1351 complete and 0 interrupted iterations
concurrency   [  71% ] 155/200 VUs  07m06.9s/10m00.0s

running (07m07.9s), 156/200 VUs, 1360 complete and 0 interrupted iterations
concurrency   [  71% ] 156/200 VUs  07m07.9s/10m00.0s

running (07m08.9s), 157/200 VUs, 1361 complete and 0 interrupted iterations
concurrency   [  71% ] 157/200 VUs  07m08.9s/10m00.0s

running (07m09.9s), 158/200 VUs, 1361 complete and 0 interrupted iterations
concurrency   [  72% ] 158/200 VUs  07m09.9s/10m00.0s

running (07m10.9s), 159/200 VUs, 1368 complete and 0 interrupted iterations
concurrency   [  72% ] 159/200 VUs  07m10.9s/10m00.0s

running (07m11.9s), 159/200 VUs, 1375 complete and 0 interrupted iterations
concurrency   [  72% ] 159/200 VUs  07m11.9s/10m00.0s

running (07m12.9s), 160/200 VUs, 1381 complete and 0 interrupted iterations
concurrency   [  72% ] 160/200 VUs  07m12.9s/10m00.0s

running (07m13.9s), 161/200 VUs, 1381 complete and 0 interrupted iterations
concurrency   [  72% ] 161/200 VUs  07m13.9s/10m00.0s

running (07m14.9s), 162/200 VUs, 1385 complete and 0 interrupted iterations
concurrency   [  72% ] 162/200 VUs  07m14.9s/10m00.0s

running (07m15.9s), 163/200 VUs, 1393 complete and 0 interrupted iterations
concurrency   [  73% ] 163/200 VUs  07m15.9s/10m00.0s

running (07m16.9s), 164/200 VUs, 1401 complete and 0 interrupted iterations
concurrency   [  73% ] 164/200 VUs  07m16.9s/10m00.0s

running (07m17.9s), 164/200 VUs, 1401 complete and 0 interrupted iterations
concurrency   [  73% ] 164/200 VUs  07m17.9s/10m00.0s

running (07m18.9s), 165/200 VUs, 1401 complete and 0 interrupted iterations
concurrency   [  73% ] 165/200 VUs  07m18.9s/10m00.0s

running (07m19.9s), 166/200 VUs, 1411 complete and 0 interrupted iterations
concurrency   [  73% ] 166/200 VUs  07m19.9s/10m00.0s

running (07m20.9s), 167/200 VUs, 1421 complete and 0 interrupted iterations
concurrency   [  73% ] 167/200 VUs  07m20.9s/10m00.0s

running (07m21.9s), 168/200 VUs, 1421 complete and 0 interrupted iterations
concurrency   [  74% ] 168/200 VUs  07m21.9s/10m00.0s

running (07m22.9s), 169/200 VUs, 1421 complete and 0 interrupted iterations
concurrency   [  74% ] 169/200 VUs  07m22.9s/10m00.0s

running (07m23.9s), 169/200 VUs, 1426 complete and 0 interrupted iterations
concurrency   [  74% ] 169/200 VUs  07m23.9s/10m00.0s

running (07m24.9s), 170/200 VUs, 1435 complete and 0 interrupted iterations
concurrency   [  74% ] 170/200 VUs  07m24.9s/10m00.0s

running (07m25.9s), 171/200 VUs, 1441 complete and 0 interrupted iterations
concurrency   [  74% ] 171/200 VUs  07m25.9s/10m00.0s

running (07m26.9s), 172/200 VUs, 1441 complete and 0 interrupted iterations
concurrency   [  74% ] 172/200 VUs  07m26.9s/10m00.0s

running (07m27.9s), 173/200 VUs, 1441 complete and 0 interrupted iterations
concurrency   [  75% ] 173/200 VUs  07m27.9s/10m00.0s

running (07m28.9s), 174/200 VUs, 1448 complete and 0 interrupted iterations
concurrency   [  75% ] 174/200 VUs  07m28.9s/10m00.0s

running (07m29.9s), 174/200 VUs, 1460 complete and 0 interrupted iterations
concurrency   [  75% ] 174/200 VUs  07m29.9s/10m00.0s

running (07m30.9s), 175/200 VUs, 1461 complete and 0 interrupted iterations
concurrency   [  75% ] 175/200 VUs  07m30.9s/10m00.0s

running (07m31.9s), 176/200 VUs, 1461 complete and 0 interrupted iterations
concurrency   [  75% ] 176/200 VUs  07m31.9s/10m00.0s

running (07m32.9s), 177/200 VUs, 1468 complete and 0 interrupted iterations
concurrency   [  75% ] 177/200 VUs  07m32.9s/10m00.0s

running (07m33.9s), 178/200 VUs, 1478 complete and 0 interrupted iterations
concurrency   [  76% ] 178/200 VUs  07m33.9s/10m00.0s

running (07m34.9s), 179/200 VUs, 1481 complete and 0 interrupted iterations
concurrency   [  76% ] 179/200 VUs  07m34.9s/10m00.0s

running (07m35.9s), 179/200 VUs, 1481 complete and 0 interrupted iterations
concurrency   [  76% ] 179/200 VUs  07m35.9s/10m00.0s

running (07m36.9s), 180/200 VUs, 1483 complete and 0 interrupted iterations
concurrency   [  76% ] 180/200 VUs  07m36.9s/10m00.0s

running (07m37.9s), 181/200 VUs, 1492 complete and 0 interrupted iterations
concurrency   [  76% ] 181/200 VUs  07m37.9s/10m00.0s

running (07m38.9s), 182/200 VUs, 1501 complete and 0 interrupted iterations
concurrency   [  76% ] 182/200 VUs  07m38.9s/10m00.0s

running (07m39.9s), 183/200 VUs, 1501 complete and 0 interrupted iterations
concurrency   [  77% ] 183/200 VUs  07m39.9s/10m00.0s

running (07m40.9s), 184/200 VUs, 1502 complete and 0 interrupted iterations
concurrency   [  77% ] 184/200 VUs  07m40.9s/10m00.0s

running (07m41.9s), 184/200 VUs, 1503 complete and 0 interrupted iterations
concurrency   [  77% ] 184/200 VUs  07m41.9s/10m00.0s

running (07m42.9s), 185/200 VUs, 1515 complete and 0 interrupted iterations
concurrency   [  77% ] 185/200 VUs  07m42.9s/10m00.0s

running (07m43.9s), 186/200 VUs, 1521 complete and 0 interrupted iterations
concurrency   [  77% ] 186/200 VUs  07m43.9s/10m00.0s

running (07m44.9s), 187/200 VUs, 1521 complete and 0 interrupted iterations
concurrency   [  77% ] 187/200 VUs  07m44.9s/10m00.0s

running (07m45.9s), 188/200 VUs, 1521 complete and 0 interrupted iterations
concurrency   [  78% ] 188/200 VUs  07m45.9s/10m00.0s

running (07m46.9s), 189/200 VUs, 1529 complete and 0 interrupted iterations
concurrency   [  78% ] 189/200 VUs  07m46.9s/10m00.0s

running (07m47.9s), 189/200 VUs, 1540 complete and 0 interrupted iterations
concurrency   [  78% ] 189/200 VUs  07m47.9s/10m00.0s

running (07m48.9s), 190/200 VUs, 1541 complete and 0 interrupted iterations
concurrency   [  78% ] 190/200 VUs  07m48.9s/10m00.0s

running (07m49.9s), 191/200 VUs, 1549 complete and 0 interrupted iterations
concurrency   [  78% ] 191/200 VUs  07m49.9s/10m00.0s

running (07m50.9s), 192/200 VUs, 1549 complete and 0 interrupted iterations
concurrency   [  78% ] 192/200 VUs  07m50.9s/10m00.0s

running (07m51.9s), 193/200 VUs, 1557 complete and 0 interrupted iterations
concurrency   [  79% ] 193/200 VUs  07m51.9s/10m00.0s

running (07m52.9s), 194/200 VUs, 1561 complete and 0 interrupted iterations
concurrency   [  79% ] 194/200 VUs  07m52.9s/10m00.0s

running (07m53.9s), 194/200 VUs, 1568 complete and 0 interrupted iterations
concurrency   [  79% ] 194/200 VUs  07m53.9s/10m00.0s

running (07m54.9s), 195/200 VUs, 1577 complete and 0 interrupted iterations
concurrency   [  79% ] 195/200 VUs  07m54.9s/10m00.0s

running (07m55.9s), 196/200 VUs, 1577 complete and 0 interrupted iterations
concurrency   [  79% ] 196/200 VUs  07m55.9s/10m00.0s

running (07m56.9s), 197/200 VUs, 1579 complete and 0 interrupted iterations
concurrency   [  79% ] 197/200 VUs  07m56.9s/10m00.0s

running (07m57.9s), 198/200 VUs, 1590 complete and 0 interrupted iterations
concurrency   [  80% ] 198/200 VUs  07m57.9s/10m00.0s

running (07m58.9s), 199/200 VUs, 1603 complete and 0 interrupted iterations
concurrency   [  80% ] 199/200 VUs  07m58.9s/10m00.0s

running (07m59.9s), 199/200 VUs, 1603 complete and 0 interrupted iterations
concurrency   [  80% ] 199/200 VUs  07m59.9s/10m00.0s

running (08m00.9s), 200/200 VUs, 1613 complete and 0 interrupted iterations
concurrency   [  80% ] 200/200 VUs  08m00.9s/10m00.0s

running (08m01.9s), 200/200 VUs, 1616 complete and 0 interrupted iterations
concurrency   [  80% ] 200/200 VUs  08m01.9s/10m00.0s

running (08m02.9s), 200/200 VUs, 1622 complete and 0 interrupted iterations
concurrency   [  80% ] 200/200 VUs  08m02.9s/10m00.0s

running (08m03.9s), 200/200 VUs, 1634 complete and 0 interrupted iterations
concurrency   [  81% ] 200/200 VUs  08m03.9s/10m00.0s

running (08m04.9s), 200/200 VUs, 1634 complete and 0 interrupted iterations
concurrency   [  81% ] 200/200 VUs  08m04.9s/10m00.0s

running (08m05.9s), 200/200 VUs, 1638 complete and 0 interrupted iterations
concurrency   [  81% ] 200/200 VUs  08m05.9s/10m00.0s

running (08m06.9s), 200/200 VUs, 1651 complete and 0 interrupted iterations
concurrency   [  81% ] 200/200 VUs  08m06.9s/10m00.0s

running (08m07.9s), 200/200 VUs, 1656 complete and 0 interrupted iterations
concurrency   [  81% ] 200/200 VUs  08m07.9s/10m00.0s

running (08m08.9s), 200/200 VUs, 1659 complete and 0 interrupted iterations
concurrency   [  81% ] 200/200 VUs  08m08.9s/10m00.0s

running (08m09.9s), 200/200 VUs, 1662 complete and 0 interrupted iterations
concurrency   [  82% ] 200/200 VUs  08m09.9s/10m00.0s

running (08m10.9s), 200/200 VUs, 1666 complete and 0 interrupted iterations
concurrency   [  82% ] 200/200 VUs  08m10.9s/10m00.0s

running (08m11.9s), 200/200 VUs, 1678 complete and 0 interrupted iterations
concurrency   [  82% ] 200/200 VUs  08m11.9s/10m00.0s

running (08m12.9s), 200/200 VUs, 1684 complete and 0 interrupted iterations
concurrency   [  82% ] 200/200 VUs  08m12.9s/10m00.0s

running (08m13.9s), 200/200 VUs, 1685 complete and 0 interrupted iterations
concurrency   [  82% ] 200/200 VUs  08m13.9s/10m00.0s

running (08m14.9s), 200/200 VUs, 1690 complete and 0 interrupted iterations
concurrency   [  82% ] 200/200 VUs  08m14.9s/10m00.0s

running (08m15.9s), 200/200 VUs, 1694 complete and 0 interrupted iterations
concurrency   [  83% ] 200/200 VUs  08m15.9s/10m00.0s

running (08m16.9s), 200/200 VUs, 1705 complete and 0 interrupted iterations
concurrency   [  83% ] 200/200 VUs  08m16.9s/10m00.0s

running (08m17.9s), 200/200 VUs, 1708 complete and 0 interrupted iterations
concurrency   [  83% ] 200/200 VUs  08m17.9s/10m00.0s

running (08m18.9s), 200/200 VUs, 1709 complete and 0 interrupted iterations
concurrency   [  83% ] 200/200 VUs  08m18.9s/10m00.0s

running (08m19.9s), 200/200 VUs, 1713 complete and 0 interrupted iterations
concurrency   [  83% ] 200/200 VUs  08m19.9s/10m00.0s

running (08m20.9s), 200/200 VUs, 1713 complete and 0 interrupted iterations
concurrency   [  83% ] 200/200 VUs  08m20.9s/10m00.0s

running (08m21.9s), 200/200 VUs, 1713 complete and 0 interrupted iterations
concurrency   [  84% ] 200/200 VUs  08m21.9s/10m00.0s

running (08m22.9s), 200/200 VUs, 1713 complete and 0 interrupted iterations
concurrency   [  84% ] 200/200 VUs  08m22.9s/10m00.0s

running (08m23.9s), 200/200 VUs, 1727 complete and 0 interrupted iterations
concurrency   [  84% ] 200/200 VUs  08m23.9s/10m00.0s

running (08m24.9s), 200/200 VUs, 1741 complete and 0 interrupted iterations
concurrency   [  84% ] 200/200 VUs  08m24.9s/10m00.0s

running (08m25.9s), 200/200 VUs, 1744 complete and 0 interrupted iterations
concurrency   [  84% ] 200/200 VUs  08m25.9s/10m00.0s

running (08m26.9s), 200/200 VUs, 1748 complete and 0 interrupted iterations
concurrency   [  84% ] 200/200 VUs  08m26.9s/10m00.0s

running (08m27.9s), 200/200 VUs, 1755 complete and 0 interrupted iterations
concurrency   [  85% ] 200/200 VUs  08m27.9s/10m00.0s

running (08m28.9s), 200/200 VUs, 1755 complete and 0 interrupted iterations
concurrency   [  85% ] 200/200 VUs  08m28.9s/10m00.0s

running (08m29.9s), 200/200 VUs, 1756 complete and 0 interrupted iterations
concurrency   [  85% ] 200/200 VUs  08m29.9s/10m00.0s

running (08m30.9s), 200/200 VUs, 1773 complete and 0 interrupted iterations
concurrency   [  85% ] 200/200 VUs  08m30.9s/10m00.0s

running (08m31.9s), 200/200 VUs, 1782 complete and 0 interrupted iterations
concurrency   [  85% ] 200/200 VUs  08m31.9s/10m00.0s

running (08m32.9s), 200/200 VUs, 1789 complete and 0 interrupted iterations
concurrency   [  85% ] 200/200 VUs  08m32.9s/10m00.0s

running (08m33.9s), 200/200 VUs, 1801 complete and 0 interrupted iterations
concurrency   [  86% ] 200/200 VUs  08m33.9s/10m00.0s

running (08m34.9s), 200/200 VUs, 1806 complete and 0 interrupted iterations
concurrency   [  86% ] 200/200 VUs  08m34.9s/10m00.0s

running (08m35.9s), 200/200 VUs, 1818 complete and 0 interrupted iterations
concurrency   [  86% ] 200/200 VUs  08m35.9s/10m00.0s

running (08m36.9s), 200/200 VUs, 1822 complete and 0 interrupted iterations
concurrency   [  86% ] 200/200 VUs  08m36.9s/10m00.0s

running (08m37.9s), 200/200 VUs, 1829 complete and 0 interrupted iterations
concurrency   [  86% ] 200/200 VUs  08m37.9s/10m00.0s

running (08m38.9s), 200/200 VUs, 1837 complete and 0 interrupted iterations
concurrency   [  86% ] 200/200 VUs  08m38.9s/10m00.0s

running (08m39.9s), 200/200 VUs, 1837 complete and 0 interrupted iterations
concurrency   [  87% ] 200/200 VUs  08m39.9s/10m00.0s

running (08m40.9s), 200/200 VUs, 1837 complete and 0 interrupted iterations
concurrency   [  87% ] 200/200 VUs  08m40.9s/10m00.0s

running (08m41.9s), 200/200 VUs, 1849 complete and 0 interrupted iterations
concurrency   [  87% ] 200/200 VUs  08m41.9s/10m00.0s

running (08m42.9s), 200/200 VUs, 1860 complete and 0 interrupted iterations
concurrency   [  87% ] 200/200 VUs  08m42.9s/10m00.0s

running (08m43.9s), 200/200 VUs, 1860 complete and 0 interrupted iterations
concurrency   [  87% ] 200/200 VUs  08m43.9s/10m00.0s

running (08m44.9s), 200/200 VUs, 1864 complete and 0 interrupted iterations
concurrency   [  87% ] 200/200 VUs  08m44.9s/10m00.0s

running (08m45.9s), 200/200 VUs, 1866 complete and 0 interrupted iterations
concurrency   [  88% ] 200/200 VUs  08m45.9s/10m00.0s

running (08m46.9s), 200/200 VUs, 1866 complete and 0 interrupted iterations
concurrency   [  88% ] 200/200 VUs  08m46.9s/10m00.0s

running (08m47.9s), 200/200 VUs, 1866 complete and 0 interrupted iterations
concurrency   [  88% ] 200/200 VUs  08m47.9s/10m00.0s

running (08m48.9s), 200/200 VUs, 1878 complete and 0 interrupted iterations
concurrency   [  88% ] 200/200 VUs  08m48.9s/10m00.0s

running (08m49.9s), 200/200 VUs, 1886 complete and 0 interrupted iterations
concurrency   [  88% ] 200/200 VUs  08m49.9s/10m00.0s

running (08m50.9s), 200/200 VUs, 1886 complete and 0 interrupted iterations
concurrency   [  88% ] 200/200 VUs  08m50.9s/10m00.0s

running (08m51.9s), 200/200 VUs, 1905 complete and 0 interrupted iterations
concurrency   [  89% ] 200/200 VUs  08m51.9s/10m00.0s

running (08m52.9s), 200/200 VUs, 1909 complete and 0 interrupted iterations
concurrency   [  89% ] 200/200 VUs  08m52.9s/10m00.0s

running (08m53.9s), 200/200 VUs, 1909 complete and 0 interrupted iterations
concurrency   [  89% ] 200/200 VUs  08m53.9s/10m00.0s

running (08m54.9s), 200/200 VUs, 1913 complete and 0 interrupted iterations
concurrency   [  89% ] 200/200 VUs  08m54.9s/10m00.0s

running (08m55.9s), 200/200 VUs, 1913 complete and 0 interrupted iterations
concurrency   [  89% ] 200/200 VUs  08m55.9s/10m00.0s

running (08m56.9s), 200/200 VUs, 1913 complete and 0 interrupted iterations
concurrency   [  89% ] 200/200 VUs  08m56.9s/10m00.0s

running (08m57.9s), 200/200 VUs, 1913 complete and 0 interrupted iterations
concurrency   [  90% ] 200/200 VUs  08m57.9s/10m00.0s

running (08m58.9s), 200/200 VUs, 1913 complete and 0 interrupted iterations
concurrency   [  90% ] 200/200 VUs  08m58.9s/10m00.0s

running (08m59.9s), 200/200 VUs, 1913 complete and 0 interrupted iterations
concurrency   [  90% ] 200/200 VUs  08m59.9s/10m00.0s

running (09m00.9s), 200/200 VUs, 1925 complete and 0 interrupted iterations
concurrency   [  90% ] 200/200 VUs  09m00.9s/10m00.0s

running (09m01.9s), 200/200 VUs, 1943 complete and 0 interrupted iterations
concurrency   [  90% ] 200/200 VUs  09m01.9s/10m00.0s

running (09m02.9s), 200/200 VUs, 1949 complete and 0 interrupted iterations
concurrency   [  90% ] 200/200 VUs  09m02.9s/10m00.0s

running (09m03.9s), 200/200 VUs, 1955 complete and 0 interrupted iterations
concurrency   [  91% ] 200/200 VUs  09m03.9s/10m00.0s

running (09m04.9s), 200/200 VUs, 1964 complete and 0 interrupted iterations
concurrency   [  91% ] 200/200 VUs  09m04.9s/10m00.0s

running (09m05.9s), 200/200 VUs, 1973 complete and 0 interrupted iterations
concurrency   [  91% ] 200/200 VUs  09m05.9s/10m00.0s

running (09m06.9s), 200/200 VUs, 1973 complete and 0 interrupted iterations
concurrency   [  91% ] 200/200 VUs  09m06.9s/10m00.0s

running (09m07.9s), 200/200 VUs, 1973 complete and 0 interrupted iterations
concurrency   [  91% ] 200/200 VUs  09m07.9s/10m00.0s

running (09m08.9s), 200/200 VUs, 1993 complete and 0 interrupted iterations
concurrency   [  91% ] 200/200 VUs  09m08.9s/10m00.0s

running (09m09.9s), 200/200 VUs, 1997 complete and 0 interrupted iterations
concurrency   [  92% ] 200/200 VUs  09m09.9s/10m00.0s

running (09m10.9s), 200/200 VUs, 2011 complete and 0 interrupted iterations
concurrency   [  92% ] 200/200 VUs  09m10.9s/10m00.0s

running (09m11.9s), 200/200 VUs, 2022 complete and 0 interrupted iterations
concurrency   [  92% ] 200/200 VUs  09m11.9s/10m00.0s

running (09m12.9s), 200/200 VUs, 2022 complete and 0 interrupted iterations
concurrency   [  92% ] 200/200 VUs  09m12.9s/10m00.0s

running (09m13.9s), 200/200 VUs, 2036 complete and 0 interrupted iterations
concurrency   [  92% ] 200/200 VUs  09m13.9s/10m00.0s

running (09m14.9s), 200/200 VUs, 2037 complete and 0 interrupted iterations
concurrency   [  92% ] 200/200 VUs  09m14.9s/10m00.0s

running (09m15.9s), 200/200 VUs, 2037 complete and 0 interrupted iterations
concurrency   [  93% ] 200/200 VUs  09m15.9s/10m00.0s

running (09m16.9s), 200/200 VUs, 2037 complete and 0 interrupted iterations
concurrency   [  93% ] 200/200 VUs  09m16.9s/10m00.0s

running (09m17.9s), 200/200 VUs, 2042 complete and 0 interrupted iterations
concurrency   [  93% ] 200/200 VUs  09m17.9s/10m00.0s

running (09m18.9s), 200/200 VUs, 2066 complete and 0 interrupted iterations
concurrency   [  93% ] 200/200 VUs  09m18.9s/10m00.0s

running (09m19.9s), 200/200 VUs, 2066 complete and 0 interrupted iterations
concurrency   [  93% ] 200/200 VUs  09m19.9s/10m00.0s

running (09m20.9s), 200/200 VUs, 2066 complete and 0 interrupted iterations
concurrency   [  93% ] 200/200 VUs  09m20.9s/10m00.0s

running (09m21.9s), 200/200 VUs, 2066 complete and 0 interrupted iterations
concurrency   [  94% ] 200/200 VUs  09m21.9s/10m00.0s

running (09m22.9s), 200/200 VUs, 2066 complete and 0 interrupted iterations
concurrency   [  94% ] 200/200 VUs  09m22.9s/10m00.0s

running (09m23.9s), 200/200 VUs, 2066 complete and 0 interrupted iterations
concurrency   [  94% ] 200/200 VUs  09m23.9s/10m00.0s

running (09m24.9s), 200/200 VUs, 2070 complete and 0 interrupted iterations
concurrency   [  94% ] 200/200 VUs  09m24.9s/10m00.0s

running (09m25.9s), 200/200 VUs, 2085 complete and 0 interrupted iterations
concurrency   [  94% ] 200/200 VUs  09m25.9s/10m00.0s

running (09m26.9s), 200/200 VUs, 2099 complete and 0 interrupted iterations
concurrency   [  94% ] 200/200 VUs  09m26.9s/10m00.0s

running (09m27.9s), 200/200 VUs, 2109 complete and 0 interrupted iterations
concurrency   [  95% ] 200/200 VUs  09m27.9s/10m00.0s

running (09m28.9s), 200/200 VUs, 2113 complete and 0 interrupted iterations
concurrency   [  95% ] 200/200 VUs  09m28.9s/10m00.0s

running (09m29.9s), 200/200 VUs, 2113 complete and 0 interrupted iterations
concurrency   [  95% ] 200/200 VUs  09m29.9s/10m00.0s

running (09m30.9s), 200/200 VUs, 2113 complete and 0 interrupted iterations
concurrency   [  95% ] 200/200 VUs  09m30.9s/10m00.0s

running (09m31.9s), 200/200 VUs, 2113 complete and 0 interrupted iterations
concurrency   [  95% ] 200/200 VUs  09m31.9s/10m00.0s

running (09m32.9s), 200/200 VUs, 2113 complete and 0 interrupted iterations
concurrency   [  95% ] 200/200 VUs  09m32.9s/10m00.0s

running (09m33.9s), 200/200 VUs, 2114 complete and 0 interrupted iterations
concurrency   [  96% ] 200/200 VUs  09m33.9s/10m00.0s

running (09m34.9s), 200/200 VUs, 2115 complete and 0 interrupted iterations
concurrency   [  96% ] 200/200 VUs  09m34.9s/10m00.0s

running (09m35.9s), 200/200 VUs, 2125 complete and 0 interrupted iterations
concurrency   [  96% ] 200/200 VUs  09m35.9s/10m00.0s

running (09m36.9s), 200/200 VUs, 2125 complete and 0 interrupted iterations
concurrency   [  96% ] 200/200 VUs  09m36.9s/10m00.0s

running (09m37.9s), 200/200 VUs, 2125 complete and 0 interrupted iterations
concurrency   [  96% ] 200/200 VUs  09m37.9s/10m00.0s

running (09m38.9s), 200/200 VUs, 2145 complete and 0 interrupted iterations
concurrency   [  96% ] 200/200 VUs  09m38.9s/10m00.0s

running (09m39.9s), 200/200 VUs, 2168 complete and 0 interrupted iterations
concurrency   [  97% ] 200/200 VUs  09m39.9s/10m00.0s

running (09m40.9s), 200/200 VUs, 2168 complete and 0 interrupted iterations
concurrency   [  97% ] 200/200 VUs  09m40.9s/10m00.0s

running (09m41.9s), 200/200 VUs, 2168 complete and 0 interrupted iterations
concurrency   [  97% ] 200/200 VUs  09m41.9s/10m00.0s

running (09m42.9s), 200/200 VUs, 2173 complete and 0 interrupted iterations
concurrency   [  97% ] 200/200 VUs  09m42.9s/10m00.0s

running (09m43.9s), 200/200 VUs, 2173 complete and 0 interrupted iterations
concurrency   [  97% ] 200/200 VUs  09m43.9s/10m00.0s

running (09m44.9s), 200/200 VUs, 2175 complete and 0 interrupted iterations
concurrency   [  97% ] 200/200 VUs  09m44.9s/10m00.0s

running (09m45.9s), 200/200 VUs, 2192 complete and 0 interrupted iterations
concurrency   [  98% ] 200/200 VUs  09m45.9s/10m00.0s

running (09m46.9s), 200/200 VUs, 2205 complete and 0 interrupted iterations
concurrency   [  98% ] 200/200 VUs  09m46.9s/10m00.0s

running (09m47.9s), 200/200 VUs, 2209 complete and 0 interrupted iterations
concurrency   [  98% ] 200/200 VUs  09m47.9s/10m00.0s

running (09m48.9s), 200/200 VUs, 2222 complete and 0 interrupted iterations
concurrency   [  98% ] 200/200 VUs  09m48.9s/10m00.0s

running (09m49.9s), 200/200 VUs, 2230 complete and 0 interrupted iterations
concurrency   [  98% ] 200/200 VUs  09m49.9s/10m00.0s

running (09m50.9s), 200/200 VUs, 2237 complete and 0 interrupted iterations
concurrency   [  98% ] 200/200 VUs  09m50.9s/10m00.0s

running (09m51.9s), 200/200 VUs, 2237 complete and 0 interrupted iterations
concurrency   [  99% ] 200/200 VUs  09m51.9s/10m00.0s

running (09m52.9s), 200/200 VUs, 2237 complete and 0 interrupted iterations
concurrency   [  99% ] 200/200 VUs  09m52.9s/10m00.0s

running (09m53.9s), 200/200 VUs, 2239 complete and 0 interrupted iterations
concurrency   [  99% ] 200/200 VUs  09m53.9s/10m00.0s

running (09m54.9s), 200/200 VUs, 2266 complete and 0 interrupted iterations
concurrency   [  99% ] 200/200 VUs  09m54.9s/10m00.0s

running (09m55.9s), 200/200 VUs, 2266 complete and 0 interrupted iterations
concurrency   [  99% ] 200/200 VUs  09m55.9s/10m00.0s

running (09m56.9s), 200/200 VUs, 2266 complete and 0 interrupted iterations
concurrency   [  99% ] 200/200 VUs  09m56.9s/10m00.0s

running (09m57.9s), 200/200 VUs, 2267 complete and 0 interrupted iterations
concurrency   [ 100% ] 200/200 VUs  09m57.9s/10m00.0s

running (09m58.9s), 200/200 VUs, 2271 complete and 0 interrupted iterations
concurrency   [ 100% ] 200/200 VUs  09m58.9s/10m00.0s

running (09m59.9s), 200/200 VUs, 2271 complete and 0 interrupted iterations
concurrency   [ 100% ] 200/200 VUs  09m59.9s/10m00.0s

running (10m00.9s), 194/200 VUs, 2277 complete and 0 interrupted iterations
concurrency ↓ [ 100% ] 200/200 VUs  10m0s

running (10m01.9s), 187/200 VUs, 2284 complete and 0 interrupted iterations
concurrency ↓ [ 100% ] 200/200 VUs  10m0s

running (10m02.9s), 170/200 VUs, 2301 complete and 0 interrupted iterations
concurrency ↓ [ 100% ] 200/200 VUs  10m0s

running (10m03.9s), 170/200 VUs, 2301 complete and 0 interrupted iterations
concurrency ↓ [ 100% ] 200/200 VUs  10m0s

running (10m04.9s), 158/200 VUs, 2313 complete and 0 interrupted iterations
concurrency ↓ [ 100% ] 200/200 VUs  10m0s

running (10m05.9s), 158/200 VUs, 2313 complete and 0 interrupted iterations
concurrency ↓ [ 100% ] 200/200 VUs  10m0s

running (10m06.9s), 158/200 VUs, 2313 complete and 0 interrupted iterations
concurrency ↓ [ 100% ] 200/200 VUs  10m0s

running (10m07.9s), 157/200 VUs, 2314 complete and 0 interrupted iterations
concurrency ↓ [ 100% ] 200/200 VUs  10m0s

running (10m08.9s), 157/200 VUs, 2314 complete and 0 interrupted iterations
concurrency ↓ [ 100% ] 200/200 VUs  10m0s

running (10m09.9s), 157/200 VUs, 2314 complete and 0 interrupted iterations
concurrency ↓ [ 100% ] 200/200 VUs  10m0s

running (10m10.9s), 156/200 VUs, 2315 complete and 0 interrupted iterations
concurrency ↓ [ 100% ] 200/200 VUs  10m0s

running (10m11.9s), 146/200 VUs, 2325 complete and 0 interrupted iterations
concurrency ↓ [ 100% ] 200/200 VUs  10m0s

running (10m12.9s), 138/200 VUs, 2333 complete and 0 interrupted iterations
concurrency ↓ [ 100% ] 200/200 VUs  10m0s

running (10m13.9s), 137/200 VUs, 2334 complete and 0 interrupted iterations
concurrency ↓ [ 100% ] 200/200 VUs  10m0s

running (10m14.9s), 121/200 VUs, 2350 complete and 0 interrupted iterations
concurrency ↓ [ 100% ] 200/200 VUs  10m0s

running (10m15.9s), 100/200 VUs, 2371 complete and 0 interrupted iterations
concurrency ↓ [ 100% ] 200/200 VUs  10m0s

running (10m16.9s), 098/200 VUs, 2373 complete and 0 interrupted iterations
concurrency ↓ [ 100% ] 200/200 VUs  10m0s

running (10m17.9s), 098/200 VUs, 2373 complete and 0 interrupted iterations
concurrency ↓ [ 100% ] 200/200 VUs  10m0s

running (10m18.9s), 098/200 VUs, 2373 complete and 0 interrupted iterations
concurrency ↓ [ 100% ] 200/200 VUs  10m0s

running (10m19.9s), 098/200 VUs, 2373 complete and 0 interrupted iterations
concurrency ↓ [ 100% ] 200/200 VUs  10m0s

running (10m20.9s), 091/200 VUs, 2380 complete and 0 interrupted iterations
concurrency ↓ [ 100% ] 200/200 VUs  10m0s

running (10m21.9s), 083/200 VUs, 2388 complete and 0 interrupted iterations
concurrency ↓ [ 100% ] 200/200 VUs  10m0s

running (10m22.9s), 078/200 VUs, 2393 complete and 0 interrupted iterations
concurrency ↓ [ 100% ] 200/200 VUs  10m0s

running (10m23.9s), 063/200 VUs, 2408 complete and 0 interrupted iterations
concurrency ↓ [ 100% ] 200/200 VUs  10m0s

running (10m24.9s), 049/200 VUs, 2422 complete and 0 interrupted iterations
concurrency ↓ [ 100% ] 200/200 VUs  10m0s

running (10m25.9s), 049/200 VUs, 2422 complete and 0 interrupted iterations
concurrency ↓ [ 100% ] 200/200 VUs  10m0s

running (10m26.9s), 049/200 VUs, 2422 complete and 0 interrupted iterations
concurrency ↓ [ 100% ] 200/200 VUs  10m0s

running (10m27.9s), 046/200 VUs, 2425 complete and 0 interrupted iterations
concurrency ↓ [ 100% ] 200/200 VUs  10m0s

running (10m28.9s), 031/200 VUs, 2440 complete and 0 interrupted iterations
concurrency ↓ [ 100% ] 200/200 VUs  10m0s

running (10m29.9s), 024/200 VUs, 2447 complete and 0 interrupted iterations
concurrency ↓ [ 100% ] 200/200 VUs  10m0s

================ DSP benchmark summary ================
-- per-phase latency --
  catalog                    p50=116.3 ms  p95=431.8 ms  p99=645.5 ms  max=922.8 ms  n=2471
  negotiation init (POST)    p50=9.8 ms  p95=110.8 ms  p99=138.6 ms  max=282.7 ms  n=2471
  time-to-AGREED (async)     p50=4301.0 ms  p95=6604.5 ms  p99=7043.2 ms  max=7590.0 ms  n=2471
  transfer init (POST)       p50=72.8 ms  p95=167.0 ms  p99=223.7 ms  max=332.0 ms  n=2471
  time-to-EDR (async)        p50=11364.5 ms  p95=28347.3 ms  p99=29435.3 ms  max=30057.0 ms  n=1556
  data pull                  p50=25.7 ms  p95=45.6 ms  p99=49.4 ms  max=319.5 ms  n=1556
-- end-to-end + throughput --
  e2e transaction            p50=15758.5 ms  p95=33930.3 ms  p99=35789.8 ms  max=36891.0 ms  n=1556
  data throughput (MB/s)     p50=0.2  p95=0.2  p99=0.2  max=0.3  n=1556
-- outcomes --
  transactions succeeded     count=1556  rate=2.470/s
  transactions failed        count=891  rate=1.414/s
  failed rate                rate=36.41%  (pass=891 fail=1556)
-- observer effect (poll load) --
  negotiation polls          count=43616  rate=69.230/s
  edr polls                  count=188391  rate=299.028/s
=======================================================
(full summary -> /home/rohitj/edc/benchmarking-factoryx-edc/resources/local-fx-mvd/k6-scripts/results/factoryx/concurrency-closed/2026-07-29T16-52-44Z/k6-summary.json; POLL_INTERVAL_MS=250; IDENTITY_MODE=on)

running (10m30.0s), 000/200 VUs, 2447 complete and 24 interrupted iterations
concurrency ✓ [ 100% ] 016/200 VUs  10m0s
