
         /\      Grafana   /‾‾/  
    /\  /  \     |\  __   /  /   
   /  \/    \    | |/ /  /   ‾‾\ 
  /          \   |   (  |  (‾)  |
 / __________ \  |_|\_\  \_____/ 


     execution: local
        script: /home/rohitj/edc/benchmarking-factoryx-edc/resources/local-fx-mvd/k6-scripts/scenarios/concurrency-closed.js
        output: Prometheus remote write (http://localhost:9090/api/v1/write)

     scenarios: (100.00%) 1 scenario, 50 max VUs, 8m0s max duration (incl. graceful stop):
              * concurrency: Up to 50 looping VUs for 7m30s over 5 stages (gracefulRampDown: 30s, gracefulStop: 30s)


running (0m01.0s), 01/50 VUs, 0 complete and 0 interrupted iterations
concurrency   [   0% ] 01/50 VUs  0m01.0s/7m30.0s

running (0m02.0s), 01/50 VUs, 0 complete and 0 interrupted iterations
concurrency   [   0% ] 01/50 VUs  0m02.0s/7m30.0s

running (0m03.0s), 01/50 VUs, 0 complete and 0 interrupted iterations
concurrency   [   1% ] 01/50 VUs  0m03.0s/7m30.0s

running (0m04.0s), 01/50 VUs, 0 complete and 0 interrupted iterations
concurrency   [   1% ] 01/50 VUs  0m04.0s/7m30.0s

running (0m05.0s), 01/50 VUs, 0 complete and 0 interrupted iterations
concurrency   [   1% ] 01/50 VUs  0m05.0s/7m30.0s

running (0m06.0s), 01/50 VUs, 1 complete and 0 interrupted iterations
concurrency   [   1% ] 01/50 VUs  0m06.0s/7m30.0s

running (0m07.0s), 01/50 VUs, 1 complete and 0 interrupted iterations
concurrency   [   2% ] 01/50 VUs  0m07.0s/7m30.0s

running (0m08.0s), 01/50 VUs, 1 complete and 0 interrupted iterations
concurrency   [   2% ] 01/50 VUs  0m08.0s/7m30.0s

running (0m09.0s), 01/50 VUs, 1 complete and 0 interrupted iterations
concurrency   [   2% ] 01/50 VUs  0m09.0s/7m30.0s

running (0m10.0s), 01/50 VUs, 1 complete and 0 interrupted iterations
concurrency   [   2% ] 01/50 VUs  0m10.0s/7m30.0s

running (0m11.0s), 01/50 VUs, 2 complete and 0 interrupted iterations
concurrency   [   2% ] 01/50 VUs  0m11.0s/7m30.0s

running (0m12.0s), 01/50 VUs, 2 complete and 0 interrupted iterations
concurrency   [   3% ] 01/50 VUs  0m12.0s/7m30.0s

running (0m13.0s), 01/50 VUs, 2 complete and 0 interrupted iterations
concurrency   [   3% ] 01/50 VUs  0m13.0s/7m30.0s

running (0m14.0s), 01/50 VUs, 2 complete and 0 interrupted iterations
concurrency   [   3% ] 01/50 VUs  0m14.0s/7m30.0s

running (0m15.0s), 01/50 VUs, 3 complete and 0 interrupted iterations
concurrency   [   3% ] 01/50 VUs  0m15.0s/7m30.0s

running (0m16.0s), 01/50 VUs, 3 complete and 0 interrupted iterations
concurrency   [   4% ] 01/50 VUs  0m16.0s/7m30.0s

running (0m17.0s), 01/50 VUs, 3 complete and 0 interrupted iterations
concurrency   [   4% ] 01/50 VUs  0m17.0s/7m30.0s

running (0m18.0s), 01/50 VUs, 3 complete and 0 interrupted iterations
concurrency   [   4% ] 01/50 VUs  0m18.0s/7m30.0s

running (0m19.0s), 01/50 VUs, 3 complete and 0 interrupted iterations
concurrency   [   4% ] 01/50 VUs  0m19.0s/7m30.0s

running (0m20.0s), 01/50 VUs, 3 complete and 0 interrupted iterations
concurrency   [   4% ] 01/50 VUs  0m20.0s/7m30.0s

running (0m21.0s), 01/50 VUs, 4 complete and 0 interrupted iterations
concurrency   [   5% ] 01/50 VUs  0m21.0s/7m30.0s

running (0m22.0s), 01/50 VUs, 4 complete and 0 interrupted iterations
concurrency   [   5% ] 01/50 VUs  0m22.0s/7m30.0s

running (0m23.0s), 02/50 VUs, 4 complete and 0 interrupted iterations
concurrency   [   5% ] 02/50 VUs  0m23.0s/7m30.0s

running (0m24.0s), 02/50 VUs, 4 complete and 0 interrupted iterations
concurrency   [   5% ] 02/50 VUs  0m24.0s/7m30.0s

running (0m25.0s), 02/50 VUs, 4 complete and 0 interrupted iterations
concurrency   [   6% ] 02/50 VUs  0m25.0s/7m30.0s

running (0m26.0s), 02/50 VUs, 5 complete and 0 interrupted iterations
concurrency   [   6% ] 02/50 VUs  0m26.0s/7m30.0s

running (0m27.0s), 02/50 VUs, 5 complete and 0 interrupted iterations
concurrency   [   6% ] 02/50 VUs  0m27.0s/7m30.0s

running (0m28.0s), 02/50 VUs, 5 complete and 0 interrupted iterations
concurrency   [   6% ] 02/50 VUs  0m28.0s/7m30.0s

running (0m29.0s), 02/50 VUs, 6 complete and 0 interrupted iterations
concurrency   [   6% ] 02/50 VUs  0m29.0s/7m30.0s

running (0m30.0s), 02/50 VUs, 7 complete and 0 interrupted iterations
concurrency   [   7% ] 02/50 VUs  0m30.0s/7m30.0s

running (0m31.0s), 02/50 VUs, 7 complete and 0 interrupted iterations
concurrency   [   7% ] 02/50 VUs  0m31.0s/7m30.0s

running (0m32.0s), 02/50 VUs, 7 complete and 0 interrupted iterations
concurrency   [   7% ] 02/50 VUs  0m32.0s/7m30.0s

running (0m33.0s), 02/50 VUs, 7 complete and 0 interrupted iterations
concurrency   [   7% ] 02/50 VUs  0m33.0s/7m30.0s

running (0m34.0s), 02/50 VUs, 7 complete and 0 interrupted iterations
concurrency   [   8% ] 02/50 VUs  0m34.0s/7m30.0s

running (0m35.0s), 02/50 VUs, 7 complete and 0 interrupted iterations
concurrency   [   8% ] 02/50 VUs  0m35.0s/7m30.0s

running (0m36.0s), 02/50 VUs, 9 complete and 0 interrupted iterations
concurrency   [   8% ] 02/50 VUs  0m36.0s/7m30.0s

running (0m37.0s), 02/50 VUs, 9 complete and 0 interrupted iterations
concurrency   [   8% ] 02/50 VUs  0m37.0s/7m30.0s

running (0m38.0s), 02/50 VUs, 9 complete and 0 interrupted iterations
concurrency   [   8% ] 02/50 VUs  0m38.0s/7m30.0s

running (0m39.0s), 02/50 VUs, 9 complete and 0 interrupted iterations
concurrency   [   9% ] 02/50 VUs  0m39.0s/7m30.0s

running (0m40.0s), 02/50 VUs, 9 complete and 0 interrupted iterations
concurrency   [   9% ] 02/50 VUs  0m40.0s/7m30.0s

running (0m41.0s), 02/50 VUs, 10 complete and 0 interrupted iterations
concurrency   [   9% ] 02/50 VUs  0m41.0s/7m30.0s

running (0m42.0s), 02/50 VUs, 11 complete and 0 interrupted iterations
concurrency   [   9% ] 02/50 VUs  0m42.0s/7m30.0s

running (0m43.0s), 02/50 VUs, 11 complete and 0 interrupted iterations
concurrency   [  10% ] 02/50 VUs  0m43.0s/7m30.0s

running (0m44.0s), 02/50 VUs, 11 complete and 0 interrupted iterations
concurrency   [  10% ] 02/50 VUs  0m44.0s/7m30.0s

running (0m45.0s), 02/50 VUs, 11 complete and 0 interrupted iterations
concurrency   [  10% ] 02/50 VUs  0m45.0s/7m30.0s

running (0m46.0s), 03/50 VUs, 11 complete and 0 interrupted iterations
concurrency   [  10% ] 03/50 VUs  0m46.0s/7m30.0s

running (0m47.0s), 03/50 VUs, 13 complete and 0 interrupted iterations
concurrency   [  10% ] 03/50 VUs  0m47.0s/7m30.0s

running (0m48.0s), 03/50 VUs, 13 complete and 0 interrupted iterations
concurrency   [  11% ] 03/50 VUs  0m48.0s/7m30.0s

running (0m49.0s), 03/50 VUs, 13 complete and 0 interrupted iterations
concurrency   [  11% ] 03/50 VUs  0m49.0s/7m30.0s

running (0m50.0s), 03/50 VUs, 13 complete and 0 interrupted iterations
concurrency   [  11% ] 03/50 VUs  0m50.0s/7m30.0s

running (0m51.0s), 03/50 VUs, 14 complete and 0 interrupted iterations
concurrency   [  11% ] 03/50 VUs  0m51.0s/7m30.0s

running (0m52.0s), 03/50 VUs, 14 complete and 0 interrupted iterations
concurrency   [  12% ] 03/50 VUs  0m52.0s/7m30.0s

running (0m53.0s), 03/50 VUs, 16 complete and 0 interrupted iterations
concurrency   [  12% ] 03/50 VUs  0m53.0s/7m30.0s

running (0m54.0s), 03/50 VUs, 16 complete and 0 interrupted iterations
concurrency   [  12% ] 03/50 VUs  0m54.0s/7m30.0s

running (0m55.0s), 03/50 VUs, 16 complete and 0 interrupted iterations
concurrency   [  12% ] 03/50 VUs  0m55.0s/7m30.0s

running (0m56.0s), 03/50 VUs, 16 complete and 0 interrupted iterations
concurrency   [  12% ] 03/50 VUs  0m56.0s/7m30.0s

running (0m57.0s), 03/50 VUs, 16 complete and 0 interrupted iterations
concurrency   [  13% ] 03/50 VUs  0m57.0s/7m30.0s

running (0m58.0s), 03/50 VUs, 17 complete and 0 interrupted iterations
concurrency   [  13% ] 03/50 VUs  0m58.0s/7m30.0s

running (0m59.0s), 03/50 VUs, 17 complete and 0 interrupted iterations
concurrency   [  13% ] 03/50 VUs  0m59.0s/7m30.0s

running (1m00.0s), 03/50 VUs, 19 complete and 0 interrupted iterations
concurrency   [  13% ] 03/50 VUs  1m00.0s/7m30.0s

running (1m01.0s), 03/50 VUs, 19 complete and 0 interrupted iterations
concurrency   [  14% ] 03/50 VUs  1m01.0s/7m30.0s

running (1m02.0s), 03/50 VUs, 19 complete and 0 interrupted iterations
concurrency   [  14% ] 03/50 VUs  1m02.0s/7m30.0s

running (1m03.0s), 03/50 VUs, 20 complete and 0 interrupted iterations
concurrency   [  14% ] 03/50 VUs  1m03.0s/7m30.0s

running (1m04.0s), 03/50 VUs, 21 complete and 0 interrupted iterations
concurrency   [  14% ] 03/50 VUs  1m04.0s/7m30.0s

running (1m05.0s), 03/50 VUs, 22 complete and 0 interrupted iterations
concurrency   [  14% ] 03/50 VUs  1m05.0s/7m30.0s

running (1m06.0s), 03/50 VUs, 22 complete and 0 interrupted iterations
concurrency   [  15% ] 03/50 VUs  1m06.0s/7m30.0s

running (1m07.0s), 03/50 VUs, 22 complete and 0 interrupted iterations
concurrency   [  15% ] 03/50 VUs  1m07.0s/7m30.0s

running (1m08.0s), 04/50 VUs, 22 complete and 0 interrupted iterations
concurrency   [  15% ] 04/50 VUs  1m08.0s/7m30.0s

running (1m09.0s), 04/50 VUs, 23 complete and 0 interrupted iterations
concurrency   [  15% ] 04/50 VUs  1m09.0s/7m30.0s

running (1m10.0s), 04/50 VUs, 23 complete and 0 interrupted iterations
concurrency   [  16% ] 04/50 VUs  1m10.0s/7m30.0s

running (1m11.0s), 04/50 VUs, 23 complete and 0 interrupted iterations
concurrency   [  16% ] 04/50 VUs  1m11.0s/7m30.0s

running (1m12.0s), 04/50 VUs, 25 complete and 0 interrupted iterations
concurrency   [  16% ] 04/50 VUs  1m12.0s/7m30.0s

running (1m13.0s), 04/50 VUs, 26 complete and 0 interrupted iterations
concurrency   [  16% ] 04/50 VUs  1m13.0s/7m30.0s

running (1m14.0s), 04/50 VUs, 27 complete and 0 interrupted iterations
concurrency   [  16% ] 04/50 VUs  1m14.0s/7m30.0s

running (1m15.0s), 04/50 VUs, 27 complete and 0 interrupted iterations
concurrency   [  17% ] 04/50 VUs  1m15.0s/7m30.0s

running (1m16.0s), 04/50 VUs, 27 complete and 0 interrupted iterations
concurrency   [  17% ] 04/50 VUs  1m16.0s/7m30.0s

running (1m17.0s), 04/50 VUs, 27 complete and 0 interrupted iterations
concurrency   [  17% ] 04/50 VUs  1m17.0s/7m30.0s

running (1m18.0s), 04/50 VUs, 29 complete and 0 interrupted iterations
concurrency   [  17% ] 04/50 VUs  1m18.0s/7m30.0s

running (1m19.0s), 04/50 VUs, 31 complete and 0 interrupted iterations
concurrency   [  18% ] 04/50 VUs  1m19.0s/7m30.0s

running (1m20.0s), 04/50 VUs, 31 complete and 0 interrupted iterations
concurrency   [  18% ] 04/50 VUs  1m20.0s/7m30.0s

running (1m21.0s), 04/50 VUs, 31 complete and 0 interrupted iterations
concurrency   [  18% ] 04/50 VUs  1m21.0s/7m30.0s

running (1m22.0s), 04/50 VUs, 33 complete and 0 interrupted iterations
concurrency   [  18% ] 04/50 VUs  1m22.0s/7m30.0s

running (1m23.0s), 04/50 VUs, 35 complete and 0 interrupted iterations
concurrency   [  18% ] 04/50 VUs  1m23.0s/7m30.0s

running (1m24.0s), 04/50 VUs, 35 complete and 0 interrupted iterations
concurrency   [  19% ] 04/50 VUs  1m24.0s/7m30.0s

running (1m25.0s), 04/50 VUs, 35 complete and 0 interrupted iterations
concurrency   [  19% ] 04/50 VUs  1m25.0s/7m30.0s

running (1m26.0s), 04/50 VUs, 36 complete and 0 interrupted iterations
concurrency   [  19% ] 04/50 VUs  1m26.0s/7m30.0s

running (1m27.0s), 04/50 VUs, 37 complete and 0 interrupted iterations
concurrency   [  19% ] 04/50 VUs  1m27.0s/7m30.0s

running (1m28.0s), 04/50 VUs, 39 complete and 0 interrupted iterations
concurrency   [  20% ] 04/50 VUs  1m28.0s/7m30.0s

running (1m29.0s), 04/50 VUs, 39 complete and 0 interrupted iterations
concurrency   [  20% ] 04/50 VUs  1m29.0s/7m30.0s

running (1m30.0s), 04/50 VUs, 40 complete and 0 interrupted iterations
concurrency   [  20% ] 04/50 VUs  1m30.0s/7m30.0s

running (1m31.0s), 05/50 VUs, 41 complete and 0 interrupted iterations
concurrency   [  20% ] 05/50 VUs  1m31.0s/7m30.0s

running (1m32.0s), 05/50 VUs, 41 complete and 0 interrupted iterations
concurrency   [  20% ] 05/50 VUs  1m32.0s/7m30.0s

running (1m33.0s), 05/50 VUs, 41 complete and 0 interrupted iterations
concurrency   [  21% ] 05/50 VUs  1m33.0s/7m30.0s

running (1m34.0s), 05/50 VUs, 43 complete and 0 interrupted iterations
concurrency   [  21% ] 05/50 VUs  1m34.0s/7m30.0s

running (1m35.0s), 05/50 VUs, 46 complete and 0 interrupted iterations
concurrency   [  21% ] 05/50 VUs  1m35.0s/7m30.0s

running (1m36.0s), 05/50 VUs, 46 complete and 0 interrupted iterations
concurrency   [  21% ] 05/50 VUs  1m36.0s/7m30.0s

running (1m37.0s), 05/50 VUs, 46 complete and 0 interrupted iterations
concurrency   [  22% ] 05/50 VUs  1m37.0s/7m30.0s

running (1m38.0s), 05/50 VUs, 46 complete and 0 interrupted iterations
concurrency   [  22% ] 05/50 VUs  1m38.0s/7m30.0s

running (1m39.0s), 05/50 VUs, 46 complete and 0 interrupted iterations
concurrency   [  22% ] 05/50 VUs  1m39.0s/7m30.0s

running (1m40.0s), 05/50 VUs, 48 complete and 0 interrupted iterations
concurrency   [  22% ] 05/50 VUs  1m40.0s/7m30.0s

running (1m41.0s), 05/50 VUs, 51 complete and 0 interrupted iterations
concurrency   [  22% ] 05/50 VUs  1m41.0s/7m30.0s

running (1m42.0s), 05/50 VUs, 51 complete and 0 interrupted iterations
concurrency   [  23% ] 05/50 VUs  1m42.0s/7m30.0s

running (1m43.0s), 05/50 VUs, 51 complete and 0 interrupted iterations
concurrency   [  23% ] 05/50 VUs  1m43.0s/7m30.0s

running (1m44.0s), 05/50 VUs, 51 complete and 0 interrupted iterations
concurrency   [  23% ] 05/50 VUs  1m44.0s/7m30.0s

running (1m45.0s), 05/50 VUs, 53 complete and 0 interrupted iterations
concurrency   [  23% ] 05/50 VUs  1m45.0s/7m30.0s

running (1m46.0s), 05/50 VUs, 53 complete and 0 interrupted iterations
concurrency   [  24% ] 05/50 VUs  1m46.0s/7m30.0s

running (1m47.0s), 05/50 VUs, 54 complete and 0 interrupted iterations
concurrency   [  24% ] 05/50 VUs  1m47.0s/7m30.0s

running (1m48.0s), 05/50 VUs, 56 complete and 0 interrupted iterations
concurrency   [  24% ] 05/50 VUs  1m48.0s/7m30.0s

running (1m49.0s), 06/50 VUs, 56 complete and 0 interrupted iterations
concurrency   [  24% ] 06/50 VUs  1m49.0s/7m30.0s

running (1m50.0s), 06/50 VUs, 58 complete and 0 interrupted iterations
concurrency   [  24% ] 06/50 VUs  1m50.0s/7m30.0s

running (1m51.0s), 06/50 VUs, 58 complete and 0 interrupted iterations
concurrency   [  25% ] 06/50 VUs  1m51.0s/7m30.0s

running (1m52.0s), 06/50 VUs, 58 complete and 0 interrupted iterations
concurrency   [  25% ] 06/50 VUs  1m52.0s/7m30.0s

running (1m53.0s), 06/50 VUs, 62 complete and 0 interrupted iterations
concurrency   [  25% ] 06/50 VUs  1m53.0s/7m30.0s

running (1m54.0s), 06/50 VUs, 63 complete and 0 interrupted iterations
concurrency   [  25% ] 06/50 VUs  1m54.0s/7m30.0s

running (1m55.0s), 06/50 VUs, 64 complete and 0 interrupted iterations
concurrency   [  26% ] 06/50 VUs  1m55.0s/7m30.0s

running (1m56.0s), 06/50 VUs, 64 complete and 0 interrupted iterations
concurrency   [  26% ] 06/50 VUs  1m56.0s/7m30.0s

running (1m57.0s), 06/50 VUs, 66 complete and 0 interrupted iterations
concurrency   [  26% ] 06/50 VUs  1m57.0s/7m30.0s

running (1m58.0s), 06/50 VUs, 67 complete and 0 interrupted iterations
concurrency   [  26% ] 06/50 VUs  1m58.0s/7m30.0s

running (1m59.0s), 06/50 VUs, 68 complete and 0 interrupted iterations
concurrency   [  26% ] 06/50 VUs  1m59.0s/7m30.0s

running (2m00.0s), 06/50 VUs, 70 complete and 0 interrupted iterations
concurrency   [  27% ] 06/50 VUs  2m00.0s/7m30.0s

running (2m01.0s), 06/50 VUs, 71 complete and 0 interrupted iterations
concurrency   [  27% ] 06/50 VUs  2m01.0s/7m30.0s

running (2m02.0s), 06/50 VUs, 72 complete and 0 interrupted iterations
concurrency   [  27% ] 06/50 VUs  2m02.0s/7m30.0s

running (2m03.0s), 06/50 VUs, 73 complete and 0 interrupted iterations
concurrency   [  27% ] 06/50 VUs  2m03.0s/7m30.0s

running (2m04.0s), 06/50 VUs, 74 complete and 0 interrupted iterations
concurrency   [  28% ] 06/50 VUs  2m04.0s/7m30.0s

running (2m05.0s), 06/50 VUs, 74 complete and 0 interrupted iterations
concurrency   [  28% ] 06/50 VUs  2m05.0s/7m30.0s

running (2m06.0s), 06/50 VUs, 76 complete and 0 interrupted iterations
concurrency   [  28% ] 06/50 VUs  2m06.0s/7m30.0s

running (2m07.0s), 07/50 VUs, 78 complete and 0 interrupted iterations
concurrency   [  28% ] 07/50 VUs  2m07.0s/7m30.0s

running (2m08.0s), 07/50 VUs, 79 complete and 0 interrupted iterations
concurrency   [  28% ] 07/50 VUs  2m08.0s/7m30.0s

running (2m09.0s), 07/50 VUs, 79 complete and 0 interrupted iterations
concurrency   [  29% ] 07/50 VUs  2m09.0s/7m30.0s

running (2m10.0s), 07/50 VUs, 80 complete and 0 interrupted iterations
concurrency   [  29% ] 07/50 VUs  2m10.0s/7m30.0s

running (2m11.0s), 07/50 VUs, 80 complete and 0 interrupted iterations
concurrency   [  29% ] 07/50 VUs  2m11.0s/7m30.0s

running (2m12.0s), 07/50 VUs, 82 complete and 0 interrupted iterations
concurrency   [  29% ] 07/50 VUs  2m12.0s/7m30.0s

running (2m13.0s), 07/50 VUs, 83 complete and 0 interrupted iterations
concurrency   [  30% ] 07/50 VUs  2m13.0s/7m30.0s

running (2m14.0s), 07/50 VUs, 86 complete and 0 interrupted iterations
concurrency   [  30% ] 07/50 VUs  2m14.0s/7m30.0s

running (2m15.0s), 07/50 VUs, 86 complete and 0 interrupted iterations
concurrency   [  30% ] 07/50 VUs  2m15.0s/7m30.0s

running (2m16.0s), 07/50 VUs, 87 complete and 0 interrupted iterations
concurrency   [  30% ] 07/50 VUs  2m16.0s/7m30.0s

running (2m17.0s), 07/50 VUs, 87 complete and 0 interrupted iterations
concurrency   [  30% ] 07/50 VUs  2m17.0s/7m30.0s

running (2m18.0s), 07/50 VUs, 87 complete and 0 interrupted iterations
concurrency   [  31% ] 07/50 VUs  2m18.0s/7m30.0s

running (2m19.0s), 07/50 VUs, 90 complete and 0 interrupted iterations
concurrency   [  31% ] 07/50 VUs  2m19.0s/7m30.0s

running (2m20.0s), 07/50 VUs, 90 complete and 0 interrupted iterations
concurrency   [  31% ] 07/50 VUs  2m20.0s/7m30.0s

running (2m21.0s), 07/50 VUs, 94 complete and 0 interrupted iterations
concurrency   [  31% ] 07/50 VUs  2m21.0s/7m30.0s

running (2m22.0s), 07/50 VUs, 94 complete and 0 interrupted iterations
concurrency   [  32% ] 07/50 VUs  2m22.0s/7m30.0s

running (2m23.0s), 07/50 VUs, 94 complete and 0 interrupted iterations
concurrency   [  32% ] 07/50 VUs  2m23.0s/7m30.0s

running (2m24.0s), 07/50 VUs, 95 complete and 0 interrupted iterations
concurrency   [  32% ] 07/50 VUs  2m24.0s/7m30.0s

running (2m25.0s), 08/50 VUs, 97 complete and 0 interrupted iterations
concurrency   [  32% ] 08/50 VUs  2m25.0s/7m30.0s

running (2m26.0s), 08/50 VUs, 97 complete and 0 interrupted iterations
concurrency   [  32% ] 08/50 VUs  2m26.0s/7m30.0s

running (2m27.0s), 08/50 VUs, 101 complete and 0 interrupted iterations
concurrency   [  33% ] 08/50 VUs  2m27.0s/7m30.0s

running (2m28.0s), 08/50 VUs, 101 complete and 0 interrupted iterations
concurrency   [  33% ] 08/50 VUs  2m28.0s/7m30.0s

running (2m29.0s), 08/50 VUs, 101 complete and 0 interrupted iterations
concurrency   [  33% ] 08/50 VUs  2m29.0s/7m30.0s

running (2m30.0s), 08/50 VUs, 105 complete and 0 interrupted iterations
concurrency   [  33% ] 08/50 VUs  2m30.0s/7m30.0s

running (2m31.0s), 08/50 VUs, 105 complete and 0 interrupted iterations
concurrency   [  34% ] 08/50 VUs  2m31.0s/7m30.0s

running (2m32.0s), 08/50 VUs, 107 complete and 0 interrupted iterations
concurrency   [  34% ] 08/50 VUs  2m32.0s/7m30.0s

running (2m33.0s), 08/50 VUs, 109 complete and 0 interrupted iterations
concurrency   [  34% ] 08/50 VUs  2m33.0s/7m30.0s

running (2m34.0s), 08/50 VUs, 109 complete and 0 interrupted iterations
concurrency   [  34% ] 08/50 VUs  2m34.0s/7m30.0s

running (2m35.0s), 08/50 VUs, 112 complete and 0 interrupted iterations
concurrency   [  34% ] 08/50 VUs  2m35.0s/7m30.0s

running (2m36.0s), 08/50 VUs, 113 complete and 0 interrupted iterations
concurrency   [  35% ] 08/50 VUs  2m36.0s/7m30.0s

running (2m37.0s), 08/50 VUs, 113 complete and 0 interrupted iterations
concurrency   [  35% ] 08/50 VUs  2m37.0s/7m30.0s

running (2m38.0s), 08/50 VUs, 116 complete and 0 interrupted iterations
concurrency   [  35% ] 08/50 VUs  2m38.0s/7m30.0s

running (2m39.0s), 08/50 VUs, 117 complete and 0 interrupted iterations
concurrency   [  35% ] 08/50 VUs  2m39.0s/7m30.0s

running (2m40.0s), 08/50 VUs, 117 complete and 0 interrupted iterations
concurrency   [  36% ] 08/50 VUs  2m40.0s/7m30.0s

running (2m41.0s), 08/50 VUs, 117 complete and 0 interrupted iterations
concurrency   [  36% ] 08/50 VUs  2m41.0s/7m30.0s

running (2m42.0s), 08/50 VUs, 118 complete and 0 interrupted iterations
concurrency   [  36% ] 08/50 VUs  2m42.0s/7m30.0s

running (2m43.0s), 09/50 VUs, 121 complete and 0 interrupted iterations
concurrency   [  36% ] 09/50 VUs  2m43.0s/7m30.0s

running (2m44.0s), 09/50 VUs, 123 complete and 0 interrupted iterations
concurrency   [  36% ] 09/50 VUs  2m44.0s/7m30.0s

running (2m45.0s), 09/50 VUs, 125 complete and 0 interrupted iterations
concurrency   [  37% ] 09/50 VUs  2m45.0s/7m30.0s

running (2m46.0s), 09/50 VUs, 125 complete and 0 interrupted iterations
concurrency   [  37% ] 09/50 VUs  2m46.0s/7m30.0s

running (2m47.0s), 09/50 VUs, 125 complete and 0 interrupted iterations
concurrency   [  37% ] 09/50 VUs  2m47.0s/7m30.0s

running (2m48.0s), 09/50 VUs, 125 complete and 0 interrupted iterations
concurrency   [  37% ] 09/50 VUs  2m48.0s/7m30.0s

running (2m49.0s), 09/50 VUs, 125 complete and 0 interrupted iterations
concurrency   [  38% ] 09/50 VUs  2m49.0s/7m30.0s

running (2m50.0s), 09/50 VUs, 130 complete and 0 interrupted iterations
concurrency   [  38% ] 09/50 VUs  2m50.0s/7m30.0s

running (2m51.0s), 09/50 VUs, 134 complete and 0 interrupted iterations
concurrency   [  38% ] 09/50 VUs  2m51.0s/7m30.0s

running (2m52.0s), 09/50 VUs, 134 complete and 0 interrupted iterations
concurrency   [  38% ] 09/50 VUs  2m52.0s/7m30.0s

running (2m53.0s), 09/50 VUs, 134 complete and 0 interrupted iterations
concurrency   [  38% ] 09/50 VUs  2m53.0s/7m30.0s

running (2m54.0s), 09/50 VUs, 134 complete and 0 interrupted iterations
concurrency   [  39% ] 09/50 VUs  2m54.0s/7m30.0s

running (2m55.0s), 09/50 VUs, 135 complete and 0 interrupted iterations
concurrency   [  39% ] 09/50 VUs  2m55.0s/7m30.0s

running (2m56.0s), 09/50 VUs, 137 complete and 0 interrupted iterations
concurrency   [  39% ] 09/50 VUs  2m56.0s/7m30.0s

running (2m57.0s), 09/50 VUs, 139 complete and 0 interrupted iterations
concurrency   [  39% ] 09/50 VUs  2m57.0s/7m30.0s

running (2m58.0s), 09/50 VUs, 140 complete and 0 interrupted iterations
concurrency   [  40% ] 09/50 VUs  2m58.0s/7m30.0s

running (2m59.0s), 09/50 VUs, 143 complete and 0 interrupted iterations
concurrency   [  40% ] 09/50 VUs  2m59.0s/7m30.0s

running (3m00.0s), 09/50 VUs, 143 complete and 0 interrupted iterations
concurrency   [  40% ] 09/50 VUs  3m00.0s/7m30.0s

running (3m01.0s), 10/50 VUs, 143 complete and 0 interrupted iterations
concurrency   [  40% ] 10/50 VUs  3m01.0s/7m30.0s

running (3m02.0s), 10/50 VUs, 146 complete and 0 interrupted iterations
concurrency   [  40% ] 10/50 VUs  3m02.0s/7m30.0s

running (3m03.0s), 10/50 VUs, 146 complete and 0 interrupted iterations
concurrency   [  41% ] 10/50 VUs  3m03.0s/7m30.0s

running (3m04.0s), 10/50 VUs, 148 complete and 0 interrupted iterations
concurrency   [  41% ] 10/50 VUs  3m04.0s/7m30.0s

running (3m05.0s), 10/50 VUs, 153 complete and 0 interrupted iterations
concurrency   [  41% ] 10/50 VUs  3m05.0s/7m30.0s

running (3m06.0s), 10/50 VUs, 153 complete and 0 interrupted iterations
concurrency   [  41% ] 10/50 VUs  3m06.0s/7m30.0s

running (3m07.0s), 10/50 VUs, 153 complete and 0 interrupted iterations
concurrency   [  42% ] 10/50 VUs  3m07.0s/7m30.0s

running (3m08.0s), 10/50 VUs, 153 complete and 0 interrupted iterations
concurrency   [  42% ] 10/50 VUs  3m08.0s/7m30.0s

running (3m09.0s), 10/50 VUs, 156 complete and 0 interrupted iterations
concurrency   [  42% ] 10/50 VUs  3m09.0s/7m30.0s

running (3m10.0s), 11/50 VUs, 159 complete and 0 interrupted iterations
concurrency   [  42% ] 11/50 VUs  3m10.0s/7m30.0s

running (3m11.0s), 11/50 VUs, 160 complete and 0 interrupted iterations
concurrency   [  42% ] 11/50 VUs  3m11.0s/7m30.0s

running (3m12.0s), 11/50 VUs, 163 complete and 0 interrupted iterations
concurrency   [  43% ] 11/50 VUs  3m12.0s/7m30.0s

running (3m13.0s), 11/50 VUs, 163 complete and 0 interrupted iterations
concurrency   [  43% ] 11/50 VUs  3m13.0s/7m30.0s

running (3m14.0s), 11/50 VUs, 166 complete and 0 interrupted iterations
concurrency   [  43% ] 11/50 VUs  3m14.0s/7m30.0s

running (3m15.0s), 11/50 VUs, 168 complete and 0 interrupted iterations
concurrency   [  43% ] 11/50 VUs  3m15.0s/7m30.0s

running (3m16.0s), 11/50 VUs, 170 complete and 0 interrupted iterations
concurrency   [  44% ] 11/50 VUs  3m16.0s/7m30.0s

running (3m17.0s), 11/50 VUs, 172 complete and 0 interrupted iterations
concurrency   [  44% ] 11/50 VUs  3m17.0s/7m30.0s

running (3m18.0s), 11/50 VUs, 172 complete and 0 interrupted iterations
concurrency   [  44% ] 11/50 VUs  3m18.0s/7m30.0s

running (3m19.0s), 12/50 VUs, 175 complete and 0 interrupted iterations
concurrency   [  44% ] 12/50 VUs  3m19.0s/7m30.0s

running (3m20.0s), 12/50 VUs, 177 complete and 0 interrupted iterations
concurrency   [  44% ] 12/50 VUs  3m20.0s/7m30.0s

running (3m21.0s), 12/50 VUs, 177 complete and 0 interrupted iterations
concurrency   [  45% ] 12/50 VUs  3m21.0s/7m30.0s

running (3m22.0s), 12/50 VUs, 179 complete and 0 interrupted iterations
concurrency   [  45% ] 12/50 VUs  3m22.0s/7m30.0s

running (3m23.0s), 12/50 VUs, 180 complete and 0 interrupted iterations
concurrency   [  45% ] 12/50 VUs  3m23.0s/7m30.0s

running (3m24.0s), 12/50 VUs, 184 complete and 0 interrupted iterations
concurrency   [  45% ] 12/50 VUs  3m24.0s/7m30.0s

running (3m25.0s), 12/50 VUs, 184 complete and 0 interrupted iterations
concurrency   [  46% ] 12/50 VUs  3m25.0s/7m30.0s

running (3m26.0s), 12/50 VUs, 188 complete and 0 interrupted iterations
concurrency   [  46% ] 12/50 VUs  3m26.0s/7m30.0s

running (3m27.0s), 12/50 VUs, 189 complete and 0 interrupted iterations
concurrency   [  46% ] 12/50 VUs  3m27.0s/7m30.0s

running (3m28.0s), 13/50 VUs, 190 complete and 0 interrupted iterations
concurrency   [  46% ] 13/50 VUs  3m28.0s/7m30.0s

running (3m29.0s), 13/50 VUs, 193 complete and 0 interrupted iterations
concurrency   [  46% ] 13/50 VUs  3m29.0s/7m30.0s

running (3m30.0s), 13/50 VUs, 194 complete and 0 interrupted iterations
concurrency   [  47% ] 13/50 VUs  3m30.0s/7m30.0s

running (3m31.0s), 13/50 VUs, 196 complete and 0 interrupted iterations
concurrency   [  47% ] 13/50 VUs  3m31.0s/7m30.0s

running (3m32.0s), 13/50 VUs, 197 complete and 0 interrupted iterations
concurrency   [  47% ] 13/50 VUs  3m32.0s/7m30.0s

running (3m33.0s), 13/50 VUs, 197 complete and 0 interrupted iterations
concurrency   [  47% ] 13/50 VUs  3m33.0s/7m30.0s

running (3m34.0s), 13/50 VUs, 201 complete and 0 interrupted iterations
concurrency   [  48% ] 13/50 VUs  3m34.0s/7m30.0s

running (3m35.0s), 13/50 VUs, 205 complete and 0 interrupted iterations
concurrency   [  48% ] 13/50 VUs  3m35.0s/7m30.0s

running (3m36.0s), 13/50 VUs, 208 complete and 0 interrupted iterations
concurrency   [  48% ] 13/50 VUs  3m36.0s/7m30.0s

running (3m37.0s), 14/50 VUs, 208 complete and 0 interrupted iterations
concurrency   [  48% ] 14/50 VUs  3m37.0s/7m30.0s

running (3m38.0s), 14/50 VUs, 209 complete and 0 interrupted iterations
concurrency   [  48% ] 14/50 VUs  3m38.0s/7m30.0s

running (3m39.0s), 14/50 VUs, 210 complete and 0 interrupted iterations
concurrency   [  49% ] 14/50 VUs  3m39.0s/7m30.0s

running (3m40.0s), 14/50 VUs, 212 complete and 0 interrupted iterations
concurrency   [  49% ] 14/50 VUs  3m40.0s/7m30.0s

running (3m41.0s), 14/50 VUs, 212 complete and 0 interrupted iterations
concurrency   [  49% ] 14/50 VUs  3m41.0s/7m30.0s

running (3m42.0s), 14/50 VUs, 212 complete and 0 interrupted iterations
concurrency   [  49% ] 14/50 VUs  3m42.0s/7m30.0s

running (3m43.0s), 14/50 VUs, 212 complete and 0 interrupted iterations
concurrency   [  50% ] 14/50 VUs  3m43.0s/7m30.0s

running (3m44.0s), 14/50 VUs, 217 complete and 0 interrupted iterations
concurrency   [  50% ] 14/50 VUs  3m44.0s/7m30.0s

running (3m45.0s), 14/50 VUs, 224 complete and 0 interrupted iterations
concurrency   [  50% ] 14/50 VUs  3m45.0s/7m30.0s

running (3m46.0s), 15/50 VUs, 226 complete and 0 interrupted iterations
concurrency   [  50% ] 15/50 VUs  3m46.0s/7m30.0s

running (3m47.0s), 15/50 VUs, 226 complete and 0 interrupted iterations
concurrency   [  50% ] 15/50 VUs  3m47.0s/7m30.0s

running (3m48.0s), 15/50 VUs, 226 complete and 0 interrupted iterations
concurrency   [  51% ] 15/50 VUs  3m48.0s/7m30.0s

running (3m49.0s), 15/50 VUs, 226 complete and 0 interrupted iterations
concurrency   [  51% ] 15/50 VUs  3m49.0s/7m30.0s

running (3m50.0s), 15/50 VUs, 226 complete and 0 interrupted iterations
concurrency   [  51% ] 15/50 VUs  3m50.0s/7m30.0s

running (3m51.0s), 15/50 VUs, 227 complete and 0 interrupted iterations
concurrency   [  51% ] 15/50 VUs  3m51.0s/7m30.0s

running (3m52.0s), 15/50 VUs, 227 complete and 0 interrupted iterations
concurrency   [  52% ] 15/50 VUs  3m52.0s/7m30.0s

running (3m53.0s), 15/50 VUs, 232 complete and 0 interrupted iterations
concurrency   [  52% ] 15/50 VUs  3m53.0s/7m30.0s

running (3m54.0s), 15/50 VUs, 235 complete and 0 interrupted iterations
concurrency   [  52% ] 15/50 VUs  3m54.0s/7m30.0s

running (3m55.0s), 16/50 VUs, 236 complete and 0 interrupted iterations
concurrency   [  52% ] 16/50 VUs  3m55.0s/7m30.0s

running (3m56.0s), 16/50 VUs, 241 complete and 0 interrupted iterations
concurrency   [  52% ] 16/50 VUs  3m56.0s/7m30.0s

running (3m57.0s), 16/50 VUs, 241 complete and 0 interrupted iterations
concurrency   [  53% ] 16/50 VUs  3m57.0s/7m30.0s

running (3m58.0s), 16/50 VUs, 242 complete and 0 interrupted iterations
concurrency   [  53% ] 16/50 VUs  3m58.0s/7m30.0s

running (3m59.0s), 16/50 VUs, 242 complete and 0 interrupted iterations
concurrency   [  53% ] 16/50 VUs  3m59.0s/7m30.0s

running (4m00.0s), 16/50 VUs, 242 complete and 0 interrupted iterations
concurrency   [  53% ] 16/50 VUs  4m00.0s/7m30.0s

running (4m01.0s), 16/50 VUs, 246 complete and 0 interrupted iterations
concurrency   [  54% ] 16/50 VUs  4m01.0s/7m30.0s

running (4m02.0s), 16/50 VUs, 248 complete and 0 interrupted iterations
concurrency   [  54% ] 16/50 VUs  4m02.0s/7m30.0s

running (4m03.0s), 16/50 VUs, 252 complete and 0 interrupted iterations
concurrency   [  54% ] 16/50 VUs  4m03.0s/7m30.0s

running (4m04.0s), 17/50 VUs, 258 complete and 0 interrupted iterations
concurrency   [  54% ] 17/50 VUs  4m04.0s/7m30.0s

running (4m05.0s), 17/50 VUs, 258 complete and 0 interrupted iterations
concurrency   [  54% ] 17/50 VUs  4m05.0s/7m30.0s

running (4m06.0s), 17/50 VUs, 258 complete and 0 interrupted iterations
concurrency   [  55% ] 17/50 VUs  4m06.0s/7m30.0s

running (4m07.0s), 17/50 VUs, 259 complete and 0 interrupted iterations
concurrency   [  55% ] 17/50 VUs  4m07.0s/7m30.0s

running (4m08.0s), 17/50 VUs, 259 complete and 0 interrupted iterations
concurrency   [  55% ] 17/50 VUs  4m08.0s/7m30.0s

running (4m09.0s), 17/50 VUs, 259 complete and 0 interrupted iterations
concurrency   [  55% ] 17/50 VUs  4m09.0s/7m30.0s

running (4m10.0s), 17/50 VUs, 264 complete and 0 interrupted iterations
concurrency   [  56% ] 17/50 VUs  4m10.0s/7m30.0s

running (4m11.0s), 17/50 VUs, 264 complete and 0 interrupted iterations
concurrency   [  56% ] 17/50 VUs  4m11.0s/7m30.0s

running (4m12.0s), 17/50 VUs, 268 complete and 0 interrupted iterations
concurrency   [  56% ] 17/50 VUs  4m12.0s/7m30.0s

running (4m13.0s), 18/50 VUs, 273 complete and 0 interrupted iterations
concurrency   [  56% ] 18/50 VUs  4m13.0s/7m30.0s

running (4m14.0s), 18/50 VUs, 276 complete and 0 interrupted iterations
concurrency   [  56% ] 18/50 VUs  4m14.0s/7m30.0s

running (4m15.0s), 18/50 VUs, 276 complete and 0 interrupted iterations
concurrency   [  57% ] 18/50 VUs  4m15.0s/7m30.0s

running (4m16.0s), 18/50 VUs, 276 complete and 0 interrupted iterations
concurrency   [  57% ] 18/50 VUs  4m16.0s/7m30.0s

running (4m17.0s), 18/50 VUs, 280 complete and 0 interrupted iterations
concurrency   [  57% ] 18/50 VUs  4m17.0s/7m30.0s

running (4m18.0s), 18/50 VUs, 281 complete and 0 interrupted iterations
concurrency   [  57% ] 18/50 VUs  4m18.0s/7m30.0s

running (4m19.0s), 18/50 VUs, 283 complete and 0 interrupted iterations
concurrency   [  58% ] 18/50 VUs  4m19.0s/7m30.0s

running (4m20.0s), 18/50 VUs, 283 complete and 0 interrupted iterations
concurrency   [  58% ] 18/50 VUs  4m20.0s/7m30.0s

running (4m21.0s), 18/50 VUs, 286 complete and 0 interrupted iterations
concurrency   [  58% ] 18/50 VUs  4m21.0s/7m30.0s

running (4m22.0s), 19/50 VUs, 288 complete and 0 interrupted iterations
concurrency   [  58% ] 19/50 VUs  4m22.0s/7m30.0s

running (4m23.0s), 19/50 VUs, 291 complete and 0 interrupted iterations
concurrency   [  58% ] 19/50 VUs  4m23.0s/7m30.0s

running (4m24.0s), 19/50 VUs, 294 complete and 0 interrupted iterations
concurrency   [  59% ] 19/50 VUs  4m24.0s/7m30.0s

running (4m25.0s), 19/50 VUs, 296 complete and 0 interrupted iterations
concurrency   [  59% ] 19/50 VUs  4m25.0s/7m30.0s

running (4m26.0s), 19/50 VUs, 301 complete and 0 interrupted iterations
concurrency   [  59% ] 19/50 VUs  4m26.0s/7m30.0s

running (4m27.0s), 19/50 VUs, 302 complete and 0 interrupted iterations
concurrency   [  59% ] 19/50 VUs  4m27.0s/7m30.0s

running (4m28.0s), 19/50 VUs, 302 complete and 0 interrupted iterations
concurrency   [  60% ] 19/50 VUs  4m28.0s/7m30.0s

running (4m29.0s), 19/50 VUs, 302 complete and 0 interrupted iterations
concurrency   [  60% ] 19/50 VUs  4m29.0s/7m30.0s

running (4m30.0s), 19/50 VUs, 304 complete and 0 interrupted iterations
concurrency   [  60% ] 19/50 VUs  4m30.0s/7m30.0s

running (4m31.0s), 20/50 VUs, 307 complete and 0 interrupted iterations
concurrency   [  60% ] 20/50 VUs  4m31.0s/7m30.0s

running (4m32.0s), 20/50 VUs, 310 complete and 0 interrupted iterations
concurrency   [  60% ] 20/50 VUs  4m32.0s/7m30.0s

running (4m33.0s), 20/50 VUs, 310 complete and 0 interrupted iterations
concurrency   [  61% ] 20/50 VUs  4m33.0s/7m30.0s

running (4m34.0s), 21/50 VUs, 316 complete and 0 interrupted iterations
concurrency   [  61% ] 21/50 VUs  4m34.0s/7m30.0s

running (4m35.0s), 21/50 VUs, 316 complete and 0 interrupted iterations
concurrency   [  61% ] 21/50 VUs  4m35.0s/7m30.0s

running (4m36.0s), 21/50 VUs, 321 complete and 0 interrupted iterations
concurrency   [  61% ] 21/50 VUs  4m36.0s/7m30.0s

running (4m37.0s), 22/50 VUs, 321 complete and 0 interrupted iterations
concurrency   [  62% ] 22/50 VUs  4m37.0s/7m30.0s

running (4m38.0s), 22/50 VUs, 326 complete and 0 interrupted iterations
concurrency   [  62% ] 22/50 VUs  4m38.0s/7m30.0s

running (4m39.0s), 22/50 VUs, 326 complete and 0 interrupted iterations
concurrency   [  62% ] 22/50 VUs  4m39.0s/7m30.0s

running (4m40.0s), 23/50 VUs, 328 complete and 0 interrupted iterations
concurrency   [  62% ] 23/50 VUs  4m40.0s/7m30.0s

running (4m41.0s), 23/50 VUs, 330 complete and 0 interrupted iterations
concurrency   [  62% ] 23/50 VUs  4m41.0s/7m30.0s

running (4m42.0s), 23/50 VUs, 330 complete and 0 interrupted iterations
concurrency   [  63% ] 23/50 VUs  4m42.0s/7m30.0s

running (4m43.0s), 24/50 VUs, 336 complete and 0 interrupted iterations
concurrency   [  63% ] 24/50 VUs  4m43.0s/7m30.0s

running (4m44.0s), 24/50 VUs, 340 complete and 0 interrupted iterations
concurrency   [  63% ] 24/50 VUs  4m44.0s/7m30.0s

running (4m45.0s), 24/50 VUs, 340 complete and 0 interrupted iterations
concurrency   [  63% ] 24/50 VUs  4m45.0s/7m30.0s

running (4m46.0s), 25/50 VUs, 340 complete and 0 interrupted iterations
concurrency   [  64% ] 25/50 VUs  4m46.0s/7m30.0s

running (4m47.0s), 25/50 VUs, 345 complete and 0 interrupted iterations
concurrency   [  64% ] 25/50 VUs  4m47.0s/7m30.0s

running (4m48.0s), 25/50 VUs, 350 complete and 0 interrupted iterations
concurrency   [  64% ] 25/50 VUs  4m48.0s/7m30.0s

running (4m49.0s), 26/50 VUs, 350 complete and 0 interrupted iterations
concurrency   [  64% ] 26/50 VUs  4m49.0s/7m30.0s

running (4m50.0s), 26/50 VUs, 352 complete and 0 interrupted iterations
concurrency   [  64% ] 26/50 VUs  4m50.0s/7m30.0s

running (4m51.0s), 26/50 VUs, 352 complete and 0 interrupted iterations
concurrency   [  65% ] 26/50 VUs  4m51.0s/7m30.0s

running (4m52.0s), 27/50 VUs, 352 complete and 0 interrupted iterations
concurrency   [  65% ] 27/50 VUs  4m52.0s/7m30.0s

running (4m53.0s), 27/50 VUs, 359 complete and 0 interrupted iterations
concurrency   [  65% ] 27/50 VUs  4m53.0s/7m30.0s

running (4m54.0s), 27/50 VUs, 364 complete and 0 interrupted iterations
concurrency   [  65% ] 27/50 VUs  4m54.0s/7m30.0s

running (4m55.0s), 28/50 VUs, 366 complete and 0 interrupted iterations
concurrency   [  66% ] 28/50 VUs  4m55.0s/7m30.0s

running (4m56.0s), 28/50 VUs, 367 complete and 0 interrupted iterations
concurrency   [  66% ] 28/50 VUs  4m56.0s/7m30.0s

running (4m57.0s), 28/50 VUs, 367 complete and 0 interrupted iterations
concurrency   [  66% ] 28/50 VUs  4m57.0s/7m30.0s

running (4m58.0s), 29/50 VUs, 367 complete and 0 interrupted iterations
concurrency   [  66% ] 29/50 VUs  4m58.0s/7m30.0s

running (4m59.0s), 29/50 VUs, 372 complete and 0 interrupted iterations
concurrency   [  66% ] 29/50 VUs  4m59.0s/7m30.0s

running (5m00.0s), 29/50 VUs, 376 complete and 0 interrupted iterations
concurrency   [  67% ] 29/50 VUs  5m00.0s/7m30.0s

running (5m01.0s), 30/50 VUs, 379 complete and 0 interrupted iterations
concurrency   [  67% ] 30/50 VUs  5m01.0s/7m30.0s

running (5m02.0s), 30/50 VUs, 379 complete and 0 interrupted iterations
concurrency   [  67% ] 30/50 VUs  5m02.0s/7m30.0s

running (5m03.0s), 30/50 VUs, 379 complete and 0 interrupted iterations
concurrency   [  67% ] 30/50 VUs  5m03.0s/7m30.0s

running (5m04.0s), 31/50 VUs, 382 complete and 0 interrupted iterations
concurrency   [  68% ] 31/50 VUs  5m04.0s/7m30.0s

running (5m05.0s), 31/50 VUs, 382 complete and 0 interrupted iterations
concurrency   [  68% ] 31/50 VUs  5m05.0s/7m30.0s

running (5m06.0s), 31/50 VUs, 385 complete and 0 interrupted iterations
concurrency   [  68% ] 31/50 VUs  5m06.0s/7m30.0s

running (5m07.0s), 32/50 VUs, 392 complete and 0 interrupted iterations
concurrency   [  68% ] 32/50 VUs  5m07.0s/7m30.0s

running (5m08.0s), 32/50 VUs, 395 complete and 0 interrupted iterations
concurrency   [  68% ] 32/50 VUs  5m08.0s/7m30.0s

running (5m09.0s), 32/50 VUs, 396 complete and 0 interrupted iterations
concurrency   [  69% ] 32/50 VUs  5m09.0s/7m30.0s

running (5m10.0s), 33/50 VUs, 397 complete and 0 interrupted iterations
concurrency   [  69% ] 33/50 VUs  5m10.0s/7m30.0s

running (5m11.0s), 33/50 VUs, 398 complete and 0 interrupted iterations
concurrency   [  69% ] 33/50 VUs  5m11.0s/7m30.0s

running (5m12.0s), 33/50 VUs, 398 complete and 0 interrupted iterations
concurrency   [  69% ] 33/50 VUs  5m12.0s/7m30.0s

running (5m13.0s), 34/50 VUs, 401 complete and 0 interrupted iterations
concurrency   [  70% ] 34/50 VUs  5m13.0s/7m30.0s

running (5m14.0s), 34/50 VUs, 407 complete and 0 interrupted iterations
concurrency   [  70% ] 34/50 VUs  5m14.0s/7m30.0s

running (5m15.0s), 34/50 VUs, 408 complete and 0 interrupted iterations
concurrency   [  70% ] 34/50 VUs  5m15.0s/7m30.0s

running (5m16.0s), 35/50 VUs, 411 complete and 0 interrupted iterations
concurrency   [  70% ] 35/50 VUs  5m16.0s/7m30.0s

running (5m17.0s), 35/50 VUs, 415 complete and 0 interrupted iterations
concurrency   [  70% ] 35/50 VUs  5m17.0s/7m30.0s

running (5m18.0s), 35/50 VUs, 415 complete and 0 interrupted iterations
concurrency   [  71% ] 35/50 VUs  5m18.0s/7m30.0s

running (5m19.0s), 36/50 VUs, 415 complete and 0 interrupted iterations
concurrency   [  71% ] 36/50 VUs  5m19.0s/7m30.0s

running (5m20.0s), 36/50 VUs, 417 complete and 0 interrupted iterations
concurrency   [  71% ] 36/50 VUs  5m20.0s/7m30.0s

running (5m21.0s), 36/50 VUs, 417 complete and 0 interrupted iterations
concurrency   [  71% ] 36/50 VUs  5m21.0s/7m30.0s

running (5m22.0s), 37/50 VUs, 418 complete and 0 interrupted iterations
concurrency   [  72% ] 37/50 VUs  5m22.0s/7m30.0s

running (5m23.0s), 37/50 VUs, 426 complete and 0 interrupted iterations
concurrency   [  72% ] 37/50 VUs  5m23.0s/7m30.0s

running (5m24.0s), 37/50 VUs, 429 complete and 0 interrupted iterations
concurrency   [  72% ] 37/50 VUs  5m24.0s/7m30.0s

running (5m25.0s), 38/50 VUs, 429 complete and 0 interrupted iterations
concurrency   [  72% ] 38/50 VUs  5m25.0s/7m30.0s

running (5m26.0s), 38/50 VUs, 431 complete and 0 interrupted iterations
concurrency   [  72% ] 38/50 VUs  5m26.0s/7m30.0s

running (5m27.0s), 38/50 VUs, 436 complete and 0 interrupted iterations
concurrency   [  73% ] 38/50 VUs  5m27.0s/7m30.0s

running (5m28.0s), 39/50 VUs, 436 complete and 0 interrupted iterations
concurrency   [  73% ] 39/50 VUs  5m28.0s/7m30.0s

running (5m29.0s), 39/50 VUs, 436 complete and 0 interrupted iterations
concurrency   [  73% ] 39/50 VUs  5m29.0s/7m30.0s

running (5m30.0s), 39/50 VUs, 437 complete and 0 interrupted iterations
concurrency   [  73% ] 39/50 VUs  5m30.0s/7m30.0s

running (5m31.0s), 40/50 VUs, 443 complete and 0 interrupted iterations
concurrency   [  74% ] 40/50 VUs  5m31.0s/7m30.0s

running (5m32.0s), 40/50 VUs, 449 complete and 0 interrupted iterations
concurrency   [  74% ] 40/50 VUs  5m32.0s/7m30.0s

running (5m33.0s), 40/50 VUs, 453 complete and 0 interrupted iterations
concurrency   [  74% ] 40/50 VUs  5m33.0s/7m30.0s

running (5m34.0s), 41/50 VUs, 453 complete and 0 interrupted iterations
concurrency   [  74% ] 41/50 VUs  5m34.0s/7m30.0s

running (5m35.0s), 41/50 VUs, 453 complete and 0 interrupted iterations
concurrency   [  74% ] 41/50 VUs  5m35.0s/7m30.0s

running (5m36.0s), 41/50 VUs, 456 complete and 0 interrupted iterations
concurrency   [  75% ] 41/50 VUs  5m36.0s/7m30.0s

running (5m37.0s), 42/50 VUs, 461 complete and 0 interrupted iterations
concurrency   [  75% ] 42/50 VUs  5m37.0s/7m30.0s

running (5m38.0s), 42/50 VUs, 464 complete and 0 interrupted iterations
concurrency   [  75% ] 42/50 VUs  5m38.0s/7m30.0s

running (5m39.0s), 42/50 VUs, 464 complete and 0 interrupted iterations
concurrency   [  75% ] 42/50 VUs  5m39.0s/7m30.0s

running (5m40.0s), 43/50 VUs, 464 complete and 0 interrupted iterations
concurrency   [  76% ] 43/50 VUs  5m40.0s/7m30.0s

running (5m41.0s), 43/50 VUs, 467 complete and 0 interrupted iterations
concurrency   [  76% ] 43/50 VUs  5m41.0s/7m30.0s

running (5m42.0s), 43/50 VUs, 474 complete and 0 interrupted iterations
concurrency   [  76% ] 43/50 VUs  5m42.0s/7m30.0s

running (5m43.0s), 44/50 VUs, 475 complete and 0 interrupted iterations
concurrency   [  76% ] 44/50 VUs  5m43.0s/7m30.0s

running (5m44.0s), 44/50 VUs, 478 complete and 0 interrupted iterations
concurrency   [  76% ] 44/50 VUs  5m44.0s/7m30.0s

running (5m45.0s), 44/50 VUs, 479 complete and 0 interrupted iterations
concurrency   [  77% ] 44/50 VUs  5m45.0s/7m30.0s

running (5m46.0s), 45/50 VUs, 479 complete and 0 interrupted iterations
concurrency   [  77% ] 45/50 VUs  5m46.0s/7m30.0s

running (5m47.0s), 45/50 VUs, 479 complete and 0 interrupted iterations
concurrency   [  77% ] 45/50 VUs  5m47.0s/7m30.0s

running (5m48.0s), 45/50 VUs, 479 complete and 0 interrupted iterations
concurrency   [  77% ] 45/50 VUs  5m48.0s/7m30.0s

running (5m49.0s), 46/50 VUs, 488 complete and 0 interrupted iterations
concurrency   [  78% ] 46/50 VUs  5m49.0s/7m30.0s

running (5m50.0s), 46/50 VUs, 491 complete and 0 interrupted iterations
concurrency   [  78% ] 46/50 VUs  5m50.0s/7m30.0s

running (5m51.0s), 46/50 VUs, 492 complete and 0 interrupted iterations
concurrency   [  78% ] 46/50 VUs  5m51.0s/7m30.0s

running (5m52.0s), 47/50 VUs, 492 complete and 0 interrupted iterations
concurrency   [  78% ] 47/50 VUs  5m52.0s/7m30.0s

running (5m53.0s), 47/50 VUs, 493 complete and 0 interrupted iterations
concurrency   [  78% ] 47/50 VUs  5m53.0s/7m30.0s

running (5m54.0s), 47/50 VUs, 501 complete and 0 interrupted iterations
concurrency   [  79% ] 47/50 VUs  5m54.0s/7m30.0s

running (5m55.0s), 48/50 VUs, 502 complete and 0 interrupted iterations
concurrency   [  79% ] 48/50 VUs  5m55.0s/7m30.0s

running (5m56.0s), 48/50 VUs, 502 complete and 0 interrupted iterations
concurrency   [  79% ] 48/50 VUs  5m56.0s/7m30.0s

running (5m57.0s), 48/50 VUs, 502 complete and 0 interrupted iterations
concurrency   [  79% ] 48/50 VUs  5m57.0s/7m30.0s

running (5m58.0s), 49/50 VUs, 502 complete and 0 interrupted iterations
concurrency   [  80% ] 49/50 VUs  5m58.0s/7m30.0s

running (5m59.0s), 49/50 VUs, 506 complete and 0 interrupted iterations
concurrency   [  80% ] 49/50 VUs  5m59.0s/7m30.0s

running (6m00.0s), 49/50 VUs, 513 complete and 0 interrupted iterations
concurrency   [  80% ] 49/50 VUs  6m00.0s/7m30.0s

running (6m01.0s), 50/50 VUs, 518 complete and 0 interrupted iterations
concurrency   [  80% ] 50/50 VUs  6m01.0s/7m30.0s

running (6m02.0s), 50/50 VUs, 522 complete and 0 interrupted iterations
concurrency   [  80% ] 50/50 VUs  6m02.0s/7m30.0s

running (6m03.0s), 50/50 VUs, 522 complete and 0 interrupted iterations
concurrency   [  81% ] 50/50 VUs  6m03.0s/7m30.0s

running (6m04.0s), 50/50 VUs, 527 complete and 0 interrupted iterations
concurrency   [  81% ] 50/50 VUs  6m04.0s/7m30.0s

running (6m05.0s), 50/50 VUs, 530 complete and 0 interrupted iterations
concurrency   [  81% ] 50/50 VUs  6m05.0s/7m30.0s

running (6m06.0s), 50/50 VUs, 531 complete and 0 interrupted iterations
concurrency   [  81% ] 50/50 VUs  6m06.0s/7m30.0s

running (6m07.0s), 50/50 VUs, 531 complete and 0 interrupted iterations
concurrency   [  82% ] 50/50 VUs  6m07.0s/7m30.0s

running (6m08.0s), 50/50 VUs, 535 complete and 0 interrupted iterations
concurrency   [  82% ] 50/50 VUs  6m08.0s/7m30.0s

running (6m09.0s), 50/50 VUs, 539 complete and 0 interrupted iterations
concurrency   [  82% ] 50/50 VUs  6m09.0s/7m30.0s

running (6m10.0s), 50/50 VUs, 539 complete and 0 interrupted iterations
concurrency   [  82% ] 50/50 VUs  6m10.0s/7m30.0s

running (6m11.0s), 50/50 VUs, 539 complete and 0 interrupted iterations
concurrency   [  82% ] 50/50 VUs  6m11.0s/7m30.0s

running (6m12.0s), 50/50 VUs, 541 complete and 0 interrupted iterations
concurrency   [  83% ] 50/50 VUs  6m12.0s/7m30.0s

running (6m13.0s), 50/50 VUs, 549 complete and 0 interrupted iterations
concurrency   [  83% ] 50/50 VUs  6m13.0s/7m30.0s

running (6m14.0s), 50/50 VUs, 551 complete and 0 interrupted iterations
concurrency   [  83% ] 50/50 VUs  6m14.0s/7m30.0s

running (6m15.0s), 50/50 VUs, 551 complete and 0 interrupted iterations
concurrency   [  83% ] 50/50 VUs  6m15.0s/7m30.0s

running (6m16.0s), 50/50 VUs, 551 complete and 0 interrupted iterations
concurrency   [  84% ] 50/50 VUs  6m16.0s/7m30.0s

running (6m17.0s), 50/50 VUs, 551 complete and 0 interrupted iterations
concurrency   [  84% ] 50/50 VUs  6m17.0s/7m30.0s

running (6m18.0s), 50/50 VUs, 558 complete and 0 interrupted iterations
concurrency   [  84% ] 50/50 VUs  6m18.0s/7m30.0s

running (6m19.0s), 50/50 VUs, 563 complete and 0 interrupted iterations
concurrency   [  84% ] 50/50 VUs  6m19.0s/7m30.0s

running (6m20.0s), 50/50 VUs, 563 complete and 0 interrupted iterations
concurrency   [  84% ] 50/50 VUs  6m20.0s/7m30.0s

running (6m21.0s), 50/50 VUs, 563 complete and 0 interrupted iterations
concurrency   [  85% ] 50/50 VUs  6m21.0s/7m30.0s

running (6m22.0s), 50/50 VUs, 563 complete and 0 interrupted iterations
concurrency   [  85% ] 50/50 VUs  6m22.0s/7m30.0s

running (6m23.0s), 50/50 VUs, 569 complete and 0 interrupted iterations
concurrency   [  85% ] 50/50 VUs  6m23.0s/7m30.0s

running (6m24.0s), 50/50 VUs, 575 complete and 0 interrupted iterations
concurrency   [  85% ] 50/50 VUs  6m24.0s/7m30.0s

running (6m25.0s), 50/50 VUs, 583 complete and 0 interrupted iterations
concurrency   [  86% ] 50/50 VUs  6m25.0s/7m30.0s

running (6m26.0s), 50/50 VUs, 583 complete and 0 interrupted iterations
concurrency   [  86% ] 50/50 VUs  6m26.0s/7m30.0s

running (6m27.0s), 50/50 VUs, 583 complete and 0 interrupted iterations
concurrency   [  86% ] 50/50 VUs  6m27.0s/7m30.0s

running (6m28.0s), 50/50 VUs, 583 complete and 0 interrupted iterations
concurrency   [  86% ] 50/50 VUs  6m28.0s/7m30.0s

running (6m29.0s), 50/50 VUs, 586 complete and 0 interrupted iterations
concurrency   [  86% ] 50/50 VUs  6m29.0s/7m30.0s

running (6m30.0s), 50/50 VUs, 594 complete and 0 interrupted iterations
concurrency   [  87% ] 50/50 VUs  6m30.0s/7m30.0s

running (6m31.0s), 50/50 VUs, 600 complete and 0 interrupted iterations
concurrency   [  87% ] 50/50 VUs  6m31.0s/7m30.0s

running (6m32.0s), 50/50 VUs, 601 complete and 0 interrupted iterations
concurrency   [  87% ] 50/50 VUs  6m32.0s/7m30.0s

running (6m33.0s), 50/50 VUs, 601 complete and 0 interrupted iterations
concurrency   [  87% ] 50/50 VUs  6m33.0s/7m30.0s

running (6m34.0s), 50/50 VUs, 603 complete and 0 interrupted iterations
concurrency   [  88% ] 50/50 VUs  6m34.0s/7m30.0s

running (6m35.0s), 50/50 VUs, 606 complete and 0 interrupted iterations
concurrency   [  88% ] 50/50 VUs  6m35.0s/7m30.0s

running (6m36.0s), 50/50 VUs, 613 complete and 0 interrupted iterations
concurrency   [  88% ] 50/50 VUs  6m36.0s/7m30.0s

running (6m37.0s), 50/50 VUs, 613 complete and 0 interrupted iterations
concurrency   [  88% ] 50/50 VUs  6m37.0s/7m30.0s

running (6m38.0s), 50/50 VUs, 613 complete and 0 interrupted iterations
concurrency   [  88% ] 50/50 VUs  6m38.0s/7m30.0s

running (6m39.0s), 50/50 VUs, 616 complete and 0 interrupted iterations
concurrency   [  89% ] 50/50 VUs  6m39.0s/7m30.0s

running (6m40.0s), 50/50 VUs, 616 complete and 0 interrupted iterations
concurrency   [  89% ] 50/50 VUs  6m40.0s/7m30.0s

running (6m41.0s), 50/50 VUs, 616 complete and 0 interrupted iterations
concurrency   [  89% ] 50/50 VUs  6m41.0s/7m30.0s

running (6m42.0s), 50/50 VUs, 616 complete and 0 interrupted iterations
concurrency   [  89% ] 50/50 VUs  6m42.0s/7m30.0s

running (6m43.0s), 50/50 VUs, 621 complete and 0 interrupted iterations
concurrency   [  90% ] 50/50 VUs  6m43.0s/7m30.0s

running (6m44.0s), 50/50 VUs, 621 complete and 0 interrupted iterations
concurrency   [  90% ] 50/50 VUs  6m44.0s/7m30.0s

running (6m45.0s), 50/50 VUs, 621 complete and 0 interrupted iterations
concurrency   [  90% ] 50/50 VUs  6m45.0s/7m30.0s

running (6m46.0s), 50/50 VUs, 630 complete and 0 interrupted iterations
concurrency   [  90% ] 50/50 VUs  6m46.0s/7m30.0s

running (6m47.0s), 50/50 VUs, 634 complete and 0 interrupted iterations
concurrency   [  90% ] 50/50 VUs  6m47.0s/7m30.0s

running (6m48.0s), 50/50 VUs, 634 complete and 0 interrupted iterations
concurrency   [  91% ] 50/50 VUs  6m48.0s/7m30.0s

running (6m49.0s), 50/50 VUs, 634 complete and 0 interrupted iterations
concurrency   [  91% ] 50/50 VUs  6m49.0s/7m30.0s

running (6m50.0s), 50/50 VUs, 642 complete and 0 interrupted iterations
concurrency   [  91% ] 50/50 VUs  6m50.0s/7m30.0s

running (6m51.0s), 50/50 VUs, 647 complete and 0 interrupted iterations
concurrency   [  91% ] 50/50 VUs  6m51.0s/7m30.0s

running (6m52.0s), 50/50 VUs, 654 complete and 0 interrupted iterations
concurrency   [  92% ] 50/50 VUs  6m52.0s/7m30.0s

running (6m53.0s), 50/50 VUs, 654 complete and 0 interrupted iterations
concurrency   [  92% ] 50/50 VUs  6m53.0s/7m30.0s

running (6m54.0s), 50/50 VUs, 654 complete and 0 interrupted iterations
concurrency   [  92% ] 50/50 VUs  6m54.0s/7m30.0s

running (6m55.0s), 50/50 VUs, 659 complete and 0 interrupted iterations
concurrency   [  92% ] 50/50 VUs  6m55.0s/7m30.0s

running (6m56.0s), 50/50 VUs, 662 complete and 0 interrupted iterations
concurrency   [  92% ] 50/50 VUs  6m56.0s/7m30.0s

running (6m57.0s), 50/50 VUs, 666 complete and 0 interrupted iterations
concurrency   [  93% ] 50/50 VUs  6m57.0s/7m30.0s

running (6m58.0s), 50/50 VUs, 666 complete and 0 interrupted iterations
concurrency   [  93% ] 50/50 VUs  6m58.0s/7m30.0s

running (6m59.0s), 50/50 VUs, 666 complete and 0 interrupted iterations
concurrency   [  93% ] 50/50 VUs  6m59.0s/7m30.0s

running (7m00.0s), 50/50 VUs, 667 complete and 0 interrupted iterations
concurrency   [  93% ] 50/50 VUs  7m00.0s/7m30.0s

running (7m01.0s), 50/50 VUs, 675 complete and 0 interrupted iterations
concurrency   [  94% ] 50/50 VUs  7m01.0s/7m30.0s

running (7m02.0s), 50/50 VUs, 678 complete and 0 interrupted iterations
concurrency   [  94% ] 50/50 VUs  7m02.0s/7m30.0s

running (7m03.0s), 50/50 VUs, 678 complete and 0 interrupted iterations
concurrency   [  94% ] 50/50 VUs  7m03.0s/7m30.0s

running (7m04.0s), 50/50 VUs, 679 complete and 0 interrupted iterations
concurrency   [  94% ] 50/50 VUs  7m04.0s/7m30.0s

running (7m05.0s), 50/50 VUs, 686 complete and 0 interrupted iterations
concurrency   [  94% ] 50/50 VUs  7m05.0s/7m30.0s

running (7m06.0s), 50/50 VUs, 688 complete and 0 interrupted iterations
concurrency   [  95% ] 50/50 VUs  7m06.0s/7m30.0s

running (7m07.0s), 50/50 VUs, 688 complete and 0 interrupted iterations
concurrency   [  95% ] 50/50 VUs  7m07.0s/7m30.0s

running (7m08.0s), 50/50 VUs, 688 complete and 0 interrupted iterations
concurrency   [  95% ] 50/50 VUs  7m08.0s/7m30.0s

running (7m09.0s), 50/50 VUs, 693 complete and 0 interrupted iterations
concurrency   [  95% ] 50/50 VUs  7m09.0s/7m30.0s

running (7m10.0s), 50/50 VUs, 701 complete and 0 interrupted iterations
concurrency   [  96% ] 50/50 VUs  7m10.0s/7m30.0s

running (7m11.0s), 50/50 VUs, 702 complete and 0 interrupted iterations
concurrency   [  96% ] 50/50 VUs  7m11.0s/7m30.0s

running (7m12.0s), 50/50 VUs, 702 complete and 0 interrupted iterations
concurrency   [  96% ] 50/50 VUs  7m12.0s/7m30.0s

running (7m13.0s), 50/50 VUs, 702 complete and 0 interrupted iterations
concurrency   [  96% ] 50/50 VUs  7m13.0s/7m30.0s

running (7m14.0s), 50/50 VUs, 706 complete and 0 interrupted iterations
concurrency   [  96% ] 50/50 VUs  7m14.0s/7m30.0s

running (7m15.0s), 50/50 VUs, 712 complete and 0 interrupted iterations
concurrency   [  97% ] 50/50 VUs  7m15.0s/7m30.0s

running (7m16.0s), 50/50 VUs, 716 complete and 0 interrupted iterations
concurrency   [  97% ] 50/50 VUs  7m16.0s/7m30.0s

running (7m17.0s), 50/50 VUs, 716 complete and 0 interrupted iterations
concurrency   [  97% ] 50/50 VUs  7m17.0s/7m30.0s

running (7m18.0s), 50/50 VUs, 716 complete and 0 interrupted iterations
concurrency   [  97% ] 50/50 VUs  7m18.0s/7m30.0s

running (7m19.0s), 50/50 VUs, 716 complete and 0 interrupted iterations
concurrency   [  98% ] 50/50 VUs  7m19.0s/7m30.0s

running (7m20.0s), 50/50 VUs, 725 complete and 0 interrupted iterations
concurrency   [  98% ] 50/50 VUs  7m20.0s/7m30.0s

running (7m21.0s), 50/50 VUs, 731 complete and 0 interrupted iterations
concurrency   [  98% ] 50/50 VUs  7m21.0s/7m30.0s

running (7m22.0s), 50/50 VUs, 731 complete and 0 interrupted iterations
concurrency   [  98% ] 50/50 VUs  7m22.0s/7m30.0s

running (7m23.0s), 50/50 VUs, 731 complete and 0 interrupted iterations
concurrency   [  98% ] 50/50 VUs  7m23.0s/7m30.0s

running (7m24.0s), 50/50 VUs, 731 complete and 0 interrupted iterations
concurrency   [  99% ] 50/50 VUs  7m24.0s/7m30.0s

running (7m25.0s), 50/50 VUs, 736 complete and 0 interrupted iterations
concurrency   [  99% ] 50/50 VUs  7m25.0s/7m30.0s

running (7m26.0s), 50/50 VUs, 740 complete and 0 interrupted iterations
concurrency   [  99% ] 50/50 VUs  7m26.0s/7m30.0s

running (7m27.0s), 50/50 VUs, 746 complete and 0 interrupted iterations
concurrency   [  99% ] 50/50 VUs  7m27.0s/7m30.0s

running (7m28.0s), 50/50 VUs, 749 complete and 0 interrupted iterations
concurrency   [ 100% ] 50/50 VUs  7m28.0s/7m30.0s

running (7m29.0s), 50/50 VUs, 749 complete and 0 interrupted iterations
concurrency   [ 100% ] 50/50 VUs  7m29.0s/7m30.0s

running (7m30.0s), 50/50 VUs, 749 complete and 0 interrupted iterations
concurrency   [ 100% ] 50/50 VUs  7m30.0s/7m30.0s

running (7m31.0s), 48/50 VUs, 751 complete and 0 interrupted iterations
concurrency ↓ [ 100% ] 50/50 VUs  7m30s

running (7m32.0s), 36/50 VUs, 763 complete and 0 interrupted iterations
concurrency ↓ [ 100% ] 50/50 VUs  7m30s

running (7m33.0s), 36/50 VUs, 763 complete and 0 interrupted iterations
concurrency ↓ [ 100% ] 50/50 VUs  7m30s

running (7m34.0s), 36/50 VUs, 763 complete and 0 interrupted iterations
concurrency ↓ [ 100% ] 50/50 VUs  7m30s

running (7m35.0s), 27/50 VUs, 772 complete and 0 interrupted iterations
concurrency ↓ [ 100% ] 50/50 VUs  7m30s

running (7m36.0s), 20/50 VUs, 779 complete and 0 interrupted iterations
concurrency ↓ [ 100% ] 50/50 VUs  7m30s

running (7m37.0s), 20/50 VUs, 779 complete and 0 interrupted iterations
concurrency ↓ [ 100% ] 50/50 VUs  7m30s

running (7m38.0s), 12/50 VUs, 787 complete and 0 interrupted iterations
concurrency ↓ [ 100% ] 50/50 VUs  7m30s

running (7m39.0s), 02/50 VUs, 797 complete and 0 interrupted iterations
concurrency ↓ [ 100% ] 50/50 VUs  7m30s

================ DSP benchmark summary ================
-- per-phase latency --
  catalog                    p50=1416.4 ms  p95=3479.9 ms  p99=4313.6 ms  max=4589.6 ms  n=799
  negotiation init (POST)    p50=39.9 ms  p95=103.4 ms  p99=153.0 ms  max=402.9 ms  n=799
  time-to-AGREED (async)     p50=4375.0 ms  p95=8657.1 ms  p99=10939.8 ms  max=12879.0 ms  n=799
  transfer init (POST)       p50=50.4 ms  p95=113.3 ms  p99=160.0 ms  max=217.9 ms  n=799
  time-to-EDR (async)        p50=5319.0 ms  p95=11153.3 ms  p99=12160.0 ms  max=13910.0 ms  n=799
  data pull                  p50=28.2 ms  p95=50.8 ms  p99=56.4 ms  max=84.1 ms  n=799
-- end-to-end + throughput --
  e2e transaction            p50=12555.0 ms  p95=20504.1 ms  p99=22057.3 ms  max=22854.0 ms  n=799
  data throughput (MB/s)     p50=0.2  p95=0.2  p99=0.2  max=0.2  n=799
-- outcomes --
  transactions succeeded     count=799  rate=1.740/s
  transactions failed        (no data)
  failed rate                rate=0.00%  (pass=0 fail=799)
    of which TERMINATED      (no data)
    of which TIMED OUT       (no data)
    of which HTTP-FAILED     (no data)
  failure accounting       (no failures)
-- observer effect (poll load) --
  negotiation polls          count=15815  rate=34.432/s
  edr polls                  count=19125  rate=41.639/s
  polls per transaction     negotiation=19.8  edr=23.9  (timeout ceiling=120)
=======================================================
(full summary -> /home/rohitj/edc/benchmarking-factoryx-edc/resources/local-fx-mvd/k6-scripts/results/factoryx/off/concurrency-closed/2026-08-02T18-14-26Z/k6-summary.json; POLL_INTERVAL_MS=250; IDENTITY_MODE=off)

running (7m39.3s), 00/50 VUs, 799 complete and 0 interrupted iterations
concurrency ✓ [ 100% ] 00/50 VUs  7m30s
