
         /\      Grafana   /‾‾/  
    /\  /  \     |\  __   /  /   
   /  \/    \    | |/ /  /   ‾‾\ 
  /          \   |   (  |  (‾)  |
 / __________ \  |_|\_\  \_____/ 


     execution: local
        script: /home/rohitj/edc/benchmarking-factoryx-edc/resources/local-fx-mvd/k6-scripts/scenarios/steady.js
        output: -

     scenarios: (100.00%) 1 scenario, 200 max VUs, 10m30s max duration (incl. graceful stop):
              * steady: 5.00 iterations/s for 10m0s (maxVUs: 50-200, gracefulStop: 30s)


running (00m01.0s), 005/050 VUs, 0 complete and 0 interrupted iterations
steady   [   0% ] 005/050 VUs  00m01.0s/10m0s  5.00 iters/s

running (00m02.0s), 010/050 VUs, 0 complete and 0 interrupted iterations
steady   [   0% ] 010/050 VUs  00m02.0s/10m0s  5.00 iters/s

running (00m03.0s), 015/050 VUs, 0 complete and 0 interrupted iterations
steady   [   0% ] 015/050 VUs  00m03.0s/10m0s  5.00 iters/s

running (00m04.0s), 020/050 VUs, 0 complete and 0 interrupted iterations
steady   [   1% ] 020/050 VUs  00m04.0s/10m0s  5.00 iters/s

running (00m05.0s), 025/050 VUs, 0 complete and 0 interrupted iterations
steady   [   1% ] 025/050 VUs  00m05.0s/10m0s  5.00 iters/s

running (00m06.0s), 030/050 VUs, 0 complete and 0 interrupted iterations
steady   [   1% ] 030/050 VUs  00m06.0s/10m0s  5.00 iters/s

running (00m07.0s), 035/050 VUs, 0 complete and 0 interrupted iterations
steady   [   1% ] 035/050 VUs  00m07.0s/10m0s  5.00 iters/s

running (00m08.0s), 040/050 VUs, 0 complete and 0 interrupted iterations
steady   [   1% ] 040/050 VUs  00m08.0s/10m0s  5.00 iters/s

running (00m09.0s), 045/050 VUs, 0 complete and 0 interrupted iterations
steady   [   1% ] 045/050 VUs  00m09.0s/10m0s  5.00 iters/s

running (00m10.0s), 050/050 VUs, 0 complete and 0 interrupted iterations
steady   [   2% ] 050/050 VUs  00m10.0s/10m0s  5.00 iters/s

running (00m11.0s), 052/053 VUs, 0 complete and 0 interrupted iterations
steady   [   2% ] 052/053 VUs  00m11.0s/10m0s  5.00 iters/s

running (00m12.0s), 055/055 VUs, 0 complete and 0 interrupted iterations
steady   [   2% ] 055/055 VUs  00m12.0s/10m0s  5.00 iters/s

running (00m13.0s), 057/058 VUs, 0 complete and 0 interrupted iterations
steady   [   2% ] 057/058 VUs  00m13.0s/10m0s  5.00 iters/s

running (00m14.0s), 060/060 VUs, 0 complete and 0 interrupted iterations
steady   [   2% ] 060/060 VUs  00m14.0s/10m0s  5.00 iters/s

running (00m15.0s), 062/063 VUs, 0 complete and 0 interrupted iterations
steady   [   2% ] 062/063 VUs  00m15.0s/10m0s  5.00 iters/s

running (00m16.0s), 065/065 VUs, 0 complete and 0 interrupted iterations
steady   [   3% ] 065/065 VUs  00m16.0s/10m0s  5.00 iters/s

running (00m17.0s), 067/068 VUs, 0 complete and 0 interrupted iterations
steady   [   3% ] 067/068 VUs  00m17.0s/10m0s  5.00 iters/s

running (00m18.0s), 070/070 VUs, 0 complete and 0 interrupted iterations
steady   [   3% ] 070/070 VUs  00m18.0s/10m0s  5.00 iters/s

running (00m19.0s), 072/073 VUs, 0 complete and 0 interrupted iterations
steady   [   3% ] 072/073 VUs  00m19.0s/10m0s  5.00 iters/s

running (00m20.0s), 075/075 VUs, 0 complete and 0 interrupted iterations
steady   [   3% ] 075/075 VUs  00m20.0s/10m0s  5.00 iters/s

running (00m21.0s), 077/078 VUs, 0 complete and 0 interrupted iterations
steady   [   3% ] 077/078 VUs  00m21.0s/10m0s  5.00 iters/s

running (00m22.0s), 080/080 VUs, 0 complete and 0 interrupted iterations
steady   [   4% ] 080/080 VUs  00m22.0s/10m0s  5.00 iters/s

running (00m23.0s), 082/083 VUs, 0 complete and 0 interrupted iterations
steady   [   4% ] 082/083 VUs  00m23.0s/10m0s  5.00 iters/s

running (00m24.0s), 085/085 VUs, 0 complete and 0 interrupted iterations
steady   [   4% ] 085/085 VUs  00m24.0s/10m0s  5.00 iters/s

running (00m25.0s), 087/088 VUs, 0 complete and 0 interrupted iterations
steady   [   4% ] 087/088 VUs  00m25.0s/10m0s  5.00 iters/s

running (00m26.0s), 090/090 VUs, 0 complete and 0 interrupted iterations
steady   [   4% ] 090/090 VUs  00m26.0s/10m0s  5.00 iters/s

running (00m27.0s), 092/093 VUs, 0 complete and 0 interrupted iterations
steady   [   4% ] 092/093 VUs  00m27.0s/10m0s  5.00 iters/s

running (00m28.0s), 095/095 VUs, 0 complete and 0 interrupted iterations
steady   [   5% ] 095/095 VUs  00m28.0s/10m0s  5.00 iters/s

running (00m29.0s), 097/098 VUs, 0 complete and 0 interrupted iterations
steady   [   5% ] 097/098 VUs  00m29.0s/10m0s  5.00 iters/s

running (00m30.0s), 100/100 VUs, 0 complete and 0 interrupted iterations
steady   [   5% ] 100/100 VUs  00m30.0s/10m0s  5.00 iters/s

running (00m31.0s), 102/103 VUs, 0 complete and 0 interrupted iterations
steady   [   5% ] 102/103 VUs  00m31.0s/10m0s  5.00 iters/s

running (00m32.0s), 105/105 VUs, 0 complete and 0 interrupted iterations
steady   [   5% ] 105/105 VUs  00m32.0s/10m0s  5.00 iters/s

running (00m33.0s), 107/108 VUs, 0 complete and 0 interrupted iterations
steady   [   5% ] 107/108 VUs  00m33.0s/10m0s  5.00 iters/s

running (00m34.0s), 110/110 VUs, 0 complete and 0 interrupted iterations
steady   [   6% ] 110/110 VUs  00m34.0s/10m0s  5.00 iters/s

running (00m35.0s), 106/111 VUs, 8 complete and 0 interrupted iterations
steady   [   6% ] 106/111 VUs  00m35.0s/10m0s  5.00 iters/s

running (00m36.0s), 111/111 VUs, 8 complete and 0 interrupted iterations
steady   [   6% ] 111/111 VUs  00m36.0s/10m0s  5.00 iters/s

running (00m37.0s), 108/112 VUs, 15 complete and 0 interrupted iterations
steady   [   6% ] 108/112 VUs  00m37.0s/10m0s  5.00 iters/s

running (00m38.0s), 106/112 VUs, 22 complete and 0 interrupted iterations
steady   [   6% ] 106/112 VUs  00m38.0s/10m0s  5.00 iters/s

running (00m39.0s), 101/112 VUs, 32 complete and 0 interrupted iterations
steady   [   6% ] 101/112 VUs  00m39.0s/10m0s  5.00 iters/s

running (00m40.0s), 103/112 VUs, 35 complete and 0 interrupted iterations
steady   [   7% ] 103/112 VUs  00m40.0s/10m0s  5.00 iters/s

running (00m41.0s), 108/112 VUs, 35 complete and 0 interrupted iterations
steady   [   7% ] 108/112 VUs  00m41.0s/10m0s  5.00 iters/s

running (00m42.0s), 106/112 VUs, 42 complete and 0 interrupted iterations
steady   [   7% ] 106/112 VUs  00m42.0s/10m0s  5.00 iters/s

running (00m43.0s), 111/112 VUs, 42 complete and 0 interrupted iterations
steady   [   7% ] 111/112 VUs  00m43.0s/10m0s  5.00 iters/s

running (00m44.0s), 108/112 VUs, 50 complete and 0 interrupted iterations
steady   [   7% ] 108/112 VUs  00m44.0s/10m0s  5.00 iters/s

running (00m45.0s), 107/113 VUs, 55 complete and 0 interrupted iterations
steady   [   7% ] 107/113 VUs  00m45.0s/10m0s  5.00 iters/s

running (00m46.0s), 112/113 VUs, 55 complete and 0 interrupted iterations
steady   [   8% ] 112/113 VUs  00m46.0s/10m0s  5.00 iters/s

running (00m47.0s), 112/114 VUs, 59 complete and 0 interrupted iterations
steady   [   8% ] 112/114 VUs  00m47.0s/10m0s  5.00 iters/s

running (00m48.0s), 115/116 VUs, 59 complete and 0 interrupted iterations
steady   [   8% ] 115/116 VUs  00m48.0s/10m0s  5.00 iters/s

running (00m49.0s), 114/117 VUs, 64 complete and 0 interrupted iterations
steady   [   8% ] 114/117 VUs  00m49.0s/10m0s  5.00 iters/s

running (00m50.0s), 118/118 VUs, 64 complete and 0 interrupted iterations
steady   [   8% ] 118/118 VUs  00m50.0s/10m0s  5.00 iters/s

running (00m51.0s), 118/119 VUs, 68 complete and 0 interrupted iterations
steady   [   8% ] 118/119 VUs  00m51.0s/10m0s  5.00 iters/s

running (00m52.0s), 119/121 VUs, 70 complete and 0 interrupted iterations
steady   [   9% ] 119/121 VUs  00m52.0s/10m0s  5.00 iters/s

running (00m53.0s), 121/121 VUs, 73 complete and 0 interrupted iterations
steady   [   9% ] 121/121 VUs  00m53.0s/10m0s  5.00 iters/s

running (00m54.0s), 120/123 VUs, 77 complete and 0 interrupted iterations
steady   [   9% ] 120/123 VUs  00m54.0s/10m0s  5.00 iters/s

running (00m55.0s), 124/124 VUs, 77 complete and 0 interrupted iterations
steady   [   9% ] 124/124 VUs  00m55.0s/10m0s  5.00 iters/s

running (00m56.0s), 124/125 VUs, 81 complete and 0 interrupted iterations
steady   [   9% ] 124/125 VUs  00m56.0s/10m0s  5.00 iters/s

running (00m57.0s), 125/127 VUs, 83 complete and 0 interrupted iterations
steady   [   9% ] 125/127 VUs  00m57.0s/10m0s  5.00 iters/s

running (00m58.0s), 127/128 VUs, 85 complete and 0 interrupted iterations
steady   [  10% ] 127/128 VUs  00m58.0s/10m0s  5.00 iters/s

running (00m59.0s), 127/129 VUs, 89 complete and 0 interrupted iterations
steady   [  10% ] 127/129 VUs  00m59.0s/10m0s  5.00 iters/s

running (01m00.0s), 130/131 VUs, 89 complete and 0 interrupted iterations
steady   [  10% ] 130/131 VUs  01m00.0s/10m0s  5.00 iters/s

running (01m01.0s), 130/131 VUs, 94 complete and 0 interrupted iterations
steady   [  10% ] 130/131 VUs  01m01.0s/10m0s  5.00 iters/s

running (01m02.0s), 132/133 VUs, 95 complete and 0 interrupted iterations
steady   [  10% ] 132/133 VUs  01m02.0s/10m0s  5.00 iters/s

running (01m03.0s), 129/133 VUs, 103 complete and 0 interrupted iterations
steady   [  10% ] 129/133 VUs  01m03.0s/10m0s  5.00 iters/s

running (01m04.0s), 133/134 VUs, 103 complete and 0 interrupted iterations
steady   [  11% ] 133/134 VUs  01m04.0s/10m0s  5.00 iters/s

running (01m05.0s), 135/135 VUs, 105 complete and 0 interrupted iterations
steady   [  11% ] 135/135 VUs  01m05.0s/10m0s  5.00 iters/s

running (01m06.0s), 137/137 VUs, 106 complete and 0 interrupted iterations
steady   [  11% ] 137/137 VUs  01m06.0s/10m0s  5.00 iters/s

running (01m07.0s), 139/140 VUs, 106 complete and 0 interrupted iterations
steady   [  11% ] 139/140 VUs  01m07.0s/10m0s  5.00 iters/s

running (01m08.0s), 140/141 VUs, 109 complete and 0 interrupted iterations
steady   [  11% ] 140/141 VUs  01m08.0s/10m0s  5.00 iters/s

running (01m09.0s), 143/143 VUs, 109 complete and 0 interrupted iterations
steady   [  11% ] 143/143 VUs  01m09.0s/10m0s  5.00 iters/s

running (01m10.0s), 138/144 VUs, 118 complete and 0 interrupted iterations
steady   [  12% ] 138/144 VUs  01m10.0s/10m0s  5.00 iters/s

running (01m11.0s), 143/144 VUs, 118 complete and 0 interrupted iterations
steady   [  12% ] 143/144 VUs  01m11.0s/10m0s  5.00 iters/s

running (01m12.0s), 137/145 VUs, 128 complete and 0 interrupted iterations
steady   [  12% ] 137/145 VUs  01m12.0s/10m0s  5.00 iters/s

running (01m13.0s), 134/145 VUs, 136 complete and 0 interrupted iterations
steady   [  12% ] 134/145 VUs  01m13.0s/10m0s  5.00 iters/s

running (01m14.0s), 131/145 VUs, 144 complete and 0 interrupted iterations
steady   [  12% ] 131/145 VUs  01m14.0s/10m0s  5.00 iters/s

running (01m15.0s), 136/145 VUs, 144 complete and 0 interrupted iterations
steady   [  12% ] 136/145 VUs  01m15.0s/10m0s  5.00 iters/s

running (01m16.0s), 133/145 VUs, 152 complete and 0 interrupted iterations
steady   [  13% ] 133/145 VUs  01m16.0s/10m0s  5.00 iters/s

running (01m17.0s), 138/145 VUs, 152 complete and 0 interrupted iterations
steady   [  13% ] 138/145 VUs  01m17.0s/10m0s  5.00 iters/s

running (01m18.0s), 139/145 VUs, 156 complete and 0 interrupted iterations
steady   [  13% ] 139/145 VUs  01m18.0s/10m0s  5.00 iters/s

running (01m19.0s), 139/145 VUs, 161 complete and 0 interrupted iterations
steady   [  13% ] 139/145 VUs  01m19.0s/10m0s  5.00 iters/s

running (01m20.0s), 138/145 VUs, 167 complete and 0 interrupted iterations
steady   [  13% ] 138/145 VUs  01m20.0s/10m0s  5.00 iters/s

running (01m21.0s), 141/145 VUs, 169 complete and 0 interrupted iterations
steady   [  13% ] 141/145 VUs  01m21.0s/10m0s  5.00 iters/s

running (01m22.0s), 145/146 VUs, 169 complete and 0 interrupted iterations
steady   [  14% ] 145/146 VUs  01m22.0s/10m0s  5.00 iters/s

running (01m23.0s), 143/146 VUs, 176 complete and 0 interrupted iterations
steady   [  14% ] 143/146 VUs  01m23.0s/10m0s  5.00 iters/s

running (01m24.0s), 144/147 VUs, 179 complete and 0 interrupted iterations
steady   [  14% ] 144/147 VUs  01m24.0s/10m0s  5.00 iters/s

running (01m25.0s), 143/147 VUs, 185 complete and 0 interrupted iterations
steady   [  14% ] 143/147 VUs  01m25.0s/10m0s  5.00 iters/s

running (01m26.0s), 147/148 VUs, 185 complete and 0 interrupted iterations
steady   [  14% ] 147/148 VUs  01m26.0s/10m0s  5.00 iters/s

running (01m27.0s), 139/148 VUs, 198 complete and 0 interrupted iterations
steady   [  14% ] 139/148 VUs  01m27.0s/10m0s  5.00 iters/s

running (01m28.0s), 144/148 VUs, 198 complete and 0 interrupted iterations
steady   [  15% ] 144/148 VUs  01m28.0s/10m0s  5.00 iters/s

running (01m29.0s), 148/149 VUs, 198 complete and 0 interrupted iterations
steady   [  15% ] 148/149 VUs  01m29.0s/10m0s  5.00 iters/s

running (01m30.0s), 143/151 VUs, 206 complete and 0 interrupted iterations
steady   [  15% ] 143/151 VUs  01m30.0s/10m0s  5.00 iters/s

running (01m31.0s), 141/151 VUs, 213 complete and 0 interrupted iterations
steady   [  15% ] 141/151 VUs  01m31.0s/10m0s  5.00 iters/s

running (01m32.0s), 145/151 VUs, 214 complete and 0 interrupted iterations
steady   [  15% ] 145/151 VUs  01m32.0s/10m0s  5.00 iters/s

running (01m33.0s), 146/151 VUs, 218 complete and 0 interrupted iterations
steady   [  15% ] 146/151 VUs  01m33.0s/10m0s  5.00 iters/s

running (01m34.0s), 149/151 VUs, 220 complete and 0 interrupted iterations
steady   [  16% ] 149/151 VUs  01m34.0s/10m0s  5.00 iters/s

running (01m35.0s), 147/152 VUs, 226 complete and 0 interrupted iterations
steady   [  16% ] 147/152 VUs  01m35.0s/10m0s  5.00 iters/s

running (01m36.0s), 152/152 VUs, 226 complete and 0 interrupted iterations
steady   [  16% ] 152/152 VUs  01m36.0s/10m0s  5.00 iters/s

running (01m37.0s), 147/154 VUs, 234 complete and 0 interrupted iterations
steady   [  16% ] 147/154 VUs  01m37.0s/10m0s  5.00 iters/s

running (01m38.0s), 152/154 VUs, 234 complete and 0 interrupted iterations
steady   [  16% ] 152/154 VUs  01m38.0s/10m0s  5.00 iters/s

running (01m39.0s), 150/154 VUs, 241 complete and 0 interrupted iterations
steady   [  16% ] 150/154 VUs  01m39.0s/10m0s  5.00 iters/s

running (01m40.0s), 154/155 VUs, 241 complete and 0 interrupted iterations
steady   [  17% ] 154/155 VUs  01m40.0s/10m0s  5.00 iters/s

running (01m41.0s), 153/156 VUs, 246 complete and 0 interrupted iterations
steady   [  17% ] 153/156 VUs  01m41.0s/10m0s  5.00 iters/s

running (01m42.0s), 153/157 VUs, 250 complete and 0 interrupted iterations
steady   [  17% ] 153/157 VUs  01m42.0s/10m0s  5.00 iters/s

running (01m43.0s), 152/157 VUs, 256 complete and 0 interrupted iterations
steady   [  17% ] 152/157 VUs  01m43.0s/10m0s  5.00 iters/s

running (01m44.0s), 157/157 VUs, 256 complete and 0 interrupted iterations
steady   [  17% ] 157/157 VUs  01m44.0s/10m0s  5.00 iters/s

running (01m45.0s), 154/159 VUs, 262 complete and 0 interrupted iterations
steady   [  17% ] 154/159 VUs  01m45.0s/10m0s  5.00 iters/s

running (01m46.0s), 153/159 VUs, 268 complete and 0 interrupted iterations
steady   [  18% ] 153/159 VUs  01m46.0s/10m0s  5.00 iters/s

running (01m47.0s), 150/159 VUs, 276 complete and 0 interrupted iterations
steady   [  18% ] 150/159 VUs  01m47.0s/10m0s  5.00 iters/s

running (01m48.0s), 149/159 VUs, 282 complete and 0 interrupted iterations
steady   [  18% ] 149/159 VUs  01m48.0s/10m0s  5.00 iters/s

running (01m49.0s), 154/159 VUs, 282 complete and 0 interrupted iterations
steady   [  18% ] 154/159 VUs  01m49.0s/10m0s  5.00 iters/s

running (01m50.0s), 152/159 VUs, 289 complete and 0 interrupted iterations
steady   [  18% ] 152/159 VUs  01m50.0s/10m0s  5.00 iters/s

running (01m51.0s), 149/159 VUs, 297 complete and 0 interrupted iterations
steady   [  18% ] 149/159 VUs  01m51.0s/10m0s  5.00 iters/s

running (01m52.0s), 154/159 VUs, 297 complete and 0 interrupted iterations
steady   [  19% ] 154/159 VUs  01m52.0s/10m0s  5.00 iters/s

running (01m53.0s), 158/159 VUs, 298 complete and 0 interrupted iterations
steady   [  19% ] 158/159 VUs  01m53.0s/10m0s  5.00 iters/s

running (01m54.0s), 157/159 VUs, 304 complete and 0 interrupted iterations
steady   [  19% ] 157/159 VUs  01m54.0s/10m0s  5.00 iters/s

running (01m55.0s), 159/161 VUs, 305 complete and 0 interrupted iterations
steady   [  19% ] 159/161 VUs  01m55.0s/10m0s  5.00 iters/s

running (01m56.0s), 152/161 VUs, 317 complete and 0 interrupted iterations
steady   [  19% ] 152/161 VUs  01m56.0s/10m0s  5.00 iters/s

running (01m57.0s), 149/161 VUs, 325 complete and 0 interrupted iterations
steady   [  19% ] 149/161 VUs  01m57.0s/10m0s  5.00 iters/s

running (01m58.0s), 148/161 VUs, 331 complete and 0 interrupted iterations
steady   [  20% ] 148/161 VUs  01m58.0s/10m0s  5.00 iters/s

running (01m59.0s), 149/161 VUs, 335 complete and 0 interrupted iterations
steady   [  20% ] 149/161 VUs  01m59.0s/10m0s  5.00 iters/s

running (02m00.0s), 148/161 VUs, 341 complete and 0 interrupted iterations
steady   [  20% ] 148/161 VUs  02m00.0s/10m0s  5.00 iters/s

running (02m01.0s), 151/161 VUs, 343 complete and 0 interrupted iterations
steady   [  20% ] 151/161 VUs  02m01.0s/10m0s  5.00 iters/s

running (02m02.0s), 152/161 VUs, 347 complete and 0 interrupted iterations
steady   [  20% ] 152/161 VUs  02m02.0s/10m0s  5.00 iters/s

running (02m03.0s), 153/161 VUs, 351 complete and 0 interrupted iterations
steady   [  20% ] 153/161 VUs  02m03.0s/10m0s  5.00 iters/s

running (02m04.0s), 151/161 VUs, 358 complete and 0 interrupted iterations
steady   [  21% ] 151/161 VUs  02m04.0s/10m0s  5.00 iters/s

running (02m05.0s), 151/161 VUs, 363 complete and 0 interrupted iterations
steady   [  21% ] 151/161 VUs  02m05.0s/10m0s  5.00 iters/s

running (02m06.0s), 150/161 VUs, 369 complete and 0 interrupted iterations
steady   [  21% ] 150/161 VUs  02m06.0s/10m0s  5.00 iters/s

running (02m07.0s), 150/161 VUs, 374 complete and 0 interrupted iterations
steady   [  21% ] 150/161 VUs  02m07.0s/10m0s  5.00 iters/s

running (02m08.0s), 152/161 VUs, 377 complete and 0 interrupted iterations
steady   [  21% ] 152/161 VUs  02m08.0s/10m0s  5.00 iters/s

running (02m09.0s), 155/161 VUs, 379 complete and 0 interrupted iterations
steady   [  21% ] 155/161 VUs  02m09.0s/10m0s  5.00 iters/s

running (02m10.0s), 159/161 VUs, 380 complete and 0 interrupted iterations
steady   [  22% ] 159/161 VUs  02m10.0s/10m0s  5.00 iters/s

running (02m11.0s), 157/162 VUs, 386 complete and 0 interrupted iterations
steady   [  22% ] 157/162 VUs  02m11.0s/10m0s  5.00 iters/s

running (02m12.0s), 162/162 VUs, 386 complete and 0 interrupted iterations
steady   [  22% ] 162/162 VUs  02m12.0s/10m0s  5.00 iters/s

running (02m13.0s), 160/163 VUs, 392 complete and 0 interrupted iterations
steady   [  22% ] 160/163 VUs  02m13.0s/10m0s  5.00 iters/s

running (02m14.0s), 155/163 VUs, 402 complete and 0 interrupted iterations
steady   [  22% ] 155/163 VUs  02m14.0s/10m0s  5.00 iters/s

running (02m15.0s), 157/163 VUs, 405 complete and 0 interrupted iterations
steady   [  22% ] 157/163 VUs  02m15.0s/10m0s  5.00 iters/s

running (02m16.0s), 162/163 VUs, 405 complete and 0 interrupted iterations
steady   [  23% ] 162/163 VUs  02m16.0s/10m0s  5.00 iters/s

running (02m17.0s), 159/163 VUs, 413 complete and 0 interrupted iterations
steady   [  23% ] 159/163 VUs  02m17.0s/10m0s  5.00 iters/s

running (02m18.0s), 159/163 VUs, 418 complete and 0 interrupted iterations
steady   [  23% ] 159/163 VUs  02m18.0s/10m0s  5.00 iters/s

running (02m19.0s), 163/164 VUs, 418 complete and 0 interrupted iterations
steady   [  23% ] 163/164 VUs  02m19.0s/10m0s  5.00 iters/s

running (02m20.0s), 159/166 VUs, 425 complete and 0 interrupted iterations
steady   [  23% ] 159/166 VUs  02m20.0s/10m0s  5.00 iters/s

running (02m21.0s), 157/166 VUs, 432 complete and 0 interrupted iterations
steady   [  23% ] 157/166 VUs  02m21.0s/10m0s  5.00 iters/s

running (02m22.0s), 155/166 VUs, 439 complete and 0 interrupted iterations
steady   [  24% ] 155/166 VUs  02m22.0s/10m0s  5.00 iters/s

running (02m23.0s), 154/166 VUs, 445 complete and 0 interrupted iterations
steady   [  24% ] 154/166 VUs  02m23.0s/10m0s  5.00 iters/s

running (02m24.0s), 154/166 VUs, 450 complete and 0 interrupted iterations
steady   [  24% ] 154/166 VUs  02m24.0s/10m0s  5.00 iters/s

running (02m25.0s), 155/166 VUs, 454 complete and 0 interrupted iterations
steady   [  24% ] 155/166 VUs  02m25.0s/10m0s  5.00 iters/s

running (02m26.0s), 160/166 VUs, 454 complete and 0 interrupted iterations
steady   [  24% ] 160/166 VUs  02m26.0s/10m0s  5.00 iters/s

running (02m27.0s), 158/166 VUs, 461 complete and 0 interrupted iterations
steady   [  24% ] 158/166 VUs  02m27.0s/10m0s  5.00 iters/s

running (02m28.0s), 154/166 VUs, 470 complete and 0 interrupted iterations
steady   [  25% ] 154/166 VUs  02m28.0s/10m0s  5.00 iters/s

running (02m29.0s), 156/166 VUs, 473 complete and 0 interrupted iterations
steady   [  25% ] 156/166 VUs  02m29.0s/10m0s  5.00 iters/s

running (02m30.0s), 161/166 VUs, 473 complete and 0 interrupted iterations
steady   [  25% ] 161/166 VUs  02m30.0s/10m0s  5.00 iters/s

running (02m31.0s), 161/166 VUs, 478 complete and 0 interrupted iterations
steady   [  25% ] 161/166 VUs  02m31.0s/10m0s  5.00 iters/s

running (02m32.0s), 166/166 VUs, 478 complete and 0 interrupted iterations
steady   [  25% ] 166/166 VUs  02m32.0s/10m0s  5.00 iters/s

running (02m33.0s), 158/167 VUs, 490 complete and 0 interrupted iterations
steady   [  25% ] 158/167 VUs  02m33.0s/10m0s  5.00 iters/s

running (02m34.0s), 157/167 VUs, 496 complete and 0 interrupted iterations
steady   [  26% ] 157/167 VUs  02m34.0s/10m0s  5.00 iters/s

running (02m35.0s), 156/167 VUs, 502 complete and 0 interrupted iterations
steady   [  26% ] 156/167 VUs  02m35.0s/10m0s  5.00 iters/s

running (02m36.0s), 155/167 VUs, 508 complete and 0 interrupted iterations
steady   [  26% ] 155/167 VUs  02m36.0s/10m0s  5.00 iters/s

running (02m37.0s), 156/167 VUs, 512 complete and 0 interrupted iterations
steady   [  26% ] 156/167 VUs  02m37.0s/10m0s  5.00 iters/s

running (02m38.0s), 154/167 VUs, 519 complete and 0 interrupted iterations
steady   [  26% ] 154/167 VUs  02m38.0s/10m0s  5.00 iters/s

running (02m39.0s), 154/167 VUs, 524 complete and 0 interrupted iterations
steady   [  26% ] 154/167 VUs  02m39.0s/10m0s  5.00 iters/s

running (02m40.0s), 153/167 VUs, 530 complete and 0 interrupted iterations
steady   [  27% ] 153/167 VUs  02m40.0s/10m0s  5.00 iters/s

running (02m41.0s), 155/167 VUs, 533 complete and 0 interrupted iterations
steady   [  27% ] 155/167 VUs  02m41.0s/10m0s  5.00 iters/s

running (02m42.0s), 156/167 VUs, 537 complete and 0 interrupted iterations
steady   [  27% ] 156/167 VUs  02m42.0s/10m0s  5.00 iters/s

running (02m43.0s), 161/167 VUs, 537 complete and 0 interrupted iterations
steady   [  27% ] 161/167 VUs  02m43.0s/10m0s  5.00 iters/s

running (02m44.0s), 161/167 VUs, 542 complete and 0 interrupted iterations
steady   [  27% ] 161/167 VUs  02m44.0s/10m0s  5.00 iters/s

running (02m45.0s), 166/167 VUs, 542 complete and 0 interrupted iterations
steady   [  27% ] 166/167 VUs  02m45.0s/10m0s  5.00 iters/s

running (02m46.0s), 165/167 VUs, 548 complete and 0 interrupted iterations
steady   [  28% ] 165/167 VUs  02m46.0s/10m0s  5.00 iters/s

running (02m47.0s), 168/169 VUs, 548 complete and 0 interrupted iterations
steady   [  28% ] 168/169 VUs  02m47.0s/10m0s  5.00 iters/s

running (02m48.0s), 163/170 VUs, 557 complete and 0 interrupted iterations
steady   [  28% ] 163/170 VUs  02m48.0s/10m0s  5.00 iters/s

running (02m49.0s), 168/170 VUs, 557 complete and 0 interrupted iterations
steady   [  28% ] 168/170 VUs  02m49.0s/10m0s  5.00 iters/s

running (02m50.0s), 163/171 VUs, 566 complete and 0 interrupted iterations
steady   [  28% ] 163/171 VUs  02m50.0s/10m0s  5.00 iters/s

running (02m51.0s), 165/171 VUs, 569 complete and 0 interrupted iterations
steady   [  28% ] 165/171 VUs  02m51.0s/10m0s  5.00 iters/s

running (02m52.0s), 170/171 VUs, 569 complete and 0 interrupted iterations
steady   [  29% ] 170/171 VUs  02m52.0s/10m0s  5.00 iters/s

running (02m53.0s), 163/171 VUs, 581 complete and 0 interrupted iterations
steady   [  29% ] 163/171 VUs  02m53.0s/10m0s  5.00 iters/s

running (02m54.0s), 160/171 VUs, 589 complete and 0 interrupted iterations
steady   [  29% ] 160/171 VUs  02m54.0s/10m0s  5.00 iters/s

running (02m55.0s), 157/171 VUs, 597 complete and 0 interrupted iterations
steady   [  29% ] 157/171 VUs  02m55.0s/10m0s  5.00 iters/s

running (02m56.0s), 159/171 VUs, 600 complete and 0 interrupted iterations
steady   [  29% ] 159/171 VUs  02m56.0s/10m0s  5.00 iters/s

running (02m57.0s), 163/171 VUs, 601 complete and 0 interrupted iterations
steady   [  29% ] 163/171 VUs  02m57.0s/10m0s  5.00 iters/s

running (02m58.0s), 161/171 VUs, 608 complete and 0 interrupted iterations
steady   [  30% ] 161/171 VUs  02m58.0s/10m0s  5.00 iters/s

running (02m59.0s), 157/171 VUs, 617 complete and 0 interrupted iterations
steady   [  30% ] 157/171 VUs  02m59.0s/10m0s  5.00 iters/s

running (03m00.0s), 157/171 VUs, 622 complete and 0 interrupted iterations
steady   [  30% ] 157/171 VUs  03m00.0s/10m0s  5.00 iters/s

running (03m01.0s), 156/171 VUs, 628 complete and 0 interrupted iterations
steady   [  30% ] 156/171 VUs  03m01.0s/10m0s  5.00 iters/s

running (03m02.0s), 161/171 VUs, 628 complete and 0 interrupted iterations
steady   [  30% ] 161/171 VUs  03m02.0s/10m0s  5.00 iters/s

running (03m03.0s), 160/171 VUs, 634 complete and 0 interrupted iterations
steady   [  30% ] 160/171 VUs  03m03.0s/10m0s  5.00 iters/s

running (03m04.0s), 165/171 VUs, 634 complete and 0 interrupted iterations
steady   [  31% ] 165/171 VUs  03m04.0s/10m0s  5.00 iters/s

running (03m05.0s), 167/171 VUs, 637 complete and 0 interrupted iterations
steady   [  31% ] 167/171 VUs  03m05.0s/10m0s  5.00 iters/s

running (03m06.0s), 171/172 VUs, 637 complete and 0 interrupted iterations
steady   [  31% ] 171/172 VUs  03m06.0s/10m0s  5.00 iters/s

running (03m07.0s), 163/173 VUs, 649 complete and 0 interrupted iterations
steady   [  31% ] 163/173 VUs  03m07.0s/10m0s  5.00 iters/s

running (03m08.0s), 163/173 VUs, 654 complete and 0 interrupted iterations
steady   [  31% ] 163/173 VUs  03m08.0s/10m0s  5.00 iters/s

running (03m09.0s), 168/173 VUs, 654 complete and 0 interrupted iterations
steady   [  31% ] 168/173 VUs  03m09.0s/10m0s  5.00 iters/s

running (03m10.0s), 166/173 VUs, 661 complete and 0 interrupted iterations
steady   [  32% ] 166/173 VUs  03m10.0s/10m0s  5.00 iters/s

running (03m11.0s), 166/173 VUs, 666 complete and 0 interrupted iterations
steady   [  32% ] 166/173 VUs  03m11.0s/10m0s  5.00 iters/s

running (03m12.0s), 171/173 VUs, 666 complete and 0 interrupted iterations
steady   [  32% ] 171/173 VUs  03m12.0s/10m0s  5.00 iters/s

running (03m13.0s), 166/173 VUs, 676 complete and 0 interrupted iterations
steady   [  32% ] 166/173 VUs  03m13.0s/10m0s  5.00 iters/s

running (03m14.0s), 165/173 VUs, 682 complete and 0 interrupted iterations
steady   [  32% ] 165/173 VUs  03m14.0s/10m0s  5.00 iters/s

running (03m15.0s), 157/173 VUs, 695 complete and 0 interrupted iterations
steady   [  32% ] 157/173 VUs  03m15.0s/10m0s  5.00 iters/s

running (03m16.0s), 156/173 VUs, 701 complete and 0 interrupted iterations
steady   [  33% ] 156/173 VUs  03m16.0s/10m0s  5.00 iters/s

running (03m17.0s), 156/173 VUs, 706 complete and 0 interrupted iterations
steady   [  33% ] 156/173 VUs  03m17.0s/10m0s  5.00 iters/s

running (03m18.0s), 154/173 VUs, 713 complete and 0 interrupted iterations
steady   [  33% ] 154/173 VUs  03m18.0s/10m0s  5.00 iters/s

running (03m19.0s), 159/173 VUs, 713 complete and 0 interrupted iterations
steady   [  33% ] 159/173 VUs  03m19.0s/10m0s  5.00 iters/s

running (03m20.0s), 161/173 VUs, 716 complete and 0 interrupted iterations
steady   [  33% ] 161/173 VUs  03m20.0s/10m0s  5.00 iters/s

running (03m21.0s), 160/173 VUs, 722 complete and 0 interrupted iterations
steady   [  33% ] 160/173 VUs  03m21.0s/10m0s  5.00 iters/s

running (03m22.0s), 159/173 VUs, 728 complete and 0 interrupted iterations
steady   [  34% ] 159/173 VUs  03m22.0s/10m0s  5.00 iters/s

running (03m23.0s), 159/173 VUs, 733 complete and 0 interrupted iterations
steady   [  34% ] 159/173 VUs  03m23.0s/10m0s  5.00 iters/s

running (03m24.0s), 161/173 VUs, 736 complete and 0 interrupted iterations
steady   [  34% ] 161/173 VUs  03m24.0s/10m0s  5.00 iters/s

running (03m25.0s), 161/173 VUs, 741 complete and 0 interrupted iterations
steady   [  34% ] 161/173 VUs  03m25.0s/10m0s  5.00 iters/s

running (03m26.0s), 161/173 VUs, 746 complete and 0 interrupted iterations
steady   [  34% ] 161/173 VUs  03m26.0s/10m0s  5.00 iters/s

running (03m27.0s), 160/173 VUs, 752 complete and 0 interrupted iterations
steady   [  34% ] 160/173 VUs  03m27.0s/10m0s  5.00 iters/s

running (03m28.0s), 165/173 VUs, 752 complete and 0 interrupted iterations
steady   [  35% ] 165/173 VUs  03m28.0s/10m0s  5.00 iters/s

running (03m29.0s), 166/173 VUs, 756 complete and 0 interrupted iterations
steady   [  35% ] 166/173 VUs  03m29.0s/10m0s  5.00 iters/s

running (03m30.0s), 162/173 VUs, 765 complete and 0 interrupted iterations
steady   [  35% ] 162/173 VUs  03m30.0s/10m0s  5.00 iters/s

running (03m31.0s), 162/173 VUs, 770 complete and 0 interrupted iterations
steady   [  35% ] 162/173 VUs  03m31.0s/10m0s  5.00 iters/s

running (03m32.0s), 161/173 VUs, 776 complete and 0 interrupted iterations
steady   [  35% ] 161/173 VUs  03m32.0s/10m0s  5.00 iters/s

running (03m33.0s), 161/173 VUs, 781 complete and 0 interrupted iterations
steady   [  35% ] 161/173 VUs  03m33.0s/10m0s  5.00 iters/s

running (03m34.0s), 159/173 VUs, 788 complete and 0 interrupted iterations
steady   [  36% ] 159/173 VUs  03m34.0s/10m0s  5.00 iters/s

running (03m35.0s), 160/173 VUs, 792 complete and 0 interrupted iterations
steady   [  36% ] 160/173 VUs  03m35.0s/10m0s  5.00 iters/s

running (03m36.0s), 165/173 VUs, 792 complete and 0 interrupted iterations
steady   [  36% ] 165/173 VUs  03m36.0s/10m0s  5.00 iters/s

running (03m37.0s), 170/173 VUs, 792 complete and 0 interrupted iterations
steady   [  36% ] 170/173 VUs  03m37.0s/10m0s  5.00 iters/s

running (03m38.0s), 172/174 VUs, 794 complete and 0 interrupted iterations
steady   [  36% ] 172/174 VUs  03m38.0s/10m0s  5.00 iters/s

running (03m39.0s), 167/174 VUs, 804 complete and 0 interrupted iterations
steady   [  36% ] 167/174 VUs  03m39.0s/10m0s  5.00 iters/s

running (03m40.0s), 172/174 VUs, 804 complete and 0 interrupted iterations
steady   [  37% ] 172/174 VUs  03m40.0s/10m0s  5.00 iters/s

running (03m41.0s), 166/174 VUs, 815 complete and 0 interrupted iterations
steady   [  37% ] 166/174 VUs  03m41.0s/10m0s  5.00 iters/s

running (03m42.0s), 170/174 VUs, 816 complete and 0 interrupted iterations
steady   [  37% ] 170/174 VUs  03m42.0s/10m0s  5.00 iters/s

running (03m43.0s), 174/175 VUs, 816 complete and 0 interrupted iterations
steady   [  37% ] 174/175 VUs  03m43.0s/10m0s  5.00 iters/s

running (03m44.0s), 166/176 VUs, 828 complete and 0 interrupted iterations
steady   [  37% ] 166/176 VUs  03m44.0s/10m0s  5.00 iters/s

running (03m45.0s), 165/176 VUs, 834 complete and 0 interrupted iterations
steady   [  37% ] 165/176 VUs  03m45.0s/10m0s  5.00 iters/s

running (03m46.0s), 160/176 VUs, 844 complete and 0 interrupted iterations
steady   [  38% ] 160/176 VUs  03m46.0s/10m0s  5.00 iters/s

running (03m47.0s), 165/176 VUs, 844 complete and 0 interrupted iterations
steady   [  38% ] 165/176 VUs  03m47.0s/10m0s  5.00 iters/s

running (03m48.0s), 162/176 VUs, 852 complete and 0 interrupted iterations
steady   [  38% ] 162/176 VUs  03m48.0s/10m0s  5.00 iters/s

running (03m49.0s), 167/176 VUs, 852 complete and 0 interrupted iterations
steady   [  38% ] 167/176 VUs  03m49.0s/10m0s  5.00 iters/s

running (03m50.0s), 166/176 VUs, 858 complete and 0 interrupted iterations
steady   [  38% ] 166/176 VUs  03m50.0s/10m0s  5.00 iters/s

running (03m51.0s), 165/176 VUs, 864 complete and 0 interrupted iterations
steady   [  38% ] 165/176 VUs  03m51.0s/10m0s  5.00 iters/s

running (03m52.0s), 164/176 VUs, 870 complete and 0 interrupted iterations
steady   [  39% ] 164/176 VUs  03m52.0s/10m0s  5.00 iters/s

running (03m53.0s), 169/176 VUs, 870 complete and 0 interrupted iterations
steady   [  39% ] 169/176 VUs  03m53.0s/10m0s  5.00 iters/s

running (03m54.0s), 164/176 VUs, 880 complete and 0 interrupted iterations
steady   [  39% ] 164/176 VUs  03m54.0s/10m0s  5.00 iters/s

running (03m55.0s), 169/176 VUs, 880 complete and 0 interrupted iterations
steady   [  39% ] 169/176 VUs  03m55.0s/10m0s  5.00 iters/s

running (03m56.0s), 167/176 VUs, 887 complete and 0 interrupted iterations
steady   [  39% ] 167/176 VUs  03m56.0s/10m0s  5.00 iters/s

running (03m57.0s), 172/176 VUs, 887 complete and 0 interrupted iterations
steady   [  39% ] 172/176 VUs  03m57.0s/10m0s  5.00 iters/s

running (03m58.0s), 170/176 VUs, 894 complete and 0 interrupted iterations
steady   [  40% ] 170/176 VUs  03m58.0s/10m0s  5.00 iters/s

running (03m59.0s), 165/176 VUs, 904 complete and 0 interrupted iterations
steady   [  40% ] 165/176 VUs  03m59.0s/10m0s  5.00 iters/s

running (04m00.0s), 161/176 VUs, 913 complete and 0 interrupted iterations
steady   [  40% ] 161/176 VUs  04m00.0s/10m0s  5.00 iters/s

running (04m01.0s), 158/176 VUs, 921 complete and 0 interrupted iterations
steady   [  40% ] 158/176 VUs  04m01.0s/10m0s  5.00 iters/s

running (04m02.0s), 160/176 VUs, 924 complete and 0 interrupted iterations
steady   [  40% ] 160/176 VUs  04m02.0s/10m0s  5.00 iters/s

running (04m03.0s), 165/176 VUs, 924 complete and 0 interrupted iterations
steady   [  40% ] 165/176 VUs  04m03.0s/10m0s  5.00 iters/s

running (04m04.0s), 163/176 VUs, 931 complete and 0 interrupted iterations
steady   [  41% ] 163/176 VUs  04m04.0s/10m0s  5.00 iters/s

running (04m05.0s), 162/176 VUs, 937 complete and 0 interrupted iterations
steady   [  41% ] 162/176 VUs  04m05.0s/10m0s  5.00 iters/s

running (04m06.0s), 160/176 VUs, 944 complete and 0 interrupted iterations
steady   [  41% ] 160/176 VUs  04m06.0s/10m0s  5.00 iters/s

running (04m07.0s), 163/176 VUs, 946 complete and 0 interrupted iterations
steady   [  41% ] 163/176 VUs  04m07.0s/10m0s  5.00 iters/s

running (04m08.0s), 168/176 VUs, 946 complete and 0 interrupted iterations
steady   [  41% ] 168/176 VUs  04m08.0s/10m0s  5.00 iters/s

running (04m09.0s), 162/176 VUs, 957 complete and 0 interrupted iterations
steady   [  41% ] 162/176 VUs  04m09.0s/10m0s  5.00 iters/s

running (04m10.0s), 167/176 VUs, 957 complete and 0 interrupted iterations
steady   [  42% ] 167/176 VUs  04m10.0s/10m0s  5.00 iters/s

running (04m11.0s), 163/176 VUs, 966 complete and 0 interrupted iterations
steady   [  42% ] 163/176 VUs  04m11.0s/10m0s  5.00 iters/s

running (04m12.0s), 163/176 VUs, 971 complete and 0 interrupted iterations
steady   [  42% ] 163/176 VUs  04m12.0s/10m0s  5.00 iters/s

running (04m13.0s), 161/176 VUs, 978 complete and 0 interrupted iterations
steady   [  42% ] 161/176 VUs  04m13.0s/10m0s  5.00 iters/s

running (04m14.0s), 160/176 VUs, 984 complete and 0 interrupted iterations
steady   [  42% ] 160/176 VUs  04m14.0s/10m0s  5.00 iters/s

running (04m15.0s), 161/176 VUs, 988 complete and 0 interrupted iterations
steady   [  42% ] 161/176 VUs  04m15.0s/10m0s  5.00 iters/s

running (04m16.0s), 166/176 VUs, 988 complete and 0 interrupted iterations
steady   [  43% ] 166/176 VUs  04m16.0s/10m0s  5.00 iters/s

running (04m17.0s), 166/176 VUs, 993 complete and 0 interrupted iterations
steady   [  43% ] 166/176 VUs  04m17.0s/10m0s  5.00 iters/s

running (04m18.0s), 171/176 VUs, 993 complete and 0 interrupted iterations
steady   [  43% ] 171/176 VUs  04m18.0s/10m0s  5.00 iters/s

running (04m19.0s), 170/176 VUs, 999 complete and 0 interrupted iterations
steady   [  43% ] 170/176 VUs  04m19.0s/10m0s  5.00 iters/s

running (04m20.0s), 164/176 VUs, 1010 complete and 0 interrupted iterations
steady   [  43% ] 164/176 VUs  04m20.0s/10m0s  5.00 iters/s

running (04m21.0s), 164/176 VUs, 1015 complete and 0 interrupted iterations
steady   [  43% ] 164/176 VUs  04m21.0s/10m0s  5.00 iters/s

running (04m22.0s), 163/176 VUs, 1021 complete and 0 interrupted iterations
steady   [  44% ] 163/176 VUs  04m22.0s/10m0s  5.00 iters/s

running (04m23.0s), 163/176 VUs, 1026 complete and 0 interrupted iterations
steady   [  44% ] 163/176 VUs  04m23.0s/10m0s  5.00 iters/s

running (04m24.0s), 163/176 VUs, 1031 complete and 0 interrupted iterations
steady   [  44% ] 163/176 VUs  04m24.0s/10m0s  5.00 iters/s

running (04m25.0s), 161/176 VUs, 1038 complete and 0 interrupted iterations
steady   [  44% ] 161/176 VUs  04m25.0s/10m0s  5.00 iters/s

running (04m26.0s), 163/176 VUs, 1041 complete and 0 interrupted iterations
steady   [  44% ] 163/176 VUs  04m26.0s/10m0s  5.00 iters/s

running (04m27.0s), 162/176 VUs, 1047 complete and 0 interrupted iterations
steady   [  44% ] 162/176 VUs  04m27.0s/10m0s  5.00 iters/s

running (04m28.0s), 161/176 VUs, 1053 complete and 0 interrupted iterations
steady   [  45% ] 161/176 VUs  04m28.0s/10m0s  5.00 iters/s

running (04m29.0s), 164/176 VUs, 1055 complete and 0 interrupted iterations
steady   [  45% ] 164/176 VUs  04m29.0s/10m0s  5.00 iters/s

running (04m30.0s), 169/176 VUs, 1055 complete and 0 interrupted iterations
steady   [  45% ] 169/176 VUs  04m30.0s/10m0s  5.00 iters/s

running (04m31.0s), 168/176 VUs, 1061 complete and 0 interrupted iterations
steady   [  45% ] 168/176 VUs  04m31.0s/10m0s  5.00 iters/s

running (04m32.0s), 171/176 VUs, 1063 complete and 0 interrupted iterations
steady   [  45% ] 171/176 VUs  04m32.0s/10m0s  5.00 iters/s

running (04m33.0s), 167/176 VUs, 1072 complete and 0 interrupted iterations
steady   [  45% ] 167/176 VUs  04m33.0s/10m0s  5.00 iters/s

running (04m34.0s), 172/176 VUs, 1072 complete and 0 interrupted iterations
steady   [  46% ] 172/176 VUs  04m34.0s/10m0s  5.00 iters/s

running (04m35.0s), 176/177 VUs, 1072 complete and 0 interrupted iterations
steady   [  46% ] 176/177 VUs  04m35.0s/10m0s  5.00 iters/s

running (04m36.0s), 172/177 VUs, 1081 complete and 0 interrupted iterations
steady   [  46% ] 172/177 VUs  04m36.0s/10m0s  5.00 iters/s

running (04m37.0s), 166/177 VUs, 1092 complete and 0 interrupted iterations
steady   [  46% ] 166/177 VUs  04m37.0s/10m0s  5.00 iters/s

running (04m38.0s), 165/177 VUs, 1098 complete and 0 interrupted iterations
steady   [  46% ] 165/177 VUs  04m38.0s/10m0s  5.00 iters/s

running (04m39.0s), 164/177 VUs, 1104 complete and 0 interrupted iterations
steady   [  46% ] 164/177 VUs  04m39.0s/10m0s  5.00 iters/s

running (04m40.0s), 165/177 VUs, 1108 complete and 0 interrupted iterations
steady   [  47% ] 165/177 VUs  04m40.0s/10m0s  5.00 iters/s

running (04m41.0s), 162/177 VUs, 1116 complete and 0 interrupted iterations
steady   [  47% ] 162/177 VUs  04m41.0s/10m0s  5.00 iters/s

running (04m42.0s), 164/177 VUs, 1119 complete and 0 interrupted iterations
steady   [  47% ] 164/177 VUs  04m42.0s/10m0s  5.00 iters/s

running (04m43.0s), 169/177 VUs, 1119 complete and 0 interrupted iterations
steady   [  47% ] 169/177 VUs  04m43.0s/10m0s  5.00 iters/s

running (04m44.0s), 163/177 VUs, 1130 complete and 0 interrupted iterations
steady   [  47% ] 163/177 VUs  04m44.0s/10m0s  5.00 iters/s

running (04m45.0s), 163/177 VUs, 1135 complete and 0 interrupted iterations
steady   [  47% ] 163/177 VUs  04m45.0s/10m0s  5.00 iters/s

running (04m46.0s), 168/177 VUs, 1135 complete and 0 interrupted iterations
steady   [  48% ] 168/177 VUs  04m46.0s/10m0s  5.00 iters/s

running (04m47.0s), 170/177 VUs, 1138 complete and 0 interrupted iterations
steady   [  48% ] 170/177 VUs  04m47.0s/10m0s  5.00 iters/s

running (04m48.0s), 165/177 VUs, 1148 complete and 0 interrupted iterations
steady   [  48% ] 165/177 VUs  04m48.0s/10m0s  5.00 iters/s

running (04m49.0s), 161/177 VUs, 1157 complete and 0 interrupted iterations
steady   [  48% ] 161/177 VUs  04m49.0s/10m0s  5.00 iters/s

running (04m50.0s), 161/177 VUs, 1162 complete and 0 interrupted iterations
steady   [  48% ] 161/177 VUs  04m50.0s/10m0s  5.00 iters/s

running (04m51.0s), 160/177 VUs, 1168 complete and 0 interrupted iterations
steady   [  48% ] 160/177 VUs  04m51.0s/10m0s  5.00 iters/s

running (04m52.0s), 162/177 VUs, 1171 complete and 0 interrupted iterations
steady   [  49% ] 162/177 VUs  04m52.0s/10m0s  5.00 iters/s

running (04m53.0s), 164/177 VUs, 1174 complete and 0 interrupted iterations
steady   [  49% ] 164/177 VUs  04m53.0s/10m0s  5.00 iters/s

running (04m54.0s), 169/177 VUs, 1174 complete and 0 interrupted iterations
steady   [  49% ] 169/177 VUs  04m54.0s/10m0s  5.00 iters/s

running (04m55.0s), 167/177 VUs, 1181 complete and 0 interrupted iterations
steady   [  49% ] 167/177 VUs  04m55.0s/10m0s  5.00 iters/s

running (04m56.0s), 167/177 VUs, 1186 complete and 0 interrupted iterations
steady   [  49% ] 167/177 VUs  04m56.0s/10m0s  5.00 iters/s

running (04m57.0s), 172/177 VUs, 1186 complete and 0 interrupted iterations
steady   [  49% ] 172/177 VUs  04m57.0s/10m0s  5.00 iters/s

running (04m58.0s), 164/177 VUs, 1199 complete and 0 interrupted iterations
steady   [  50% ] 164/177 VUs  04m58.0s/10m0s  5.00 iters/s

running (04m59.0s), 165/177 VUs, 1203 complete and 0 interrupted iterations
steady   [  50% ] 165/177 VUs  04m59.0s/10m0s  5.00 iters/s

running (05m00.0s), 160/177 VUs, 1213 complete and 0 interrupted iterations
steady   [  50% ] 160/177 VUs  05m00.0s/10m0s  5.00 iters/s

running (05m01.0s), 161/177 VUs, 1217 complete and 0 interrupted iterations
steady   [  50% ] 161/177 VUs  05m01.0s/10m0s  5.00 iters/s

running (05m02.0s), 164/177 VUs, 1219 complete and 0 interrupted iterations
steady   [  50% ] 164/177 VUs  05m02.0s/10m0s  5.00 iters/s

running (05m03.0s), 167/177 VUs, 1221 complete and 0 interrupted iterations
steady   [  50% ] 167/177 VUs  05m03.0s/10m0s  5.00 iters/s

running (05m04.0s), 167/177 VUs, 1226 complete and 0 interrupted iterations
steady   [  51% ] 167/177 VUs  05m04.0s/10m0s  5.00 iters/s

running (05m05.0s), 172/177 VUs, 1226 complete and 0 interrupted iterations
steady   [  51% ] 172/177 VUs  05m05.0s/10m0s  5.00 iters/s

running (05m06.0s), 169/177 VUs, 1234 complete and 0 interrupted iterations
steady   [  51% ] 169/177 VUs  05m06.0s/10m0s  5.00 iters/s

running (05m07.0s), 173/177 VUs, 1235 complete and 0 interrupted iterations
steady   [  51% ] 173/177 VUs  05m07.0s/10m0s  5.00 iters/s

running (05m08.0s), 173/178 VUs, 1239 complete and 0 interrupted iterations
steady   [  51% ] 173/178 VUs  05m08.0s/10m0s  5.00 iters/s

running (05m09.0s), 169/178 VUs, 1248 complete and 0 interrupted iterations
steady   [  51% ] 169/178 VUs  05m09.0s/10m0s  5.00 iters/s

running (05m10.0s), 174/178 VUs, 1248 complete and 0 interrupted iterations
steady   [  52% ] 174/178 VUs  05m10.0s/10m0s  5.00 iters/s

running (05m11.0s), 169/178 VUs, 1258 complete and 0 interrupted iterations
steady   [  52% ] 169/178 VUs  05m11.0s/10m0s  5.00 iters/s

running (05m12.0s), 170/178 VUs, 1262 complete and 0 interrupted iterations
steady   [  52% ] 170/178 VUs  05m12.0s/10m0s  5.00 iters/s

running (05m13.0s), 167/178 VUs, 1270 complete and 0 interrupted iterations
steady   [  52% ] 167/178 VUs  05m13.0s/10m0s  5.00 iters/s

running (05m14.0s), 166/178 VUs, 1276 complete and 0 interrupted iterations
steady   [  52% ] 166/178 VUs  05m14.0s/10m0s  5.00 iters/s

running (05m15.0s), 163/178 VUs, 1284 complete and 0 interrupted iterations
steady   [  52% ] 163/178 VUs  05m15.0s/10m0s  5.00 iters/s

running (05m16.0s), 164/178 VUs, 1288 complete and 0 interrupted iterations
steady   [  53% ] 164/178 VUs  05m16.0s/10m0s  5.00 iters/s

running (05m17.0s), 169/178 VUs, 1288 complete and 0 interrupted iterations
steady   [  53% ] 169/178 VUs  05m17.0s/10m0s  5.00 iters/s

running (05m18.0s), 165/178 VUs, 1297 complete and 0 interrupted iterations
steady   [  53% ] 165/178 VUs  05m18.0s/10m0s  5.00 iters/s

running (05m19.0s), 170/178 VUs, 1297 complete and 0 interrupted iterations
steady   [  53% ] 170/178 VUs  05m19.0s/10m0s  5.00 iters/s

running (05m20.0s), 172/178 VUs, 1300 complete and 0 interrupted iterations
steady   [  53% ] 172/178 VUs  05m20.0s/10m0s  5.00 iters/s

running (05m21.0s), 177/178 VUs, 1300 complete and 0 interrupted iterations
steady   [  53% ] 177/178 VUs  05m21.0s/10m0s  5.00 iters/s

running (05m22.0s), 170/179 VUs, 1311 complete and 0 interrupted iterations
steady   [  54% ] 170/179 VUs  05m22.0s/10m0s  5.00 iters/s

running (05m23.0s), 172/179 VUs, 1314 complete and 0 interrupted iterations
steady   [  54% ] 172/179 VUs  05m23.0s/10m0s  5.00 iters/s

running (05m24.0s), 173/179 VUs, 1318 complete and 0 interrupted iterations
steady   [  54% ] 173/179 VUs  05m24.0s/10m0s  5.00 iters/s

running (05m25.0s), 167/179 VUs, 1329 complete and 0 interrupted iterations
steady   [  54% ] 167/179 VUs  05m25.0s/10m0s  5.00 iters/s

running (05m26.0s), 162/179 VUs, 1339 complete and 0 interrupted iterations
steady   [  54% ] 162/179 VUs  05m26.0s/10m0s  5.00 iters/s

running (05m27.0s), 160/179 VUs, 1346 complete and 0 interrupted iterations
steady   [  54% ] 160/179 VUs  05m27.0s/10m0s  5.00 iters/s

running (05m28.0s), 158/179 VUs, 1353 complete and 0 interrupted iterations
steady   [  55% ] 158/179 VUs  05m28.0s/10m0s  5.00 iters/s

running (05m29.0s), 163/179 VUs, 1353 complete and 0 interrupted iterations
steady   [  55% ] 163/179 VUs  05m29.0s/10m0s  5.00 iters/s

running (05m30.0s), 162/179 VUs, 1359 complete and 0 interrupted iterations
steady   [  55% ] 162/179 VUs  05m30.0s/10m0s  5.00 iters/s

running (05m31.0s), 167/179 VUs, 1359 complete and 0 interrupted iterations
steady   [  55% ] 167/179 VUs  05m31.0s/10m0s  5.00 iters/s

running (05m32.0s), 167/179 VUs, 1364 complete and 0 interrupted iterations
steady   [  55% ] 167/179 VUs  05m32.0s/10m0s  5.00 iters/s

running (05m33.0s), 166/179 VUs, 1370 complete and 0 interrupted iterations
steady   [  55% ] 166/179 VUs  05m33.0s/10m0s  5.00 iters/s

running (05m34.0s), 162/179 VUs, 1379 complete and 0 interrupted iterations
steady   [  56% ] 162/179 VUs  05m34.0s/10m0s  5.00 iters/s

running (05m35.0s), 163/179 VUs, 1383 complete and 0 interrupted iterations
steady   [  56% ] 163/179 VUs  05m35.0s/10m0s  5.00 iters/s

running (05m36.0s), 168/179 VUs, 1383 complete and 0 interrupted iterations
steady   [  56% ] 168/179 VUs  05m36.0s/10m0s  5.00 iters/s

running (05m37.0s), 164/179 VUs, 1392 complete and 0 interrupted iterations
steady   [  56% ] 164/179 VUs  05m37.0s/10m0s  5.00 iters/s

running (05m38.0s), 169/179 VUs, 1392 complete and 0 interrupted iterations
steady   [  56% ] 169/179 VUs  05m38.0s/10m0s  5.00 iters/s

running (05m39.0s), 171/179 VUs, 1395 complete and 0 interrupted iterations
steady   [  56% ] 171/179 VUs  05m39.0s/10m0s  5.00 iters/s

running (05m40.0s), 176/179 VUs, 1395 complete and 0 interrupted iterations
steady   [  57% ] 176/179 VUs  05m40.0s/10m0s  5.00 iters/s

running (05m41.0s), 168/179 VUs, 1408 complete and 0 interrupted iterations
steady   [  57% ] 168/179 VUs  05m41.0s/10m0s  5.00 iters/s

running (05m42.0s), 168/179 VUs, 1413 complete and 0 interrupted iterations
steady   [  57% ] 168/179 VUs  05m42.0s/10m0s  5.00 iters/s

running (05m43.0s), 173/179 VUs, 1413 complete and 0 interrupted iterations
steady   [  57% ] 173/179 VUs  05m43.0s/10m0s  5.00 iters/s

running (05m44.0s), 169/179 VUs, 1422 complete and 0 interrupted iterations
steady   [  57% ] 169/179 VUs  05m44.0s/10m0s  5.00 iters/s

running (05m45.0s), 168/179 VUs, 1428 complete and 0 interrupted iterations
steady   [  57% ] 168/179 VUs  05m45.0s/10m0s  5.00 iters/s

running (05m46.0s), 164/179 VUs, 1437 complete and 0 interrupted iterations
steady   [  58% ] 164/179 VUs  05m46.0s/10m0s  5.00 iters/s

running (05m47.0s), 162/179 VUs, 1444 complete and 0 interrupted iterations
steady   [  58% ] 162/179 VUs  05m47.0s/10m0s  5.00 iters/s

running (05m48.0s), 158/179 VUs, 1453 complete and 0 interrupted iterations
steady   [  58% ] 158/179 VUs  05m48.0s/10m0s  5.00 iters/s

running (05m49.0s), 163/179 VUs, 1453 complete and 0 interrupted iterations
steady   [  58% ] 163/179 VUs  05m49.0s/10m0s  5.00 iters/s

running (05m50.0s), 165/179 VUs, 1456 complete and 0 interrupted iterations
steady   [  58% ] 165/179 VUs  05m50.0s/10m0s  5.00 iters/s

running (05m51.0s), 170/179 VUs, 1456 complete and 0 interrupted iterations
steady   [  58% ] 170/179 VUs  05m51.0s/10m0s  5.00 iters/s

running (05m52.0s), 168/179 VUs, 1463 complete and 0 interrupted iterations
steady   [  59% ] 168/179 VUs  05m52.0s/10m0s  5.00 iters/s

running (05m53.0s), 173/179 VUs, 1463 complete and 0 interrupted iterations
steady   [  59% ] 173/179 VUs  05m53.0s/10m0s  5.00 iters/s

running (05m54.0s), 167/179 VUs, 1474 complete and 0 interrupted iterations
steady   [  59% ] 167/179 VUs  05m54.0s/10m0s  5.00 iters/s

running (05m55.0s), 167/179 VUs, 1479 complete and 0 interrupted iterations
steady   [  59% ] 167/179 VUs  05m55.0s/10m0s  5.00 iters/s

running (05m56.0s), 166/179 VUs, 1485 complete and 0 interrupted iterations
steady   [  59% ] 166/179 VUs  05m56.0s/10m0s  5.00 iters/s

running (05m57.0s), 166/179 VUs, 1490 complete and 0 interrupted iterations
steady   [  59% ] 166/179 VUs  05m57.0s/10m0s  5.00 iters/s

running (05m58.0s), 162/179 VUs, 1499 complete and 0 interrupted iterations
steady   [  60% ] 162/179 VUs  05m58.0s/10m0s  5.00 iters/s

running (05m59.0s), 167/179 VUs, 1499 complete and 0 interrupted iterations
steady   [  60% ] 167/179 VUs  05m59.0s/10m0s  5.00 iters/s

running (06m00.0s), 165/179 VUs, 1506 complete and 0 interrupted iterations
steady   [  60% ] 165/179 VUs  06m00.0s/10m0s  5.00 iters/s

running (06m01.0s), 160/179 VUs, 1516 complete and 0 interrupted iterations
steady   [  60% ] 160/179 VUs  06m01.0s/10m0s  5.00 iters/s

running (06m02.0s), 160/179 VUs, 1521 complete and 0 interrupted iterations
steady   [  60% ] 160/179 VUs  06m02.0s/10m0s  5.00 iters/s

running (06m03.0s), 161/179 VUs, 1525 complete and 0 interrupted iterations
steady   [  60% ] 161/179 VUs  06m03.0s/10m0s  5.00 iters/s

running (06m04.0s), 166/179 VUs, 1525 complete and 0 interrupted iterations
steady   [  61% ] 166/179 VUs  06m04.0s/10m0s  5.00 iters/s

running (06m05.0s), 166/179 VUs, 1530 complete and 0 interrupted iterations
steady   [  61% ] 166/179 VUs  06m05.0s/10m0s  5.00 iters/s

running (06m06.0s), 171/179 VUs, 1530 complete and 0 interrupted iterations
steady   [  61% ] 171/179 VUs  06m06.0s/10m0s  5.00 iters/s

running (06m07.0s), 170/179 VUs, 1536 complete and 0 interrupted iterations
steady   [  61% ] 170/179 VUs  06m07.0s/10m0s  5.00 iters/s

running (06m08.0s), 167/179 VUs, 1544 complete and 0 interrupted iterations
steady   [  61% ] 167/179 VUs  06m08.0s/10m0s  5.00 iters/s

running (06m09.0s), 163/179 VUs, 1553 complete and 0 interrupted iterations
steady   [  61% ] 163/179 VUs  06m09.0s/10m0s  5.00 iters/s

running (06m10.0s), 166/179 VUs, 1555 complete and 0 interrupted iterations
steady   [  62% ] 166/179 VUs  06m10.0s/10m0s  5.00 iters/s

running (06m11.0s), 167/179 VUs, 1559 complete and 0 interrupted iterations
steady   [  62% ] 167/179 VUs  06m11.0s/10m0s  5.00 iters/s

running (06m12.0s), 169/179 VUs, 1562 complete and 0 interrupted iterations
steady   [  62% ] 169/179 VUs  06m12.0s/10m0s  5.00 iters/s

running (06m13.0s), 170/179 VUs, 1566 complete and 0 interrupted iterations
steady   [  62% ] 170/179 VUs  06m13.0s/10m0s  5.00 iters/s

running (06m14.0s), 167/179 VUs, 1574 complete and 0 interrupted iterations
steady   [  62% ] 167/179 VUs  06m14.0s/10m0s  5.00 iters/s

running (06m15.0s), 161/179 VUs, 1585 complete and 0 interrupted iterations
steady   [  62% ] 161/179 VUs  06m15.0s/10m0s  5.00 iters/s

running (06m16.0s), 160/179 VUs, 1591 complete and 0 interrupted iterations
steady   [  63% ] 160/179 VUs  06m16.0s/10m0s  5.00 iters/s

running (06m17.0s), 165/179 VUs, 1591 complete and 0 interrupted iterations
steady   [  63% ] 165/179 VUs  06m17.0s/10m0s  5.00 iters/s

running (06m18.0s), 170/179 VUs, 1591 complete and 0 interrupted iterations
steady   [  63% ] 170/179 VUs  06m18.0s/10m0s  5.00 iters/s

running (06m19.0s), 172/179 VUs, 1594 complete and 0 interrupted iterations
steady   [  63% ] 172/179 VUs  06m19.0s/10m0s  5.00 iters/s

running (06m20.0s), 175/179 VUs, 1596 complete and 0 interrupted iterations
steady   [  63% ] 175/179 VUs  06m20.0s/10m0s  5.00 iters/s

running (06m21.0s), 171/179 VUs, 1605 complete and 0 interrupted iterations
steady   [  63% ] 171/179 VUs  06m21.0s/10m0s  5.00 iters/s

running (06m22.0s), 167/179 VUs, 1614 complete and 0 interrupted iterations
steady   [  64% ] 167/179 VUs  06m22.0s/10m0s  5.00 iters/s

running (06m23.0s), 167/179 VUs, 1619 complete and 0 interrupted iterations
steady   [  64% ] 167/179 VUs  06m23.0s/10m0s  5.00 iters/s

running (06m24.0s), 166/179 VUs, 1625 complete and 0 interrupted iterations
steady   [  64% ] 166/179 VUs  06m24.0s/10m0s  5.00 iters/s

running (06m25.0s), 162/179 VUs, 1634 complete and 0 interrupted iterations
steady   [  64% ] 162/179 VUs  06m25.0s/10m0s  5.00 iters/s

running (06m26.0s), 161/179 VUs, 1640 complete and 0 interrupted iterations
steady   [  64% ] 161/179 VUs  06m26.0s/10m0s  5.00 iters/s

running (06m27.0s), 160/179 VUs, 1646 complete and 0 interrupted iterations
steady   [  64% ] 160/179 VUs  06m27.0s/10m0s  5.00 iters/s

running (06m28.0s), 165/179 VUs, 1646 complete and 0 interrupted iterations
steady   [  65% ] 165/179 VUs  06m28.0s/10m0s  5.00 iters/s

running (06m29.0s), 166/179 VUs, 1650 complete and 0 interrupted iterations
steady   [  65% ] 166/179 VUs  06m29.0s/10m0s  5.00 iters/s

running (06m30.0s), 171/179 VUs, 1650 complete and 0 interrupted iterations
steady   [  65% ] 171/179 VUs  06m30.0s/10m0s  5.00 iters/s

running (06m31.0s), 167/179 VUs, 1659 complete and 0 interrupted iterations
steady   [  65% ] 167/179 VUs  06m31.0s/10m0s  5.00 iters/s

running (06m32.0s), 165/179 VUs, 1666 complete and 0 interrupted iterations
steady   [  65% ] 165/179 VUs  06m32.0s/10m0s  5.00 iters/s

running (06m33.0s), 166/179 VUs, 1670 complete and 0 interrupted iterations
steady   [  65% ] 166/179 VUs  06m33.0s/10m0s  5.00 iters/s

running (06m34.0s), 171/179 VUs, 1670 complete and 0 interrupted iterations
steady   [  66% ] 171/179 VUs  06m34.0s/10m0s  5.00 iters/s

running (06m35.0s), 167/179 VUs, 1679 complete and 0 interrupted iterations
steady   [  66% ] 167/179 VUs  06m35.0s/10m0s  5.00 iters/s

running (06m36.0s), 168/179 VUs, 1683 complete and 0 interrupted iterations
steady   [  66% ] 168/179 VUs  06m36.0s/10m0s  5.00 iters/s

running (06m37.0s), 166/179 VUs, 1690 complete and 0 interrupted iterations
steady   [  66% ] 166/179 VUs  06m37.0s/10m0s  5.00 iters/s

running (06m38.0s), 163/179 VUs, 1698 complete and 0 interrupted iterations
steady   [  66% ] 163/179 VUs  06m38.0s/10m0s  5.00 iters/s

running (06m39.0s), 167/179 VUs, 1699 complete and 0 interrupted iterations
steady   [  66% ] 167/179 VUs  06m39.0s/10m0s  5.00 iters/s

running (06m40.0s), 172/179 VUs, 1699 complete and 0 interrupted iterations
steady   [  67% ] 172/179 VUs  06m40.0s/10m0s  5.00 iters/s

running (06m41.0s), 169/179 VUs, 1707 complete and 0 interrupted iterations
steady   [  67% ] 169/179 VUs  06m41.0s/10m0s  5.00 iters/s

running (06m42.0s), 174/179 VUs, 1707 complete and 0 interrupted iterations
steady   [  67% ] 174/179 VUs  06m42.0s/10m0s  5.00 iters/s

running (06m43.0s), 165/179 VUs, 1721 complete and 0 interrupted iterations
steady   [  67% ] 165/179 VUs  06m43.0s/10m0s  5.00 iters/s

running (06m44.0s), 165/179 VUs, 1726 complete and 0 interrupted iterations
steady   [  67% ] 165/179 VUs  06m44.0s/10m0s  5.00 iters/s

running (06m45.0s), 170/179 VUs, 1726 complete and 0 interrupted iterations
steady   [  67% ] 170/179 VUs  06m45.0s/10m0s  5.00 iters/s

running (06m46.0s), 166/179 VUs, 1735 complete and 0 interrupted iterations
steady   [  68% ] 166/179 VUs  06m46.0s/10m0s  5.00 iters/s

running (06m47.0s), 164/179 VUs, 1742 complete and 0 interrupted iterations
steady   [  68% ] 164/179 VUs  06m47.0s/10m0s  5.00 iters/s

running (06m48.0s), 163/179 VUs, 1748 complete and 0 interrupted iterations
steady   [  68% ] 163/179 VUs  06m48.0s/10m0s  5.00 iters/s

running (06m49.0s), 168/179 VUs, 1748 complete and 0 interrupted iterations
steady   [  68% ] 168/179 VUs  06m49.0s/10m0s  5.00 iters/s

running (06m50.0s), 164/179 VUs, 1757 complete and 0 interrupted iterations
steady   [  68% ] 164/179 VUs  06m50.0s/10m0s  5.00 iters/s

running (06m51.0s), 162/179 VUs, 1764 complete and 0 interrupted iterations
steady   [  68% ] 162/179 VUs  06m51.0s/10m0s  5.00 iters/s

running (06m52.0s), 163/179 VUs, 1768 complete and 0 interrupted iterations
steady   [  69% ] 163/179 VUs  06m52.0s/10m0s  5.00 iters/s

running (06m53.0s), 162/179 VUs, 1774 complete and 0 interrupted iterations
steady   [  69% ] 162/179 VUs  06m53.0s/10m0s  5.00 iters/s

running (06m54.0s), 161/179 VUs, 1780 complete and 0 interrupted iterations
steady   [  69% ] 161/179 VUs  06m54.0s/10m0s  5.00 iters/s

running (06m55.0s), 166/179 VUs, 1780 complete and 0 interrupted iterations
steady   [  69% ] 166/179 VUs  06m55.0s/10m0s  5.00 iters/s

running (06m56.0s), 168/179 VUs, 1783 complete and 0 interrupted iterations
steady   [  69% ] 168/179 VUs  06m56.0s/10m0s  5.00 iters/s

running (06m57.0s), 173/179 VUs, 1783 complete and 0 interrupted iterations
steady   [  69% ] 173/179 VUs  06m57.0s/10m0s  5.00 iters/s

running (06m58.0s), 172/179 VUs, 1789 complete and 0 interrupted iterations
steady   [  70% ] 172/179 VUs  06m58.0s/10m0s  5.00 iters/s

running (06m59.0s), 168/179 VUs, 1798 complete and 0 interrupted iterations
steady   [  70% ] 168/179 VUs  06m59.0s/10m0s  5.00 iters/s

running (07m00.0s), 163/179 VUs, 1808 complete and 0 interrupted iterations
steady   [  70% ] 163/179 VUs  07m00.0s/10m0s  5.00 iters/s

running (07m01.0s), 163/179 VUs, 1813 complete and 0 interrupted iterations
steady   [  70% ] 163/179 VUs  07m01.0s/10m0s  5.00 iters/s

running (07m02.0s), 168/179 VUs, 1813 complete and 0 interrupted iterations
steady   [  70% ] 168/179 VUs  07m02.0s/10m0s  5.00 iters/s

running (07m03.0s), 167/179 VUs, 1819 complete and 0 interrupted iterations
steady   [  70% ] 167/179 VUs  07m03.0s/10m0s  5.00 iters/s

running (07m04.0s), 166/179 VUs, 1825 complete and 0 interrupted iterations
steady   [  71% ] 166/179 VUs  07m04.0s/10m0s  5.00 iters/s

running (07m05.0s), 168/179 VUs, 1828 complete and 0 interrupted iterations
steady   [  71% ] 168/179 VUs  07m05.0s/10m0s  5.00 iters/s

running (07m06.0s), 170/179 VUs, 1831 complete and 0 interrupted iterations
steady   [  71% ] 170/179 VUs  07m06.0s/10m0s  5.00 iters/s

running (07m07.0s), 171/179 VUs, 1835 complete and 0 interrupted iterations
steady   [  71% ] 171/179 VUs  07m07.0s/10m0s  5.00 iters/s

running (07m08.0s), 163/179 VUs, 1848 complete and 0 interrupted iterations
steady   [  71% ] 163/179 VUs  07m08.0s/10m0s  5.00 iters/s

running (07m09.0s), 168/179 VUs, 1848 complete and 0 interrupted iterations
steady   [  71% ] 168/179 VUs  07m09.0s/10m0s  5.00 iters/s

running (07m10.0s), 165/179 VUs, 1856 complete and 0 interrupted iterations
steady   [  72% ] 165/179 VUs  07m10.0s/10m0s  5.00 iters/s

running (07m11.0s), 162/179 VUs, 1864 complete and 0 interrupted iterations
steady   [  72% ] 162/179 VUs  07m11.0s/10m0s  5.00 iters/s

running (07m12.0s), 163/179 VUs, 1868 complete and 0 interrupted iterations
steady   [  72% ] 163/179 VUs  07m12.0s/10m0s  5.00 iters/s

running (07m13.0s), 159/179 VUs, 1877 complete and 0 interrupted iterations
steady   [  72% ] 159/179 VUs  07m13.0s/10m0s  5.00 iters/s

running (07m14.0s), 164/179 VUs, 1877 complete and 0 interrupted iterations
steady   [  72% ] 164/179 VUs  07m14.0s/10m0s  5.00 iters/s

running (07m15.0s), 168/179 VUs, 1878 complete and 0 interrupted iterations
steady   [  72% ] 168/179 VUs  07m15.0s/10m0s  5.00 iters/s

running (07m16.0s), 164/179 VUs, 1887 complete and 0 interrupted iterations
steady   [  73% ] 164/179 VUs  07m16.0s/10m0s  5.00 iters/s

running (07m17.0s), 169/179 VUs, 1887 complete and 0 interrupted iterations
steady   [  73% ] 169/179 VUs  07m17.0s/10m0s  5.00 iters/s

running (07m18.0s), 170/179 VUs, 1891 complete and 0 interrupted iterations
steady   [  73% ] 170/179 VUs  07m18.0s/10m0s  5.00 iters/s

running (07m19.0s), 170/179 VUs, 1896 complete and 0 interrupted iterations
steady   [  73% ] 170/179 VUs  07m19.0s/10m0s  5.00 iters/s

running (07m20.0s), 171/179 VUs, 1900 complete and 0 interrupted iterations
steady   [  73% ] 171/179 VUs  07m20.0s/10m0s  5.00 iters/s

running (07m21.0s), 173/179 VUs, 1903 complete and 0 interrupted iterations
steady   [  73% ] 173/179 VUs  07m21.0s/10m0s  5.00 iters/s

running (07m22.0s), 178/179 VUs, 1903 complete and 0 interrupted iterations
steady   [  74% ] 178/179 VUs  07m22.0s/10m0s  5.00 iters/s

running (07m23.0s), 172/179 VUs, 1914 complete and 0 interrupted iterations
steady   [  74% ] 172/179 VUs  07m23.0s/10m0s  5.00 iters/s

running (07m24.0s), 177/179 VUs, 1914 complete and 0 interrupted iterations
steady   [  74% ] 177/179 VUs  07m24.0s/10m0s  5.00 iters/s

running (07m25.0s), 176/181 VUs, 1918 complete and 0 interrupted iterations
steady   [  74% ] 176/181 VUs  07m25.0s/10m0s  5.00 iters/s

running (07m26.0s), 169/181 VUs, 1930 complete and 0 interrupted iterations
steady   [  74% ] 169/181 VUs  07m26.0s/10m0s  5.00 iters/s

running (07m27.0s), 165/181 VUs, 1939 complete and 0 interrupted iterations
steady   [  74% ] 165/181 VUs  07m27.0s/10m0s  5.00 iters/s

running (07m28.0s), 163/181 VUs, 1946 complete and 0 interrupted iterations
steady   [  75% ] 163/181 VUs  07m28.0s/10m0s  5.00 iters/s

running (07m29.0s), 159/181 VUs, 1955 complete and 0 interrupted iterations
steady   [  75% ] 159/181 VUs  07m29.0s/10m0s  5.00 iters/s

running (07m30.0s), 161/181 VUs, 1958 complete and 0 interrupted iterations
steady   [  75% ] 161/181 VUs  07m30.0s/10m0s  5.00 iters/s

running (07m31.0s), 166/181 VUs, 1958 complete and 0 interrupted iterations
steady   [  75% ] 166/181 VUs  07m31.0s/10m0s  5.00 iters/s

running (07m32.0s), 165/181 VUs, 1964 complete and 0 interrupted iterations
steady   [  75% ] 165/181 VUs  07m32.0s/10m0s  5.00 iters/s

running (07m33.0s), 170/181 VUs, 1964 complete and 0 interrupted iterations
steady   [  75% ] 170/181 VUs  07m33.0s/10m0s  5.00 iters/s

running (07m34.0s), 165/181 VUs, 1974 complete and 0 interrupted iterations
steady   [  76% ] 165/181 VUs  07m34.0s/10m0s  5.00 iters/s

running (07m35.0s), 163/181 VUs, 1981 complete and 0 interrupted iterations
steady   [  76% ] 163/181 VUs  07m35.0s/10m0s  5.00 iters/s

running (07m36.0s), 160/181 VUs, 1989 complete and 0 interrupted iterations
steady   [  76% ] 160/181 VUs  07m36.0s/10m0s  5.00 iters/s

running (07m37.0s), 158/181 VUs, 1996 complete and 0 interrupted iterations
steady   [  76% ] 158/181 VUs  07m37.0s/10m0s  5.00 iters/s

running (07m38.0s), 163/181 VUs, 1996 complete and 0 interrupted iterations
steady   [  76% ] 163/181 VUs  07m38.0s/10m0s  5.00 iters/s

running (07m39.0s), 164/181 VUs, 2000 complete and 0 interrupted iterations
steady   [  76% ] 164/181 VUs  07m39.0s/10m0s  5.00 iters/s

running (07m40.0s), 162/181 VUs, 2007 complete and 0 interrupted iterations
steady   [  77% ] 162/181 VUs  07m40.0s/10m0s  5.00 iters/s

running (07m41.0s), 161/181 VUs, 2013 complete and 0 interrupted iterations
steady   [  77% ] 161/181 VUs  07m41.0s/10m0s  5.00 iters/s

running (07m42.0s), 164/181 VUs, 2015 complete and 0 interrupted iterations
steady   [  77% ] 164/181 VUs  07m42.0s/10m0s  5.00 iters/s

running (07m43.0s), 169/181 VUs, 2015 complete and 0 interrupted iterations
steady   [  77% ] 169/181 VUs  07m43.0s/10m0s  5.00 iters/s

running (07m44.0s), 166/181 VUs, 2023 complete and 0 interrupted iterations
steady   [  77% ] 166/181 VUs  07m44.0s/10m0s  5.00 iters/s

running (07m45.0s), 164/181 VUs, 2030 complete and 0 interrupted iterations
steady   [  77% ] 164/181 VUs  07m45.0s/10m0s  5.00 iters/s

running (07m46.0s), 161/181 VUs, 2038 complete and 0 interrupted iterations
steady   [  78% ] 161/181 VUs  07m46.0s/10m0s  5.00 iters/s

running (07m47.0s), 161/181 VUs, 2043 complete and 0 interrupted iterations
steady   [  78% ] 161/181 VUs  07m47.0s/10m0s  5.00 iters/s

running (07m48.0s), 159/181 VUs, 2050 complete and 0 interrupted iterations
steady   [  78% ] 159/181 VUs  07m48.0s/10m0s  5.00 iters/s

running (07m49.0s), 160/181 VUs, 2054 complete and 0 interrupted iterations
steady   [  78% ] 160/181 VUs  07m49.0s/10m0s  5.00 iters/s

running (07m50.0s), 157/181 VUs, 2062 complete and 0 interrupted iterations
steady   [  78% ] 157/181 VUs  07m50.0s/10m0s  5.00 iters/s

running (07m51.0s), 159/181 VUs, 2065 complete and 0 interrupted iterations
steady   [  78% ] 159/181 VUs  07m51.0s/10m0s  5.00 iters/s

running (07m52.0s), 159/181 VUs, 2070 complete and 0 interrupted iterations
steady   [  79% ] 159/181 VUs  07m52.0s/10m0s  5.00 iters/s

running (07m53.0s), 160/181 VUs, 2074 complete and 0 interrupted iterations
steady   [  79% ] 160/181 VUs  07m53.0s/10m0s  5.00 iters/s

running (07m54.0s), 165/181 VUs, 2074 complete and 0 interrupted iterations
steady   [  79% ] 165/181 VUs  07m54.0s/10m0s  5.00 iters/s

running (07m55.0s), 170/181 VUs, 2074 complete and 0 interrupted iterations
steady   [  79% ] 170/181 VUs  07m55.0s/10m0s  5.00 iters/s

running (07m56.0s), 171/181 VUs, 2078 complete and 0 interrupted iterations
steady   [  79% ] 171/181 VUs  07m56.0s/10m0s  5.00 iters/s

running (07m57.0s), 170/181 VUs, 2084 complete and 0 interrupted iterations
steady   [  79% ] 170/181 VUs  07m57.0s/10m0s  5.00 iters/s

running (07m58.0s), 175/181 VUs, 2084 complete and 0 interrupted iterations
steady   [  80% ] 175/181 VUs  07m58.0s/10m0s  5.00 iters/s

running (07m59.0s), 168/181 VUs, 2096 complete and 0 interrupted iterations
steady   [  80% ] 168/181 VUs  07m59.0s/10m0s  5.00 iters/s

running (08m00.0s), 167/181 VUs, 2102 complete and 0 interrupted iterations
steady   [  80% ] 167/181 VUs  08m00.0s/10m0s  5.00 iters/s

running (08m01.0s), 165/181 VUs, 2109 complete and 0 interrupted iterations
steady   [  80% ] 165/181 VUs  08m01.0s/10m0s  5.00 iters/s

running (08m02.0s), 164/181 VUs, 2115 complete and 0 interrupted iterations
steady   [  80% ] 164/181 VUs  08m02.0s/10m0s  5.00 iters/s

running (08m03.0s), 162/181 VUs, 2122 complete and 0 interrupted iterations
steady   [  80% ] 162/181 VUs  08m03.0s/10m0s  5.00 iters/s

running (08m04.0s), 164/181 VUs, 2125 complete and 0 interrupted iterations
steady   [  81% ] 164/181 VUs  08m04.0s/10m0s  5.00 iters/s

running (08m05.0s), 163/181 VUs, 2131 complete and 0 interrupted iterations
steady   [  81% ] 163/181 VUs  08m05.0s/10m0s  5.00 iters/s

running (08m06.0s), 165/181 VUs, 2134 complete and 0 interrupted iterations
steady   [  81% ] 165/181 VUs  08m06.0s/10m0s  5.00 iters/s

running (08m07.0s), 170/181 VUs, 2134 complete and 0 interrupted iterations
steady   [  81% ] 170/181 VUs  08m07.0s/10m0s  5.00 iters/s

running (08m08.0s), 169/181 VUs, 2140 complete and 0 interrupted iterations
steady   [  81% ] 169/181 VUs  08m08.0s/10m0s  5.00 iters/s

running (08m09.0s), 161/181 VUs, 2153 complete and 0 interrupted iterations
steady   [  81% ] 161/181 VUs  08m09.0s/10m0s  5.00 iters/s

running (08m10.0s), 159/181 VUs, 2160 complete and 0 interrupted iterations
steady   [  82% ] 159/181 VUs  08m10.0s/10m0s  5.00 iters/s

running (08m11.0s), 161/181 VUs, 2163 complete and 0 interrupted iterations
steady   [  82% ] 161/181 VUs  08m11.0s/10m0s  5.00 iters/s

running (08m12.0s), 162/181 VUs, 2167 complete and 0 interrupted iterations
steady   [  82% ] 162/181 VUs  08m12.0s/10m0s  5.00 iters/s

running (08m13.0s), 162/181 VUs, 2172 complete and 0 interrupted iterations
steady   [  82% ] 162/181 VUs  08m13.0s/10m0s  5.00 iters/s

running (08m14.0s), 165/181 VUs, 2174 complete and 0 interrupted iterations
steady   [  82% ] 165/181 VUs  08m14.0s/10m0s  5.00 iters/s

running (08m15.0s), 168/181 VUs, 2176 complete and 0 interrupted iterations
steady   [  82% ] 168/181 VUs  08m15.0s/10m0s  5.00 iters/s

running (08m16.0s), 168/181 VUs, 2181 complete and 0 interrupted iterations
steady   [  83% ] 168/181 VUs  08m16.0s/10m0s  5.00 iters/s

running (08m17.0s), 167/181 VUs, 2187 complete and 0 interrupted iterations
steady   [  83% ] 167/181 VUs  08m17.0s/10m0s  5.00 iters/s

running (08m18.0s), 168/181 VUs, 2191 complete and 0 interrupted iterations
steady   [  83% ] 168/181 VUs  08m18.0s/10m0s  5.00 iters/s

running (08m19.0s), 173/181 VUs, 2191 complete and 0 interrupted iterations
steady   [  83% ] 173/181 VUs  08m19.0s/10m0s  5.00 iters/s

running (08m20.0s), 167/181 VUs, 2202 complete and 0 interrupted iterations
steady   [  83% ] 167/181 VUs  08m20.0s/10m0s  5.00 iters/s

running (08m21.0s), 172/181 VUs, 2202 complete and 0 interrupted iterations
steady   [  83% ] 172/181 VUs  08m21.0s/10m0s  5.00 iters/s

running (08m22.0s), 169/181 VUs, 2210 complete and 0 interrupted iterations
steady   [  84% ] 169/181 VUs  08m22.0s/10m0s  5.00 iters/s

running (08m23.0s), 164/181 VUs, 2220 complete and 0 interrupted iterations
steady   [  84% ] 164/181 VUs  08m23.0s/10m0s  5.00 iters/s

running (08m24.0s), 163/181 VUs, 2226 complete and 0 interrupted iterations
steady   [  84% ] 163/181 VUs  08m24.0s/10m0s  5.00 iters/s

running (08m25.0s), 165/181 VUs, 2229 complete and 0 interrupted iterations
steady   [  84% ] 165/181 VUs  08m25.0s/10m0s  5.00 iters/s

running (08m26.0s), 162/181 VUs, 2237 complete and 0 interrupted iterations
steady   [  84% ] 162/181 VUs  08m26.0s/10m0s  5.00 iters/s

running (08m27.0s), 162/181 VUs, 2242 complete and 0 interrupted iterations
steady   [  84% ] 162/181 VUs  08m27.0s/10m0s  5.00 iters/s

running (08m28.0s), 165/181 VUs, 2244 complete and 0 interrupted iterations
steady   [  85% ] 165/181 VUs  08m28.0s/10m0s  5.00 iters/s

running (08m29.0s), 169/181 VUs, 2245 complete and 0 interrupted iterations
steady   [  85% ] 169/181 VUs  08m29.0s/10m0s  5.00 iters/s

running (08m30.0s), 168/181 VUs, 2251 complete and 0 interrupted iterations
steady   [  85% ] 168/181 VUs  08m30.0s/10m0s  5.00 iters/s

running (08m31.0s), 168/181 VUs, 2256 complete and 0 interrupted iterations
steady   [  85% ] 168/181 VUs  08m31.0s/10m0s  5.00 iters/s

running (08m32.0s), 173/181 VUs, 2256 complete and 0 interrupted iterations
steady   [  85% ] 173/181 VUs  08m32.0s/10m0s  5.00 iters/s

running (08m33.0s), 170/181 VUs, 2264 complete and 0 interrupted iterations
steady   [  85% ] 170/181 VUs  08m33.0s/10m0s  5.00 iters/s

running (08m34.0s), 167/181 VUs, 2272 complete and 0 interrupted iterations
steady   [  86% ] 167/181 VUs  08m34.0s/10m0s  5.00 iters/s

running (08m35.0s), 167/181 VUs, 2277 complete and 0 interrupted iterations
steady   [  86% ] 167/181 VUs  08m35.0s/10m0s  5.00 iters/s

running (08m36.0s), 165/181 VUs, 2284 complete and 0 interrupted iterations
steady   [  86% ] 165/181 VUs  08m36.0s/10m0s  5.00 iters/s

running (08m37.0s), 162/181 VUs, 2292 complete and 0 interrupted iterations
steady   [  86% ] 162/181 VUs  08m37.0s/10m0s  5.00 iters/s

running (08m38.0s), 167/181 VUs, 2292 complete and 0 interrupted iterations
steady   [  86% ] 167/181 VUs  08m38.0s/10m0s  5.00 iters/s

running (08m39.0s), 172/181 VUs, 2292 complete and 0 interrupted iterations
steady   [  86% ] 172/181 VUs  08m39.0s/10m0s  5.00 iters/s

running (08m40.0s), 171/181 VUs, 2298 complete and 0 interrupted iterations
steady   [  87% ] 171/181 VUs  08m40.0s/10m0s  5.00 iters/s

running (08m41.0s), 176/181 VUs, 2298 complete and 0 interrupted iterations
steady   [  87% ] 176/181 VUs  08m41.0s/10m0s  5.00 iters/s

running (08m42.0s), 169/181 VUs, 2310 complete and 0 interrupted iterations
steady   [  87% ] 169/181 VUs  08m42.0s/10m0s  5.00 iters/s

running (08m43.0s), 168/181 VUs, 2316 complete and 0 interrupted iterations
steady   [  87% ] 168/181 VUs  08m43.0s/10m0s  5.00 iters/s

running (08m44.0s), 166/181 VUs, 2323 complete and 0 interrupted iterations
steady   [  87% ] 166/181 VUs  08m44.0s/10m0s  5.00 iters/s

running (08m45.0s), 166/181 VUs, 2328 complete and 0 interrupted iterations
steady   [  87% ] 166/181 VUs  08m45.0s/10m0s  5.00 iters/s

running (08m46.0s), 165/181 VUs, 2334 complete and 0 interrupted iterations
steady   [  88% ] 165/181 VUs  08m46.0s/10m0s  5.00 iters/s

running (08m47.0s), 170/181 VUs, 2334 complete and 0 interrupted iterations
steady   [  88% ] 170/181 VUs  08m47.0s/10m0s  5.00 iters/s

running (08m48.0s), 170/181 VUs, 2339 complete and 0 interrupted iterations
steady   [  88% ] 170/181 VUs  08m48.0s/10m0s  5.00 iters/s

running (08m49.0s), 170/181 VUs, 2344 complete and 0 interrupted iterations
steady   [  88% ] 170/181 VUs  08m49.0s/10m0s  5.00 iters/s

running (08m50.0s), 169/181 VUs, 2350 complete and 0 interrupted iterations
steady   [  88% ] 169/181 VUs  08m50.0s/10m0s  5.00 iters/s

running (08m51.0s), 174/181 VUs, 2350 complete and 0 interrupted iterations
steady   [  88% ] 174/181 VUs  08m51.0s/10m0s  5.00 iters/s

running (08m52.0s), 179/181 VUs, 2350 complete and 0 interrupted iterations
steady   [  89% ] 179/181 VUs  08m52.0s/10m0s  5.00 iters/s

running (08m53.0s), 182/183 VUs, 2350 complete and 0 interrupted iterations
steady   [  89% ] 182/183 VUs  08m53.0s/10m0s  5.00 iters/s

running (08m54.0s), 168/184 VUs, 2368 complete and 0 interrupted iterations
steady   [  89% ] 168/184 VUs  08m54.0s/10m0s  5.00 iters/s

running (08m55.0s), 164/184 VUs, 2377 complete and 0 interrupted iterations
steady   [  89% ] 164/184 VUs  08m55.0s/10m0s  5.00 iters/s

running (08m56.0s), 160/184 VUs, 2386 complete and 0 interrupted iterations
steady   [  89% ] 160/184 VUs  08m56.0s/10m0s  5.00 iters/s

running (08m57.0s), 158/184 VUs, 2393 complete and 0 interrupted iterations
steady   [  89% ] 158/184 VUs  08m57.0s/10m0s  5.00 iters/s

running (08m58.0s), 162/184 VUs, 2394 complete and 0 interrupted iterations
steady   [  90% ] 162/184 VUs  08m58.0s/10m0s  5.00 iters/s

running (08m59.0s), 163/184 VUs, 2398 complete and 0 interrupted iterations
steady   [  90% ] 163/184 VUs  08m59.0s/10m0s  5.00 iters/s

running (09m00.0s), 164/184 VUs, 2402 complete and 0 interrupted iterations
steady   [  90% ] 164/184 VUs  09m00.0s/10m0s  5.00 iters/s

running (09m01.0s), 169/184 VUs, 2402 complete and 0 interrupted iterations
steady   [  90% ] 169/184 VUs  09m01.0s/10m0s  5.00 iters/s

running (09m02.0s), 168/184 VUs, 2408 complete and 0 interrupted iterations
steady   [  90% ] 168/184 VUs  09m02.0s/10m0s  5.00 iters/s

running (09m03.0s), 173/184 VUs, 2408 complete and 0 interrupted iterations
steady   [  90% ] 173/184 VUs  09m03.0s/10m0s  5.00 iters/s

running (09m04.0s), 168/184 VUs, 2418 complete and 0 interrupted iterations
steady   [  91% ] 168/184 VUs  09m04.0s/10m0s  5.00 iters/s

running (09m05.0s), 173/184 VUs, 2418 complete and 0 interrupted iterations
steady   [  91% ] 173/184 VUs  09m05.0s/10m0s  5.00 iters/s

running (09m06.0s), 170/184 VUs, 2426 complete and 0 interrupted iterations
steady   [  91% ] 170/184 VUs  09m06.0s/10m0s  5.00 iters/s

running (09m07.0s), 165/184 VUs, 2436 complete and 0 interrupted iterations
steady   [  91% ] 165/184 VUs  09m07.0s/10m0s  5.00 iters/s

running (09m08.0s), 159/184 VUs, 2447 complete and 0 interrupted iterations
steady   [  91% ] 159/184 VUs  09m08.0s/10m0s  5.00 iters/s

running (09m09.0s), 160/184 VUs, 2451 complete and 0 interrupted iterations
steady   [  91% ] 160/184 VUs  09m09.0s/10m0s  5.00 iters/s

running (09m10.0s), 160/184 VUs, 2456 complete and 0 interrupted iterations
steady   [  92% ] 160/184 VUs  09m10.0s/10m0s  5.00 iters/s

running (09m11.0s), 161/184 VUs, 2460 complete and 0 interrupted iterations
steady   [  92% ] 161/184 VUs  09m11.0s/10m0s  5.00 iters/s

running (09m12.0s), 159/184 VUs, 2467 complete and 0 interrupted iterations
steady   [  92% ] 159/184 VUs  09m12.0s/10m0s  5.00 iters/s

running (09m13.0s), 160/184 VUs, 2471 complete and 0 interrupted iterations
steady   [  92% ] 160/184 VUs  09m13.0s/10m0s  5.00 iters/s

running (09m14.0s), 161/184 VUs, 2475 complete and 0 interrupted iterations
steady   [  92% ] 161/184 VUs  09m14.0s/10m0s  5.00 iters/s

running (09m15.0s), 162/184 VUs, 2479 complete and 0 interrupted iterations
steady   [  92% ] 162/184 VUs  09m15.0s/10m0s  5.00 iters/s

running (09m16.0s), 165/184 VUs, 2481 complete and 0 interrupted iterations
steady   [  93% ] 165/184 VUs  09m16.0s/10m0s  5.00 iters/s

running (09m17.0s), 167/184 VUs, 2484 complete and 0 interrupted iterations
steady   [  93% ] 167/184 VUs  09m17.0s/10m0s  5.00 iters/s

running (09m18.0s), 167/184 VUs, 2489 complete and 0 interrupted iterations
steady   [  93% ] 167/184 VUs  09m18.0s/10m0s  5.00 iters/s

running (09m19.0s), 166/184 VUs, 2495 complete and 0 interrupted iterations
steady   [  93% ] 166/184 VUs  09m19.0s/10m0s  5.00 iters/s

running (09m20.0s), 162/184 VUs, 2504 complete and 0 interrupted iterations
steady   [  93% ] 162/184 VUs  09m20.0s/10m0s  5.00 iters/s

running (09m21.0s), 162/184 VUs, 2509 complete and 0 interrupted iterations
steady   [  93% ] 162/184 VUs  09m21.0s/10m0s  5.00 iters/s

running (09m22.0s), 167/184 VUs, 2509 complete and 0 interrupted iterations
steady   [  94% ] 167/184 VUs  09m22.0s/10m0s  5.00 iters/s

running (09m23.0s), 172/184 VUs, 2509 complete and 0 interrupted iterations
steady   [  94% ] 172/184 VUs  09m23.0s/10m0s  5.00 iters/s

running (09m24.0s), 176/184 VUs, 2510 complete and 0 interrupted iterations
steady   [  94% ] 176/184 VUs  09m24.0s/10m0s  5.00 iters/s

running (09m25.0s), 168/184 VUs, 2523 complete and 0 interrupted iterations
steady   [  94% ] 168/184 VUs  09m25.0s/10m0s  5.00 iters/s

running (09m26.0s), 173/184 VUs, 2523 complete and 0 interrupted iterations
steady   [  94% ] 173/184 VUs  09m26.0s/10m0s  5.00 iters/s

running (09m27.0s), 165/184 VUs, 2536 complete and 0 interrupted iterations
steady   [  94% ] 165/184 VUs  09m27.0s/10m0s  5.00 iters/s

running (09m28.0s), 170/184 VUs, 2536 complete and 0 interrupted iterations
steady   [  95% ] 170/184 VUs  09m28.0s/10m0s  5.00 iters/s

running (09m29.0s), 166/184 VUs, 2545 complete and 0 interrupted iterations
steady   [  95% ] 166/184 VUs  09m29.0s/10m0s  5.00 iters/s

running (09m30.0s), 171/184 VUs, 2545 complete and 0 interrupted iterations
steady   [  95% ] 171/184 VUs  09m30.0s/10m0s  5.00 iters/s

running (09m31.0s), 176/184 VUs, 2545 complete and 0 interrupted iterations
steady   [  95% ] 176/184 VUs  09m31.0s/10m0s  5.00 iters/s

running (09m32.0s), 171/184 VUs, 2555 complete and 0 interrupted iterations
steady   [  95% ] 171/184 VUs  09m32.0s/10m0s  5.00 iters/s

running (09m33.0s), 176/184 VUs, 2555 complete and 0 interrupted iterations
steady   [  95% ] 176/184 VUs  09m33.0s/10m0s  5.00 iters/s

running (09m34.0s), 171/184 VUs, 2565 complete and 0 interrupted iterations
steady   [  96% ] 171/184 VUs  09m34.0s/10m0s  5.00 iters/s

running (09m35.0s), 176/184 VUs, 2565 complete and 0 interrupted iterations
steady   [  96% ] 176/184 VUs  09m35.0s/10m0s  5.00 iters/s

running (09m36.0s), 173/184 VUs, 2573 complete and 0 interrupted iterations
steady   [  96% ] 173/184 VUs  09m36.0s/10m0s  5.00 iters/s

running (09m37.0s), 167/184 VUs, 2584 complete and 0 interrupted iterations
steady   [  96% ] 167/184 VUs  09m37.0s/10m0s  5.00 iters/s

running (09m38.0s), 164/184 VUs, 2592 complete and 0 interrupted iterations
steady   [  96% ] 164/184 VUs  09m38.0s/10m0s  5.00 iters/s

running (09m39.0s), 163/184 VUs, 2598 complete and 0 interrupted iterations
steady   [  96% ] 163/184 VUs  09m39.0s/10m0s  5.00 iters/s

running (09m40.0s), 161/184 VUs, 2605 complete and 0 interrupted iterations
steady   [  97% ] 161/184 VUs  09m40.0s/10m0s  5.00 iters/s

running (09m41.0s), 162/184 VUs, 2609 complete and 0 interrupted iterations
steady   [  97% ] 162/184 VUs  09m41.0s/10m0s  5.00 iters/s

running (09m42.0s), 167/184 VUs, 2609 complete and 0 interrupted iterations
steady   [  97% ] 167/184 VUs  09m42.0s/10m0s  5.00 iters/s

running (09m43.0s), 166/184 VUs, 2615 complete and 0 interrupted iterations
steady   [  97% ] 166/184 VUs  09m43.0s/10m0s  5.00 iters/s

running (09m44.0s), 171/184 VUs, 2615 complete and 0 interrupted iterations
steady   [  97% ] 171/184 VUs  09m44.0s/10m0s  5.00 iters/s

running (09m45.0s), 168/184 VUs, 2623 complete and 0 interrupted iterations
steady   [  97% ] 168/184 VUs  09m45.0s/10m0s  5.00 iters/s

running (09m46.0s), 168/184 VUs, 2628 complete and 0 interrupted iterations
steady   [  98% ] 168/184 VUs  09m46.0s/10m0s  5.00 iters/s

running (09m47.0s), 166/184 VUs, 2635 complete and 0 interrupted iterations
steady   [  98% ] 166/184 VUs  09m47.0s/10m0s  5.00 iters/s

running (09m48.0s), 164/184 VUs, 2642 complete and 0 interrupted iterations
steady   [  98% ] 164/184 VUs  09m48.0s/10m0s  5.00 iters/s

running (09m49.0s), 166/184 VUs, 2645 complete and 0 interrupted iterations
steady   [  98% ] 166/184 VUs  09m49.0s/10m0s  5.00 iters/s

running (09m50.0s), 165/184 VUs, 2651 complete and 0 interrupted iterations
steady   [  98% ] 165/184 VUs  09m50.0s/10m0s  5.00 iters/s

running (09m51.0s), 170/184 VUs, 2651 complete and 0 interrupted iterations
steady   [  98% ] 170/184 VUs  09m51.0s/10m0s  5.00 iters/s

running (09m52.0s), 167/184 VUs, 2659 complete and 0 interrupted iterations
steady   [  99% ] 167/184 VUs  09m52.0s/10m0s  5.00 iters/s

running (09m53.0s), 165/184 VUs, 2666 complete and 0 interrupted iterations
steady   [  99% ] 165/184 VUs  09m53.0s/10m0s  5.00 iters/s

running (09m54.0s), 163/184 VUs, 2673 complete and 0 interrupted iterations
steady   [  99% ] 163/184 VUs  09m54.0s/10m0s  5.00 iters/s

running (09m55.0s), 165/184 VUs, 2676 complete and 0 interrupted iterations
steady   [  99% ] 165/184 VUs  09m55.0s/10m0s  5.00 iters/s

running (09m56.0s), 162/184 VUs, 2684 complete and 0 interrupted iterations
steady   [  99% ] 162/184 VUs  09m56.0s/10m0s  5.00 iters/s

running (09m57.0s), 162/184 VUs, 2689 complete and 0 interrupted iterations
steady   [  99% ] 162/184 VUs  09m57.0s/10m0s  5.00 iters/s

running (09m58.0s), 167/184 VUs, 2689 complete and 0 interrupted iterations
steady   [ 100% ] 167/184 VUs  09m58.0s/10m0s  5.00 iters/s

running (09m59.0s), 168/184 VUs, 2693 complete and 0 interrupted iterations
steady   [ 100% ] 168/184 VUs  09m59.0s/10m0s  5.00 iters/s

running (10m00.0s), 167/184 VUs, 2699 complete and 0 interrupted iterations
steady   [ 100% ] 167/184 VUs  10m00.0s/10m0s  5.00 iters/s

running (10m01.0s), 164/184 VUs, 2703 complete and 0 interrupted iterations
steady ↓ [ 100% ] 168/184 VUs  10m0s  5.00 iters/s

running (10m02.0s), 156/184 VUs, 2711 complete and 0 interrupted iterations
steady ↓ [ 100% ] 168/184 VUs  10m0s  5.00 iters/s

running (10m03.0s), 151/184 VUs, 2716 complete and 0 interrupted iterations
steady ↓ [ 100% ] 168/184 VUs  10m0s  5.00 iters/s

running (10m04.0s), 143/184 VUs, 2724 complete and 0 interrupted iterations
steady ↓ [ 100% ] 168/184 VUs  10m0s  5.00 iters/s

running (10m05.0s), 143/184 VUs, 2724 complete and 0 interrupted iterations
steady ↓ [ 100% ] 168/184 VUs  10m0s  5.00 iters/s

running (10m06.0s), 138/184 VUs, 2729 complete and 0 interrupted iterations
steady ↓ [ 100% ] 168/184 VUs  10m0s  5.00 iters/s

running (10m07.0s), 130/184 VUs, 2737 complete and 0 interrupted iterations
steady ↓ [ 100% ] 168/184 VUs  10m0s  5.00 iters/s

running (10m08.0s), 123/184 VUs, 2744 complete and 0 interrupted iterations
steady ↓ [ 100% ] 168/184 VUs  10m0s  5.00 iters/s

running (10m09.0s), 117/184 VUs, 2750 complete and 0 interrupted iterations
steady ↓ [ 100% ] 168/184 VUs  10m0s  5.00 iters/s

running (10m10.0s), 112/184 VUs, 2755 complete and 0 interrupted iterations
steady ↓ [ 100% ] 168/184 VUs  10m0s  5.00 iters/s

running (10m11.0s), 109/184 VUs, 2758 complete and 0 interrupted iterations
steady ↓ [ 100% ] 168/184 VUs  10m0s  5.00 iters/s

running (10m12.0s), 109/184 VUs, 2758 complete and 0 interrupted iterations
steady ↓ [ 100% ] 168/184 VUs  10m0s  5.00 iters/s

running (10m13.0s), 100/184 VUs, 2767 complete and 0 interrupted iterations
steady ↓ [ 100% ] 168/184 VUs  10m0s  5.00 iters/s

running (10m14.0s), 093/184 VUs, 2774 complete and 0 interrupted iterations
steady ↓ [ 100% ] 168/184 VUs  10m0s  5.00 iters/s

running (10m15.0s), 093/184 VUs, 2774 complete and 0 interrupted iterations
steady ↓ [ 100% ] 168/184 VUs  10m0s  5.00 iters/s

running (10m16.0s), 087/184 VUs, 2780 complete and 0 interrupted iterations
steady ↓ [ 100% ] 168/184 VUs  10m0s  5.00 iters/s

running (10m17.0s), 087/184 VUs, 2780 complete and 0 interrupted iterations
steady ↓ [ 100% ] 168/184 VUs  10m0s  5.00 iters/s

running (10m18.0s), 084/184 VUs, 2783 complete and 0 interrupted iterations
steady ↓ [ 100% ] 168/184 VUs  10m0s  5.00 iters/s

running (10m19.0s), 077/184 VUs, 2790 complete and 0 interrupted iterations
steady ↓ [ 100% ] 168/184 VUs  10m0s  5.00 iters/s

running (10m20.0s), 068/184 VUs, 2799 complete and 0 interrupted iterations
steady ↓ [ 100% ] 168/184 VUs  10m0s  5.00 iters/s

running (10m21.0s), 060/184 VUs, 2807 complete and 0 interrupted iterations
steady ↓ [ 100% ] 168/184 VUs  10m0s  5.00 iters/s

running (10m22.0s), 055/184 VUs, 2812 complete and 0 interrupted iterations
steady ↓ [ 100% ] 168/184 VUs  10m0s  5.00 iters/s

running (10m23.0s), 055/184 VUs, 2812 complete and 0 interrupted iterations
steady ↓ [ 100% ] 168/184 VUs  10m0s  5.00 iters/s

running (10m24.0s), 046/184 VUs, 2821 complete and 0 interrupted iterations
steady ↓ [ 100% ] 168/184 VUs  10m0s  5.00 iters/s

running (10m25.0s), 040/184 VUs, 2827 complete and 0 interrupted iterations
steady ↓ [ 100% ] 168/184 VUs  10m0s  5.00 iters/s

running (10m26.0s), 036/184 VUs, 2831 complete and 0 interrupted iterations
steady ↓ [ 100% ] 168/184 VUs  10m0s  5.00 iters/s

running (10m27.0s), 036/184 VUs, 2831 complete and 0 interrupted iterations
steady ↓ [ 100% ] 168/184 VUs  10m0s  5.00 iters/s

running (10m28.0s), 029/184 VUs, 2838 complete and 0 interrupted iterations
steady ↓ [ 100% ] 168/184 VUs  10m0s  5.00 iters/s

running (10m29.0s), 029/184 VUs, 2838 complete and 0 interrupted iterations
steady ↓ [ 100% ] 168/184 VUs  10m0s  5.00 iters/s

running (10m30.0s), 029/184 VUs, 2838 complete and 0 interrupted iterations
steady ↓ [ 100% ] 168/184 VUs  10m0s  5.00 iters/s

================ DSP benchmark summary ================
-- per-phase latency --
  catalog                    p50=101.8 ms  p95=243.3 ms  p99=361.2 ms  max=571.9 ms  n=2867
  negotiation init (POST)    p50=8.5 ms  p95=106.0 ms  p99=125.3 ms  max=170.4 ms  n=2867
  time-to-AGREED (async)     p50=3132.0 ms  p95=4881.7 ms  p99=5469.3 ms  max=6920.0 ms  n=2867
  transfer init (POST)       p50=59.2 ms  p95=112.6 ms  p99=155.1 ms  max=273.9 ms  n=2867
  time-to-EDR (async)        p50=0.0 ms  p95=0.0 ms  p99=0.0 ms  max=0.0 ms  n=0
  data pull                  (no data)
-- end-to-end + throughput --
  e2e transaction            p50=0.0 ms  p95=0.0 ms  p99=0.0 ms  max=0.0 ms  n=0
  data throughput (MB/s)     (no data)
-- outcomes --
  transactions succeeded     (no data)
  transactions failed        count=2838  rate=4.505/s
  failed rate                rate=100.00%  (pass=2838 fail=0)
-- observer effect (poll load) --
  negotiation polls          count=38249  rate=60.712/s
  edr polls                  count=343767  rate=545.652/s
=======================================================
(full summary -> /home/rohitj/edc/benchmarking-factoryx-edc/resources/local-fx-mvd/k6-scripts/results/factoryx/steady/2026-07-29T16-07-01Z/k6-summary.json; POLL_INTERVAL_MS=250; IDENTITY_MODE=on)

running (10m30.0s), 000/184 VUs, 2838 complete and 29 interrupted iterations
steady ✓ [ 100% ] 029/184 VUs  10m0s  5.00 iters/s
time="2026-07-29T16:19:02Z" level=error msg="thresholds on metrics 'dsp_transaction_failed_rate' have been crossed"
