
         /\      Grafana   /‾‾/  
    /\  /  \     |\  __   /  /   
   /  \/    \    | |/ /  /   ‾‾\ 
  /          \   |   (  |  (‾)  |
 / __________ \  |_|\_\  \_____/ 


     execution: local
        script: /home/rohitj/edc/benchmarking-factoryx-edc/resources/local-fx-mvd/k6-scripts/scenarios/catalog-sweep.js
        output: Prometheus remote write (http://localhost:9090/api/v1/write)

     scenarios: (100.00%) 1 scenario, 4 max VUs, 2m0s max duration (incl. graceful stop):
              * catalog: 4 looping VUs for 1m30s (gracefulStop: 30s)


running (0m01.0s), 4/4 VUs, 0 complete and 0 interrupted iterations
catalog   [   1% ] 4 VUs  0m01.0s/1m30s

running (0m02.0s), 4/4 VUs, 4 complete and 0 interrupted iterations
catalog   [   2% ] 4 VUs  0m02.0s/1m30s

running (0m03.0s), 4/4 VUs, 8 complete and 0 interrupted iterations
catalog   [   3% ] 4 VUs  0m03.0s/1m30s

running (0m04.0s), 4/4 VUs, 10 complete and 0 interrupted iterations
catalog   [   4% ] 4 VUs  0m04.0s/1m30s

running (0m05.0s), 4/4 VUs, 13 complete and 0 interrupted iterations
catalog   [   6% ] 4 VUs  0m05.0s/1m30s

running (0m06.0s), 4/4 VUs, 17 complete and 0 interrupted iterations
catalog   [   7% ] 4 VUs  0m06.0s/1m30s

running (0m07.0s), 4/4 VUs, 21 complete and 0 interrupted iterations
catalog   [   8% ] 4 VUs  0m07.0s/1m30s

running (0m08.0s), 4/4 VUs, 24 complete and 0 interrupted iterations
catalog   [   9% ] 4 VUs  0m08.0s/1m30s

running (0m09.0s), 4/4 VUs, 28 complete and 0 interrupted iterations
catalog   [  10% ] 4 VUs  0m09.0s/1m30s

running (0m10.0s), 4/4 VUs, 32 complete and 0 interrupted iterations
catalog   [  11% ] 4 VUs  0m10.0s/1m30s

running (0m11.0s), 4/4 VUs, 34 complete and 0 interrupted iterations
catalog   [  12% ] 4 VUs  0m11.0s/1m30s

running (0m12.0s), 4/4 VUs, 38 complete and 0 interrupted iterations
catalog   [  13% ] 4 VUs  0m12.0s/1m30s

running (0m13.0s), 4/4 VUs, 42 complete and 0 interrupted iterations
catalog   [  14% ] 4 VUs  0m13.0s/1m30s

running (0m14.0s), 4/4 VUs, 45 complete and 0 interrupted iterations
catalog   [  16% ] 4 VUs  0m14.0s/1m30s

running (0m15.0s), 4/4 VUs, 48 complete and 0 interrupted iterations
catalog   [  17% ] 4 VUs  0m15.0s/1m30s

running (0m16.0s), 4/4 VUs, 50 complete and 0 interrupted iterations
catalog   [  18% ] 4 VUs  0m16.0s/1m30s

running (0m17.0s), 4/4 VUs, 54 complete and 0 interrupted iterations
catalog   [  19% ] 4 VUs  0m17.0s/1m30s

running (0m18.0s), 4/4 VUs, 58 complete and 0 interrupted iterations
catalog   [  20% ] 4 VUs  0m18.0s/1m30s

running (0m19.0s), 4/4 VUs, 62 complete and 0 interrupted iterations
catalog   [  21% ] 4 VUs  0m19.0s/1m30s

running (0m20.0s), 4/4 VUs, 65 complete and 0 interrupted iterations
catalog   [  22% ] 4 VUs  0m20.0s/1m30s

running (0m21.0s), 4/4 VUs, 68 complete and 0 interrupted iterations
catalog   [  23% ] 4 VUs  0m21.0s/1m30s

running (0m22.0s), 4/4 VUs, 72 complete and 0 interrupted iterations
catalog   [  24% ] 4 VUs  0m22.0s/1m30s

running (0m23.0s), 4/4 VUs, 74 complete and 0 interrupted iterations
catalog   [  26% ] 4 VUs  0m23.0s/1m30s

running (0m24.0s), 4/4 VUs, 78 complete and 0 interrupted iterations
catalog   [  27% ] 4 VUs  0m24.0s/1m30s

running (0m25.0s), 4/4 VUs, 81 complete and 0 interrupted iterations
catalog   [  28% ] 4 VUs  0m25.0s/1m30s

running (0m26.0s), 4/4 VUs, 82 complete and 0 interrupted iterations
catalog   [  29% ] 4 VUs  0m26.0s/1m30s

running (0m27.0s), 4/4 VUs, 86 complete and 0 interrupted iterations
catalog   [  30% ] 4 VUs  0m27.0s/1m30s

running (0m28.0s), 4/4 VUs, 90 complete and 0 interrupted iterations
catalog   [  31% ] 4 VUs  0m28.0s/1m30s

running (0m29.0s), 4/4 VUs, 94 complete and 0 interrupted iterations
catalog   [  32% ] 4 VUs  0m29.0s/1m30s

running (0m30.0s), 4/4 VUs, 97 complete and 0 interrupted iterations
catalog   [  33% ] 4 VUs  0m30.0s/1m30s

running (0m31.0s), 4/4 VUs, 100 complete and 0 interrupted iterations
catalog   [  34% ] 4 VUs  0m31.0s/1m30s

running (0m32.0s), 4/4 VUs, 104 complete and 0 interrupted iterations
catalog   [  36% ] 4 VUs  0m32.0s/1m30s

running (0m33.0s), 4/4 VUs, 107 complete and 0 interrupted iterations
catalog   [  37% ] 4 VUs  0m33.0s/1m30s

running (0m34.0s), 4/4 VUs, 110 complete and 0 interrupted iterations
catalog   [  38% ] 4 VUs  0m34.0s/1m30s

running (0m35.0s), 4/4 VUs, 114 complete and 0 interrupted iterations
catalog   [  39% ] 4 VUs  0m35.0s/1m30s

running (0m36.0s), 4/4 VUs, 118 complete and 0 interrupted iterations
catalog   [  40% ] 4 VUs  0m36.0s/1m30s

running (0m37.0s), 4/4 VUs, 122 complete and 0 interrupted iterations
catalog   [  41% ] 4 VUs  0m37.0s/1m30s

running (0m38.0s), 4/4 VUs, 126 complete and 0 interrupted iterations
catalog   [  42% ] 4 VUs  0m38.0s/1m30s

running (0m39.0s), 4/4 VUs, 129 complete and 0 interrupted iterations
catalog   [  43% ] 4 VUs  0m39.0s/1m30s

running (0m40.0s), 4/4 VUs, 131 complete and 0 interrupted iterations
catalog   [  44% ] 4 VUs  0m40.0s/1m30s

running (0m41.0s), 4/4 VUs, 134 complete and 0 interrupted iterations
catalog   [  46% ] 4 VUs  0m41.0s/1m30s

running (0m42.0s), 4/4 VUs, 138 complete and 0 interrupted iterations
catalog   [  47% ] 4 VUs  0m42.0s/1m30s

running (0m43.0s), 4/4 VUs, 141 complete and 0 interrupted iterations
catalog   [  48% ] 4 VUs  0m43.0s/1m30s

running (0m44.0s), 4/4 VUs, 143 complete and 0 interrupted iterations
catalog   [  49% ] 4 VUs  0m44.0s/1m30s

running (0m45.0s), 4/4 VUs, 148 complete and 0 interrupted iterations
catalog   [  50% ] 4 VUs  0m45.0s/1m30s

running (0m46.0s), 4/4 VUs, 151 complete and 0 interrupted iterations
catalog   [  51% ] 4 VUs  0m46.0s/1m30s

running (0m47.0s), 4/4 VUs, 154 complete and 0 interrupted iterations
catalog   [  52% ] 4 VUs  0m47.0s/1m30s

running (0m48.0s), 4/4 VUs, 158 complete and 0 interrupted iterations
catalog   [  53% ] 4 VUs  0m48.0s/1m30s

running (0m49.0s), 4/4 VUs, 162 complete and 0 interrupted iterations
catalog   [  54% ] 4 VUs  0m49.0s/1m30s

running (0m50.0s), 4/4 VUs, 162 complete and 0 interrupted iterations
catalog   [  56% ] 4 VUs  0m50.0s/1m30s

running (0m51.0s), 4/4 VUs, 166 complete and 0 interrupted iterations
catalog   [  57% ] 4 VUs  0m51.0s/1m30s

running (0m52.0s), 4/4 VUs, 170 complete and 0 interrupted iterations
catalog   [  58% ] 4 VUs  0m52.0s/1m30s

running (0m53.0s), 4/4 VUs, 174 complete and 0 interrupted iterations
catalog   [  59% ] 4 VUs  0m53.0s/1m30s

running (0m54.0s), 4/4 VUs, 178 complete and 0 interrupted iterations
catalog   [  60% ] 4 VUs  0m54.0s/1m30s

running (0m55.0s), 4/4 VUs, 181 complete and 0 interrupted iterations
catalog   [  61% ] 4 VUs  0m55.0s/1m30s

running (0m56.0s), 4/4 VUs, 185 complete and 0 interrupted iterations
catalog   [  62% ] 4 VUs  0m56.0s/1m30s

running (0m57.0s), 4/4 VUs, 187 complete and 0 interrupted iterations
catalog   [  63% ] 4 VUs  0m57.0s/1m30s

running (0m58.0s), 4/4 VUs, 191 complete and 0 interrupted iterations
catalog   [  64% ] 4 VUs  0m58.0s/1m30s

running (0m59.0s), 4/4 VUs, 195 complete and 0 interrupted iterations
catalog   [  66% ] 4 VUs  0m59.0s/1m30s

running (1m00.0s), 4/4 VUs, 199 complete and 0 interrupted iterations
catalog   [  67% ] 4 VUs  1m00.0s/1m30s

running (1m01.0s), 4/4 VUs, 202 complete and 0 interrupted iterations
catalog   [  68% ] 4 VUs  1m01.0s/1m30s

running (1m02.0s), 4/4 VUs, 206 complete and 0 interrupted iterations
catalog   [  69% ] 4 VUs  1m02.0s/1m30s

running (1m03.0s), 4/4 VUs, 208 complete and 0 interrupted iterations
catalog   [  70% ] 4 VUs  1m03.0s/1m30s

running (1m04.0s), 4/4 VUs, 212 complete and 0 interrupted iterations
catalog   [  71% ] 4 VUs  1m04.0s/1m30s

running (1m05.0s), 4/4 VUs, 216 complete and 0 interrupted iterations
catalog   [  72% ] 4 VUs  1m05.0s/1m30s

running (1m06.0s), 4/4 VUs, 219 complete and 0 interrupted iterations
catalog   [  73% ] 4 VUs  1m06.0s/1m30s

running (1m07.0s), 4/4 VUs, 221 complete and 0 interrupted iterations
catalog   [  74% ] 4 VUs  1m07.0s/1m30s

running (1m08.0s), 4/4 VUs, 224 complete and 0 interrupted iterations
catalog   [  76% ] 4 VUs  1m08.0s/1m30s

running (1m09.0s), 4/4 VUs, 228 complete and 0 interrupted iterations
catalog   [  77% ] 4 VUs  1m09.0s/1m30s

running (1m10.0s), 4/4 VUs, 232 complete and 0 interrupted iterations
catalog   [  78% ] 4 VUs  1m10.0s/1m30s

running (1m11.0s), 4/4 VUs, 234 complete and 0 interrupted iterations
catalog   [  79% ] 4 VUs  1m11.0s/1m30s

running (1m12.0s), 4/4 VUs, 238 complete and 0 interrupted iterations
catalog   [  80% ] 4 VUs  1m12.0s/1m30s

running (1m13.0s), 4/4 VUs, 242 complete and 0 interrupted iterations
catalog   [  81% ] 4 VUs  1m13.0s/1m30s

running (1m14.0s), 4/4 VUs, 244 complete and 0 interrupted iterations
catalog   [  82% ] 4 VUs  1m14.0s/1m30s

running (1m15.0s), 4/4 VUs, 248 complete and 0 interrupted iterations
catalog   [  83% ] 4 VUs  1m15.0s/1m30s

running (1m16.0s), 4/4 VUs, 252 complete and 0 interrupted iterations
catalog   [  84% ] 4 VUs  1m16.0s/1m30s

running (1m17.0s), 4/4 VUs, 254 complete and 0 interrupted iterations
catalog   [  86% ] 4 VUs  1m17.0s/1m30s

running (1m18.0s), 4/4 VUs, 258 complete and 0 interrupted iterations
catalog   [  87% ] 4 VUs  1m18.0s/1m30s

running (1m19.0s), 4/4 VUs, 262 complete and 0 interrupted iterations
catalog   [  88% ] 4 VUs  1m19.0s/1m30s

running (1m20.0s), 4/4 VUs, 264 complete and 0 interrupted iterations
catalog   [  89% ] 4 VUs  1m20.0s/1m30s

running (1m21.0s), 4/4 VUs, 267 complete and 0 interrupted iterations
catalog   [  90% ] 4 VUs  1m21.0s/1m30s

running (1m22.0s), 4/4 VUs, 271 complete and 0 interrupted iterations
catalog   [  91% ] 4 VUs  1m22.0s/1m30s

running (1m23.0s), 4/4 VUs, 275 complete and 0 interrupted iterations
catalog   [  92% ] 4 VUs  1m23.0s/1m30s

running (1m24.0s), 4/4 VUs, 278 complete and 0 interrupted iterations
catalog   [  93% ] 4 VUs  1m24.0s/1m30s

running (1m25.0s), 4/4 VUs, 280 complete and 0 interrupted iterations
catalog   [  94% ] 4 VUs  1m25.0s/1m30s

running (1m26.0s), 4/4 VUs, 284 complete and 0 interrupted iterations
catalog   [  96% ] 4 VUs  1m26.0s/1m30s

running (1m27.0s), 4/4 VUs, 287 complete and 0 interrupted iterations
catalog   [  97% ] 4 VUs  1m27.0s/1m30s

running (1m28.0s), 4/4 VUs, 291 complete and 0 interrupted iterations
catalog   [  98% ] 4 VUs  1m28.0s/1m30s

running (1m29.0s), 4/4 VUs, 295 complete and 0 interrupted iterations
catalog   [  99% ] 4 VUs  1m29.0s/1m30s

running (1m30.0s), 4/4 VUs, 297 complete and 0 interrupted iterations
catalog   [ 100% ] 4 VUs  1m30.0s/1m30s

================ DSP benchmark summary ================
-- per-phase latency --
  catalog                    p50=1082.5 ms  p95=1449.1 ms  p99=1552.4 ms  max=1608.4 ms  n=301
  negotiation init (POST)    (no data)
  time-to-AGREED (async)     (no data)
  transfer init (POST)       (no data)
  time-to-EDR (async)        (no data)
  data pull                  (no data)
-- end-to-end + throughput --
  e2e transaction            (no data)
  data throughput (MB/s)     (no data)
-- outcomes --
  transactions succeeded     count=301  rate=3.314/s
  transactions failed        (no data)
  failed rate                rate=0.00%  (pass=0 fail=301)
    of which TERMINATED      (no data)
    of which TIMED OUT       (no data)
    of which HTTP-FAILED     (no data)
  failure accounting       (no failures)
-- observer effect (poll load) --
  negotiation polls          (no data)
  edr polls                  (no data)
  polls per transaction     negotiation=0.0  edr=0.0  (timeout ceiling=120)
=======================================================
(full summary -> /home/rohitj/edc/benchmarking-factoryx-edc/resources/local-fx-mvd/k6-scripts/results/factoryx/off/catalog-sweep/2026-08-02T18-03-44Z/k6-summary.json; POLL_INTERVAL_MS=250; IDENTITY_MODE=off)

running (1m30.8s), 0/4 VUs, 301 complete and 0 interrupted iterations
catalog ✓ [ 100% ] 4 VUs  1m30s
