
         /\      Grafana   /‾‾/  
    /\  /  \     |\  __   /  /   
   /  \/    \    | |/ /  /   ‾‾\ 
  /          \   |   (  |  (‾)  |
 / __________ \  |_|\_\  \_____/ 


     execution: local
        script: /home/rohitj/edc/benchmarking-factoryx-edc/resources/local-fx-mvd/k6-scripts/scenarios/catalog-sweep.js
        output: Prometheus remote write (http://localhost:9090/api/v1/write)

     scenarios: (100.00%) 1 scenario, 4 max VUs, 2m0s max duration (incl. graceful stop):
              * catalog: 4 looping VUs for 1m30s (gracefulStop: 30s)


Run       [ 100% ] setup()
catalog   [   0% ]

running (0m02.0s), 4/4 VUs, 0 complete and 0 interrupted iterations
catalog   [   0% ] 4 VUs  0m00.1s/1m30s

running (0m03.0s), 4/4 VUs, 28 complete and 0 interrupted iterations
catalog   [   1% ] 4 VUs  0m01.1s/1m30s

running (0m04.0s), 4/4 VUs, 52 complete and 0 interrupted iterations
catalog   [   2% ] 4 VUs  0m02.1s/1m30s

running (0m05.0s), 4/4 VUs, 80 complete and 0 interrupted iterations
catalog   [   3% ] 4 VUs  0m03.1s/1m30s

running (0m06.0s), 4/4 VUs, 108 complete and 0 interrupted iterations
catalog   [   5% ] 4 VUs  0m04.1s/1m30s

running (0m07.0s), 4/4 VUs, 132 complete and 0 interrupted iterations
catalog   [   6% ] 4 VUs  0m05.1s/1m30s

running (0m08.0s), 4/4 VUs, 158 complete and 0 interrupted iterations
catalog   [   7% ] 4 VUs  0m06.1s/1m30s

running (0m09.0s), 4/4 VUs, 184 complete and 0 interrupted iterations
catalog   [   8% ] 4 VUs  0m07.1s/1m30s

running (0m10.0s), 4/4 VUs, 217 complete and 0 interrupted iterations
catalog   [   9% ] 4 VUs  0m08.1s/1m30s

running (0m11.0s), 4/4 VUs, 242 complete and 0 interrupted iterations
catalog   [  10% ] 4 VUs  0m09.1s/1m30s

running (0m12.0s), 4/4 VUs, 269 complete and 0 interrupted iterations
catalog   [  11% ] 4 VUs  0m10.1s/1m30s

running (0m13.0s), 4/4 VUs, 296 complete and 0 interrupted iterations
catalog   [  12% ] 4 VUs  0m11.1s/1m30s

running (0m14.0s), 4/4 VUs, 320 complete and 0 interrupted iterations
catalog   [  13% ] 4 VUs  0m12.1s/1m30s

running (0m15.0s), 4/4 VUs, 349 complete and 0 interrupted iterations
catalog   [  15% ] 4 VUs  0m13.1s/1m30s

running (0m16.0s), 4/4 VUs, 374 complete and 0 interrupted iterations
catalog   [  16% ] 4 VUs  0m14.1s/1m30s

running (0m17.0s), 4/4 VUs, 398 complete and 0 interrupted iterations
catalog   [  17% ] 4 VUs  0m15.1s/1m30s

running (0m18.0s), 4/4 VUs, 422 complete and 0 interrupted iterations
catalog   [  18% ] 4 VUs  0m16.1s/1m30s

running (0m19.0s), 4/4 VUs, 448 complete and 0 interrupted iterations
catalog   [  19% ] 4 VUs  0m17.1s/1m30s

running (0m20.0s), 4/4 VUs, 476 complete and 0 interrupted iterations
catalog   [  20% ] 4 VUs  0m18.1s/1m30s

running (0m21.0s), 4/4 VUs, 501 complete and 0 interrupted iterations
catalog   [  21% ] 4 VUs  0m19.1s/1m30s

running (0m22.0s), 4/4 VUs, 529 complete and 0 interrupted iterations
catalog   [  22% ] 4 VUs  0m20.1s/1m30s

running (0m23.0s), 4/4 VUs, 553 complete and 0 interrupted iterations
catalog   [  23% ] 4 VUs  0m21.1s/1m30s

running (0m24.0s), 4/4 VUs, 581 complete and 0 interrupted iterations
catalog   [  25% ] 4 VUs  0m22.1s/1m30s

running (0m25.0s), 4/4 VUs, 605 complete and 0 interrupted iterations
catalog   [  26% ] 4 VUs  0m23.1s/1m30s

running (0m26.0s), 4/4 VUs, 631 complete and 0 interrupted iterations
catalog   [  27% ] 4 VUs  0m24.1s/1m30s

running (0m27.0s), 4/4 VUs, 657 complete and 0 interrupted iterations
catalog   [  28% ] 4 VUs  0m25.1s/1m30s

running (0m28.0s), 4/4 VUs, 684 complete and 0 interrupted iterations
catalog   [  29% ] 4 VUs  0m26.1s/1m30s

running (0m29.0s), 4/4 VUs, 716 complete and 0 interrupted iterations
catalog   [  30% ] 4 VUs  0m27.1s/1m30s

running (0m30.0s), 4/4 VUs, 740 complete and 0 interrupted iterations
catalog   [  31% ] 4 VUs  0m28.1s/1m30s

running (0m31.0s), 4/4 VUs, 768 complete and 0 interrupted iterations
catalog   [  32% ] 4 VUs  0m29.1s/1m30s

running (0m32.0s), 4/4 VUs, 796 complete and 0 interrupted iterations
catalog   [  33% ] 4 VUs  0m30.1s/1m30s

running (0m33.0s), 4/4 VUs, 824 complete and 0 interrupted iterations
catalog   [  35% ] 4 VUs  0m31.1s/1m30s

running (0m34.0s), 4/4 VUs, 848 complete and 0 interrupted iterations
catalog   [  36% ] 4 VUs  0m32.1s/1m30s

running (0m35.0s), 4/4 VUs, 876 complete and 0 interrupted iterations
catalog   [  37% ] 4 VUs  0m33.1s/1m30s

running (0m36.0s), 4/4 VUs, 901 complete and 0 interrupted iterations
catalog   [  38% ] 4 VUs  0m34.1s/1m30s

running (0m37.0s), 4/4 VUs, 929 complete and 0 interrupted iterations
catalog   [  39% ] 4 VUs  0m35.1s/1m30s

running (0m38.0s), 4/4 VUs, 953 complete and 0 interrupted iterations
catalog   [  40% ] 4 VUs  0m36.1s/1m30s

running (0m39.0s), 4/4 VUs, 981 complete and 0 interrupted iterations
catalog   [  41% ] 4 VUs  0m37.1s/1m30s

running (0m40.0s), 4/4 VUs, 1009 complete and 0 interrupted iterations
catalog   [  42% ] 4 VUs  0m38.1s/1m30s

running (0m41.0s), 4/4 VUs, 1030 complete and 0 interrupted iterations
catalog   [  43% ] 4 VUs  0m39.1s/1m30s

running (0m42.0s), 4/4 VUs, 1057 complete and 0 interrupted iterations
catalog   [  45% ] 4 VUs  0m40.1s/1m30s

running (0m43.0s), 4/4 VUs, 1082 complete and 0 interrupted iterations
catalog   [  46% ] 4 VUs  0m41.1s/1m30s

running (0m44.0s), 4/4 VUs, 1110 complete and 0 interrupted iterations
catalog   [  47% ] 4 VUs  0m42.1s/1m30s

running (0m45.0s), 4/4 VUs, 1135 complete and 0 interrupted iterations
catalog   [  48% ] 4 VUs  0m43.1s/1m30s

running (0m46.0s), 4/4 VUs, 1164 complete and 0 interrupted iterations
catalog   [  49% ] 4 VUs  0m44.1s/1m30s

running (0m47.0s), 4/4 VUs, 1192 complete and 0 interrupted iterations
catalog   [  50% ] 4 VUs  0m45.1s/1m30s

running (0m48.0s), 4/4 VUs, 1216 complete and 0 interrupted iterations
catalog   [  51% ] 4 VUs  0m46.1s/1m30s

running (0m49.0s), 4/4 VUs, 1244 complete and 0 interrupted iterations
catalog   [  52% ] 4 VUs  0m47.1s/1m30s

running (0m50.0s), 4/4 VUs, 1272 complete and 0 interrupted iterations
catalog   [  53% ] 4 VUs  0m48.1s/1m30s

running (0m51.0s), 4/4 VUs, 1292 complete and 0 interrupted iterations
catalog   [  55% ] 4 VUs  0m49.1s/1m30s

running (0m52.0s), 4/4 VUs, 1323 complete and 0 interrupted iterations
catalog   [  56% ] 4 VUs  0m50.1s/1m30s

running (0m53.0s), 4/4 VUs, 1343 complete and 0 interrupted iterations
catalog   [  57% ] 4 VUs  0m51.1s/1m30s

running (0m54.0s), 4/4 VUs, 1369 complete and 0 interrupted iterations
catalog   [  58% ] 4 VUs  0m52.1s/1m30s

running (0m55.0s), 4/4 VUs, 1393 complete and 0 interrupted iterations
catalog   [  59% ] 4 VUs  0m53.1s/1m30s

running (0m56.0s), 4/4 VUs, 1419 complete and 0 interrupted iterations
catalog   [  60% ] 4 VUs  0m54.1s/1m30s

running (0m57.0s), 4/4 VUs, 1447 complete and 0 interrupted iterations
catalog   [  61% ] 4 VUs  0m55.1s/1m30s

running (0m58.0s), 4/4 VUs, 1472 complete and 0 interrupted iterations
catalog   [  62% ] 4 VUs  0m56.1s/1m30s

running (0m59.0s), 4/4 VUs, 1500 complete and 0 interrupted iterations
catalog   [  63% ] 4 VUs  0m57.1s/1m30s

running (1m00.0s), 4/4 VUs, 1524 complete and 0 interrupted iterations
catalog   [  65% ] 4 VUs  0m58.1s/1m30s

running (1m01.0s), 4/4 VUs, 1551 complete and 0 interrupted iterations
catalog   [  66% ] 4 VUs  0m59.1s/1m30s

running (1m02.0s), 4/4 VUs, 1578 complete and 0 interrupted iterations
catalog   [  67% ] 4 VUs  1m00.1s/1m30s

running (1m03.0s), 4/4 VUs, 1602 complete and 0 interrupted iterations
catalog   [  68% ] 4 VUs  1m01.1s/1m30s

running (1m04.0s), 4/4 VUs, 1632 complete and 0 interrupted iterations
catalog   [  69% ] 4 VUs  1m02.1s/1m30s

running (1m05.0s), 4/4 VUs, 1659 complete and 0 interrupted iterations
catalog   [  70% ] 4 VUs  1m03.1s/1m30s

running (1m06.0s), 4/4 VUs, 1683 complete and 0 interrupted iterations
catalog   [  71% ] 4 VUs  1m04.1s/1m30s

running (1m07.0s), 4/4 VUs, 1706 complete and 0 interrupted iterations
catalog   [  72% ] 4 VUs  1m05.1s/1m30s

running (1m08.0s), 4/4 VUs, 1737 complete and 0 interrupted iterations
catalog   [  73% ] 4 VUs  1m06.1s/1m30s

running (1m09.0s), 4/4 VUs, 1765 complete and 0 interrupted iterations
catalog   [  75% ] 4 VUs  1m07.1s/1m30s

running (1m10.0s), 4/4 VUs, 1789 complete and 0 interrupted iterations
catalog   [  76% ] 4 VUs  1m08.1s/1m30s

running (1m11.0s), 4/4 VUs, 1813 complete and 0 interrupted iterations
catalog   [  77% ] 4 VUs  1m09.1s/1m30s

running (1m12.0s), 4/4 VUs, 1844 complete and 0 interrupted iterations
catalog   [  78% ] 4 VUs  1m10.1s/1m30s

running (1m13.0s), 4/4 VUs, 1868 complete and 0 interrupted iterations
catalog   [  79% ] 4 VUs  1m11.1s/1m30s

running (1m14.0s), 4/4 VUs, 1892 complete and 0 interrupted iterations
catalog   [  80% ] 4 VUs  1m12.1s/1m30s

running (1m15.0s), 4/4 VUs, 1916 complete and 0 interrupted iterations
catalog   [  81% ] 4 VUs  1m13.1s/1m30s

running (1m16.0s), 4/4 VUs, 1943 complete and 0 interrupted iterations
catalog   [  82% ] 4 VUs  1m14.1s/1m30s

running (1m17.0s), 4/4 VUs, 1971 complete and 0 interrupted iterations
catalog   [  83% ] 4 VUs  1m15.1s/1m30s

running (1m18.0s), 4/4 VUs, 1991 complete and 0 interrupted iterations
catalog   [  85% ] 4 VUs  1m16.1s/1m30s

running (1m19.0s), 4/4 VUs, 2017 complete and 0 interrupted iterations
catalog   [  86% ] 4 VUs  1m17.1s/1m30s

running (1m20.0s), 4/4 VUs, 2042 complete and 0 interrupted iterations
catalog   [  87% ] 4 VUs  1m18.1s/1m30s

running (1m21.0s), 4/4 VUs, 2070 complete and 0 interrupted iterations
catalog   [  88% ] 4 VUs  1m19.1s/1m30s

running (1m22.0s), 4/4 VUs, 2096 complete and 0 interrupted iterations
catalog   [  89% ] 4 VUs  1m20.1s/1m30s

running (1m23.0s), 4/4 VUs, 2117 complete and 0 interrupted iterations
catalog   [  90% ] 4 VUs  1m21.1s/1m30s

running (1m24.0s), 4/4 VUs, 2144 complete and 0 interrupted iterations
catalog   [  91% ] 4 VUs  1m22.1s/1m30s

running (1m25.0s), 4/4 VUs, 2170 complete and 0 interrupted iterations
catalog   [  92% ] 4 VUs  1m23.1s/1m30s

running (1m26.0s), 4/4 VUs, 2197 complete and 0 interrupted iterations
catalog   [  93% ] 4 VUs  1m24.1s/1m30s

running (1m27.0s), 4/4 VUs, 2221 complete and 0 interrupted iterations
catalog   [  95% ] 4 VUs  1m25.1s/1m30s

running (1m28.0s), 4/4 VUs, 2244 complete and 0 interrupted iterations
catalog   [  96% ] 4 VUs  1m26.1s/1m30s

running (1m29.0s), 4/4 VUs, 2278 complete and 0 interrupted iterations
catalog   [  97% ] 4 VUs  1m27.1s/1m30s

running (1m30.0s), 4/4 VUs, 2302 complete and 0 interrupted iterations
catalog   [  98% ] 4 VUs  1m28.1s/1m30s

running (1m31.0s), 4/4 VUs, 2327 complete and 0 interrupted iterations
catalog   [  99% ] 4 VUs  1m29.1s/1m30s

running (1m32.0s), 2/4 VUs, 2350 complete and 0 interrupted iterations
catalog ↓ [ 100% ] 4 VUs  1m30s

================ DSP benchmark summary ================
-- per-phase latency --
  catalog                    p50=144.3 ms  p95=207.7 ms  p99=241.4 ms  max=291.5 ms  n=2352
  negotiation init (POST)    (no data)
  time-to-AGREED (async)     (no data)
  transfer init (POST)       (no data)
  time-to-EDR (async)        (no data)
  data pull                  (no data)
-- end-to-end + throughput --
  e2e transaction            (no data)
  data throughput (MB/s)     (no data)
-- outcomes --
  transactions succeeded     count=2352  rate=25.546/s
  transactions failed        (no data)
  failed rate                rate=0.00%  (pass=0 fail=2352)
    of which TERMINATED      (no data)
    of which TIMED OUT       (no data)
-- observer effect (poll load) --
  negotiation polls          (no data)
  edr polls                  (no data)
  polls per transaction     negotiation=0.0  edr=0.0  (timeout ceiling=120)
=======================================================
(full summary -> /home/rohitj/edc/benchmarking-factoryx-edc/resources/local-fx-mvd/k6-scripts/results/factoryx/catalog-sweep/2026-07-31T12-41-01Z/k6-summary.json; POLL_INTERVAL_MS=250; IDENTITY_MODE=on)

running (1m32.1s), 0/4 VUs, 2352 complete and 0 interrupted iterations
catalog ✓ [ 100% ] 4 VUs  1m30s
