
         /\      Grafana   /‾‾/  
    /\  /  \     |\  __   /  /   
   /  \/    \    | |/ /  /   ‾‾\ 
  /          \   |   (  |  (‾)  |
 / __________ \  |_|\_\  \_____/ 


     execution: local
        script: /home/rohitj/edc/benchmarking-factoryx-edc/resources/local-fx-mvd/k6-scripts/scenarios/payload-sweep.js
        output: Prometheus remote write (http://localhost:9090/api/v1/write)

     scenarios: (100.00%) 1 scenario, 4 max VUs, 1m30s max duration (incl. graceful stop):
              * pull: 4 looping VUs for 1m0s (gracefulStop: 30s)


Run    [ 100% ] setup()
pull   [   0% ]

Run    [ 100% ] setup()
pull   [   0% ]

Run    [ 100% ] setup()
pull   [   0% ]

Run    [ 100% ] setup()
pull   [   0% ]

running (0m05.0s), 4/4 VUs, 1 complete and 0 interrupted iterations
pull   [   0% ] 4 VUs  0m00.0s/1m0s

running (0m06.0s), 4/4 VUs, 99 complete and 0 interrupted iterations
pull   [   2% ] 4 VUs  0m01.0s/1m0s

running (0m07.0s), 4/4 VUs, 197 complete and 0 interrupted iterations
pull   [   3% ] 4 VUs  0m02.0s/1m0s

running (0m08.0s), 4/4 VUs, 297 complete and 0 interrupted iterations
pull   [   5% ] 4 VUs  0m03.0s/1m0s

running (0m09.0s), 4/4 VUs, 393 complete and 0 interrupted iterations
pull   [   7% ] 4 VUs  0m04.0s/1m0s

running (0m10.0s), 4/4 VUs, 489 complete and 0 interrupted iterations
pull   [   8% ] 4 VUs  0m05.0s/1m0s

running (0m11.0s), 4/4 VUs, 587 complete and 0 interrupted iterations
pull   [  10% ] 4 VUs  0m06.0s/1m0s

running (0m12.0s), 4/4 VUs, 685 complete and 0 interrupted iterations
pull   [  12% ] 4 VUs  0m07.0s/1m0s

running (0m13.0s), 4/4 VUs, 783 complete and 0 interrupted iterations
pull   [  13% ] 4 VUs  0m08.0s/1m0s

running (0m14.0s), 4/4 VUs, 879 complete and 0 interrupted iterations
pull   [  15% ] 4 VUs  0m09.0s/1m0s

running (0m15.0s), 4/4 VUs, 977 complete and 0 interrupted iterations
pull   [  17% ] 4 VUs  0m10.0s/1m0s

running (0m16.0s), 4/4 VUs, 1075 complete and 0 interrupted iterations
pull   [  18% ] 4 VUs  0m11.0s/1m0s

running (0m17.0s), 4/4 VUs, 1173 complete and 0 interrupted iterations
pull   [  20% ] 4 VUs  0m12.0s/1m0s

running (0m18.0s), 4/4 VUs, 1267 complete and 0 interrupted iterations
pull   [  22% ] 4 VUs  0m13.0s/1m0s

running (0m19.0s), 4/4 VUs, 1365 complete and 0 interrupted iterations
pull   [  23% ] 4 VUs  0m14.0s/1m0s

running (0m20.0s), 4/4 VUs, 1463 complete and 0 interrupted iterations
pull   [  25% ] 4 VUs  0m15.0s/1m0s

running (0m21.0s), 4/4 VUs, 1559 complete and 0 interrupted iterations
pull   [  27% ] 4 VUs  0m16.0s/1m0s

running (0m22.0s), 4/4 VUs, 1657 complete and 0 interrupted iterations
pull   [  28% ] 4 VUs  0m17.0s/1m0s

running (0m23.0s), 4/4 VUs, 1755 complete and 0 interrupted iterations
pull   [  30% ] 4 VUs  0m18.0s/1m0s

running (0m24.0s), 4/4 VUs, 1853 complete and 0 interrupted iterations
pull   [  32% ] 4 VUs  0m19.0s/1m0s

running (0m25.0s), 4/4 VUs, 1951 complete and 0 interrupted iterations
pull   [  33% ] 4 VUs  0m20.0s/1m0s

running (0m26.0s), 4/4 VUs, 2049 complete and 0 interrupted iterations
pull   [  35% ] 4 VUs  0m21.0s/1m0s

running (0m27.0s), 4/4 VUs, 2147 complete and 0 interrupted iterations
pull   [  37% ] 4 VUs  0m22.0s/1m0s

running (0m28.0s), 4/4 VUs, 2245 complete and 0 interrupted iterations
pull   [  38% ] 4 VUs  0m23.0s/1m0s

running (0m29.0s), 4/4 VUs, 2343 complete and 0 interrupted iterations
pull   [  40% ] 4 VUs  0m24.0s/1m0s

running (0m30.0s), 4/4 VUs, 2439 complete and 0 interrupted iterations
pull   [  42% ] 4 VUs  0m25.0s/1m0s

running (0m31.0s), 4/4 VUs, 2537 complete and 0 interrupted iterations
pull   [  43% ] 4 VUs  0m26.0s/1m0s

running (0m32.0s), 4/4 VUs, 2635 complete and 0 interrupted iterations
pull   [  45% ] 4 VUs  0m27.0s/1m0s

running (0m33.0s), 4/4 VUs, 2733 complete and 0 interrupted iterations
pull   [  47% ] 4 VUs  0m28.0s/1m0s

running (0m34.0s), 4/4 VUs, 2832 complete and 0 interrupted iterations
pull   [  48% ] 4 VUs  0m29.0s/1m0s

running (0m35.0s), 4/4 VUs, 2931 complete and 0 interrupted iterations
pull   [  50% ] 4 VUs  0m30.0s/1m0s

running (0m36.0s), 4/4 VUs, 3029 complete and 0 interrupted iterations
pull   [  52% ] 4 VUs  0m31.0s/1m0s

running (0m37.0s), 4/4 VUs, 3125 complete and 0 interrupted iterations
pull   [  53% ] 4 VUs  0m32.0s/1m0s

running (0m38.0s), 4/4 VUs, 3223 complete and 0 interrupted iterations
pull   [  55% ] 4 VUs  0m33.0s/1m0s

running (0m39.0s), 4/4 VUs, 3321 complete and 0 interrupted iterations
pull   [  57% ] 4 VUs  0m34.0s/1m0s

running (0m40.0s), 4/4 VUs, 3417 complete and 0 interrupted iterations
pull   [  58% ] 4 VUs  0m35.0s/1m0s

running (0m41.0s), 4/4 VUs, 3517 complete and 0 interrupted iterations
pull   [  60% ] 4 VUs  0m36.0s/1m0s

running (0m42.0s), 4/4 VUs, 3613 complete and 0 interrupted iterations
pull   [  62% ] 4 VUs  0m37.0s/1m0s

running (0m43.0s), 4/4 VUs, 3713 complete and 0 interrupted iterations
pull   [  63% ] 4 VUs  0m38.0s/1m0s

running (0m44.0s), 4/4 VUs, 3811 complete and 0 interrupted iterations
pull   [  65% ] 4 VUs  0m39.0s/1m0s

running (0m45.0s), 4/4 VUs, 3909 complete and 0 interrupted iterations
pull   [  67% ] 4 VUs  0m40.0s/1m0s

running (0m46.0s), 4/4 VUs, 4005 complete and 0 interrupted iterations
pull   [  68% ] 4 VUs  0m41.0s/1m0s

running (0m47.0s), 4/4 VUs, 4101 complete and 0 interrupted iterations
pull   [  70% ] 4 VUs  0m42.0s/1m0s

running (0m48.0s), 4/4 VUs, 4199 complete and 0 interrupted iterations
pull   [  72% ] 4 VUs  0m43.0s/1m0s

running (0m49.0s), 4/4 VUs, 4295 complete and 0 interrupted iterations
pull   [  73% ] 4 VUs  0m44.0s/1m0s

running (0m50.0s), 4/4 VUs, 4393 complete and 0 interrupted iterations
pull   [  75% ] 4 VUs  0m45.0s/1m0s

running (0m51.0s), 4/4 VUs, 4492 complete and 0 interrupted iterations
pull   [  77% ] 4 VUs  0m46.0s/1m0s

running (0m52.0s), 4/4 VUs, 4589 complete and 0 interrupted iterations
pull   [  78% ] 4 VUs  0m47.0s/1m0s

running (0m53.0s), 4/4 VUs, 4688 complete and 0 interrupted iterations
pull   [  80% ] 4 VUs  0m48.0s/1m0s

running (0m54.0s), 4/4 VUs, 4785 complete and 0 interrupted iterations
pull   [  82% ] 4 VUs  0m49.0s/1m0s

running (0m55.0s), 4/4 VUs, 4884 complete and 0 interrupted iterations
pull   [  83% ] 4 VUs  0m50.0s/1m0s

running (0m56.0s), 4/4 VUs, 4981 complete and 0 interrupted iterations
pull   [  85% ] 4 VUs  0m51.0s/1m0s

running (0m57.0s), 4/4 VUs, 5080 complete and 0 interrupted iterations
pull   [  87% ] 4 VUs  0m52.0s/1m0s

running (0m58.0s), 4/4 VUs, 5177 complete and 0 interrupted iterations
pull   [  88% ] 4 VUs  0m53.0s/1m0s

running (0m59.0s), 4/4 VUs, 5276 complete and 0 interrupted iterations
pull   [  90% ] 4 VUs  0m54.0s/1m0s

running (1m00.0s), 4/4 VUs, 5373 complete and 0 interrupted iterations
pull   [  92% ] 4 VUs  0m55.0s/1m0s

running (1m01.0s), 4/4 VUs, 5472 complete and 0 interrupted iterations
pull   [  93% ] 4 VUs  0m56.0s/1m0s

running (1m02.0s), 4/4 VUs, 5567 complete and 0 interrupted iterations
pull   [  95% ] 4 VUs  0m57.0s/1m0s

running (1m03.0s), 4/4 VUs, 5665 complete and 0 interrupted iterations
pull   [  97% ] 4 VUs  0m58.0s/1m0s

running (1m04.0s), 4/4 VUs, 5763 complete and 0 interrupted iterations
pull   [  98% ] 4 VUs  0m59.0s/1m0s

running (1m05.0s), 0/4 VUs, 5859 complete and 0 interrupted iterations
pull ✓ [ 100% ] 4 VUs  1m0s

================ DSP benchmark summary ================
-- per-phase latency --
  catalog                    p50=129.4 ms  p95=129.4 ms  p99=129.4 ms  max=129.4 ms  n=1
  negotiation init (POST)    p50=109.0 ms  p95=109.0 ms  p99=109.0 ms  max=109.0 ms  n=1
  time-to-AGREED (async)     p50=2549.0 ms  p95=2549.0 ms  p99=2549.0 ms  max=2549.0 ms  n=1
  transfer init (POST)       p50=15.6 ms  p95=15.6 ms  p99=15.6 ms  max=15.6 ms  n=1
  time-to-EDR (async)        p50=2033.0 ms  p95=2033.0 ms  p99=2033.0 ms  max=2033.0 ms  n=1
  data pull                  p50=40.4 ms  p95=42.0 ms  p99=46.3 ms  max=68.2 ms  n=5859
-- end-to-end + throughput --
  e2e transaction            (no data)
  data throughput (MB/s)     p50=0.1  p95=0.1  p99=0.1  max=0.2  n=5859
-- outcomes --
  transactions succeeded     (no data)
  transactions failed        (no data)
  failed rate                rate=0.00%  (pass=0 fail=0)
    of which TERMINATED      (no data)
    of which TIMED OUT       (no data)
-- observer effect (poll load) --
  negotiation polls          count=11  rate=0.169/s
  edr polls                  count=9  rate=0.138/s
  polls per transaction     (no data)
=======================================================
(full summary -> /home/rohitj/edc/benchmarking-factoryx-edc/resources/local-fx-mvd/k6-scripts/results/factoryx/payload-sweep/2026-07-31T13-45-38Z/k6-summary.json; POLL_INTERVAL_MS=250; IDENTITY_MODE=on)

running (1m05.0s), 0/4 VUs, 5859 complete and 0 interrupted iterations
pull ✓ [ 100% ] 4 VUs  1m0s
