
         /\      Grafana   /‾‾/  
    /\  /  \     |\  __   /  /   
   /  \/    \    | |/ /  /   ‾‾\ 
  /          \   |   (  |  (‾)  |
 / __________ \  |_|\_\  \_____/ 


     execution: local
        script: /home/rohitj/edc/benchmarking-factoryx-edc/resources/local-fx-mvd/k6-scripts/scenarios/payload-sweep.js
        output: Prometheus remote write (http://localhost:9090/api/v1/write)

     scenarios: (100.00%) 1 scenario, 4 max VUs, 1m30s max duration (incl. graceful stop):
              * pull: 4 looping VUs for 1m0s (gracefulStop: 30s)


Run    [ 100% ] setup()
pull   [   0% ]

Run    [ 100% ] setup()
pull   [   0% ]

Run    [ 100% ] setup()
pull   [   0% ]

Run    [ 100% ] setup()
pull   [   0% ]

running (0m05.0s), 4/4 VUs, 676 complete and 0 interrupted iterations
pull   [   2% ] 4 VUs  0m00.9s/1m0s

running (0m06.0s), 4/4 VUs, 1482 complete and 0 interrupted iterations
pull   [   3% ] 4 VUs  0m01.9s/1m0s

running (0m07.0s), 4/4 VUs, 2295 complete and 0 interrupted iterations
pull   [   5% ] 4 VUs  0m02.9s/1m0s

running (0m08.0s), 4/4 VUs, 3124 complete and 0 interrupted iterations
pull   [   7% ] 4 VUs  0m03.9s/1m0s

running (0m09.0s), 4/4 VUs, 3951 complete and 0 interrupted iterations
pull   [   8% ] 4 VUs  0m04.9s/1m0s

running (0m10.0s), 4/4 VUs, 4798 complete and 0 interrupted iterations
pull   [  10% ] 4 VUs  0m05.9s/1m0s

running (0m11.0s), 4/4 VUs, 5644 complete and 0 interrupted iterations
pull   [  12% ] 4 VUs  0m06.9s/1m0s

running (0m12.0s), 4/4 VUs, 6488 complete and 0 interrupted iterations
pull   [  13% ] 4 VUs  0m07.9s/1m0s

running (0m13.0s), 4/4 VUs, 7369 complete and 0 interrupted iterations
pull   [  15% ] 4 VUs  0m08.9s/1m0s

running (0m14.0s), 4/4 VUs, 8311 complete and 0 interrupted iterations
pull   [  17% ] 4 VUs  0m09.9s/1m0s

running (0m15.0s), 4/4 VUs, 9232 complete and 0 interrupted iterations
pull   [  18% ] 4 VUs  0m10.9s/1m0s

running (0m16.0s), 4/4 VUs, 10155 complete and 0 interrupted iterations
pull   [  20% ] 4 VUs  0m11.9s/1m0s

running (0m17.0s), 4/4 VUs, 11083 complete and 0 interrupted iterations
pull   [  22% ] 4 VUs  0m12.9s/1m0s

running (0m18.0s), 4/4 VUs, 12024 complete and 0 interrupted iterations
pull   [  23% ] 4 VUs  0m13.9s/1m0s

running (0m19.0s), 4/4 VUs, 12952 complete and 0 interrupted iterations
pull   [  25% ] 4 VUs  0m14.9s/1m0s

running (0m20.0s), 4/4 VUs, 13885 complete and 0 interrupted iterations
pull   [  27% ] 4 VUs  0m15.9s/1m0s

running (0m21.0s), 4/4 VUs, 14821 complete and 0 interrupted iterations
pull   [  28% ] 4 VUs  0m16.9s/1m0s

running (0m22.0s), 4/4 VUs, 15751 complete and 0 interrupted iterations
pull   [  30% ] 4 VUs  0m17.9s/1m0s

running (0m23.0s), 4/4 VUs, 16684 complete and 0 interrupted iterations
pull   [  32% ] 4 VUs  0m18.9s/1m0s

running (0m24.0s), 4/4 VUs, 17617 complete and 0 interrupted iterations
pull   [  33% ] 4 VUs  0m19.9s/1m0s

running (0m25.0s), 4/4 VUs, 18553 complete and 0 interrupted iterations
pull   [  35% ] 4 VUs  0m20.9s/1m0s

running (0m26.0s), 4/4 VUs, 19495 complete and 0 interrupted iterations
pull   [  37% ] 4 VUs  0m21.9s/1m0s

running (0m27.0s), 4/4 VUs, 20440 complete and 0 interrupted iterations
pull   [  38% ] 4 VUs  0m22.9s/1m0s

running (0m28.0s), 4/4 VUs, 21330 complete and 0 interrupted iterations
pull   [  40% ] 4 VUs  0m23.9s/1m0s

running (0m29.0s), 4/4 VUs, 22269 complete and 0 interrupted iterations
pull   [  42% ] 4 VUs  0m24.9s/1m0s

running (0m30.0s), 4/4 VUs, 23200 complete and 0 interrupted iterations
pull   [  43% ] 4 VUs  0m25.9s/1m0s

running (0m31.0s), 4/4 VUs, 24120 complete and 0 interrupted iterations
pull   [  45% ] 4 VUs  0m26.9s/1m0s

running (0m32.0s), 4/4 VUs, 25056 complete and 0 interrupted iterations
pull   [  47% ] 4 VUs  0m27.9s/1m0s

running (0m33.0s), 4/4 VUs, 25991 complete and 0 interrupted iterations
pull   [  48% ] 4 VUs  0m28.9s/1m0s

running (0m34.0s), 4/4 VUs, 26927 complete and 0 interrupted iterations
pull   [  50% ] 4 VUs  0m29.9s/1m0s

running (0m35.0s), 4/4 VUs, 27862 complete and 0 interrupted iterations
pull   [  52% ] 4 VUs  0m30.9s/1m0s

running (0m36.0s), 4/4 VUs, 28790 complete and 0 interrupted iterations
pull   [  53% ] 4 VUs  0m31.9s/1m0s

running (0m37.0s), 4/4 VUs, 29726 complete and 0 interrupted iterations
pull   [  55% ] 4 VUs  0m32.9s/1m0s

running (0m38.0s), 4/4 VUs, 30642 complete and 0 interrupted iterations
pull   [  57% ] 4 VUs  0m33.9s/1m0s

running (0m39.0s), 4/4 VUs, 31581 complete and 0 interrupted iterations
pull   [  58% ] 4 VUs  0m34.9s/1m0s

running (0m40.0s), 4/4 VUs, 32497 complete and 0 interrupted iterations
pull   [  60% ] 4 VUs  0m35.9s/1m0s

running (0m41.0s), 4/4 VUs, 33419 complete and 0 interrupted iterations
pull   [  62% ] 4 VUs  0m36.9s/1m0s

running (0m42.0s), 4/4 VUs, 34358 complete and 0 interrupted iterations
pull   [  63% ] 4 VUs  0m37.9s/1m0s

running (0m43.0s), 4/4 VUs, 35292 complete and 0 interrupted iterations
pull   [  65% ] 4 VUs  0m38.9s/1m0s

running (0m44.0s), 4/4 VUs, 36227 complete and 0 interrupted iterations
pull   [  67% ] 4 VUs  0m39.9s/1m0s

running (0m45.0s), 4/4 VUs, 37168 complete and 0 interrupted iterations
pull   [  68% ] 4 VUs  0m40.9s/1m0s

running (0m46.0s), 4/4 VUs, 38124 complete and 0 interrupted iterations
pull   [  70% ] 4 VUs  0m41.9s/1m0s

running (0m47.0s), 4/4 VUs, 39058 complete and 0 interrupted iterations
pull   [  72% ] 4 VUs  0m42.9s/1m0s

running (0m48.0s), 4/4 VUs, 39977 complete and 0 interrupted iterations
pull   [  73% ] 4 VUs  0m43.9s/1m0s

running (0m49.0s), 4/4 VUs, 40919 complete and 0 interrupted iterations
pull   [  75% ] 4 VUs  0m44.9s/1m0s

running (0m50.0s), 4/4 VUs, 41854 complete and 0 interrupted iterations
pull   [  77% ] 4 VUs  0m45.9s/1m0s

running (0m51.0s), 4/4 VUs, 42786 complete and 0 interrupted iterations
pull   [  78% ] 4 VUs  0m46.9s/1m0s

running (0m52.0s), 4/4 VUs, 43700 complete and 0 interrupted iterations
pull   [  80% ] 4 VUs  0m47.9s/1m0s

running (0m53.0s), 4/4 VUs, 44633 complete and 0 interrupted iterations
pull   [  82% ] 4 VUs  0m48.9s/1m0s

running (0m54.0s), 4/4 VUs, 45566 complete and 0 interrupted iterations
pull   [  83% ] 4 VUs  0m49.9s/1m0s

running (0m55.0s), 4/4 VUs, 46495 complete and 0 interrupted iterations
pull   [  85% ] 4 VUs  0m50.9s/1m0s

running (0m56.0s), 4/4 VUs, 47441 complete and 0 interrupted iterations
pull   [  87% ] 4 VUs  0m51.9s/1m0s

running (0m57.0s), 4/4 VUs, 48373 complete and 0 interrupted iterations
pull   [  88% ] 4 VUs  0m52.9s/1m0s

running (0m58.0s), 4/4 VUs, 49303 complete and 0 interrupted iterations
pull   [  90% ] 4 VUs  0m53.9s/1m0s

running (0m59.0s), 4/4 VUs, 50227 complete and 0 interrupted iterations
pull   [  92% ] 4 VUs  0m54.9s/1m0s

running (1m00.0s), 4/4 VUs, 51164 complete and 0 interrupted iterations
pull   [  93% ] 4 VUs  0m55.9s/1m0s

running (1m01.0s), 4/4 VUs, 52105 complete and 0 interrupted iterations
pull   [  95% ] 4 VUs  0m56.9s/1m0s

running (1m02.0s), 4/4 VUs, 53048 complete and 0 interrupted iterations
pull   [  97% ] 4 VUs  0m57.9s/1m0s

running (1m03.0s), 4/4 VUs, 53990 complete and 0 interrupted iterations
pull   [  98% ] 4 VUs  0m58.9s/1m0s

running (1m04.0s), 4/4 VUs, 54946 complete and 0 interrupted iterations
pull   [ 100% ] 4 VUs  0m59.9s/1m0s

================ DSP benchmark summary ================
-- per-phase latency --
  catalog                    p50=142.8 ms  p95=142.8 ms  p99=142.8 ms  max=142.8 ms  n=1
  negotiation init (POST)    p50=7.3 ms  p95=7.3 ms  p99=7.3 ms  max=7.3 ms  n=1
  time-to-AGREED (async)     p50=2291.0 ms  p95=2291.0 ms  p99=2291.0 ms  max=2291.0 ms  n=1
  transfer init (POST)       p50=9.3 ms  p95=9.3 ms  p99=9.3 ms  max=9.3 ms  n=1
  time-to-EDR (async)        p50=1528.0 ms  p95=1528.0 ms  p99=1528.0 ms  max=1528.0 ms  n=1
  data pull                  p50=3.9 ms  p95=5.0 ms  p99=19.1 ms  max=36.0 ms  n=55017
-- end-to-end + throughput --
  e2e transaction            (no data)
  data throughput (MB/s)     p50=0.3  p95=0.3  p99=0.3  max=0.4  n=55017
-- outcomes --
  transactions succeeded     (no data)
  transactions failed        (no data)
  failed rate                rate=0.00%  (pass=0 fail=0)
    of which TERMINATED      (no data)
    of which TIMED OUT       (no data)
    of which HTTP-FAILED     (no data)
  failure accounting       (no failures)
-- observer effect (poll load) --
  negotiation polls          count=10  rate=0.156/s
  edr polls                  count=7  rate=0.109/s
  polls per transaction     (no data)
=======================================================
(full summary -> /home/rohitj/edc/benchmarking-factoryx-edc/resources/local-fx-mvd/k6-scripts/results/factoryx/on/payload-sweep/2026-08-10T11-13-36Z/k6-summary.json; POLL_INTERVAL_MS=250; IDENTITY_MODE=on)

running (1m04.1s), 0/4 VUs, 55017 complete and 0 interrupted iterations
pull ✓ [ 100% ] 4 VUs  1m0s
